Archive member included to satisfy reference by file (symbol)

/usr/bin/../lib/gcc/arm-none-eabi/12.2.1/../../../../arm-none-eabi/lib/thumb/v7e-m+fp/hard/libstdc++_nano.a(del_ops.o)
                              Debug/Drivers/GPIO/IOPin.o (operator delete(void*, unsigned int))
/usr/bin/../lib/gcc/arm-none-eabi/12.2.1/../../../../arm-none-eabi/lib/thumb/v7e-m+fp/hard/libstdc++_nano.a(eh_arm.o)
                              Debug/Drivers/GPIO/IOPin.o (__cxa_end_cleanup)
/usr/bin/../lib/gcc/arm-none-eabi/12.2.1/../../../../arm-none-eabi/lib/thumb/v7e-m+fp/hard/libstdc++_nano.a(eh_exception.o)
                              /usr/bin/../lib/gcc/arm-none-eabi/12.2.1/../../../../arm-none-eabi/lib/thumb/v7e-m+fp/hard/libstdc++_nano.a(eh_arm.o) (typeinfo for __cxxabiv1::__forced_unwind)
/usr/bin/../lib/gcc/arm-none-eabi/12.2.1/../../../../arm-none-eabi/lib/thumb/v7e-m+fp/hard/libstdc++_nano.a(eh_globals.o)
                              /usr/bin/../lib/gcc/arm-none-eabi/12.2.1/../../../../arm-none-eabi/lib/thumb/v7e-m+fp/hard/libstdc++_nano.a(eh_arm.o) (__cxa_get_globals)
/usr/bin/../lib/gcc/arm-none-eabi/12.2.1/../../../../arm-none-eabi/lib/thumb/v7e-m+fp/hard/libstdc++_nano.a(eh_personality.o)
                              Debug/Drivers/GPIO/IOPin.o (__gxx_personality_v0)
/usr/bin/../lib/gcc/arm-none-eabi/12.2.1/../../../../arm-none-eabi/lib/thumb/v7e-m+fp/hard/libstdc++_nano.a(eh_terminate.o)
                              /usr/bin/../lib/gcc/arm-none-eabi/12.2.1/../../../../arm-none-eabi/lib/thumb/v7e-m+fp/hard/libstdc++_nano.a(eh_arm.o) (std::terminate())
/usr/bin/../lib/gcc/arm-none-eabi/12.2.1/../../../../arm-none-eabi/lib/thumb/v7e-m+fp/hard/libstdc++_nano.a(eh_unex_handler.o)
                              /usr/bin/../lib/gcc/arm-none-eabi/12.2.1/../../../../arm-none-eabi/lib/thumb/v7e-m+fp/hard/libstdc++_nano.a(eh_terminate.o) (__cxxabiv1::__unexpected_handler)
/usr/bin/../lib/gcc/arm-none-eabi/12.2.1/../../../../arm-none-eabi/lib/thumb/v7e-m+fp/hard/libstdc++_nano.a(new_op.o)
                              Debug/Drivers/GPIO/IOPin.o (operator new(unsigned int))
/usr/bin/../lib/gcc/arm-none-eabi/12.2.1/../../../../arm-none-eabi/lib/thumb/v7e-m+fp/hard/libstdc++_nano.a(si_class_type_info.o)
                              /usr/bin/../lib/gcc/arm-none-eabi/12.2.1/../../../../arm-none-eabi/lib/thumb/v7e-m+fp/hard/libstdc++_nano.a(eh_exception.o) (vtable for __cxxabiv1::__si_class_type_info)
/usr/bin/../lib/gcc/arm-none-eabi/12.2.1/../../../../arm-none-eabi/lib/thumb/v7e-m+fp/hard/libstdc++_nano.a(tinfo.o)
                              /usr/bin/../lib/gcc/arm-none-eabi/12.2.1/../../../../arm-none-eabi/lib/thumb/v7e-m+fp/hard/libstdc++_nano.a(si_class_type_info.o) (std::type_info::__is_pointer_p() const)
/usr/bin/../lib/gcc/arm-none-eabi/12.2.1/../../../../arm-none-eabi/lib/thumb/v7e-m+fp/hard/libstdc++_nano.a(atexit_arm.o)
                              /usr/bin/../lib/gcc/arm-none-eabi/12.2.1/../../../../arm-none-eabi/lib/thumb/v7e-m+fp/hard/libstdc++_nano.a(eh_globals.o) (__aeabi_atexit)
/usr/bin/../lib/gcc/arm-none-eabi/12.2.1/../../../../arm-none-eabi/lib/thumb/v7e-m+fp/hard/libstdc++_nano.a(class_type_info.o)
                              /usr/bin/../lib/gcc/arm-none-eabi/12.2.1/../../../../arm-none-eabi/lib/thumb/v7e-m+fp/hard/libstdc++_nano.a(si_class_type_info.o) (__cxxabiv1::__class_type_info::__do_upcast(__cxxabiv1::__class_type_info const*, void**) const)
/usr/bin/../lib/gcc/arm-none-eabi/12.2.1/../../../../arm-none-eabi/lib/thumb/v7e-m+fp/hard/libstdc++_nano.a(del_op.o)
                              /usr/bin/../lib/gcc/arm-none-eabi/12.2.1/../../../../arm-none-eabi/lib/thumb/v7e-m+fp/hard/libstdc++_nano.a(del_ops.o) (operator delete(void*))
/usr/bin/../lib/gcc/arm-none-eabi/12.2.1/../../../../arm-none-eabi/lib/thumb/v7e-m+fp/hard/libstdc++_nano.a(eh_call.o)
                              /usr/bin/../lib/gcc/arm-none-eabi/12.2.1/../../../../arm-none-eabi/lib/thumb/v7e-m+fp/hard/libstdc++_nano.a(eh_personality.o) (__cxa_call_terminate)
/usr/bin/../lib/gcc/arm-none-eabi/12.2.1/../../../../arm-none-eabi/lib/thumb/v7e-m+fp/hard/libstdc++_nano.a(eh_catch.o)
                              /usr/bin/../lib/gcc/arm-none-eabi/12.2.1/../../../../arm-none-eabi/lib/thumb/v7e-m+fp/hard/libstdc++_nano.a(eh_call.o) (__cxa_begin_catch)
/usr/bin/../lib/gcc/arm-none-eabi/12.2.1/../../../../arm-none-eabi/lib/thumb/v7e-m+fp/hard/libstdc++_nano.a(eh_term_handler.o)
                              /usr/bin/../lib/gcc/arm-none-eabi/12.2.1/../../../../arm-none-eabi/lib/thumb/v7e-m+fp/hard/libstdc++_nano.a(eh_terminate.o) (__cxxabiv1::__terminate_handler)
/usr/bin/../lib/gcc/arm-none-eabi/12.2.1/../../../../arm-none-eabi/lib/thumb/v7e-m+fp/hard/libstdc++_nano.a(new_handler.o)
                              /usr/bin/../lib/gcc/arm-none-eabi/12.2.1/../../../../arm-none-eabi/lib/thumb/v7e-m+fp/hard/libstdc++_nano.a(new_op.o) (std::get_new_handler())
[...]
Memory Configuration

Name             Origin             Length             Attributes
RAM              0x20000000         0x00020000         xrw
FLASH            0x08000000         0x00080000         xr
*default*        0x00000000         0xffffffff

Linker script and memory map

LOAD /usr/bin/../lib/gcc/arm-none-eabi/12.2.1/thumb/v7e-m+fp/hard/crti.o
LOAD /usr/bin/../lib/gcc/arm-none-eabi/12.2.1/thumb/v7e-m+fp/hard/crtbegin.o
LOAD /usr/bin/../lib/gcc/arm-none-eabi/12.2.1/../../../../arm-none-eabi/lib/thumb/v7e-m+fp/hard/crt0.o
LOAD Debug/Drivers/USART/USART.o
LOAD Debug/Drivers/RCC/RCC.o
LOAD Debug/Drivers/RCC/PeripheralClocks.o
LOAD Debug/Drivers/GPIO/IOPin.o
LOAD Debug/Src/main.o
LOAD Debug/Src/syscalls.o
LOAD Debug/Src/sysmem.o
LOAD Debug/Startup/startup_stm32f411retx.o
START GROUP
LOAD /usr/bin/../lib/gcc/arm-none-eabi/12.2.1/../../../../arm-none-eabi/lib/thumb/v7e-m+fp/hard/libstdc++_nano.a
LOAD /usr/bin/../lib/gcc/arm-none-eabi/12.2.1/../../../../arm-none-eabi/lib/thumb/v7e-m+fp/hard/libsupc++_nano.a
END GROUP
LOAD /usr/bin/../lib/gcc/arm-none-eabi/12.2.1/../../../../arm-none-eabi/lib/thumb/v7e-m+fp/hard/libstdc++_nano.a
LOAD /usr/bin/../lib/gcc/arm-none-eabi/12.2.1/../../../../arm-none-eabi/lib/thumb/v7e-m+fp/hard/libm.a
LOAD /usr/bin/../lib/gcc/arm-none-eabi/12.2.1/../../../../arm-none-eabi/lib/thumb/v7e-m+fp/hard/libc_nano.a
START GROUP
LOAD /usr/bin/../lib/gcc/arm-none-eabi/12.2.1/thumb/v7e-m+fp/hard/libgcc.a
LOAD /usr/bin/../lib/gcc/arm-none-eabi/12.2.1/../../../../arm-none-eabi/lib/thumb/v7e-m+fp/hard/libc_nano.a
END GROUP
START GROUP
LOAD /usr/bin/../lib/gcc/arm-none-eabi/12.2.1/thumb/v7e-m+fp/hard/libgcc.a
LOAD /usr/bin/../lib/gcc/arm-none-eabi/12.2.1/../../../../arm-none-eabi/lib/thumb/v7e-m+fp/hard/libc_nano.a
END GROUP
LOAD /usr/bin/../lib/gcc/arm-none-eabi/12.2.1/thumb/v7e-m+fp/hard/crtend.o
LOAD /usr/bin/../lib/gcc/arm-none-eabi/12.2.1/thumb/v7e-m+fp/hard/crtn.o
                0x20020000                        _estack = (ORIGIN (RAM) + LENGTH (RAM))
                0x00000200                        _Min_Heap_Size = 0x200
                0x00000400                        _Min_Stack_Size = 0x400

.isr_vector     0x08000000      0x198
                0x08000000                        . = ALIGN (0x4)
 *(.isr_vector)
 .isr_vector    0x08000000      0x198 Debug/Startup/startup_stm32f411retx.o
                0x08000000                g_pfnVectors
                0x08000198                        . = ALIGN (0x4)

.text           0x08000198     0x3a08
                0x08000198                        . = ALIGN (0x4)
 *(.text)
 .text          0x08000198        0x0 /usr/bin/../lib/gcc/arm-none-eabi/12.2.1/thumb/v7e-m+fp/hard/crti.o
 .text          0x08000198        0x0 /usr/bin/../lib/gcc/arm-none-eabi/12.2.1/thumb/v7e-m+fp/hard/crtbegin.o
 .text          0x08000198       0x7c /usr/bin/../lib/gcc/arm-none-eabi/12.2.1/../../../../arm-none-eabi/lib/thumb/v7e-m+fp/hard/crt0.o
                0x08000198                _stack_init
                0x080001a0                _mainCRTStartup
                0x080001a0                _start
 .text          0x08000214        0x0 Debug/Drivers/USART/USART.o
 .text          0x08000214        0x0 Debug/Drivers/RCC/RCC.o
 .text          0x08000214        0x0 Debug/Drivers/RCC/PeripheralClocks.o
 .text          0x08000214        0x0 Debug/Drivers/GPIO/IOPin.o
 .text          0x08000214        0x0 Debug/Src/main.o
 .text          0x08000214        0x0 Debug/Src/syscalls.o
 .text          0x08000214        0x0 Debug/Src/sysmem.o
 .text          0x08000214       0x14 Debug/Startup/startup_stm32f411retx.o
 .text          0x08000228        0x0 /usr/bin/../lib/gcc/arm-none-eabi/12.2.1/../../../../arm-none-eabi/lib/thumb/v7e-m+fp/hard/libstdc++_nano.a(del_ops.o)
 .text          0x08000228        0x0 /usr/bin/../lib/gcc/arm-none-eabi/12.2.1/../../../../arm-none-eabi/lib/thumb/v7e-m+fp/hard/libstdc++_nano.a(eh_arm.o)
 .text          0x08000228        0x0 /usr/bin/../lib/gcc/arm-none-eabi/12.2.1/../../../../arm-none-eabi/lib/thumb/v7e-m+fp/hard/libstdc++_nano.a(eh_exception.o)
 .text          0x08000228        0x0 /usr/bin/../lib/gcc/arm-none-eabi/12.2.1/../../../../arm-none-eabi/lib/thumb/v7e-m+fp/hard/libstdc++_nano.a(eh_globals.o)
 .text          0x08000228        0x0 /usr/bin/../lib/gcc/arm-none-eabi/12.2.1/../../../../arm-none-eabi/lib/thumb/v7e-m+fp/hard/libstdc++_nano.a(eh_personality.o)
 .text          0x08000228        0x0 /usr/bin/../lib/gcc/arm-none-eabi/12.2.1/../../../../arm-none-eabi/lib/thumb/v7e-m+fp/hard/libstdc++_nano.a(eh_terminate.o)
 .text          0x08000228        0x0 /usr/bin/../lib/gcc/arm-none-eabi/12.2.1/../../../../arm-none-eabi/lib/thumb/v7e-m+fp/hard/libstdc++_nano.a(eh_unex_handler.o)
 .text          0x08000228        0x0 /usr/bin/../lib/gcc/arm-none-eabi/12.2.1/../../../../arm-none-eabi/lib/thumb/v7e-m+fp/hard/libstdc++_nano.a(new_op.o)
 .text          0x08000228        0x0 /usr/bin/../lib/gcc/arm-none-eabi/12.2.1/../../../../arm-none-eabi/lib/thumb/v7e-m+fp/hard/libstdc++_nano.a(si_class_type_info.o)
 .text          0x08000228        0x0 /usr/bin/../lib/gcc/arm-none-eabi/12.2.1/../../../../arm-none-eabi/lib/thumb/v7e-m+fp/hard/libstdc++_nano.a(tinfo.o)
 .text          0x08000228        0x0 /usr/bin/../lib/gcc/arm-none-eabi/12.2.1/../../../../arm-none-eabi/lib/thumb/v7e-m+fp/hard/libstdc++_nano.a(atexit_arm.o)
 .text          0x08000228        0x0 /usr/bin/../lib/gcc/arm-none-eabi/12.2.1/../../../../arm-none-eabi/lib/thumb/v7e-m+fp/hard/libstdc++_nano.a(class_type_info.o)
 .text          0x08000228        0x0 /usr/bin/../lib/gcc/arm-none-eabi/12.2.1/../../../../arm-none-eabi/lib/thumb/v7e-m+fp/hard/libstdc++_nano.a(del_op.o)
 .text          0x08000228        0x0 /usr/bin/../lib/gcc/arm-none-eabi/12.2.1/../../../../arm-none-eabi/lib/thumb/v7e-m+fp/hard/libstdc++_nano.a(eh_call.o)
 .text          0x08000228        0x0 /usr/bin/../lib/gcc/arm-none-eabi/12.2.1/../../../../arm-none-eabi/lib/thumb/v7e-m+fp/hard/libstdc++_nano.a(eh_catch.o)
 .text          0x08000228        0x0 /usr/bin/../lib/gcc/arm-none-eabi/12.2.1/../../../../arm-none-eabi/lib/thumb/v7e-m+fp/hard/libstdc++_nano.a(eh_term_handler.o)
 .text          0x08000228        0x0 /usr/bin/../lib/gcc/arm-none-eabi/12.2.1/../../../../arm-none-eabi/lib/thumb/v7e-m+fp/hard/libstdc++_nano.a(new_handler.o)
 .text          0x08000228        0x0 /usr/bin/../lib/gcc/arm-none-eabi/12.2.1/../../../../arm-none-eabi/lib/thumb/v7e-m+fp/hard/libc_nano.a(libc_a-exit.o)
 .text          0x08000228        0x0 /usr/bin/../lib/gcc/arm-none-eabi/12.2.1/../../../../arm-none-eabi/lib/thumb/v7e-m+fp/hard/libc_nano.a(libc_a-init.o)
 .text          0x08000228       0x14 /usr/bin/../lib/gcc/arm-none-eabi/12.2.1/../../../../arm-none-eabi/lib/thumb/v7e-m+fp/hard/libc_nano.a(libc_a-strcmp.o)
                0x08000228                strcmp
 .text          0x0800023c        0x0 /usr/bin/../lib/gcc/arm-none-eabi/12.2.1/../../../../arm-none-eabi/lib/thumb/v7e-m+fp/hard/libc_nano.a(libc_a-malloc.o)
 .text          0x0800023c        0x0 /usr/bin/../lib/gcc/arm-none-eabi/12.2.1/../../../../arm-none-eabi/lib/thumb/v7e-m+fp/hard/libc_nano.a(libc_a-mallocr.o)
 .text          0x0800023c        0x0 /usr/bin/../lib/gcc/arm-none-eabi/12.2.1/../../../../arm-none-eabi/lib/thumb/v7e-m+fp/hard/libc_nano.a(libc_a-abort.o)
 .text          0x0800023c        0x0 /usr/bin/../lib/gcc/arm-none-eabi/12.2.1/../../../../arm-none-eabi/lib/thumb/v7e-m+fp/hard/libc_nano.a(libc_a-cxa_atexit.o)
 .text          0x0800023c        0x0 /usr/bin/../lib/gcc/arm-none-eabi/12.2.1/../../../../arm-none-eabi/lib/thumb/v7e-m+fp/hard/libc_nano.a(libc_a-findfp.o)
 .text          0x0800023c        0x0 /usr/bin/../lib/gcc/arm-none-eabi/12.2.1/../../../../arm-none-eabi/lib/thumb/v7e-m+fp/hard/libc_nano.a(libc_a-stdio.o)
 .text          0x0800023c        0x0 /usr/bin/../lib/gcc/arm-none-eabi/12.2.1/../../../../arm-none-eabi/lib/thumb/v7e-m+fp/hard/libc_nano.a(libc_a-mlock.o)
 .text          0x0800023c        0x0 /usr/bin/../lib/gcc/arm-none-eabi/12.2.1/../../../../arm-none-eabi/lib/thumb/v7e-m+fp/hard/libc_nano.a(libc_a-on_exit_args.o)
 .text          0x0800023c        0x0 /usr/bin/../lib/gcc/arm-none-eabi/12.2.1/../../../../arm-none-eabi/lib/thumb/v7e-m+fp/hard/libc_nano.a(libc_a-sbrkr.o)
 .text          0x0800023c        0x0 /usr/bin/../lib/gcc/arm-none-eabi/12.2.1/../../../../arm-none-eabi/lib/thumb/v7e-m+fp/hard/libc_nano.a(libc_a-writer.o)
 .text          0x0800023c        0x0 /usr/bin/../lib/gcc/arm-none-eabi/12.2.1/../../../../arm-none-eabi/lib/thumb/v7e-m+fp/hard/libc_nano.a(libc_a-errno.o)
 .text          0x0800023c        0x0 /usr/bin/../lib/gcc/arm-none-eabi/12.2.1/../../../../arm-none-eabi/lib/thumb/v7e-m+fp/hard/libc_nano.a(libc_a-fwalk.o)
 .text          0x0800023c        0x0 /usr/bin/../lib/gcc/arm-none-eabi/12.2.1/../../../../arm-none-eabi/lib/thumb/v7e-m+fp/hard/libc_nano.a(libc_a-memset.o)
 .text          0x0800023c        0x0 /usr/bin/../lib/gcc/arm-none-eabi/12.2.1/../../../../arm-none-eabi/lib/thumb/v7e-m+fp/hard/libc_nano.a(libc_a-freer.o)
 .text          0x0800023c        0x0 /usr/bin/../lib/gcc/arm-none-eabi/12.2.1/../../../../arm-none-eabi/lib/thumb/v7e-m+fp/hard/libc_nano.a(libc_a-lock.o)
 .text          0x0800023c        0x0 /usr/bin/../lib/gcc/arm-none-eabi/12.2.1/../../../../arm-none-eabi/lib/thumb/v7e-m+fp/hard/libc_nano.a(libc_a-closer.o)
 .text          0x0800023c        0x0 /usr/bin/../lib/gcc/arm-none-eabi/12.2.1/../../../../arm-none-eabi/lib/thumb/v7e-m+fp/hard/libc_nano.a(libc_a-reent.o)
 .text          0x0800023c        0x0 /usr/bin/../lib/gcc/arm-none-eabi/12.2.1/../../../../arm-none-eabi/lib/thumb/v7e-m+fp/hard/libc_nano.a(libc_a-impure.o)
 .text          0x0800023c        0x0 /usr/bin/../lib/gcc/arm-none-eabi/12.2.1/../../../../arm-none-eabi/lib/thumb/v7e-m+fp/hard/libc_nano.a(libc_a-fflush.o)
 .text          0x0800023c        0x0 /usr/bin/../lib/gcc/arm-none-eabi/12.2.1/../../../../arm-none-eabi/lib/thumb/v7e-m+fp/hard/libc_nano.a(libc_a-signal.o)
 .text          0x0800023c        0x0 /usr/bin/../lib/gcc/arm-none-eabi/12.2.1/../../../../arm-none-eabi/lib/thumb/v7e-m+fp/hard/libc_nano.a(libc_a-lseekr.o)
 .text          0x0800023c        0x0 /usr/bin/../lib/gcc/arm-none-eabi/12.2.1/../../../../arm-none-eabi/lib/thumb/v7e-m+fp/hard/libc_nano.a(libc_a-readr.o)
 .text          0x0800023c        0x0 /usr/bin/../lib/gcc/arm-none-eabi/12.2.1/../../../../arm-none-eabi/lib/thumb/v7e-m+fp/hard/libc_nano.a(libc_a-signalr.o)
 .text          0x0800023c        0x0 /usr/bin/../lib/gcc/arm-none-eabi/12.2.1/thumb/v7e-m+fp/hard/libgcc.a(unwind-arm.o)
 .text          0x0800023c      0x1ac /usr/bin/../lib/gcc/arm-none-eabi/12.2.1/thumb/v7e-m+fp/hard/libgcc.a(libunwind.o)
                0x0800023c                __restore_core_regs
                0x0800023c                restore_core_regs
                0x08000254                __gnu_Unwind_Restore_VFP
                0x0800025c                __gnu_Unwind_Save_VFP
                0x08000264                __gnu_Unwind_Restore_VFP_D
                0x0800026c                __gnu_Unwind_Save_VFP_D
                0x08000274                __gnu_Unwind_Restore_VFP_D_16_to_31
                0x0800027c                __gnu_Unwind_Save_VFP_D_16_to_31
                0x08000284                __gnu_Unwind_Restore_WMMXD
                0x080002c8                __gnu_Unwind_Save_WMMXD
                0x0800030c                __gnu_Unwind_Restore_WMMXC
                0x08000320                __gnu_Unwind_Save_WMMXC
                0x08000334                ___Unwind_RaiseException
                0x08000334                _Unwind_RaiseException
                0x08000358                ___Unwind_Resume
                0x08000358                _Unwind_Resume
                0x0800037c                _Unwind_Resume_or_Rethrow
                0x0800037c                ___Unwind_Resume_or_Rethrow
                0x080003a0                ___Unwind_ForcedUnwind
                0x080003a0                _Unwind_ForcedUnwind
                0x080003c4                _Unwind_Backtrace
                0x080003c4                ___Unwind_Backtrace
 .text          0x080003e8        0x0 /usr/bin/../lib/gcc/arm-none-eabi/12.2.1/thumb/v7e-m+fp/hard/libgcc.a(pr-support.o)
 .text          0x080003e8        0x0 /usr/bin/../lib/gcc/arm-none-eabi/12.2.1/../../../../arm-none-eabi/lib/thumb/v7e-m+fp/hard/libc_nano.a(libc_a-memcpy-stub.o)
 .text          0x080003e8        0x0 /usr/bin/../lib/gcc/arm-none-eabi/12.2.1/thumb/v7e-m+fp/hard/crtend.o
 .text          0x080003e8        0x0 /usr/bin/../lib/gcc/arm-none-eabi/12.2.1/thumb/v7e-m+fp/hard/crtn.o
 *(.text*)
 .text.deregister_tm_clones
                0x080003e8       0x1c /usr/bin/../lib/gcc/arm-none-eabi/12.2.1/thumb/v7e-m+fp/hard/crtbegin.o
 .text.register_tm_clones
                0x08000404       0x24 /usr/bin/../lib/gcc/arm-none-eabi/12.2.1/thumb/v7e-m+fp/hard/crtbegin.o
 .text.__do_global_dtors_aux
                0x08000428       0x28 /usr/bin/../lib/gcc/arm-none-eabi/12.2.1/thumb/v7e-m+fp/hard/crtbegin.o
 .text.frame_dummy
                0x08000450       0x24 /usr/bin/../lib/gcc/arm-none-eabi/12.2.1/thumb/v7e-m+fp/hard/crtbegin.o
 .text._ZN5IOPin10configPortERK8GpioPortP14PeripheralBaseI16IOPinStatusCodesLj1E9ContainerI15IOPinPropertiesJS0_7GpioPin8GpioMode9GpioStateEEJEE
                0x08000474       0x18 Debug/Drivers/GPIO/IOPin.o
                0x08000474                IOPin::configPort(GpioPort const&, PeripheralBase<IOPinStatusCodes, 1u, Container<IOPinProperties, GpioPort, GpioPin, GpioMode, GpioState>>*)
 .text._ZN5IOPin9configPinERK7GpioPinP14PeripheralBaseI16IOPinStatusCodesLj1E9ContainerI15IOPinPropertiesJ8GpioPortS0_8GpioMode9GpioStateEEJEE
                0x0800048c       0x2c Debug/Drivers/GPIO/IOPin.o
                0x0800048c                IOPin::configPin(GpioPin const&, PeripheralBase<IOPinStatusCodes, 1u, Container<IOPinProperties, GpioPort, GpioPin, GpioMode, GpioState>>*)
 .text._ZN5IOPin10configModeERK8GpioModeP14PeripheralBaseI16IOPinStatusCodesLj1E9ContainerI15IOPinPropertiesJ8GpioPort7GpioPinS0_9GpioStateEEJEE
                0x080004b8       0x2c Debug/Drivers/GPIO/IOPin.o
                0x080004b8                IOPin::configMode(GpioMode const&, PeripheralBase<IOPinStatusCodes, 1u, Container<IOPinProperties, GpioPort, GpioPin, GpioMode, GpioState>>*)
 .text._ZN5IOPin11configStateERK9GpioStateP14PeripheralBaseI16IOPinStatusCodesLj1E9ContainerI15IOPinPropertiesJ8GpioPort7GpioPin8GpioModeS0_EEJEE
                0x080004e4       0x2c Debug/Drivers/GPIO/IOPin.o
                0x080004e4                IOPin::configState(GpioState const&, PeripheralBase<IOPinStatusCodes, 1u, Container<IOPinProperties, GpioPort, GpioPin, GpioMode, GpioState>>*)
 .text._ZN5IOPinC2Ev
                0x08000510       0x80 Debug/Drivers/GPIO/IOPin.o
                0x08000510                IOPin::IOPin()
                0x08000510                IOPin::IOPin()
 .text._ZN5IOPinC2ERKS_
                0x08000590       0x1a Debug/Drivers/GPIO/IOPin.o
                0x08000590                IOPin::IOPin(IOPin const&)
                0x08000590                IOPin::IOPin(IOPin const&)
 .text._ZN5IOPinC2ERKS_RK7GpioPin
                0x080005aa       0x1c Debug/Drivers/GPIO/IOPin.o
                0x080005aa                IOPin::IOPin(IOPin const&, GpioPin const&)
                0x080005aa                IOPin::IOPin(IOPin const&, GpioPin const&)
 .text._ZN5IOPinC2ERKS_RK8GpioPort
                0x080005c6       0x1c Debug/Drivers/GPIO/IOPin.o
                0x080005c6                IOPin::IOPin(IOPin const&, GpioPort const&)
                0x080005c6                IOPin::IOPin(IOPin const&, GpioPort const&)
 .text._ZN5IOPinC2EOS_
                0x080005e2       0x1a Debug/Drivers/GPIO/IOPin.o
                0x080005e2                IOPin::IOPin(IOPin&&)
                0x080005e2                IOPin::IOPin(IOPin&&)
 .text._ZN5IOPinaSERKS_
                0x080005fc       0x18 Debug/Drivers/GPIO/IOPin.o
                0x080005fc                IOPin::operator=(IOPin const&)
 .text._ZN5IOPinaSEOS_
                0x08000614       0x18 Debug/Drivers/GPIO/IOPin.o
                0x08000614                IOPin::operator=(IOPin&&)
 .text._ZN5IOPinD2Ev
                0x0800062c       0x24 Debug/Drivers/GPIO/IOPin.o
                0x0800062c                IOPin::~IOPin()
                0x0800062c                IOPin::~IOPin()
 .text._ZN5IOPinD0Ev
                0x08000650       0x20 Debug/Drivers/GPIO/IOPin.o
                0x08000650                IOPin::~IOPin()
 .text._ZN5IOPin7setPortERK8GpioPort
                0x08000670       0x18 Debug/Drivers/GPIO/IOPin.o
                0x08000670                IOPin::setPort(GpioPort const&)
 .text._ZN5IOPin6setPinERK7GpioPin
                0x08000688       0x18 Debug/Drivers/GPIO/IOPin.o
                0x08000688                IOPin::setPin(GpioPin const&)
 .text._ZN5IOPin7setModeERK8GpioMode
                0x080006a0       0x18 Debug/Drivers/GPIO/IOPin.o
                0x080006a0                IOPin::setMode(GpioMode const&)
 .text._ZN5IOPin7setPUPDERK8GpioPUPD
                0x080006b8       0x18 Debug/Drivers/GPIO/IOPin.o
                0x080006b8                IOPin::setPUPD(GpioPUPD const&)
 .text._ZN5IOPin13setOutputTypeERK14GpioOutputType
                0x080006d0       0x18 Debug/Drivers/GPIO/IOPin.o
                0x080006d0                IOPin::setOutputType(GpioOutputType const&)
 .text._ZN5IOPin14setOutputSpeedERK15GpioOutputSpeed
                0x080006e8       0x18 Debug/Drivers/GPIO/IOPin.o
                0x080006e8                IOPin::setOutputSpeed(GpioOutputSpeed const&)
 .text._ZN5IOPin12setInputModeEv
                0x08000700       0x16 Debug/Drivers/GPIO/IOPin.o
                0x08000700                IOPin::setInputMode()
 .text._ZN5IOPin13setOutputModeEv
                0x08000716       0x16 Debug/Drivers/GPIO/IOPin.o
                0x08000716                IOPin::setOutputMode()
 .text._ZN5IOPin9setPullupEv
                0x0800072c       0x16 Debug/Drivers/GPIO/IOPin.o
                0x0800072c                IOPin::setPullup()
 .text._ZN5IOPin11setPulldownEv
                0x08000742       0x16 Debug/Drivers/GPIO/IOPin.o
                0x08000742                IOPin::setPulldown()
 .text._ZN5IOPin21setPullPushOutputTypeEv
                0x08000758       0x16 Debug/Drivers/GPIO/IOPin.o
                0x08000758                IOPin::setPullPushOutputType()
 .text._ZN5IOPin22setOpenDrainOutputTypeEv
                0x0800076e       0x16 Debug/Drivers/GPIO/IOPin.o
                0x0800076e                IOPin::setOpenDrainOutputType()
 .text._ZN5IOPin4readEv
                0x08000784       0x16 Debug/Drivers/GPIO/IOPin.o
                0x08000784                IOPin::read()
 .text._ZN5IOPin5writeERKb
                0x0800079a       0x18 Debug/Drivers/GPIO/IOPin.o
                0x0800079a                IOPin::write(bool const&)
 .text._ZN5IOPin6toggleEv
                0x080007b2       0x16 Debug/Drivers/GPIO/IOPin.o
                0x080007b2                IOPin::toggle()
 .text._ZN5IOPin5resetERKb
                0x080007c8       0x18 Debug/Drivers/GPIO/IOPin.o
                0x080007c8                IOPin::reset(bool const&)
 .text._ZN5IOPin7isReadyEv
                0x080007e0       0x16 Debug/Drivers/GPIO/IOPin.o
                0x080007e0                IOPin::isReady()
 .text._ZN5IOPin11isAllocatedERK8GpioPortRK7GpioPin
                0x080007f6       0x18 Debug/Drivers/GPIO/IOPin.o
                0x080007f6                IOPin::isAllocated(GpioPort const&, GpioPin const&)
 .text._ZN5IOPin11isAllocatedEPK12GPIO_TypeDefRK7GpioPin
                0x0800080e       0x18 Debug/Drivers/GPIO/IOPin.o
                0x0800080e                IOPin::isAllocated(GPIO_TypeDef const*, GpioPin const&)
 .text._ZN5IOPin8isPinSetEv
                0x08000826       0x16 Debug/Drivers/GPIO/IOPin.o
                0x08000826                IOPin::isPinSet()
 .text._ZN5IOPin9isPortSetEv
                0x0800083c       0x16 Debug/Drivers/GPIO/IOPin.o
                0x0800083c                IOPin::isPortSet()
 .text._ZN5IOPin14isReallocatingERK7GpioPin
                0x08000852       0x18 Debug/Drivers/GPIO/IOPin.o
                0x08000852                IOPin::isReallocating(GpioPin const&)
 .text._ZN5IOPin14isReallocatingERK8GpioPort
                0x0800086a       0x18 Debug/Drivers/GPIO/IOPin.o
                0x0800086a                IOPin::isReallocating(GpioPort const&)
 .text._ZN5IOPin18getGPIOPtrInstanceERK8GpioPort
                0x08000882       0x18 Debug/Drivers/GPIO/IOPin.o
                0x08000882                IOPin::getGPIOPtrInstance(GpioPort const&)
 .text._ZN5IOPin21getPortFromGPIOStructEPK12GPIO_TypeDef
                0x0800089a       0x16 Debug/Drivers/GPIO/IOPin.o
                0x0800089a                IOPin::getPortFromGPIOStruct(GPIO_TypeDef const*)
 .text._ZN5IOPin11allocatePinEv
                0x080008b0       0x14 Debug/Drivers/GPIO/IOPin.o
                0x080008b0                IOPin::allocatePin()
 .text._ZN5IOPin13deAllocatePinEv
                0x080008c4       0x14 Debug/Drivers/GPIO/IOPin.o
                0x080008c4                IOPin::deAllocatePin()
 .text._ZN5IOPin4initEv
                0x080008d8       0x16 Debug/Drivers/GPIO/IOPin.o
                0x080008d8                IOPin::init()
 .text._ZN5IOPin14setInstancePtrEv
                0x080008ee       0x14 Debug/Drivers/GPIO/IOPin.o
                0x080008ee                IOPin::setInstancePtr()
 .text._ZN5IOPin18setDefaultSettingsEv
                0x08000902       0x14 Debug/Drivers/GPIO/IOPin.o
                0x08000902                IOPin::setDefaultSettings()
 .text._ZN5IOPin7preInitEv
                0x08000916       0x16 Debug/Drivers/GPIO/IOPin.o
                0x08000916                IOPin::preInit()
 .text._ZN9ContainerI15IOPinPropertiesJPF16IOPinStatusCodesRK8GpioPortP14PeripheralBaseIS1_Lj1ES_IS0_JS2_7GpioPin8GpioMode9GpioStateEEJEEEPFS1_RKS6_SB_EPFS1_RKS7_SB_EPFS1_RKS8_SB_EEEC2EOSD_OSH_OSL_OSP_
                0x0800092c       0x58 Debug/Drivers/GPIO/IOPin.o
                0x0800092c                Container<IOPinProperties, IOPinStatusCodes (*)(GpioPort const&, PeripheralBase<IOPinStatusCodes, 1u, Container<IOPinProperties, GpioPort, GpioPin, GpioMode, GpioState>>*), IOPinStatusCodes (*)(GpioPin const&, PeripheralBase<IOPinStatusCodes, 1u, Container<IOPinProperties, GpioPort, GpioPin, GpioMode, GpioState>>*), IOPinStatusCodes (*)(GpioMode const&, PeripheralBase<IOPinStatusCodes, 1u, Container<IOPinProperties, GpioPort, GpioPin, GpioMode, GpioState>>*), IOPinStatusCodes (*)(GpioState const&, PeripheralBase<IOPinStatusCodes, 1u, Container<IOPinProperties, GpioPort, GpioPin, GpioMode, GpioState>>*)>::Container(IOPinStatusCodes (*&&)(GpioPort const&, PeripheralBase<IOPinStatusCodes, 1u, Container<IOPinProperties, GpioPort, GpioPin, GpioMode, GpioState>>*), IOPinStatusCodes (*&&)(GpioPin const&, PeripheralBase<IOPinStatusCodes, 1u, Container<IOPinProperties, GpioPort, GpioPin, GpioMode, GpioState>>*), IOPinStatusCodes (*&&)(GpioMode const&, PeripheralBase<IOPinStatusCodes, 1u, Container<IOPinProperties, GpioPort, GpioPin, GpioMode, GpioState>>*), IOPinStatusCodes (*&&)(GpioState const&, PeripheralBase<IOPinStatusCodes, 1u, Container<IOPinProperties, GpioPort, GpioPin, GpioMode, GpioState>>*))
                0x0800092c                Container<IOPinProperties, IOPinStatusCodes (*)(GpioPort const&, PeripheralBase<IOPinStatusCodes, 1u, Container<IOPinProperties, GpioPort, GpioPin, GpioMode, GpioState>>*), IOPinStatusCodes (*)(GpioPin const&, PeripheralBase<IOPinStatusCodes, 1u, Container<IOPinProperties, GpioPort, GpioPin, GpioMode, GpioState>>*), IOPinStatusCodes (*)(GpioMode const&, PeripheralBase<IOPinStatusCodes, 1u, Container<IOPinProperties, GpioPort, GpioPin, GpioMode, GpioState>>*), IOPinStatusCodes (*)(GpioState const&, PeripheralBase<IOPinStatusCodes, 1u, Container<IOPinProperties, GpioPort, GpioPin, GpioMode, GpioState>>*)>::Container(IOPinStatusCodes (*&&)(GpioPort const&, PeripheralBase<IOPinStatusCodes, 1u, Container<IOPinProperties, GpioPort, GpioPin, GpioMode, GpioState>>*), IOPinStatusCodes (*&&)(GpioPin const&, PeripheralBase<IOPinStatusCodes, 1u, Container<IOPinProperties, GpioPort, GpioPin, GpioMode, GpioState>>*), IOPinStatusCodes (*&&)(GpioMode const&, PeripheralBase<IOPinStatusCodes, 1u, Container<IOPinProperties, GpioPort, GpioPin, GpioMode, GpioState>>*), IOPinStatusCodes (*&&)(GpioState const&, PeripheralBase<IOPinStatusCodes, 1u, Container<IOPinProperties, GpioPort, GpioPin, GpioMode, GpioState>>*))
 .text._ZN9ContainerI15IOPinPropertiesJPF16IOPinStatusCodesRK8GpioPortP14PeripheralBaseIS1_Lj1ES_IS0_JS2_7GpioPin8GpioMode9GpioStateEEJEEEPFS1_RKS6_SB_EPFS1_RKS7_SB_EPFS1_RKS8_SB_EEED2Ev
                0x08000984       0x24 Debug/Drivers/GPIO/IOPin.o
                0x08000984                Container<IOPinProperties, IOPinStatusCodes (*)(GpioPort const&, PeripheralBase<IOPinStatusCodes, 1u, Container<IOPinProperties, GpioPort, GpioPin, GpioMode, GpioState>>*), IOPinStatusCodes (*)(GpioPin const&, PeripheralBase<IOPinStatusCodes, 1u, Container<IOPinProperties, GpioPort, GpioPin, GpioMode, GpioState>>*), IOPinStatusCodes (*)(GpioMode const&, PeripheralBase<IOPinStatusCodes, 1u, Container<IOPinProperties, GpioPort, GpioPin, GpioMode, GpioState>>*), IOPinStatusCodes (*)(GpioState const&, PeripheralBase<IOPinStatusCodes, 1u, Container<IOPinProperties, GpioPort, GpioPin, GpioMode, GpioState>>*)>::~Container()
                0x08000984                Container<IOPinProperties, IOPinStatusCodes (*)(GpioPort const&, PeripheralBase<IOPinStatusCodes, 1u, Container<IOPinProperties, GpioPort, GpioPin, GpioMode, GpioState>>*), IOPinStatusCodes (*)(GpioPin const&, PeripheralBase<IOPinStatusCodes, 1u, Container<IOPinProperties, GpioPort, GpioPin, GpioMode, GpioState>>*), IOPinStatusCodes (*)(GpioMode const&, PeripheralBase<IOPinStatusCodes, 1u, Container<IOPinProperties, GpioPort, GpioPin, GpioMode, GpioState>>*), IOPinStatusCodes (*)(GpioState const&, PeripheralBase<IOPinStatusCodes, 1u, Container<IOPinProperties, GpioPort, GpioPin, GpioMode, GpioState>>*)>::~Container()
 .text._ZN9ContainerI15IOPinPropertiesJPF16IOPinStatusCodesRK8GpioPortP14PeripheralBaseIS1_Lj1ES_IS0_JS2_7GpioPin8GpioMode9GpioStateEEJEEEPFS1_RKS6_SB_EPFS1_RKS7_SB_EPFS1_RKS8_SB_EEED0Ev
                0x080009a8       0x20 Debug/Drivers/GPIO/IOPin.o
                0x080009a8                Container<IOPinProperties, IOPinStatusCodes (*)(GpioPort const&, PeripheralBase<IOPinStatusCodes, 1u, Container<IOPinProperties, GpioPort, GpioPin, GpioMode, GpioState>>*), IOPinStatusCodes (*)(GpioPin const&, PeripheralBase<IOPinStatusCodes, 1u, Container<IOPinProperties, GpioPort, GpioPin, GpioMode, GpioState>>*), IOPinStatusCodes (*)(GpioMode const&, PeripheralBase<IOPinStatusCodes, 1u, Container<IOPinProperties, GpioPort, GpioPin, GpioMode, GpioState>>*), IOPinStatusCodes (*)(GpioState const&, PeripheralBase<IOPinStatusCodes, 1u, Container<IOPinProperties, GpioPort, GpioPin, GpioMode, GpioState>>*)>::~Container()
 .text._ZN19STM32PeripheralBaseI12GPIO_TypeDef14PeripheralBaseI16IOPinStatusCodesLj1E9ContainerI15IOPinPropertiesJ8GpioPort7GpioPin8GpioMode9GpioStateEEJEEEC2IJPFS2_RKS5_PSA_EPFS2_RKS6_SF_EPFS2_RKS7_SF_EPFS2_RKS8_SF_EEEERKS3_IS4_JDpT_EE
                0x080009c8       0x30 Debug/Drivers/GPIO/IOPin.o
                0x080009c8                STM32PeripheralBase<GPIO_TypeDef, PeripheralBase<IOPinStatusCodes, 1u, Container<IOPinProperties, GpioPort, GpioPin, GpioMode, GpioState>> >::STM32PeripheralBase<IOPinStatusCodes (*)(GpioPort const&, PeripheralBase<IOPinStatusCodes, 1u, Container<IOPinProperties, GpioPort, GpioPin, GpioMode, GpioState>>*), IOPinStatusCodes (*)(GpioPin const&, PeripheralBase<IOPinStatusCodes, 1u, Container<IOPinProperties, GpioPort, GpioPin, GpioMode, GpioState>>*), IOPinStatusCodes (*)(GpioMode const&, PeripheralBase<IOPinStatusCodes, 1u, Container<IOPinProperties, GpioPort, GpioPin, GpioMode, GpioState>>*), IOPinStatusCodes (*)(GpioState const&, PeripheralBase<IOPinStatusCodes, 1u, Container<IOPinProperties, GpioPort, GpioPin, GpioMode, GpioState>>*)>(Container<IOPinProperties, IOPinStatusCodes (*)(GpioPort const&, PeripheralBase<IOPinStatusCodes, 1u, Container<IOPinProperties, GpioPort, GpioPin, GpioMode, GpioState>>*), IOPinStatusCodes (*)(GpioPin const&, PeripheralBase<IOPinStatusCodes, 1u, Container<IOPinProperties, GpioPort, GpioPin, GpioMode, GpioState>>*), IOPinStatusCodes (*)(GpioMode const&, PeripheralBase<IOPinStatusCodes, 1u, Container<IOPinProperties, GpioPort, GpioPin, GpioMode, GpioState>>*), IOPinStatusCodes (*)(GpioState const&, PeripheralBase<IOPinStatusCodes, 1u, Container<IOPinProperties, GpioPort, GpioPin, GpioMode, GpioState>>*)> const&)
                0x080009c8                STM32PeripheralBase<GPIO_TypeDef, PeripheralBase<IOPinStatusCodes, 1u, Container<IOPinProperties, GpioPort, GpioPin, GpioMode, GpioState>> >::STM32PeripheralBase<IOPinStatusCodes (*)(GpioPort const&, PeripheralBase<IOPinStatusCodes, 1u, Container<IOPinProperties, GpioPort, GpioPin, GpioMode, GpioState>>*), IOPinStatusCodes (*)(GpioPin const&, PeripheralBase<IOPinStatusCodes, 1u, Container<IOPinProperties, GpioPort, GpioPin, GpioMode, GpioState>>*), IOPinStatusCodes (*)(GpioMode const&, PeripheralBase<IOPinStatusCodes, 1u, Container<IOPinProperties, GpioPort, GpioPin, GpioMode, GpioState>>*), IOPinStatusCodes (*)(GpioState const&, PeripheralBase<IOPinStatusCodes, 1u, Container<IOPinProperties, GpioPort, GpioPin, GpioMode, GpioState>>*)>(Container<IOPinProperties, IOPinStatusCodes (*)(GpioPort const&, PeripheralBase<IOPinStatusCodes, 1u, Container<IOPinProperties, GpioPort, GpioPin, GpioMode, GpioState>>*), IOPinStatusCodes (*)(GpioPin const&, PeripheralBase<IOPinStatusCodes, 1u, Container<IOPinProperties, GpioPort, GpioPin, GpioMode, GpioState>>*), IOPinStatusCodes (*)(GpioMode const&, PeripheralBase<IOPinStatusCodes, 1u, Container<IOPinProperties, GpioPort, GpioPin, GpioMode, GpioState>>*), IOPinStatusCodes (*)(GpioState const&, PeripheralBase<IOPinStatusCodes, 1u, Container<IOPinProperties, GpioPort, GpioPin, GpioMode, GpioState>>*)> const&)
 .text._ZN19STM32PeripheralBaseI12GPIO_TypeDef14PeripheralBaseI16IOPinStatusCodesLj1E9ContainerI15IOPinPropertiesJ8GpioPort7GpioPin8GpioMode9GpioStateEEJEEED2Ev
                0x080009f8       0x2c Debug/Drivers/GPIO/IOPin.o
                0x080009f8                STM32PeripheralBase<GPIO_TypeDef, PeripheralBase<IOPinStatusCodes, 1u, Container<IOPinProperties, GpioPort, GpioPin, GpioMode, GpioState>> >::~STM32PeripheralBase()
                0x080009f8                STM32PeripheralBase<GPIO_TypeDef, PeripheralBase<IOPinStatusCodes, 1u, Container<IOPinProperties, GpioPort, GpioPin, GpioMode, GpioState>> >::~STM32PeripheralBase()
 .text._ZN19STM32PeripheralBaseI12GPIO_TypeDef14PeripheralBaseI16IOPinStatusCodesLj1E9ContainerI15IOPinPropertiesJ8GpioPort7GpioPin8GpioMode9GpioStateEEJEEED0Ev
                0x08000a24       0x20 Debug/Drivers/GPIO/IOPin.o
                0x08000a24                STM32PeripheralBase<GPIO_TypeDef, PeripheralBase<IOPinStatusCodes, 1u, Container<IOPinProperties, GpioPort, GpioPin, GpioMode, GpioState>> >::~STM32PeripheralBase()
 .text._ZSt7forwardIPF16IOPinStatusCodesRK8GpioPortP14PeripheralBaseIS0_Lj1E9ContainerI15IOPinPropertiesJS1_7GpioPin8GpioMode9GpioStateEEJEEEEOT_RNSt16remove_referenceISF_E4typeE
                0x08000a44       0x16 Debug/Drivers/GPIO/IOPin.o
                0x08000a44                IOPinStatusCodes (*&&std::forward<IOPinStatusCodes (*)(GpioPort const&, PeripheralBase<IOPinStatusCodes, 1u, Container<IOPinProperties, GpioPort, GpioPin, GpioMode, GpioState>>*)>(std::remove_reference<IOPinStatusCodes (*)(GpioPort const&, PeripheralBase<IOPinStatusCodes, 1u, Container<IOPinProperties, GpioPort, GpioPin, GpioMode, GpioState>>*)>::type&))(GpioPort const&, PeripheralBase<IOPinStatusCodes, 1u, Container<IOPinProperties, GpioPort, GpioPin, GpioMode, GpioState>>*)
 .text._ZSt7forwardIPF16IOPinStatusCodesRK7GpioPinP14PeripheralBaseIS0_Lj1E9ContainerI15IOPinPropertiesJ8GpioPortS1_8GpioMode9GpioStateEEJEEEEOT_RNSt16remove_referenceISF_E4typeE
                0x08000a5a       0x16 Debug/Drivers/GPIO/IOPin.o
                0x08000a5a                IOPinStatusCodes (*&&std::forward<IOPinStatusCodes (*)(GpioPin const&, PeripheralBase<IOPinStatusCodes, 1u, Container<IOPinProperties, GpioPort, GpioPin, GpioMode, GpioState>>*)>(std::remove_reference<IOPinStatusCodes (*)(GpioPin const&, PeripheralBase<IOPinStatusCodes, 1u, Container<IOPinProperties, GpioPort, GpioPin, GpioMode, GpioState>>*)>::type&))(GpioPin const&, PeripheralBase<IOPinStatusCodes, 1u, Container<IOPinProperties, GpioPort, GpioPin, GpioMode, GpioState>>*)
 .text._ZSt7forwardIPF16IOPinStatusCodesRK8GpioModeP14PeripheralBaseIS0_Lj1E9ContainerI15IOPinPropertiesJ8GpioPort7GpioPinS1_9GpioStateEEJEEEEOT_RNSt16remove_referenceISF_E4typeE
                0x08000a70       0x16 Debug/Drivers/GPIO/IOPin.o
                0x08000a70                IOPinStatusCodes (*&&std::forward<IOPinStatusCodes (*)(GpioMode const&, PeripheralBase<IOPinStatusCodes, 1u, Container<IOPinProperties, GpioPort, GpioPin, GpioMode, GpioState>>*)>(std::remove_reference<IOPinStatusCodes (*)(GpioMode const&, PeripheralBase<IOPinStatusCodes, 1u, Container<IOPinProperties, GpioPort, GpioPin, GpioMode, GpioState>>*)>::type&))(GpioMode const&, PeripheralBase<IOPinStatusCodes, 1u, Container<IOPinProperties, GpioPort, GpioPin, GpioMode, GpioState>>*)
 .text._ZSt7forwardIPF16IOPinStatusCodesRK9GpioStateP14PeripheralBaseIS0_Lj1E9ContainerI15IOPinPropertiesJ8GpioPort7GpioPin8GpioModeS1_EEJEEEEOT_RNSt16remove_referenceISF_E4typeE
                0x08000a86       0x16 Debug/Drivers/GPIO/IOPin.o
                0x08000a86                IOPinStatusCodes (*&&std::forward<IOPinStatusCodes (*)(GpioState const&, PeripheralBase<IOPinStatusCodes, 1u, Container<IOPinProperties, GpioPort, GpioPin, GpioMode, GpioState>>*)>(std::remove_reference<IOPinStatusCodes (*)(GpioState const&, PeripheralBase<IOPinStatusCodes, 1u, Container<IOPinProperties, GpioPort, GpioPin, GpioMode, GpioState>>*)>::type&))(GpioState const&, PeripheralBase<IOPinStatusCodes, 1u, Container<IOPinProperties, GpioPort, GpioPin, GpioMode, GpioState>>*)
 .text._ZN13ContainerBaseIJPF16IOPinStatusCodesRK8GpioPortP14PeripheralBaseIS0_Lj1E9ContainerI15IOPinPropertiesJS1_7GpioPin8GpioMode9GpioStateEEJEEEPFS0_RKS7_SC_EPFS0_RKS8_SC_EPFS0_RKS9_SC_EEEC2EOSE_OSI_OSM_OSQ_
                0x08000a9c       0x58 Debug/Drivers/GPIO/IOPin.o
                0x08000a9c                ContainerBase<IOPinStatusCodes (*)(GpioPort const&, PeripheralBase<IOPinStatusCodes, 1u, Container<IOPinProperties, GpioPort, GpioPin, GpioMode, GpioState>>*), IOPinStatusCodes (*)(GpioPin const&, PeripheralBase<IOPinStatusCodes, 1u, Container<IOPinProperties, GpioPort, GpioPin, GpioMode, GpioState>>*), IOPinStatusCodes (*)(GpioMode const&, PeripheralBase<IOPinStatusCodes, 1u, Container<IOPinProperties, GpioPort, GpioPin, GpioMode, GpioState>>*), IOPinStatusCodes (*)(GpioState const&, PeripheralBase<IOPinStatusCodes, 1u, Container<IOPinProperties, GpioPort, GpioPin, GpioMode, GpioState>>*)>::ContainerBase(IOPinStatusCodes (*&&)(GpioPort const&, PeripheralBase<IOPinStatusCodes, 1u, Container<IOPinProperties, GpioPort, GpioPin, GpioMode, GpioState>>*), IOPinStatusCodes (*&&)(GpioPin const&, PeripheralBase<IOPinStatusCodes, 1u, Container<IOPinProperties, GpioPort, GpioPin, GpioMode, GpioState>>*), IOPinStatusCodes (*&&)(GpioMode const&, PeripheralBase<IOPinStatusCodes, 1u, Container<IOPinProperties, GpioPort, GpioPin, GpioMode, GpioState>>*), IOPinStatusCodes (*&&)(GpioState const&, PeripheralBase<IOPinStatusCodes, 1u, Container<IOPinProperties, GpioPort, GpioPin, GpioMode, GpioState>>*))
                0x08000a9c                ContainerBase<IOPinStatusCodes (*)(GpioPort const&, PeripheralBase<IOPinStatusCodes, 1u, Container<IOPinProperties, GpioPort, GpioPin, GpioMode, GpioState>>*), IOPinStatusCodes (*)(GpioPin const&, PeripheralBase<IOPinStatusCodes, 1u, Container<IOPinProperties, GpioPort, GpioPin, GpioMode, GpioState>>*), IOPinStatusCodes (*)(GpioMode const&, PeripheralBase<IOPinStatusCodes, 1u, Container<IOPinProperties, GpioPort, GpioPin, GpioMode, GpioState>>*), IOPinStatusCodes (*)(GpioState const&, PeripheralBase<IOPinStatusCodes, 1u, Container<IOPinProperties, GpioPort, GpioPin, GpioMode, GpioState>>*)>::ContainerBase(IOPinStatusCodes (*&&)(GpioPort const&, PeripheralBase<IOPinStatusCodes, 1u, Container<IOPinProperties, GpioPort, GpioPin, GpioMode, GpioState>>*), IOPinStatusCodes (*&&)(GpioPin const&, PeripheralBase<IOPinStatusCodes, 1u, Container<IOPinProperties, GpioPort, GpioPin, GpioMode, GpioState>>*), IOPinStatusCodes (*&&)(GpioMode const&, PeripheralBase<IOPinStatusCodes, 1u, Container<IOPinProperties, GpioPort, GpioPin, GpioMode, GpioState>>*), IOPinStatusCodes (*&&)(GpioState const&, PeripheralBase<IOPinStatusCodes, 1u, Container<IOPinProperties, GpioPort, GpioPin, GpioMode, GpioState>>*))
 .text._ZN13ContainerBaseIJPF16IOPinStatusCodesRK8GpioPortP14PeripheralBaseIS0_Lj1E9ContainerI15IOPinPropertiesJS1_7GpioPin8GpioMode9GpioStateEEJEEEPFS0_RKS7_SC_EPFS0_RKS8_SC_EPFS0_RKS9_SC_EEED2Ev
                0x08000af4       0x20 Debug/Drivers/GPIO/IOPin.o
                0x08000af4                ContainerBase<IOPinStatusCodes (*)(GpioPort const&, PeripheralBase<IOPinStatusCodes, 1u, Container<IOPinProperties, GpioPort, GpioPin, GpioMode, GpioState>>*), IOPinStatusCodes (*)(GpioPin const&, PeripheralBase<IOPinStatusCodes, 1u, Container<IOPinProperties, GpioPort, GpioPin, GpioMode, GpioState>>*), IOPinStatusCodes (*)(GpioMode const&, PeripheralBase<IOPinStatusCodes, 1u, Container<IOPinProperties, GpioPort, GpioPin, GpioMode, GpioState>>*), IOPinStatusCodes (*)(GpioState const&, PeripheralBase<IOPinStatusCodes, 1u, Container<IOPinProperties, GpioPort, GpioPin, GpioMode, GpioState>>*)>::~ContainerBase()
                0x08000af4                ContainerBase<IOPinStatusCodes (*)(GpioPort const&, PeripheralBase<IOPinStatusCodes, 1u, Container<IOPinProperties, GpioPort, GpioPin, GpioMode, GpioState>>*), IOPinStatusCodes (*)(GpioPin const&, PeripheralBase<IOPinStatusCodes, 1u, Container<IOPinProperties, GpioPort, GpioPin, GpioMode, GpioState>>*), IOPinStatusCodes (*)(GpioMode const&, PeripheralBase<IOPinStatusCodes, 1u, Container<IOPinProperties, GpioPort, GpioPin, GpioMode, GpioState>>*), IOPinStatusCodes (*)(GpioState const&, PeripheralBase<IOPinStatusCodes, 1u, Container<IOPinProperties, GpioPort, GpioPin, GpioMode, GpioState>>*)>::~ContainerBase()
 .text._ZN13ContainerBaseIJPF16IOPinStatusCodesRK8GpioPortP14PeripheralBaseIS0_Lj1E9ContainerI15IOPinPropertiesJS1_7GpioPin8GpioMode9GpioStateEEJEEEPFS0_RKS7_SC_EPFS0_RKS8_SC_EPFS0_RKS9_SC_EEED0Ev
                0x08000b14       0x20 Debug/Drivers/GPIO/IOPin.o
                0x08000b14                ContainerBase<IOPinStatusCodes (*)(GpioPort const&, PeripheralBase<IOPinStatusCodes, 1u, Container<IOPinProperties, GpioPort, GpioPin, GpioMode, GpioState>>*), IOPinStatusCodes (*)(GpioPin const&, PeripheralBase<IOPinStatusCodes, 1u, Container<IOPinProperties, GpioPort, GpioPin, GpioMode, GpioState>>*), IOPinStatusCodes (*)(GpioMode const&, PeripheralBase<IOPinStatusCodes, 1u, Container<IOPinProperties, GpioPort, GpioPin, GpioMode, GpioState>>*), IOPinStatusCodes (*)(GpioState const&, PeripheralBase<IOPinStatusCodes, 1u, Container<IOPinProperties, GpioPort, GpioPin, GpioMode, GpioState>>*)>::~ContainerBase()
 .text._ZN14PeripheralBaseI16IOPinStatusCodesLj1E9ContainerI15IOPinPropertiesJ8GpioPort7GpioPin8GpioMode9GpioStateEEJEEC2IJPFS0_RKS3_PS8_EPFS0_RKS4_SC_EPFS0_RKS5_SC_EPFS0_RKS6_SC_EEEERKS1_IS2_JDpT_EE
                0x08000b34       0x64 Debug/Drivers/GPIO/IOPin.o
                0x08000b34                PeripheralBase<IOPinStatusCodes, 1u, Container<IOPinProperties, GpioPort, GpioPin, GpioMode, GpioState>>::PeripheralBase<IOPinStatusCodes (*)(GpioPort const&, PeripheralBase<IOPinStatusCodes, 1u, Container<IOPinProperties, GpioPort, GpioPin, GpioMode, GpioState>>*), IOPinStatusCodes (*)(GpioPin const&, PeripheralBase<IOPinStatusCodes, 1u, Container<IOPinProperties, GpioPort, GpioPin, GpioMode, GpioState>>*), IOPinStatusCodes (*)(GpioMode const&, PeripheralBase<IOPinStatusCodes, 1u, Container<IOPinProperties, GpioPort, GpioPin, GpioMode, GpioState>>*), IOPinStatusCodes (*)(GpioState const&, PeripheralBase<IOPinStatusCodes, 1u, Container<IOPinProperties, GpioPort, GpioPin, GpioMode, GpioState>>*)>(Container<IOPinProperties, IOPinStatusCodes (*)(GpioPort const&, PeripheralBase<IOPinStatusCodes, 1u, Container<IOPinProperties, GpioPort, GpioPin, GpioMode, GpioState>>*), IOPinStatusCodes (*)(GpioPin const&, PeripheralBase<IOPinStatusCodes, 1u, Container<IOPinProperties, GpioPort, GpioPin, GpioMode, GpioState>>*), IOPinStatusCodes (*)(GpioMode const&, PeripheralBase<IOPinStatusCodes, 1u, Container<IOPinProperties, GpioPort, GpioPin, GpioMode, GpioState>>*), IOPinStatusCodes (*)(GpioState const&, PeripheralBase<IOPinStatusCodes, 1u, Container<IOPinProperties, GpioPort, GpioPin, GpioMode, GpioState>>*)> const&)
                0x08000b34                PeripheralBase<IOPinStatusCodes, 1u, Container<IOPinProperties, GpioPort, GpioPin, GpioMode, GpioState>>::PeripheralBase<IOPinStatusCodes (*)(GpioPort const&, PeripheralBase<IOPinStatusCodes, 1u, Container<IOPinProperties, GpioPort, GpioPin, GpioMode, GpioState>>*), IOPinStatusCodes (*)(GpioPin const&, PeripheralBase<IOPinStatusCodes, 1u, Container<IOPinProperties, GpioPort, GpioPin, GpioMode, GpioState>>*), IOPinStatusCodes (*)(GpioMode const&, PeripheralBase<IOPinStatusCodes, 1u, Container<IOPinProperties, GpioPort, GpioPin, GpioMode, GpioState>>*), IOPinStatusCodes (*)(GpioState const&, PeripheralBase<IOPinStatusCodes, 1u, Container<IOPinProperties, GpioPort, GpioPin, GpioMode, GpioState>>*)>(Container<IOPinProperties, IOPinStatusCodes (*)(GpioPort const&, PeripheralBase<IOPinStatusCodes, 1u, Container<IOPinProperties, GpioPort, GpioPin, GpioMode, GpioState>>*), IOPinStatusCodes (*)(GpioPin const&, PeripheralBase<IOPinStatusCodes, 1u, Container<IOPinProperties, GpioPort, GpioPin, GpioMode, GpioState>>*), IOPinStatusCodes (*)(GpioMode const&, PeripheralBase<IOPinStatusCodes, 1u, Container<IOPinProperties, GpioPort, GpioPin, GpioMode, GpioState>>*), IOPinStatusCodes (*)(GpioState const&, PeripheralBase<IOPinStatusCodes, 1u, Container<IOPinProperties, GpioPort, GpioPin, GpioMode, GpioState>>*)> const&)
 .text._ZN14PeripheralBaseI16IOPinStatusCodesLj1E9ContainerI15IOPinPropertiesJ8GpioPort7GpioPin8GpioMode9GpioStateEEJEED2Ev
                0x08000b98       0x4c Debug/Drivers/GPIO/IOPin.o
                0x08000b98                PeripheralBase<IOPinStatusCodes, 1u, Container<IOPinProperties, GpioPort, GpioPin, GpioMode, GpioState>>::~PeripheralBase()
                0x08000b98                PeripheralBase<IOPinStatusCodes, 1u, Container<IOPinProperties, GpioPort, GpioPin, GpioMode, GpioState>>::~PeripheralBase()
 .text._ZN14PeripheralBaseI16IOPinStatusCodesLj1E9ContainerI15IOPinPropertiesJ8GpioPort7GpioPin8GpioMode9GpioStateEEJEED0Ev
                0x08000be4       0x20 Debug/Drivers/GPIO/IOPin.o
                0x08000be4                PeripheralBase<IOPinStatusCodes, 1u, Container<IOPinProperties, GpioPort, GpioPin, GpioMode, GpioState>>::~PeripheralBase()
 .text._ZNSt5tupleIJPF16IOPinStatusCodesRK8GpioPortP14PeripheralBaseIS0_Lj1E9ContainerI15IOPinPropertiesJS1_7GpioPin8GpioMode9GpioStateEEJEEEPFS0_RKS7_SC_EPFS0_RKS8_SC_EPFS0_RKS9_SC_EEEC2IJSE_SI_SM_SQ_ELb1ELb1EEEDpOT_
                0x08000c04       0x4c Debug/Drivers/GPIO/IOPin.o
                0x08000c04                std::tuple<IOPinStatusCodes (*)(GpioPort const&, PeripheralBase<IOPinStatusCodes, 1u, Container<IOPinProperties, GpioPort, GpioPin, GpioMode, GpioState>>*), IOPinStatusCodes (*)(GpioPin const&, PeripheralBase<IOPinStatusCodes, 1u, Container<IOPinProperties, GpioPort, GpioPin, GpioMode, GpioState>>*), IOPinStatusCodes (*)(GpioMode const&, PeripheralBase<IOPinStatusCodes, 1u, Container<IOPinProperties, GpioPort, GpioPin, GpioMode, GpioState>>*), IOPinStatusCodes (*)(GpioState const&, PeripheralBase<IOPinStatusCodes, 1u, Container<IOPinProperties, GpioPort, GpioPin, GpioMode, GpioState>>*)>::tuple<IOPinStatusCodes (*)(GpioPort const&, PeripheralBase<IOPinStatusCodes, 1u, Container<IOPinProperties, GpioPort, GpioPin, GpioMode, GpioState>>*), IOPinStatusCodes (*)(GpioPin const&, PeripheralBase<IOPinStatusCodes, 1u, Container<IOPinProperties, GpioPort, GpioPin, GpioMode, GpioState>>*), IOPinStatusCodes (*)(GpioMode const&, PeripheralBase<IOPinStatusCodes, 1u, Container<IOPinProperties, GpioPort, GpioPin, GpioMode, GpioState>>*), IOPinStatusCodes (*)(GpioState const&, PeripheralBase<IOPinStatusCodes, 1u, Container<IOPinProperties, GpioPort, GpioPin, GpioMode, GpioState>>*), true, true>(IOPinStatusCodes (*&&)(GpioPort const&, PeripheralBase<IOPinStatusCodes, 1u, Container<IOPinProperties, GpioPort, GpioPin, GpioMode, GpioState>>*), IOPinStatusCodes (*&&)(GpioPin const&, PeripheralBase<IOPinStatusCodes, 1u, Container<IOPinProperties, GpioPort, GpioPin, GpioMode, GpioState>>*), IOPinStatusCodes (*&&)(GpioMode const&, PeripheralBase<IOPinStatusCodes, 1u, Container<IOPinProperties, GpioPort, GpioPin, GpioMode, GpioState>>*), IOPinStatusCodes (*&&)(GpioState const&, PeripheralBase<IOPinStatusCodes, 1u, Container<IOPinProperties, GpioPort, GpioPin, GpioMode, GpioState>>*))
                0x08000c04                std::tuple<IOPinStatusCodes (*)(GpioPort const&, PeripheralBase<IOPinStatusCodes, 1u, Container<IOPinProperties, GpioPort, GpioPin, GpioMode, GpioState>>*), IOPinStatusCodes (*)(GpioPin const&, PeripheralBase<IOPinStatusCodes, 1u, Container<IOPinProperties, GpioPort, GpioPin, GpioMode, GpioState>>*), IOPinStatusCodes (*)(GpioMode const&, PeripheralBase<IOPinStatusCodes, 1u, Container<IOPinProperties, GpioPort, GpioPin, GpioMode, GpioState>>*), IOPinStatusCodes (*)(GpioState const&, PeripheralBase<IOPinStatusCodes, 1u, Container<IOPinProperties, GpioPort, GpioPin, GpioMode, GpioState>>*)>::tuple<IOPinStatusCodes (*)(GpioPort const&, PeripheralBase<IOPinStatusCodes, 1u, Container<IOPinProperties, GpioPort, GpioPin, GpioMode, GpioState>>*), IOPinStatusCodes (*)(GpioPin const&, PeripheralBase<IOPinStatusCodes, 1u, Container<IOPinProperties, GpioPort, GpioPin, GpioMode, GpioState>>*), IOPinStatusCodes (*)(GpioMode const&, PeripheralBase<IOPinStatusCodes, 1u, Container<IOPinProperties, GpioPort, GpioPin, GpioMode, GpioState>>*), IOPinStatusCodes (*)(GpioState const&, PeripheralBase<IOPinStatusCodes, 1u, Container<IOPinProperties, GpioPort, GpioPin, GpioMode, GpioState>>*), true, true>(IOPinStatusCodes (*&&)(GpioPort const&, PeripheralBase<IOPinStatusCodes, 1u, Container<IOPinProperties, GpioPort, GpioPin, GpioMode, GpioState>>*), IOPinStatusCodes (*&&)(GpioPin const&, PeripheralBase<IOPinStatusCodes, 1u, Container<IOPinProperties, GpioPort, GpioPin, GpioMode, GpioState>>*), IOPinStatusCodes (*&&)(GpioMode const&, PeripheralBase<IOPinStatusCodes, 1u, Container<IOPinProperties, GpioPort, GpioPin, GpioMode, GpioState>>*), IOPinStatusCodes (*&&)(GpioState const&, PeripheralBase<IOPinStatusCodes, 1u, Container<IOPinProperties, GpioPort, GpioPin, GpioMode, GpioState>>*))
 .text._ZN9ContainerI15IOPinPropertiesJ8GpioPort7GpioPin8GpioMode9GpioStateEEC2Ev
                0x08000c50       0x24 Debug/Drivers/GPIO/IOPin.o
                0x08000c50                Container<IOPinProperties, GpioPort, GpioPin, GpioMode, GpioState>::Container()
                0x08000c50                Container<IOPinProperties, GpioPort, GpioPin, GpioMode, GpioState>::Container()
 .text._ZN14PeripheralBaseI16IOPinStatusCodesLj1E9ContainerI15IOPinPropertiesJ8GpioPort7GpioPin8GpioMode9GpioStateEEJEE15setFunctionsPtrIJPFS0_RKS3_PS8_EPFS0_RKS4_SC_EPFS0_RKS5_SC_EPFS0_RKS6_SC_EEEEvRKS1_IS2_JDpT_EE
                0x08000c74       0x30 Debug/Drivers/GPIO/IOPin.o
                0x08000c74                void PeripheralBase<IOPinStatusCodes, 1u, Container<IOPinProperties, GpioPort, GpioPin, GpioMode, GpioState>>::setFunctionsPtr<IOPinStatusCodes (*)(GpioPort const&, PeripheralBase<IOPinStatusCodes, 1u, Container<IOPinProperties, GpioPort, GpioPin, GpioMode, GpioState>>*), IOPinStatusCodes (*)(GpioPin const&, PeripheralBase<IOPinStatusCodes, 1u, Container<IOPinProperties, GpioPort, GpioPin, GpioMode, GpioState>>*), IOPinStatusCodes (*)(GpioMode const&, PeripheralBase<IOPinStatusCodes, 1u, Container<IOPinProperties, GpioPort, GpioPin, GpioMode, GpioState>>*), IOPinStatusCodes (*)(GpioState const&, PeripheralBase<IOPinStatusCodes, 1u, Container<IOPinProperties, GpioPort, GpioPin, GpioMode, GpioState>>*)>(Container<IOPinProperties, IOPinStatusCodes (*)(GpioPort const&, PeripheralBase<IOPinStatusCodes, 1u, Container<IOPinProperties, GpioPort, GpioPin, GpioMode, GpioState>>*), IOPinStatusCodes (*)(GpioPin const&, PeripheralBase<IOPinStatusCodes, 1u, Container<IOPinProperties, GpioPort, GpioPin, GpioMode, GpioState>>*), IOPinStatusCodes (*)(GpioMode const&, PeripheralBase<IOPinStatusCodes, 1u, Container<IOPinProperties, GpioPort, GpioPin, GpioMode, GpioState>>*), IOPinStatusCodes (*)(GpioState const&, PeripheralBase<IOPinStatusCodes, 1u, Container<IOPinProperties, GpioPort, GpioPin, GpioMode, GpioState>>*)> const&)
 .text._ZN9ContainerI15IOPinPropertiesJ8GpioPort7GpioPin8GpioMode9GpioStateEED2Ev
                0x08000ca4       0x24 Debug/Drivers/GPIO/IOPin.o
                0x08000ca4                Container<IOPinProperties, GpioPort, GpioPin, GpioMode, GpioState>::~Container()
                0x08000ca4                Container<IOPinProperties, GpioPort, GpioPin, GpioMode, GpioState>::~Container()
 .text._ZN9ContainerI15IOPinPropertiesJ8GpioPort7GpioPin8GpioMode9GpioStateEED0Ev
                0x08000cc8       0x20 Debug/Drivers/GPIO/IOPin.o
                0x08000cc8                Container<IOPinProperties, GpioPort, GpioPin, GpioMode, GpioState>::~Container()
 .text._ZNSt11_Tuple_implILj0EJPF16IOPinStatusCodesRK8GpioPortP14PeripheralBaseIS0_Lj1E9ContainerI15IOPinPropertiesJS1_7GpioPin8GpioMode9GpioStateEEJEEEPFS0_RKS7_SC_EPFS0_RKS8_SC_EPFS0_RKS9_SC_EEEC2ISE_JSI_SM_SQ_EvEEOT_DpOT0_
                0x08000ce8       0x52 Debug/Drivers/GPIO/IOPin.o
                0x08000ce8                std::_Tuple_impl<0u, IOPinStatusCodes (*)(GpioPort const&, PeripheralBase<IOPinStatusCodes, 1u, Container<IOPinProperties, GpioPort, GpioPin, GpioMode, GpioState>>*), IOPinStatusCodes (*)(GpioPin const&, PeripheralBase<IOPinStatusCodes, 1u, Container<IOPinProperties, GpioPort, GpioPin, GpioMode, GpioState>>*), IOPinStatusCodes (*)(GpioMode const&, PeripheralBase<IOPinStatusCodes, 1u, Container<IOPinProperties, GpioPort, GpioPin, GpioMode, GpioState>>*), IOPinStatusCodes (*)(GpioState const&, PeripheralBase<IOPinStatusCodes, 1u, Container<IOPinProperties, GpioPort, GpioPin, GpioMode, GpioState>>*)>::_Tuple_impl<IOPinStatusCodes (*)(GpioPort const&, PeripheralBase<IOPinStatusCodes, 1u, Container<IOPinProperties, GpioPort, GpioPin, GpioMode, GpioState>>*), IOPinStatusCodes (*)(GpioPin const&, PeripheralBase<IOPinStatusCodes, 1u, Container<IOPinProperties, GpioPort, GpioPin, GpioMode, GpioState>>*), IOPinStatusCodes (*)(GpioMode const&, PeripheralBase<IOPinStatusCodes, 1u, Container<IOPinProperties, GpioPort, GpioPin, GpioMode, GpioState>>*), IOPinStatusCodes (*)(GpioState const&, PeripheralBase<IOPinStatusCodes, 1u, Container<IOPinProperties, GpioPort, GpioPin, GpioMode, GpioState>>*), void>(IOPinStatusCodes (*&&)(GpioPort const&, PeripheralBase<IOPinStatusCodes, 1u, Container<IOPinProperties, GpioPort, GpioPin, GpioMode, GpioState>>*), IOPinStatusCodes (*&&)(GpioPin const&, PeripheralBase<IOPinStatusCodes, 1u, Container<IOPinProperties, GpioPort, GpioPin, GpioMode, GpioState>>*), IOPinStatusCodes (*&&)(GpioMode const&, PeripheralBase<IOPinStatusCodes, 1u, Container<IOPinProperties, GpioPort, GpioPin, GpioMode, GpioState>>*), IOPinStatusCodes (*&&)(GpioState const&, PeripheralBase<IOPinStatusCodes, 1u, Container<IOPinProperties, GpioPort, GpioPin, GpioMode, GpioState>>*))
                0x08000ce8                std::_Tuple_impl<0u, IOPinStatusCodes (*)(GpioPort const&, PeripheralBase<IOPinStatusCodes, 1u, Container<IOPinProperties, GpioPort, GpioPin, GpioMode, GpioState>>*), IOPinStatusCodes (*)(GpioPin const&, PeripheralBase<IOPinStatusCodes, 1u, Container<IOPinProperties, GpioPort, GpioPin, GpioMode, GpioState>>*), IOPinStatusCodes (*)(GpioMode const&, PeripheralBase<IOPinStatusCodes, 1u, Container<IOPinProperties, GpioPort, GpioPin, GpioMode, GpioState>>*), IOPinStatusCodes (*)(GpioState const&, PeripheralBase<IOPinStatusCodes, 1u, Container<IOPinProperties, GpioPort, GpioPin, GpioMode, GpioState>>*)>::_Tuple_impl<IOPinStatusCodes (*)(GpioPort const&, PeripheralBase<IOPinStatusCodes, 1u, Container<IOPinProperties, GpioPort, GpioPin, GpioMode, GpioState>>*), IOPinStatusCodes (*)(GpioPin const&, PeripheralBase<IOPinStatusCodes, 1u, Container<IOPinProperties, GpioPort, GpioPin, GpioMode, GpioState>>*), IOPinStatusCodes (*)(GpioMode const&, PeripheralBase<IOPinStatusCodes, 1u, Container<IOPinProperties, GpioPort, GpioPin, GpioMode, GpioState>>*), IOPinStatusCodes (*)(GpioState const&, PeripheralBase<IOPinStatusCodes, 1u, Container<IOPinProperties, GpioPort, GpioPin, GpioMode, GpioState>>*), void>(IOPinStatusCodes (*&&)(GpioPort const&, PeripheralBase<IOPinStatusCodes, 1u, Container<IOPinProperties, GpioPort, GpioPin, GpioMode, GpioState>>*), IOPinStatusCodes (*&&)(GpioPin const&, PeripheralBase<IOPinStatusCodes, 1u, Container<IOPinProperties, GpioPort, GpioPin, GpioMode, GpioState>>*), IOPinStatusCodes (*&&)(GpioMode const&, PeripheralBase<IOPinStatusCodes, 1u, Container<IOPinProperties, GpioPort, GpioPin, GpioMode, GpioState>>*), IOPinStatusCodes (*&&)(GpioState const&, PeripheralBase<IOPinStatusCodes, 1u, Container<IOPinProperties, GpioPort, GpioPin, GpioMode, GpioState>>*))
 *fill*         0x08000d3a        0x2 
 .text._ZN13ContainerBaseIJ8GpioPort7GpioPin8GpioMode9GpioStateEEC2Ev
                0x08000d3c       0x28 Debug/Drivers/GPIO/IOPin.o
                0x08000d3c                ContainerBase<GpioPort, GpioPin, GpioMode, GpioState>::ContainerBase()
                0x08000d3c                ContainerBase<GpioPort, GpioPin, GpioMode, GpioState>::ContainerBase()
 .text._ZN13ContainerBaseIJ8GpioPort7GpioPin8GpioMode9GpioStateEED2Ev
                0x08000d64       0x20 Debug/Drivers/GPIO/IOPin.o
                0x08000d64                ContainerBase<GpioPort, GpioPin, GpioMode, GpioState>::~ContainerBase()
                0x08000d64                ContainerBase<GpioPort, GpioPin, GpioMode, GpioState>::~ContainerBase()
 .text._ZN13ContainerBaseIJ8GpioPort7GpioPin8GpioMode9GpioStateEED0Ev
                0x08000d84       0x20 Debug/Drivers/GPIO/IOPin.o
                0x08000d84                ContainerBase<GpioPort, GpioPin, GpioMode, GpioState>::~ContainerBase()
 .text._ZN9ContainerI15IOPinPropertiesJPF16IOPinStatusCodesRK8GpioPortP14PeripheralBaseIS1_Lj1ES_IS0_JS2_7GpioPin8GpioMode9GpioStateEEJEEEPFS1_RKS6_SB_EPFS1_RKS7_SB_EPFS1_RKS8_SB_EEEC2Ev
                0x08000da4       0x24 Debug/Drivers/GPIO/IOPin.o
                0x08000da4                Container<IOPinProperties, IOPinStatusCodes (*)(GpioPort const&, PeripheralBase<IOPinStatusCodes, 1u, Container<IOPinProperties, GpioPort, GpioPin, GpioMode, GpioState>>*), IOPinStatusCodes (*)(GpioPin const&, PeripheralBase<IOPinStatusCodes, 1u, Container<IOPinProperties, GpioPort, GpioPin, GpioMode, GpioState>>*), IOPinStatusCodes (*)(GpioMode const&, PeripheralBase<IOPinStatusCodes, 1u, Container<IOPinProperties, GpioPort, GpioPin, GpioMode, GpioState>>*), IOPinStatusCodes (*)(GpioState const&, PeripheralBase<IOPinStatusCodes, 1u, Container<IOPinProperties, GpioPort, GpioPin, GpioMode, GpioState>>*)>::Container()
                0x08000da4                Container<IOPinProperties, IOPinStatusCodes (*)(GpioPort const&, PeripheralBase<IOPinStatusCodes, 1u, Container<IOPinProperties, GpioPort, GpioPin, GpioMode, GpioState>>*), IOPinStatusCodes (*)(GpioPin const&, PeripheralBase<IOPinStatusCodes, 1u, Container<IOPinProperties, GpioPort, GpioPin, GpioMode, GpioState>>*), IOPinStatusCodes (*)(GpioMode const&, PeripheralBase<IOPinStatusCodes, 1u, Container<IOPinProperties, GpioPort, GpioPin, GpioMode, GpioState>>*), IOPinStatusCodes (*)(GpioState const&, PeripheralBase<IOPinStatusCodes, 1u, Container<IOPinProperties, GpioPort, GpioPin, GpioMode, GpioState>>*)>::Container()
 .text._ZN9ContainerI15IOPinPropertiesJPF16IOPinStatusCodesRK8GpioPortP14PeripheralBaseIS1_Lj1ES_IS0_JS2_7GpioPin8GpioMode9GpioStateEEJEEEPFS1_RKS6_SB_EPFS1_RKS7_SB_EPFS1_RKS8_SB_EEEaSERKSQ_
                0x08000dc8       0x24 Debug/Drivers/GPIO/IOPin.o
                0x08000dc8                Container<IOPinProperties, IOPinStatusCodes (*)(GpioPort const&, PeripheralBase<IOPinStatusCodes, 1u, Container<IOPinProperties, GpioPort, GpioPin, GpioMode, GpioState>>*), IOPinStatusCodes (*)(GpioPin const&, PeripheralBase<IOPinStatusCodes, 1u, Container<IOPinProperties, GpioPort, GpioPin, GpioMode, GpioState>>*), IOPinStatusCodes (*)(GpioMode const&, PeripheralBase<IOPinStatusCodes, 1u, Container<IOPinProperties, GpioPort, GpioPin, GpioMode, GpioState>>*), IOPinStatusCodes (*)(GpioState const&, PeripheralBase<IOPinStatusCodes, 1u, Container<IOPinProperties, GpioPort, GpioPin, GpioMode, GpioState>>*)>::operator=(Container<IOPinProperties, IOPinStatusCodes (*)(GpioPort const&, PeripheralBase<IOPinStatusCodes, 1u, Container<IOPinProperties, GpioPort, GpioPin, GpioMode, GpioState>>*), IOPinStatusCodes (*)(GpioPin const&, PeripheralBase<IOPinStatusCodes, 1u, Container<IOPinProperties, GpioPort, GpioPin, GpioMode, GpioState>>*), IOPinStatusCodes (*)(GpioMode const&, PeripheralBase<IOPinStatusCodes, 1u, Container<IOPinProperties, GpioPort, GpioPin, GpioMode, GpioState>>*), IOPinStatusCodes (*)(GpioState const&, PeripheralBase<IOPinStatusCodes, 1u, Container<IOPinProperties, GpioPort, GpioPin, GpioMode, GpioState>>*)> const&)
 .text._ZNSt11_Tuple_implILj1EJPF16IOPinStatusCodesRK7GpioPinP14PeripheralBaseIS0_Lj1E9ContainerI15IOPinPropertiesJ8GpioPortS1_8GpioMode9GpioStateEEJEEEPFS0_RKS8_SC_EPFS0_RKS9_SC_EEEC2ISE_JSI_SM_EvEEOT_DpOT0_
                0x08000dec       0x4a Debug/Drivers/GPIO/IOPin.o
                0x08000dec                std::_Tuple_impl<1u, IOPinStatusCodes (*)(GpioPin const&, PeripheralBase<IOPinStatusCodes, 1u, Container<IOPinProperties, GpioPort, GpioPin, GpioMode, GpioState>>*), IOPinStatusCodes (*)(GpioMode const&, PeripheralBase<IOPinStatusCodes, 1u, Container<IOPinProperties, GpioPort, GpioPin, GpioMode, GpioState>>*), IOPinStatusCodes (*)(GpioState const&, PeripheralBase<IOPinStatusCodes, 1u, Container<IOPinProperties, GpioPort, GpioPin, GpioMode, GpioState>>*)>::_Tuple_impl<IOPinStatusCodes (*)(GpioPin const&, PeripheralBase<IOPinStatusCodes, 1u, Container<IOPinProperties, GpioPort, GpioPin, GpioMode, GpioState>>*), IOPinStatusCodes (*)(GpioMode const&, PeripheralBase<IOPinStatusCodes, 1u, Container<IOPinProperties, GpioPort, GpioPin, GpioMode, GpioState>>*), IOPinStatusCodes (*)(GpioState const&, PeripheralBase<IOPinStatusCodes, 1u, Container<IOPinProperties, GpioPort, GpioPin, GpioMode, GpioState>>*), void>(IOPinStatusCodes (*&&)(GpioPin const&, PeripheralBase<IOPinStatusCodes, 1u, Container<IOPinProperties, GpioPort, GpioPin, GpioMode, GpioState>>*), IOPinStatusCodes (*&&)(GpioMode const&, PeripheralBase<IOPinStatusCodes, 1u, Container<IOPinProperties, GpioPort, GpioPin, GpioMode, GpioState>>*), IOPinStatusCodes (*&&)(GpioState const&, PeripheralBase<IOPinStatusCodes, 1u, Container<IOPinProperties, GpioPort, GpioPin, GpioMode, GpioState>>*))
                0x08000dec                std::_Tuple_impl<1u, IOPinStatusCodes (*)(GpioPin const&, PeripheralBase<IOPinStatusCodes, 1u, Container<IOPinProperties, GpioPort, GpioPin, GpioMode, GpioState>>*), IOPinStatusCodes (*)(GpioMode const&, PeripheralBase<IOPinStatusCodes, 1u, Container<IOPinProperties, GpioPort, GpioPin, GpioMode, GpioState>>*), IOPinStatusCodes (*)(GpioState const&, PeripheralBase<IOPinStatusCodes, 1u, Container<IOPinProperties, GpioPort, GpioPin, GpioMode, GpioState>>*)>::_Tuple_impl<IOPinStatusCodes (*)(GpioPin const&, PeripheralBase<IOPinStatusCodes, 1u, Container<IOPinProperties, GpioPort, GpioPin, GpioMode, GpioState>>*), IOPinStatusCodes (*)(GpioMode const&, PeripheralBase<IOPinStatusCodes, 1u, Container<IOPinProperties, GpioPort, GpioPin, GpioMode, GpioState>>*), IOPinStatusCodes (*)(GpioState const&, PeripheralBase<IOPinStatusCodes, 1u, Container<IOPinProperties, GpioPort, GpioPin, GpioMode, GpioState>>*), void>(IOPinStatusCodes (*&&)(GpioPin const&, PeripheralBase<IOPinStatusCodes, 1u, Container<IOPinProperties, GpioPort, GpioPin, GpioMode, GpioState>>*), IOPinStatusCodes (*&&)(GpioMode const&, PeripheralBase<IOPinStatusCodes, 1u, Container<IOPinProperties, GpioPort, GpioPin, GpioMode, GpioState>>*), IOPinStatusCodes (*&&)(GpioState const&, PeripheralBase<IOPinStatusCodes, 1u, Container<IOPinProperties, GpioPort, GpioPin, GpioMode, GpioState>>*))
 .text._ZNSt10_Head_baseILj0EPF16IOPinStatusCodesRK8GpioPortP14PeripheralBaseIS0_Lj1E9ContainerI15IOPinPropertiesJS1_7GpioPin8GpioMode9GpioStateEEJEEELb0EEC2ISE_EEOT_
                0x08000e36       0x22 Debug/Drivers/GPIO/IOPin.o
                0x08000e36                std::_Head_base<0u, IOPinStatusCodes (*)(GpioPort const&, PeripheralBase<IOPinStatusCodes, 1u, Container<IOPinProperties, GpioPort, GpioPin, GpioMode, GpioState>>*), false>::_Head_base<IOPinStatusCodes (*)(GpioPort const&, PeripheralBase<IOPinStatusCodes, 1u, Container<IOPinProperties, GpioPort, GpioPin, GpioMode, GpioState>>*)>(IOPinStatusCodes (*&&)(GpioPort const&, PeripheralBase<IOPinStatusCodes, 1u, Container<IOPinProperties, GpioPort, GpioPin, GpioMode, GpioState>>*))
                0x08000e36                std::_Head_base<0u, IOPinStatusCodes (*)(GpioPort const&, PeripheralBase<IOPinStatusCodes, 1u, Container<IOPinProperties, GpioPort, GpioPin, GpioMode, GpioState>>*), false>::_Head_base<IOPinStatusCodes (*)(GpioPort const&, PeripheralBase<IOPinStatusCodes, 1u, Container<IOPinProperties, GpioPort, GpioPin, GpioMode, GpioState>>*)>(IOPinStatusCodes (*&&)(GpioPort const&, PeripheralBase<IOPinStatusCodes, 1u, Container<IOPinProperties, GpioPort, GpioPin, GpioMode, GpioState>>*))
 .text._ZNSt5tupleIJ8GpioPort7GpioPin8GpioMode9GpioStateEEC2IvLb1EEEv
                0x08000e58       0x1a Debug/Drivers/GPIO/IOPin.o
                0x08000e58                std::tuple<GpioPort, GpioPin, GpioMode, GpioState>::tuple<void, true>()
                0x08000e58                std::tuple<GpioPort, GpioPin, GpioMode, GpioState>::tuple<void, true>()
 *fill*         0x08000e72        0x2 
 .text._ZN13ContainerBaseIJPF16IOPinStatusCodesRK8GpioPortP14PeripheralBaseIS0_Lj1E9ContainerI15IOPinPropertiesJS1_7GpioPin8GpioMode9GpioStateEEJEEEPFS0_RKS7_SC_EPFS0_RKS8_SC_EPFS0_RKS9_SC_EEEC2Ev
                0x08000e74       0x28 Debug/Drivers/GPIO/IOPin.o
                0x08000e74                ContainerBase<IOPinStatusCodes (*)(GpioPort const&, PeripheralBase<IOPinStatusCodes, 1u, Container<IOPinProperties, GpioPort, GpioPin, GpioMode, GpioState>>*), IOPinStatusCodes (*)(GpioPin const&, PeripheralBase<IOPinStatusCodes, 1u, Container<IOPinProperties, GpioPort, GpioPin, GpioMode, GpioState>>*), IOPinStatusCodes (*)(GpioMode const&, PeripheralBase<IOPinStatusCodes, 1u, Container<IOPinProperties, GpioPort, GpioPin, GpioMode, GpioState>>*), IOPinStatusCodes (*)(GpioState const&, PeripheralBase<IOPinStatusCodes, 1u, Container<IOPinProperties, GpioPort, GpioPin, GpioMode, GpioState>>*)>::ContainerBase()
                0x08000e74                ContainerBase<IOPinStatusCodes (*)(GpioPort const&, PeripheralBase<IOPinStatusCodes, 1u, Container<IOPinProperties, GpioPort, GpioPin, GpioMode, GpioState>>*), IOPinStatusCodes (*)(GpioPin const&, PeripheralBase<IOPinStatusCodes, 1u, Container<IOPinProperties, GpioPort, GpioPin, GpioMode, GpioState>>*), IOPinStatusCodes (*)(GpioMode const&, PeripheralBase<IOPinStatusCodes, 1u, Container<IOPinProperties, GpioPort, GpioPin, GpioMode, GpioState>>*), IOPinStatusCodes (*)(GpioState const&, PeripheralBase<IOPinStatusCodes, 1u, Container<IOPinProperties, GpioPort, GpioPin, GpioMode, GpioState>>*)>::ContainerBase()
 .text._ZNSt5tupleIJPF16IOPinStatusCodesRK8GpioPortP14PeripheralBaseIS0_Lj1E9ContainerI15IOPinPropertiesJS1_7GpioPin8GpioMode9GpioStateEEJEEEPFS0_RKS7_SC_EPFS0_RKS8_SC_EPFS0_RKS9_SC_EEEaSERKSR_
                0x08000e9c       0x20 Debug/Drivers/GPIO/IOPin.o
                0x08000e9c                std::tuple<IOPinStatusCodes (*)(GpioPort const&, PeripheralBase<IOPinStatusCodes, 1u, Container<IOPinProperties, GpioPort, GpioPin, GpioMode, GpioState>>*), IOPinStatusCodes (*)(GpioPin const&, PeripheralBase<IOPinStatusCodes, 1u, Container<IOPinProperties, GpioPort, GpioPin, GpioMode, GpioState>>*), IOPinStatusCodes (*)(GpioMode const&, PeripheralBase<IOPinStatusCodes, 1u, Container<IOPinProperties, GpioPort, GpioPin, GpioMode, GpioState>>*), IOPinStatusCodes (*)(GpioState const&, PeripheralBase<IOPinStatusCodes, 1u, Container<IOPinProperties, GpioPort, GpioPin, GpioMode, GpioState>>*)>::operator=(std::tuple<IOPinStatusCodes (*)(GpioPort const&, PeripheralBase<IOPinStatusCodes, 1u, Container<IOPinProperties, GpioPort, GpioPin, GpioMode, GpioState>>*), IOPinStatusCodes (*)(GpioPin const&, PeripheralBase<IOPinStatusCodes, 1u, Container<IOPinProperties, GpioPort, GpioPin, GpioMode, GpioState>>*), IOPinStatusCodes (*)(GpioMode const&, PeripheralBase<IOPinStatusCodes, 1u, Container<IOPinProperties, GpioPort, GpioPin, GpioMode, GpioState>>*), IOPinStatusCodes (*)(GpioState const&, PeripheralBase<IOPinStatusCodes, 1u, Container<IOPinProperties, GpioPort, GpioPin, GpioMode, GpioState>>*)> const&)
 .text._ZNSt11_Tuple_implILj2EJPF16IOPinStatusCodesRK8GpioModeP14PeripheralBaseIS0_Lj1E9ContainerI15IOPinPropertiesJ8GpioPort7GpioPinS1_9GpioStateEEJEEEPFS0_RKS9_SC_EEEC2ISE_JSI_EvEEOT_DpOT0_
                0x08000ebc       0x3c Debug/Drivers/GPIO/IOPin.o
                0x08000ebc                std::_Tuple_impl<2u, IOPinStatusCodes (*)(GpioMode const&, PeripheralBase<IOPinStatusCodes, 1u, Container<IOPinProperties, GpioPort, GpioPin, GpioMode, GpioState>>*), IOPinStatusCodes (*)(GpioState const&, PeripheralBase<IOPinStatusCodes, 1u, Container<IOPinProperties, GpioPort, GpioPin, GpioMode, GpioState>>*)>::_Tuple_impl<IOPinStatusCodes (*)(GpioMode const&, PeripheralBase<IOPinStatusCodes, 1u, Container<IOPinProperties, GpioPort, GpioPin, GpioMode, GpioState>>*), IOPinStatusCodes (*)(GpioState const&, PeripheralBase<IOPinStatusCodes, 1u, Container<IOPinProperties, GpioPort, GpioPin, GpioMode, GpioState>>*), void>(IOPinStatusCodes (*&&)(GpioMode const&, PeripheralBase<IOPinStatusCodes, 1u, Container<IOPinProperties, GpioPort, GpioPin, GpioMode, GpioState>>*), IOPinStatusCodes (*&&)(GpioState const&, PeripheralBase<IOPinStatusCodes, 1u, Container<IOPinProperties, GpioPort, GpioPin, GpioMode, GpioState>>*))
                0x08000ebc                std::_Tuple_impl<2u, IOPinStatusCodes (*)(GpioMode const&, PeripheralBase<IOPinStatusCodes, 1u, Container<IOPinProperties, GpioPort, GpioPin, GpioMode, GpioState>>*), IOPinStatusCodes (*)(GpioState const&, PeripheralBase<IOPinStatusCodes, 1u, Container<IOPinProperties, GpioPort, GpioPin, GpioMode, GpioState>>*)>::_Tuple_impl<IOPinStatusCodes (*)(GpioMode const&, PeripheralBase<IOPinStatusCodes, 1u, Container<IOPinProperties, GpioPort, GpioPin, GpioMode, GpioState>>*), IOPinStatusCodes (*)(GpioState const&, PeripheralBase<IOPinStatusCodes, 1u, Container<IOPinProperties, GpioPort, GpioPin, GpioMode, GpioState>>*), void>(IOPinStatusCodes (*&&)(GpioMode const&, PeripheralBase<IOPinStatusCodes, 1u, Container<IOPinProperties, GpioPort, GpioPin, GpioMode, GpioState>>*), IOPinStatusCodes (*&&)(GpioState const&, PeripheralBase<IOPinStatusCodes, 1u, Container<IOPinProperties, GpioPort, GpioPin, GpioMode, GpioState>>*))
 .text._ZNSt10_Head_baseILj1EPF16IOPinStatusCodesRK7GpioPinP14PeripheralBaseIS0_Lj1E9ContainerI15IOPinPropertiesJ8GpioPortS1_8GpioMode9GpioStateEEJEEELb0EEC2ISE_EEOT_
                0x08000ef8       0x22 Debug/Drivers/GPIO/IOPin.o
                0x08000ef8                std::_Head_base<1u, IOPinStatusCodes (*)(GpioPin const&, PeripheralBase<IOPinStatusCodes, 1u, Container<IOPinProperties, GpioPort, GpioPin, GpioMode, GpioState>>*), false>::_Head_base<IOPinStatusCodes (*)(GpioPin const&, PeripheralBase<IOPinStatusCodes, 1u, Container<IOPinProperties, GpioPort, GpioPin, GpioMode, GpioState>>*)>(IOPinStatusCodes (*&&)(GpioPin const&, PeripheralBase<IOPinStatusCodes, 1u, Container<IOPinProperties, GpioPort, GpioPin, GpioMode, GpioState>>*))
                0x08000ef8                std::_Head_base<1u, IOPinStatusCodes (*)(GpioPin const&, PeripheralBase<IOPinStatusCodes, 1u, Container<IOPinProperties, GpioPort, GpioPin, GpioMode, GpioState>>*), false>::_Head_base<IOPinStatusCodes (*)(GpioPin const&, PeripheralBase<IOPinStatusCodes, 1u, Container<IOPinProperties, GpioPort, GpioPin, GpioMode, GpioState>>*)>(IOPinStatusCodes (*&&)(GpioPin const&, PeripheralBase<IOPinStatusCodes, 1u, Container<IOPinProperties, GpioPort, GpioPin, GpioMode, GpioState>>*))
 .text._ZNSt11_Tuple_implILj0EJ8GpioPort7GpioPin8GpioMode9GpioStateEEC2Ev
                0x08000f1a       0x24 Debug/Drivers/GPIO/IOPin.o
                0x08000f1a                std::_Tuple_impl<0u, GpioPort, GpioPin, GpioMode, GpioState>::_Tuple_impl()
                0x08000f1a                std::_Tuple_impl<0u, GpioPort, GpioPin, GpioMode, GpioState>::_Tuple_impl()
 .text._ZNSt5tupleIJPF16IOPinStatusCodesRK8GpioPortP14PeripheralBaseIS0_Lj1E9ContainerI15IOPinPropertiesJS1_7GpioPin8GpioMode9GpioStateEEJEEEPFS0_RKS7_SC_EPFS0_RKS8_SC_EPFS0_RKS9_SC_EEEC2IvLb1EEEv
                0x08000f3e       0x1a Debug/Drivers/GPIO/IOPin.o
                0x08000f3e                std::tuple<IOPinStatusCodes (*)(GpioPort const&, PeripheralBase<IOPinStatusCodes, 1u, Container<IOPinProperties, GpioPort, GpioPin, GpioMode, GpioState>>*), IOPinStatusCodes (*)(GpioPin const&, PeripheralBase<IOPinStatusCodes, 1u, Container<IOPinProperties, GpioPort, GpioPin, GpioMode, GpioState>>*), IOPinStatusCodes (*)(GpioMode const&, PeripheralBase<IOPinStatusCodes, 1u, Container<IOPinProperties, GpioPort, GpioPin, GpioMode, GpioState>>*), IOPinStatusCodes (*)(GpioState const&, PeripheralBase<IOPinStatusCodes, 1u, Container<IOPinProperties, GpioPort, GpioPin, GpioMode, GpioState>>*)>::tuple<void, true>()
                0x08000f3e                std::tuple<IOPinStatusCodes (*)(GpioPort const&, PeripheralBase<IOPinStatusCodes, 1u, Container<IOPinProperties, GpioPort, GpioPin, GpioMode, GpioState>>*), IOPinStatusCodes (*)(GpioPin const&, PeripheralBase<IOPinStatusCodes, 1u, Container<IOPinProperties, GpioPort, GpioPin, GpioMode, GpioState>>*), IOPinStatusCodes (*)(GpioMode const&, PeripheralBase<IOPinStatusCodes, 1u, Container<IOPinProperties, GpioPort, GpioPin, GpioMode, GpioState>>*), IOPinStatusCodes (*)(GpioState const&, PeripheralBase<IOPinStatusCodes, 1u, Container<IOPinProperties, GpioPort, GpioPin, GpioMode, GpioState>>*)>::tuple<void, true>()
 .text._ZNSt11_Tuple_implILj0EJPF16IOPinStatusCodesRK8GpioPortP14PeripheralBaseIS0_Lj1E9ContainerI15IOPinPropertiesJS1_7GpioPin8GpioMode9GpioStateEEJEEEPFS0_RKS7_SC_EPFS0_RKS8_SC_EPFS0_RKS9_SC_EEE9_M_assignIJSE_SI_SM_SQ_EEEvRKS_ILj0EJDpT_EE
                0x08000f58       0x3e Debug/Drivers/GPIO/IOPin.o
                0x08000f58                void std::_Tuple_impl<0u, IOPinStatusCodes (*)(GpioPort const&, PeripheralBase<IOPinStatusCodes, 1u, Container<IOPinProperties, GpioPort, GpioPin, GpioMode, GpioState>>*), IOPinStatusCodes (*)(GpioPin const&, PeripheralBase<IOPinStatusCodes, 1u, Container<IOPinProperties, GpioPort, GpioPin, GpioMode, GpioState>>*), IOPinStatusCodes (*)(GpioMode const&, PeripheralBase<IOPinStatusCodes, 1u, Container<IOPinProperties, GpioPort, GpioPin, GpioMode, GpioState>>*), IOPinStatusCodes (*)(GpioState const&, PeripheralBase<IOPinStatusCodes, 1u, Container<IOPinProperties, GpioPort, GpioPin, GpioMode, GpioState>>*)>::_M_assign<IOPinStatusCodes (*)(GpioPort const&, PeripheralBase<IOPinStatusCodes, 1u, Container<IOPinProperties, GpioPort, GpioPin, GpioMode, GpioState>>*), IOPinStatusCodes (*)(GpioPin const&, PeripheralBase<IOPinStatusCodes, 1u, Container<IOPinProperties, GpioPort, GpioPin, GpioMode, GpioState>>*), IOPinStatusCodes (*)(GpioMode const&, PeripheralBase<IOPinStatusCodes, 1u, Container<IOPinProperties, GpioPort, GpioPin, GpioMode, GpioState>>*), IOPinStatusCodes (*)(GpioState const&, PeripheralBase<IOPinStatusCodes, 1u, Container<IOPinProperties, GpioPort, GpioPin, GpioMode, GpioState>>*)>(std::_Tuple_impl<0u, IOPinStatusCodes (*)(GpioPort const&, PeripheralBase<IOPinStatusCodes, 1u, Container<IOPinProperties, GpioPort, GpioPin, GpioMode, GpioState>>*), IOPinStatusCodes (*)(GpioPin const&, PeripheralBase<IOPinStatusCodes, 1u, Container<IOPinProperties, GpioPort, GpioPin, GpioMode, GpioState>>*), IOPinStatusCodes (*)(GpioMode const&, PeripheralBase<IOPinStatusCodes, 1u, Container<IOPinProperties, GpioPort, GpioPin, GpioMode, GpioState>>*), IOPinStatusCodes (*)(GpioState const&, PeripheralBase<IOPinStatusCodes, 1u, Container<IOPinProperties, GpioPort, GpioPin, GpioMode, GpioState>>*)> const&)
 .text._ZNSt11_Tuple_implILj3EJPF16IOPinStatusCodesRK9GpioStateP14PeripheralBaseIS0_Lj1E9ContainerI15IOPinPropertiesJ8GpioPort7GpioPin8GpioModeS1_EEJEEEEEC2ISE_EEOT_
                0x08000f96       0x26 Debug/Drivers/GPIO/IOPin.o
                0x08000f96                std::_Tuple_impl<3u, IOPinStatusCodes (*)(GpioState const&, PeripheralBase<IOPinStatusCodes, 1u, Container<IOPinProperties, GpioPort, GpioPin, GpioMode, GpioState>>*)>::_Tuple_impl<IOPinStatusCodes (*)(GpioState const&, PeripheralBase<IOPinStatusCodes, 1u, Container<IOPinProperties, GpioPort, GpioPin, GpioMode, GpioState>>*)>(IOPinStatusCodes (*&&)(GpioState const&, PeripheralBase<IOPinStatusCodes, 1u, Container<IOPinProperties, GpioPort, GpioPin, GpioMode, GpioState>>*))
                0x08000f96                std::_Tuple_impl<3u, IOPinStatusCodes (*)(GpioState const&, PeripheralBase<IOPinStatusCodes, 1u, Container<IOPinProperties, GpioPort, GpioPin, GpioMode, GpioState>>*)>::_Tuple_impl<IOPinStatusCodes (*)(GpioState const&, PeripheralBase<IOPinStatusCodes, 1u, Container<IOPinProperties, GpioPort, GpioPin, GpioMode, GpioState>>*)>(IOPinStatusCodes (*&&)(GpioState const&, PeripheralBase<IOPinStatusCodes, 1u, Container<IOPinProperties, GpioPort, GpioPin, GpioMode, GpioState>>*))
 .text._ZNSt10_Head_baseILj2EPF16IOPinStatusCodesRK8GpioModeP14PeripheralBaseIS0_Lj1E9ContainerI15IOPinPropertiesJ8GpioPort7GpioPinS1_9GpioStateEEJEEELb0EEC2ISE_EEOT_
                0x08000fbc       0x22 Debug/Drivers/GPIO/IOPin.o
                0x08000fbc                std::_Head_base<2u, IOPinStatusCodes (*)(GpioMode const&, PeripheralBase<IOPinStatusCodes, 1u, Container<IOPinProperties, GpioPort, GpioPin, GpioMode, GpioState>>*), false>::_Head_base<IOPinStatusCodes (*)(GpioMode const&, PeripheralBase<IOPinStatusCodes, 1u, Container<IOPinProperties, GpioPort, GpioPin, GpioMode, GpioState>>*)>(IOPinStatusCodes (*&&)(GpioMode const&, PeripheralBase<IOPinStatusCodes, 1u, Container<IOPinProperties, GpioPort, GpioPin, GpioMode, GpioState>>*))
                0x08000fbc                std::_Head_base<2u, IOPinStatusCodes (*)(GpioMode const&, PeripheralBase<IOPinStatusCodes, 1u, Container<IOPinProperties, GpioPort, GpioPin, GpioMode, GpioState>>*), false>::_Head_base<IOPinStatusCodes (*)(GpioMode const&, PeripheralBase<IOPinStatusCodes, 1u, Container<IOPinProperties, GpioPort, GpioPin, GpioMode, GpioState>>*)>(IOPinStatusCodes (*&&)(GpioMode const&, PeripheralBase<IOPinStatusCodes, 1u, Container<IOPinProperties, GpioPort, GpioPin, GpioMode, GpioState>>*))
 .text._ZNSt11_Tuple_implILj1EJ7GpioPin8GpioMode9GpioStateEEC2Ev
                0x08000fde       0x24 Debug/Drivers/GPIO/IOPin.o
                0x08000fde                std::_Tuple_impl<1u, GpioPin, GpioMode, GpioState>::_Tuple_impl()
                0x08000fde                std::_Tuple_impl<1u, GpioPin, GpioMode, GpioState>::_Tuple_impl()
 .text._ZNSt10_Head_baseILj0E8GpioPortLb0EEC2Ev
                0x08001002       0x1c Debug/Drivers/GPIO/IOPin.o
                0x08001002                std::_Head_base<0u, GpioPort, false>::_Head_base()
                0x08001002                std::_Head_base<0u, GpioPort, false>::_Head_base()
 .text._ZNSt11_Tuple_implILj0EJPF16IOPinStatusCodesRK8GpioPortP14PeripheralBaseIS0_Lj1E9ContainerI15IOPinPropertiesJS1_7GpioPin8GpioMode9GpioStateEEJEEEPFS0_RKS7_SC_EPFS0_RKS8_SC_EPFS0_RKS9_SC_EEEC2Ev
                0x0800101e       0x24 Debug/Drivers/GPIO/IOPin.o
                0x0800101e                std::_Tuple_impl<0u, IOPinStatusCodes (*)(GpioPort const&, PeripheralBase<IOPinStatusCodes, 1u, Container<IOPinProperties, GpioPort, GpioPin, GpioMode, GpioState>>*), IOPinStatusCodes (*)(GpioPin const&, PeripheralBase<IOPinStatusCodes, 1u, Container<IOPinProperties, GpioPort, GpioPin, GpioMode, GpioState>>*), IOPinStatusCodes (*)(GpioMode const&, PeripheralBase<IOPinStatusCodes, 1u, Container<IOPinProperties, GpioPort, GpioPin, GpioMode, GpioState>>*), IOPinStatusCodes (*)(GpioState const&, PeripheralBase<IOPinStatusCodes, 1u, Container<IOPinProperties, GpioPort, GpioPin, GpioMode, GpioState>>*)>::_Tuple_impl()
                0x0800101e                std::_Tuple_impl<0u, IOPinStatusCodes (*)(GpioPort const&, PeripheralBase<IOPinStatusCodes, 1u, Container<IOPinProperties, GpioPort, GpioPin, GpioMode, GpioState>>*), IOPinStatusCodes (*)(GpioPin const&, PeripheralBase<IOPinStatusCodes, 1u, Container<IOPinProperties, GpioPort, GpioPin, GpioMode, GpioState>>*), IOPinStatusCodes (*)(GpioMode const&, PeripheralBase<IOPinStatusCodes, 1u, Container<IOPinProperties, GpioPort, GpioPin, GpioMode, GpioState>>*), IOPinStatusCodes (*)(GpioState const&, PeripheralBase<IOPinStatusCodes, 1u, Container<IOPinProperties, GpioPort, GpioPin, GpioMode, GpioState>>*)>::_Tuple_impl()
 .text._ZNSt11_Tuple_implILj0EJPF16IOPinStatusCodesRK8GpioPortP14PeripheralBaseIS0_Lj1E9ContainerI15IOPinPropertiesJS1_7GpioPin8GpioMode9GpioStateEEJEEEPFS0_RKS7_SC_EPFS0_RKS8_SC_EPFS0_RKS9_SC_EEE7_M_headERSR_
                0x08001042       0x1c Debug/Drivers/GPIO/IOPin.o
                0x08001042                std::_Tuple_impl<0u, IOPinStatusCodes (*)(GpioPort const&, PeripheralBase<IOPinStatusCodes, 1u, Container<IOPinProperties, GpioPort, GpioPin, GpioMode, GpioState>>*), IOPinStatusCodes (*)(GpioPin const&, PeripheralBase<IOPinStatusCodes, 1u, Container<IOPinProperties, GpioPort, GpioPin, GpioMode, GpioState>>*), IOPinStatusCodes (*)(GpioMode const&, PeripheralBase<IOPinStatusCodes, 1u, Container<IOPinProperties, GpioPort, GpioPin, GpioMode, GpioState>>*), IOPinStatusCodes (*)(GpioState const&, PeripheralBase<IOPinStatusCodes, 1u, Container<IOPinProperties, GpioPort, GpioPin, GpioMode, GpioState>>*)>::_M_head(std::_Tuple_impl<0u, IOPinStatusCodes (*)(GpioPort const&, PeripheralBase<IOPinStatusCodes, 1u, Container<IOPinProperties, GpioPort, GpioPin, GpioMode, GpioState>>*), IOPinStatusCodes (*)(GpioPin const&, PeripheralBase<IOPinStatusCodes, 1u, Container<IOPinProperties, GpioPort, GpioPin, GpioMode, GpioState>>*), IOPinStatusCodes (*)(GpioMode const&, PeripheralBase<IOPinStatusCodes, 1u, Container<IOPinProperties, GpioPort, GpioPin, GpioMode, GpioState>>*), IOPinStatusCodes (*)(GpioState const&, PeripheralBase<IOPinStatusCodes, 1u, Container<IOPinProperties, GpioPort, GpioPin, GpioMode, GpioState>>*)>&)
 .text._ZNSt11_Tuple_implILj0EJPF16IOPinStatusCodesRK8GpioPortP14PeripheralBaseIS0_Lj1E9ContainerI15IOPinPropertiesJS1_7GpioPin8GpioMode9GpioStateEEJEEEPFS0_RKS7_SC_EPFS0_RKS8_SC_EPFS0_RKS9_SC_EEE7_M_headERKSR_
                0x0800105e       0x1c Debug/Drivers/GPIO/IOPin.o
                0x0800105e                std::_Tuple_impl<0u, IOPinStatusCodes (*)(GpioPort const&, PeripheralBase<IOPinStatusCodes, 1u, Container<IOPinProperties, GpioPort, GpioPin, GpioMode, GpioState>>*), IOPinStatusCodes (*)(GpioPin const&, PeripheralBase<IOPinStatusCodes, 1u, Container<IOPinProperties, GpioPort, GpioPin, GpioMode, GpioState>>*), IOPinStatusCodes (*)(GpioMode const&, PeripheralBase<IOPinStatusCodes, 1u, Container<IOPinProperties, GpioPort, GpioPin, GpioMode, GpioState>>*), IOPinStatusCodes (*)(GpioState const&, PeripheralBase<IOPinStatusCodes, 1u, Container<IOPinProperties, GpioPort, GpioPin, GpioMode, GpioState>>*)>::_M_head(std::_Tuple_impl<0u, IOPinStatusCodes (*)(GpioPort const&, PeripheralBase<IOPinStatusCodes, 1u, Container<IOPinProperties, GpioPort, GpioPin, GpioMode, GpioState>>*), IOPinStatusCodes (*)(GpioPin const&, PeripheralBase<IOPinStatusCodes, 1u, Container<IOPinProperties, GpioPort, GpioPin, GpioMode, GpioState>>*), IOPinStatusCodes (*)(GpioMode const&, PeripheralBase<IOPinStatusCodes, 1u, Container<IOPinProperties, GpioPort, GpioPin, GpioMode, GpioState>>*), IOPinStatusCodes (*)(GpioState const&, PeripheralBase<IOPinStatusCodes, 1u, Container<IOPinProperties, GpioPort, GpioPin, GpioMode, GpioState>>*)> const&)
 .text._ZNSt11_Tuple_implILj0EJPF16IOPinStatusCodesRK8GpioPortP14PeripheralBaseIS0_Lj1E9ContainerI15IOPinPropertiesJS1_7GpioPin8GpioMode9GpioStateEEJEEEPFS0_RKS7_SC_EPFS0_RKS8_SC_EPFS0_RKS9_SC_EEE7_M_tailERSR_
                0x0800107a       0x16 Debug/Drivers/GPIO/IOPin.o
                0x0800107a                std::_Tuple_impl<0u, IOPinStatusCodes (*)(GpioPort const&, PeripheralBase<IOPinStatusCodes, 1u, Container<IOPinProperties, GpioPort, GpioPin, GpioMode, GpioState>>*), IOPinStatusCodes (*)(GpioPin const&, PeripheralBase<IOPinStatusCodes, 1u, Container<IOPinProperties, GpioPort, GpioPin, GpioMode, GpioState>>*), IOPinStatusCodes (*)(GpioMode const&, PeripheralBase<IOPinStatusCodes, 1u, Container<IOPinProperties, GpioPort, GpioPin, GpioMode, GpioState>>*), IOPinStatusCodes (*)(GpioState const&, PeripheralBase<IOPinStatusCodes, 1u, Container<IOPinProperties, GpioPort, GpioPin, GpioMode, GpioState>>*)>::_M_tail(std::_Tuple_impl<0u, IOPinStatusCodes (*)(GpioPort const&, PeripheralBase<IOPinStatusCodes, 1u, Container<IOPinProperties, GpioPort, GpioPin, GpioMode, GpioState>>*), IOPinStatusCodes (*)(GpioPin const&, PeripheralBase<IOPinStatusCodes, 1u, Container<IOPinProperties, GpioPort, GpioPin, GpioMode, GpioState>>*), IOPinStatusCodes (*)(GpioMode const&, PeripheralBase<IOPinStatusCodes, 1u, Container<IOPinProperties, GpioPort, GpioPin, GpioMode, GpioState>>*), IOPinStatusCodes (*)(GpioState const&, PeripheralBase<IOPinStatusCodes, 1u, Container<IOPinProperties, GpioPort, GpioPin, GpioMode, GpioState>>*)>&)
 .text._ZNSt11_Tuple_implILj0EJPF16IOPinStatusCodesRK8GpioPortP14PeripheralBaseIS0_Lj1E9ContainerI15IOPinPropertiesJS1_7GpioPin8GpioMode9GpioStateEEJEEEPFS0_RKS7_SC_EPFS0_RKS8_SC_EPFS0_RKS9_SC_EEE7_M_tailERKSR_
                0x08001090       0x16 Debug/Drivers/GPIO/IOPin.o
                0x08001090                std::_Tuple_impl<0u, IOPinStatusCodes (*)(GpioPort const&, PeripheralBase<IOPinStatusCodes, 1u, Container<IOPinProperties, GpioPort, GpioPin, GpioMode, GpioState>>*), IOPinStatusCodes (*)(GpioPin const&, PeripheralBase<IOPinStatusCodes, 1u, Container<IOPinProperties, GpioPort, GpioPin, GpioMode, GpioState>>*), IOPinStatusCodes (*)(GpioMode const&, PeripheralBase<IOPinStatusCodes, 1u, Container<IOPinProperties, GpioPort, GpioPin, GpioMode, GpioState>>*), IOPinStatusCodes (*)(GpioState const&, PeripheralBase<IOPinStatusCodes, 1u, Container<IOPinProperties, GpioPort, GpioPin, GpioMode, GpioState>>*)>::_M_tail(std::_Tuple_impl<0u, IOPinStatusCodes (*)(GpioPort const&, PeripheralBase<IOPinStatusCodes, 1u, Container<IOPinProperties, GpioPort, GpioPin, GpioMode, GpioState>>*), IOPinStatusCodes (*)(GpioPin const&, PeripheralBase<IOPinStatusCodes, 1u, Container<IOPinProperties, GpioPort, GpioPin, GpioMode, GpioState>>*), IOPinStatusCodes (*)(GpioMode const&, PeripheralBase<IOPinStatusCodes, 1u, Container<IOPinProperties, GpioPort, GpioPin, GpioMode, GpioState>>*), IOPinStatusCodes (*)(GpioState const&, PeripheralBase<IOPinStatusCodes, 1u, Container<IOPinProperties, GpioPort, GpioPin, GpioMode, GpioState>>*)> const&)
 .text._ZNSt11_Tuple_implILj1EJPF16IOPinStatusCodesRK7GpioPinP14PeripheralBaseIS0_Lj1E9ContainerI15IOPinPropertiesJ8GpioPortS1_8GpioMode9GpioStateEEJEEEPFS0_RKS8_SC_EPFS0_RKS9_SC_EEE9_M_assignIJSE_SI_SM_EEEvRKS_ILj1EJDpT_EE
                0x080010a6       0x3e Debug/Drivers/GPIO/IOPin.o
                0x080010a6                void std::_Tuple_impl<1u, IOPinStatusCodes (*)(GpioPin const&, PeripheralBase<IOPinStatusCodes, 1u, Container<IOPinProperties, GpioPort, GpioPin, GpioMode, GpioState>>*), IOPinStatusCodes (*)(GpioMode const&, PeripheralBase<IOPinStatusCodes, 1u, Container<IOPinProperties, GpioPort, GpioPin, GpioMode, GpioState>>*), IOPinStatusCodes (*)(GpioState const&, PeripheralBase<IOPinStatusCodes, 1u, Container<IOPinProperties, GpioPort, GpioPin, GpioMode, GpioState>>*)>::_M_assign<IOPinStatusCodes (*)(GpioPin const&, PeripheralBase<IOPinStatusCodes, 1u, Container<IOPinProperties, GpioPort, GpioPin, GpioMode, GpioState>>*), IOPinStatusCodes (*)(GpioMode const&, PeripheralBase<IOPinStatusCodes, 1u, Container<IOPinProperties, GpioPort, GpioPin, GpioMode, GpioState>>*), IOPinStatusCodes (*)(GpioState const&, PeripheralBase<IOPinStatusCodes, 1u, Container<IOPinProperties, GpioPort, GpioPin, GpioMode, GpioState>>*)>(std::_Tuple_impl<1u, IOPinStatusCodes (*)(GpioPin const&, PeripheralBase<IOPinStatusCodes, 1u, Container<IOPinProperties, GpioPort, GpioPin, GpioMode, GpioState>>*), IOPinStatusCodes (*)(GpioMode const&, PeripheralBase<IOPinStatusCodes, 1u, Container<IOPinProperties, GpioPort, GpioPin, GpioMode, GpioState>>*), IOPinStatusCodes (*)(GpioState const&, PeripheralBase<IOPinStatusCodes, 1u, Container<IOPinProperties, GpioPort, GpioPin, GpioMode, GpioState>>*)> const&)
 .text._ZNSt10_Head_baseILj3EPF16IOPinStatusCodesRK9GpioStateP14PeripheralBaseIS0_Lj1E9ContainerI15IOPinPropertiesJ8GpioPort7GpioPin8GpioModeS1_EEJEEELb0EEC2ISE_EEOT_
                0x080010e4       0x22 Debug/Drivers/GPIO/IOPin.o
                0x080010e4                std::_Head_base<3u, IOPinStatusCodes (*)(GpioState const&, PeripheralBase<IOPinStatusCodes, 1u, Container<IOPinProperties, GpioPort, GpioPin, GpioMode, GpioState>>*), false>::_Head_base<IOPinStatusCodes (*)(GpioState const&, PeripheralBase<IOPinStatusCodes, 1u, Container<IOPinProperties, GpioPort, GpioPin, GpioMode, GpioState>>*)>(IOPinStatusCodes (*&&)(GpioState const&, PeripheralBase<IOPinStatusCodes, 1u, Container<IOPinProperties, GpioPort, GpioPin, GpioMode, GpioState>>*))
                0x080010e4                std::_Head_base<3u, IOPinStatusCodes (*)(GpioState const&, PeripheralBase<IOPinStatusCodes, 1u, Container<IOPinProperties, GpioPort, GpioPin, GpioMode, GpioState>>*), false>::_Head_base<IOPinStatusCodes (*)(GpioState const&, PeripheralBase<IOPinStatusCodes, 1u, Container<IOPinProperties, GpioPort, GpioPin, GpioMode, GpioState>>*)>(IOPinStatusCodes (*&&)(GpioState const&, PeripheralBase<IOPinStatusCodes, 1u, Container<IOPinProperties, GpioPort, GpioPin, GpioMode, GpioState>>*))
 .text._ZNSt11_Tuple_implILj2EJ8GpioMode9GpioStateEEC2Ev
                0x08001106       0x24 Debug/Drivers/GPIO/IOPin.o
                0x08001106                std::_Tuple_impl<2u, GpioMode, GpioState>::_Tuple_impl()
                0x08001106                std::_Tuple_impl<2u, GpioMode, GpioState>::_Tuple_impl()
 .text._ZNSt10_Head_baseILj1E7GpioPinLb0EEC2Ev
                0x0800112a       0x1c Debug/Drivers/GPIO/IOPin.o
                0x0800112a                std::_Head_base<1u, GpioPin, false>::_Head_base()
                0x0800112a                std::_Head_base<1u, GpioPin, false>::_Head_base()
 .text._ZNSt11_Tuple_implILj1EJPF16IOPinStatusCodesRK7GpioPinP14PeripheralBaseIS0_Lj1E9ContainerI15IOPinPropertiesJ8GpioPortS1_8GpioMode9GpioStateEEJEEEPFS0_RKS8_SC_EPFS0_RKS9_SC_EEEC2Ev
                0x08001146       0x24 Debug/Drivers/GPIO/IOPin.o
                0x08001146                std::_Tuple_impl<1u, IOPinStatusCodes (*)(GpioPin const&, PeripheralBase<IOPinStatusCodes, 1u, Container<IOPinProperties, GpioPort, GpioPin, GpioMode, GpioState>>*), IOPinStatusCodes (*)(GpioMode const&, PeripheralBase<IOPinStatusCodes, 1u, Container<IOPinProperties, GpioPort, GpioPin, GpioMode, GpioState>>*), IOPinStatusCodes (*)(GpioState const&, PeripheralBase<IOPinStatusCodes, 1u, Container<IOPinProperties, GpioPort, GpioPin, GpioMode, GpioState>>*)>::_Tuple_impl()
                0x08001146                std::_Tuple_impl<1u, IOPinStatusCodes (*)(GpioPin const&, PeripheralBase<IOPinStatusCodes, 1u, Container<IOPinProperties, GpioPort, GpioPin, GpioMode, GpioState>>*), IOPinStatusCodes (*)(GpioMode const&, PeripheralBase<IOPinStatusCodes, 1u, Container<IOPinProperties, GpioPort, GpioPin, GpioMode, GpioState>>*), IOPinStatusCodes (*)(GpioState const&, PeripheralBase<IOPinStatusCodes, 1u, Container<IOPinProperties, GpioPort, GpioPin, GpioMode, GpioState>>*)>::_Tuple_impl()
 .text._ZNSt10_Head_baseILj0EPF16IOPinStatusCodesRK8GpioPortP14PeripheralBaseIS0_Lj1E9ContainerI15IOPinPropertiesJS1_7GpioPin8GpioMode9GpioStateEEJEEELb0EEC2Ev
                0x0800116a       0x1c Debug/Drivers/GPIO/IOPin.o
                0x0800116a                std::_Head_base<0u, IOPinStatusCodes (*)(GpioPort const&, PeripheralBase<IOPinStatusCodes, 1u, Container<IOPinProperties, GpioPort, GpioPin, GpioMode, GpioState>>*), false>::_Head_base()
                0x0800116a                std::_Head_base<0u, IOPinStatusCodes (*)(GpioPort const&, PeripheralBase<IOPinStatusCodes, 1u, Container<IOPinProperties, GpioPort, GpioPin, GpioMode, GpioState>>*), false>::_Head_base()
 .text._ZNSt10_Head_baseILj0EPF16IOPinStatusCodesRK8GpioPortP14PeripheralBaseIS0_Lj1E9ContainerI15IOPinPropertiesJS1_7GpioPin8GpioMode9GpioStateEEJEEELb0EE7_M_headERSF_
                0x08001186       0x16 Debug/Drivers/GPIO/IOPin.o
                0x08001186                std::_Head_base<0u, IOPinStatusCodes (*)(GpioPort const&, PeripheralBase<IOPinStatusCodes, 1u, Container<IOPinProperties, GpioPort, GpioPin, GpioMode, GpioState>>*), false>::_M_head(std::_Head_base<0u, IOPinStatusCodes (*)(GpioPort const&, PeripheralBase<IOPinStatusCodes, 1u, Container<IOPinProperties, GpioPort, GpioPin, GpioMode, GpioState>>*), false>&)
 .text._ZNSt10_Head_baseILj0EPF16IOPinStatusCodesRK8GpioPortP14PeripheralBaseIS0_Lj1E9ContainerI15IOPinPropertiesJS1_7GpioPin8GpioMode9GpioStateEEJEEELb0EE7_M_headERKSF_
                0x0800119c       0x16 Debug/Drivers/GPIO/IOPin.o
                0x0800119c                std::_Head_base<0u, IOPinStatusCodes (*)(GpioPort const&, PeripheralBase<IOPinStatusCodes, 1u, Container<IOPinProperties, GpioPort, GpioPin, GpioMode, GpioState>>*), false>::_M_head(std::_Head_base<0u, IOPinStatusCodes (*)(GpioPort const&, PeripheralBase<IOPinStatusCodes, 1u, Container<IOPinProperties, GpioPort, GpioPin, GpioMode, GpioState>>*), false> const&)
 .text._ZNSt11_Tuple_implILj1EJPF16IOPinStatusCodesRK7GpioPinP14PeripheralBaseIS0_Lj1E9ContainerI15IOPinPropertiesJ8GpioPortS1_8GpioMode9GpioStateEEJEEEPFS0_RKS8_SC_EPFS0_RKS9_SC_EEE7_M_headERSN_
                0x080011b2       0x1c Debug/Drivers/GPIO/IOPin.o
                0x080011b2                std::_Tuple_impl<1u, IOPinStatusCodes (*)(GpioPin const&, PeripheralBase<IOPinStatusCodes, 1u, Container<IOPinProperties, GpioPort, GpioPin, GpioMode, GpioState>>*), IOPinStatusCodes (*)(GpioMode const&, PeripheralBase<IOPinStatusCodes, 1u, Container<IOPinProperties, GpioPort, GpioPin, GpioMode, GpioState>>*), IOPinStatusCodes (*)(GpioState const&, PeripheralBase<IOPinStatusCodes, 1u, Container<IOPinProperties, GpioPort, GpioPin, GpioMode, GpioState>>*)>::_M_head(std::_Tuple_impl<1u, IOPinStatusCodes (*)(GpioPin const&, PeripheralBase<IOPinStatusCodes, 1u, Container<IOPinProperties, GpioPort, GpioPin, GpioMode, GpioState>>*), IOPinStatusCodes (*)(GpioMode const&, PeripheralBase<IOPinStatusCodes, 1u, Container<IOPinProperties, GpioPort, GpioPin, GpioMode, GpioState>>*), IOPinStatusCodes (*)(GpioState const&, PeripheralBase<IOPinStatusCodes, 1u, Container<IOPinProperties, GpioPort, GpioPin, GpioMode, GpioState>>*)>&)
 .text._ZNSt11_Tuple_implILj1EJPF16IOPinStatusCodesRK7GpioPinP14PeripheralBaseIS0_Lj1E9ContainerI15IOPinPropertiesJ8GpioPortS1_8GpioMode9GpioStateEEJEEEPFS0_RKS8_SC_EPFS0_RKS9_SC_EEE7_M_headERKSN_
                0x080011ce       0x1c Debug/Drivers/GPIO/IOPin.o
                0x080011ce                std::_Tuple_impl<1u, IOPinStatusCodes (*)(GpioPin const&, PeripheralBase<IOPinStatusCodes, 1u, Container<IOPinProperties, GpioPort, GpioPin, GpioMode, GpioState>>*), IOPinStatusCodes (*)(GpioMode const&, PeripheralBase<IOPinStatusCodes, 1u, Container<IOPinProperties, GpioPort, GpioPin, GpioMode, GpioState>>*), IOPinStatusCodes (*)(GpioState const&, PeripheralBase<IOPinStatusCodes, 1u, Container<IOPinProperties, GpioPort, GpioPin, GpioMode, GpioState>>*)>::_M_head(std::_Tuple_impl<1u, IOPinStatusCodes (*)(GpioPin const&, PeripheralBase<IOPinStatusCodes, 1u, Container<IOPinProperties, GpioPort, GpioPin, GpioMode, GpioState>>*), IOPinStatusCodes (*)(GpioMode const&, PeripheralBase<IOPinStatusCodes, 1u, Container<IOPinProperties, GpioPort, GpioPin, GpioMode, GpioState>>*), IOPinStatusCodes (*)(GpioState const&, PeripheralBase<IOPinStatusCodes, 1u, Container<IOPinProperties, GpioPort, GpioPin, GpioMode, GpioState>>*)> const&)
 .text._ZNSt11_Tuple_implILj1EJPF16IOPinStatusCodesRK7GpioPinP14PeripheralBaseIS0_Lj1E9ContainerI15IOPinPropertiesJ8GpioPortS1_8GpioMode9GpioStateEEJEEEPFS0_RKS8_SC_EPFS0_RKS9_SC_EEE7_M_tailERSN_
                0x080011ea       0x16 Debug/Drivers/GPIO/IOPin.o