Archive member included to satisfy reference by file (symbol)

/usr/bin/../lib/gcc/arm-none-eabi/12.2.1/../../../../arm-none-eabi/lib/thumb/v7e-m+fp/hard/libstdc++_nano.a(del_op.o)
                              Debug/Drivers/GPIO/IOPin.o (operator delete(void*))
/usr/bin/../lib/gcc/arm-none-eabi/12.2.1/../../../../arm-none-eabi/lib/thumb/v7e-m+fp/hard/libstdc++_nano.a(del_ops.o)
                              Debug/Drivers/GPIO/IOPin.o (operator delete(void*, unsigned int))
/usr/bin/../lib/gcc/arm-none-eabi/12.2.1/../../../../arm-none-eabi/lib/thumb/v7e-m+fp/hard/libstdc++_nano.a(eh_arm.o)
                              Debug/Drivers/GPIO/IOPin.o (__cxa_end_cleanup)
/usr/bin/../lib/gcc/arm-none-eabi/12.2.1/../../../../arm-none-eabi/lib/thumb/v7e-m+fp/hard/libstdc++_nano.a(eh_exception.o)
                              /usr/bin/../lib/gcc/arm-none-eabi/12.2.1/../../../../arm-none-eabi/lib/thumb/v7e-m+fp/hard/libstdc++_nano.a(eh_arm.o) (typeinfo for __cxxabiv1::__forced_unwind)
/usr/bin/../lib/gcc/arm-none-eabi/12.2.1/../../../../arm-none-eabi/lib/thumb/v7e-m+fp/hard/libstdc++_nano.a(eh_globals.o)
                              /usr/bin/../lib/gcc/arm-none-eabi/12.2.1/../../../../arm-none-eabi/lib/thumb/v7e-m+fp/hard/libstdc++_nano.a(eh_arm.o) (__cxa_get_globals)
/usr/bin/../lib/gcc/arm-none-eabi/12.2.1/../../../../arm-none-eabi/lib/thumb/v7e-m+fp/hard/libstdc++_nano.a(eh_personality.o)
                              Debug/Drivers/GPIO/IOPin.o (__gxx_personality_v0)
/usr/bin/../lib/gcc/arm-none-eabi/12.2.1/../../../../arm-none-eabi/lib/thumb/v7e-m+fp/hard/libstdc++_nano.a(eh_terminate.o)
                              /usr/bin/../lib/gcc/arm-none-eabi/12.2.1/../../../../arm-none-eabi/lib/thumb/v7e-m+fp/hard/libstdc++_nano.a(eh_arm.o) (std::terminate())
/usr/bin/../lib/gcc/arm-none-eabi/12.2.1/../../../../arm-none-eabi/lib/thumb/v7e-m+fp/hard/libstdc++_nano.a(eh_unex_handler.o)
                              /usr/bin/../lib/gcc/arm-none-eabi/12.2.1/../../../../arm-none-eabi/lib/thumb/v7e-m+fp/hard/libstdc++_nano.a(eh_terminate.o) (__cxxabiv1::__unexpected_handler)
/usr/bin/../lib/gcc/arm-none-eabi/12.2.1/../../../../arm-none-eabi/lib/thumb/v7e-m+fp/hard/libstdc++_nano.a(new_op.o)
                              Debug/Drivers/GPIO/IOPin.o (operator new(unsigned int))
/usr/bin/../lib/gcc/arm-none-eabi/12.2.1/../../../../arm-none-eabi/lib/thumb/v7e-m+fp/hard/libstdc++_nano.a(si_class_type_info.o)
                              /usr/bin/../lib/gcc/arm-none-eabi/12.2.1/../../../../arm-none-eabi/lib/thumb/v7e-m+fp/hard/libstdc++_nano.a(eh_exception.o) (vtable for __cxxabiv1::__si_class_type_info)
/usr/bin/../lib/gcc/arm-none-eabi/12.2.1/../../../../arm-none-eabi/lib/thumb/v7e-m+fp/hard/libstdc++_nano.a(tinfo.o)
                              /usr/bin/../lib/gcc/arm-none-eabi/12.2.1/../../../../arm-none-eabi/lib/thumb/v7e-m+fp/hard/libstdc++_nano.a(si_class_type_info.o) (std::type_info::__is_pointer_p() const)
/usr/bin/../lib/gcc/arm-none-eabi/12.2.1/../../../../arm-none-eabi/lib/thumb/v7e-m+fp/hard/libstdc++_nano.a(functexcept.o)
                              Debug/Drivers/GPIO/IOPin.o (std::__throw_bad_alloc())
/usr/bin/../lib/gcc/arm-none-eabi/12.2.1/../../../../arm-none-eabi/lib/thumb/v7e-m+fp/hard/libstdc++_nano.a(atexit_arm.o)
                              /usr/bin/../lib/gcc/arm-none-eabi/12.2.1/../../../../arm-none-eabi/lib/thumb/v7e-m+fp/hard/libstdc++_nano.a(eh_globals.o) (__aeabi_atexit)
/usr/bin/../lib/gcc/arm-none-eabi/12.2.1/../../../../arm-none-eabi/lib/thumb/v7e-m+fp/hard/libstdc++_nano.a(class_type_info.o)
                              /usr/bin/../lib/gcc/arm-none-eabi/12.2.1/../../../../arm-none-eabi/lib/thumb/v7e-m+fp/hard/libstdc++_nano.a(si_class_type_info.o) (__cxxabiv1::__class_type_info::__do_upcast(__cxxabiv1::__class_type_info const*, void**) const)
/usr/bin/../lib/gcc/arm-none-eabi/12.2.1/../../../../arm-none-eabi/lib/thumb/v7e-m+fp/hard/libstdc++_nano.a(eh_call.o)
                              /usr/bin/../lib/gcc/arm-none-eabi/12.2.1/../../../../arm-none-eabi/lib/thumb/v7e-m+fp/hard/libstdc++_nano.a(eh_personality.o) (__cxa_call_terminate)
/usr/bin/../lib/gcc/arm-none-eabi/12.2.1/../../../../arm-none-eabi/lib/thumb/v7e-m+fp/hard/libstdc++_nano.a(eh_catch.o)
                              /usr/bin/../lib/gcc/arm-none-eabi/12.2.1/../../../../arm-none-eabi/lib/thumb/v7e-m+fp/hard/libstdc++_nano.a(eh_call.o) (__cxa_begin_catch)
/usr/bin/../lib/gcc/arm-none-eabi/12.2.1/../../../../arm-none-eabi/lib/thumb/v7e-m+fp/hard/libstdc++_nano.a(eh_term_handler.o)
                              /usr/bin/../lib/gcc/arm-none-eabi/12.2.1/../../../../arm-none-eabi/lib/thumb/v7e-m+fp/hard/libstdc++_nano.a(eh_terminate.o) (__cxxabiv1::__terminate_handler)
/usr/bin/../lib/gcc/arm-none-eabi/12.2.1/../../../../arm-none-eabi/lib/thumb/v7e-m+fp/hard/libstdc++_nano.a(new_handler.o)
[...]
Memory Configuration

Name             Origin             Length             Attributes
RAM              0x20000000         0x00020000         xrw
FLASH            0x08000000         0x00080000         xr
*default*        0x00000000         0xffffffff

Linker script and memory map

LOAD /usr/bin/../lib/gcc/arm-none-eabi/12.2.1/thumb/v7e-m+fp/hard/crti.o
LOAD /usr/bin/../lib/gcc/arm-none-eabi/12.2.1/thumb/v7e-m+fp/hard/crtbegin.o
LOAD /usr/bin/../lib/gcc/arm-none-eabi/12.2.1/../../../../arm-none-eabi/lib/thumb/v7e-m+fp/hard/crt0.o
LOAD Debug/Drivers/USART/USART.o
LOAD Debug/Drivers/RCC/RCC.o
LOAD Debug/Drivers/RCC/PeripheralClocks.o
LOAD Debug/Drivers/GPIO/IOPin.o
LOAD Debug/Src/main.o
LOAD Debug/Src/syscalls.o
LOAD Debug/Src/sysmem.o
LOAD Debug/Startup/startup_stm32f411retx.o
START GROUP
LOAD /usr/bin/../lib/gcc/arm-none-eabi/12.2.1/../../../../arm-none-eabi/lib/thumb/v7e-m+fp/hard/libstdc++_nano.a
LOAD /usr/bin/../lib/gcc/arm-none-eabi/12.2.1/../../../../arm-none-eabi/lib/thumb/v7e-m+fp/hard/libsupc++_nano.a
END GROUP
LOAD /usr/bin/../lib/gcc/arm-none-eabi/12.2.1/../../../../arm-none-eabi/lib/thumb/v7e-m+fp/hard/libstdc++_nano.a
LOAD /usr/bin/../lib/gcc/arm-none-eabi/12.2.1/../../../../arm-none-eabi/lib/thumb/v7e-m+fp/hard/libm.a
LOAD /usr/bin/../lib/gcc/arm-none-eabi/12.2.1/../../../../arm-none-eabi/lib/thumb/v7e-m+fp/hard/libc_nano.a
START GROUP
LOAD /usr/bin/../lib/gcc/arm-none-eabi/12.2.1/thumb/v7e-m+fp/hard/libgcc.a
LOAD /usr/bin/../lib/gcc/arm-none-eabi/12.2.1/../../../../arm-none-eabi/lib/thumb/v7e-m+fp/hard/libc_nano.a
END GROUP
START GROUP
LOAD /usr/bin/../lib/gcc/arm-none-eabi/12.2.1/thumb/v7e-m+fp/hard/libgcc.a
LOAD /usr/bin/../lib/gcc/arm-none-eabi/12.2.1/../../../../arm-none-eabi/lib/thumb/v7e-m+fp/hard/libc_nano.a
END GROUP
LOAD /usr/bin/../lib/gcc/arm-none-eabi/12.2.1/thumb/v7e-m+fp/hard/crtend.o
LOAD /usr/bin/../lib/gcc/arm-none-eabi/12.2.1/thumb/v7e-m+fp/hard/crtn.o
                0x20020000                        _estack = (ORIGIN (RAM) + LENGTH (RAM))
                0x00000200                        _Min_Heap_Size = 0x200
                0x00000400                        _Min_Stack_Size = 0x400

.isr_vector     0x08000000      0x198
                0x08000000                        . = ALIGN (0x4)
 *(.isr_vector)
 .isr_vector    0x08000000      0x198 Debug/Startup/startup_stm32f411retx.o
                0x08000000                g_pfnVectors
                0x08000198                        . = ALIGN (0x4)

.text           0x08000198     0x5378
                0x08000198                        . = ALIGN (0x4)
 *(.text)
 .text          0x08000198        0x0 /usr/bin/../lib/gcc/arm-none-eabi/12.2.1/thumb/v7e-m+fp/hard/crti.o
 .text          0x08000198        0x0 /usr/bin/../lib/gcc/arm-none-eabi/12.2.1/thumb/v7e-m+fp/hard/crtbegin.o
 .text          0x08000198       0x7c /usr/bin/../lib/gcc/arm-none-eabi/12.2.1/../../../../arm-none-eabi/lib/thumb/v7e-m+fp/hard/crt0.o
                0x08000198                _stack_init
                0x080001a0                _mainCRTStartup
                0x080001a0                _start
 .text          0x08000214        0x0 Debug/Drivers/USART/USART.o
 .text          0x08000214        0x0 Debug/Drivers/RCC/RCC.o
 .text          0x08000214        0x0 Debug/Drivers/RCC/PeripheralClocks.o
 .text          0x08000214        0x0 Debug/Drivers/GPIO/IOPin.o
 .text          0x08000214        0x0 Debug/Src/main.o
 .text          0x08000214        0x0 Debug/Src/syscalls.o
 .text          0x08000214        0x0 Debug/Src/sysmem.o
 .text          0x08000214       0x14 Debug/Startup/startup_stm32f411retx.o
 .text          0x08000228        0x0 /usr/bin/../lib/gcc/arm-none-eabi/12.2.1/../../../../arm-none-eabi/lib/thumb/v7e-m+fp/hard/libstdc++_nano.a(del_op.o)
 .text          0x08000228        0x0 /usr/bin/../lib/gcc/arm-none-eabi/12.2.1/../../../../arm-none-eabi/lib/thumb/v7e-m+fp/hard/libstdc++_nano.a(del_ops.o)
 .text          0x08000228        0x0 /usr/bin/../lib/gcc/arm-none-eabi/12.2.1/../../../../arm-none-eabi/lib/thumb/v7e-m+fp/hard/libstdc++_nano.a(eh_arm.o)
 .text          0x08000228        0x0 /usr/bin/../lib/gcc/arm-none-eabi/12.2.1/../../../../arm-none-eabi/lib/thumb/v7e-m+fp/hard/libstdc++_nano.a(eh_exception.o)
 .text          0x08000228        0x0 /usr/bin/../lib/gcc/arm-none-eabi/12.2.1/../../../../arm-none-eabi/lib/thumb/v7e-m+fp/hard/libstdc++_nano.a(eh_globals.o)
 .text          0x08000228        0x0 /usr/bin/../lib/gcc/arm-none-eabi/12.2.1/../../../../arm-none-eabi/lib/thumb/v7e-m+fp/hard/libstdc++_nano.a(eh_personality.o)
 .text          0x08000228        0x0 /usr/bin/../lib/gcc/arm-none-eabi/12.2.1/../../../../arm-none-eabi/lib/thumb/v7e-m+fp/hard/libstdc++_nano.a(eh_terminate.o)
 .text          0x08000228        0x0 /usr/bin/../lib/gcc/arm-none-eabi/12.2.1/../../../../arm-none-eabi/lib/thumb/v7e-m+fp/hard/libstdc++_nano.a(eh_unex_handler.o)
 .text          0x08000228        0x0 /usr/bin/../lib/gcc/arm-none-eabi/12.2.1/../../../../arm-none-eabi/lib/thumb/v7e-m+fp/hard/libstdc++_nano.a(new_op.o)
 .text          0x08000228        0x0 /usr/bin/../lib/gcc/arm-none-eabi/12.2.1/../../../../arm-none-eabi/lib/thumb/v7e-m+fp/hard/libstdc++_nano.a(si_class_type_info.o)
 .text          0x08000228        0x0 /usr/bin/../lib/gcc/arm-none-eabi/12.2.1/../../../../arm-none-eabi/lib/thumb/v7e-m+fp/hard/libstdc++_nano.a(tinfo.o)
 .text          0x08000228        0x0 /usr/bin/../lib/gcc/arm-none-eabi/12.2.1/../../../../arm-none-eabi/lib/thumb/v7e-m+fp/hard/libstdc++_nano.a(functexcept.o)
 .text          0x08000228        0x0 /usr/bin/../lib/gcc/arm-none-eabi/12.2.1/../../../../arm-none-eabi/lib/thumb/v7e-m+fp/hard/libstdc++_nano.a(atexit_arm.o)
 .text          0x08000228        0x0 /usr/bin/../lib/gcc/arm-none-eabi/12.2.1/../../../../arm-none-eabi/lib/thumb/v7e-m+fp/hard/libstdc++_nano.a(class_type_info.o)
 .text          0x08000228        0x0 /usr/bin/../lib/gcc/arm-none-eabi/12.2.1/../../../../arm-none-eabi/lib/thumb/v7e-m+fp/hard/libstdc++_nano.a(eh_call.o)
 .text          0x08000228        0x0 /usr/bin/../lib/gcc/arm-none-eabi/12.2.1/../../../../arm-none-eabi/lib/thumb/v7e-m+fp/hard/libstdc++_nano.a(eh_catch.o)
 .text          0x08000228        0x0 /usr/bin/../lib/gcc/arm-none-eabi/12.2.1/../../../../arm-none-eabi/lib/thumb/v7e-m+fp/hard/libstdc++_nano.a(eh_term_handler.o)
 .text          0x08000228        0x0 /usr/bin/../lib/gcc/arm-none-eabi/12.2.1/../../../../arm-none-eabi/lib/thumb/v7e-m+fp/hard/libstdc++_nano.a(new_handler.o)
 .text          0x08000228        0x0 /usr/bin/../lib/gcc/arm-none-eabi/12.2.1/../../../../arm-none-eabi/lib/thumb/v7e-m+fp/hard/libc_nano.a(libc_a-exit.o)
 .text          0x08000228        0x0 /usr/bin/../lib/gcc/arm-none-eabi/12.2.1/../../../../arm-none-eabi/lib/thumb/v7e-m+fp/hard/libc_nano.a(libc_a-init.o)
 .text          0x08000228       0x14 /usr/bin/../lib/gcc/arm-none-eabi/12.2.1/../../../../arm-none-eabi/lib/thumb/v7e-m+fp/hard/libc_nano.a(libc_a-strcmp.o)
                0x08000228                strcmp
 .text          0x0800023c        0x0 /usr/bin/../lib/gcc/arm-none-eabi/12.2.1/../../../../arm-none-eabi/lib/thumb/v7e-m+fp/hard/libc_nano.a(libc_a-malloc.o)
 .text          0x0800023c        0x0 /usr/bin/../lib/gcc/arm-none-eabi/12.2.1/../../../../arm-none-eabi/lib/thumb/v7e-m+fp/hard/libc_nano.a(libc_a-mallocr.o)
 .text          0x0800023c        0x0 /usr/bin/../lib/gcc/arm-none-eabi/12.2.1/../../../../arm-none-eabi/lib/thumb/v7e-m+fp/hard/libc_nano.a(libc_a-abort.o)
 .text          0x0800023c        0x0 /usr/bin/../lib/gcc/arm-none-eabi/12.2.1/../../../../arm-none-eabi/lib/thumb/v7e-m+fp/hard/libc_nano.a(libc_a-cxa_atexit.o)
 .text          0x0800023c        0x0 /usr/bin/../lib/gcc/arm-none-eabi/12.2.1/../../../../arm-none-eabi/lib/thumb/v7e-m+fp/hard/libc_nano.a(libc_a-findfp.o)
 .text          0x0800023c        0x0 /usr/bin/../lib/gcc/arm-none-eabi/12.2.1/../../../../arm-none-eabi/lib/thumb/v7e-m+fp/hard/libc_nano.a(libc_a-stdio.o)
 .text          0x0800023c        0x0 /usr/bin/../lib/gcc/arm-none-eabi/12.2.1/../../../../arm-none-eabi/lib/thumb/v7e-m+fp/hard/libc_nano.a(libc_a-mlock.o)
 .text          0x0800023c        0x0 /usr/bin/../lib/gcc/arm-none-eabi/12.2.1/../../../../arm-none-eabi/lib/thumb/v7e-m+fp/hard/libc_nano.a(libc_a-on_exit_args.o)
 .text          0x0800023c        0x0 /usr/bin/../lib/gcc/arm-none-eabi/12.2.1/../../../../arm-none-eabi/lib/thumb/v7e-m+fp/hard/libc_nano.a(libc_a-sbrkr.o)
 .text          0x0800023c        0x0 /usr/bin/../lib/gcc/arm-none-eabi/12.2.1/../../../../arm-none-eabi/lib/thumb/v7e-m+fp/hard/libc_nano.a(libc_a-writer.o)
 .text          0x0800023c        0x0 /usr/bin/../lib/gcc/arm-none-eabi/12.2.1/../../../../arm-none-eabi/lib/thumb/v7e-m+fp/hard/libc_nano.a(libc_a-errno.o)
 .text          0x0800023c        0x0 /usr/bin/../lib/gcc/arm-none-eabi/12.2.1/../../../../arm-none-eabi/lib/thumb/v7e-m+fp/hard/libc_nano.a(libc_a-fwalk.o)
 .text          0x0800023c        0x0 /usr/bin/../lib/gcc/arm-none-eabi/12.2.1/../../../../arm-none-eabi/lib/thumb/v7e-m+fp/hard/libc_nano.a(libc_a-memmove.o)
 .text          0x0800023c        0x0 /usr/bin/../lib/gcc/arm-none-eabi/12.2.1/../../../../arm-none-eabi/lib/thumb/v7e-m+fp/hard/libc_nano.a(libc_a-memset.o)
 .text          0x0800023c        0x0 /usr/bin/../lib/gcc/arm-none-eabi/12.2.1/../../../../arm-none-eabi/lib/thumb/v7e-m+fp/hard/libc_nano.a(libc_a-freer.o)
 .text          0x0800023c        0x0 /usr/bin/../lib/gcc/arm-none-eabi/12.2.1/../../../../arm-none-eabi/lib/thumb/v7e-m+fp/hard/libc_nano.a(libc_a-lock.o)
 .text          0x0800023c        0x0 /usr/bin/../lib/gcc/arm-none-eabi/12.2.1/../../../../arm-none-eabi/lib/thumb/v7e-m+fp/hard/libc_nano.a(libc_a-closer.o)
 .text          0x0800023c        0x0 /usr/bin/../lib/gcc/arm-none-eabi/12.2.1/../../../../arm-none-eabi/lib/thumb/v7e-m+fp/hard/libc_nano.a(libc_a-reent.o)
 .text          0x0800023c        0x0 /usr/bin/../lib/gcc/arm-none-eabi/12.2.1/../../../../arm-none-eabi/lib/thumb/v7e-m+fp/hard/libc_nano.a(libc_a-impure.o)
 .text          0x0800023c        0x0 /usr/bin/../lib/gcc/arm-none-eabi/12.2.1/../../../../arm-none-eabi/lib/thumb/v7e-m+fp/hard/libc_nano.a(libc_a-fflush.o)
 .text          0x0800023c        0x0 /usr/bin/../lib/gcc/arm-none-eabi/12.2.1/../../../../arm-none-eabi/lib/thumb/v7e-m+fp/hard/libc_nano.a(libc_a-signal.o)
 .text          0x0800023c        0x0 /usr/bin/../lib/gcc/arm-none-eabi/12.2.1/../../../../arm-none-eabi/lib/thumb/v7e-m+fp/hard/libc_nano.a(libc_a-lseekr.o)
 .text          0x0800023c        0x0 /usr/bin/../lib/gcc/arm-none-eabi/12.2.1/../../../../arm-none-eabi/lib/thumb/v7e-m+fp/hard/libc_nano.a(libc_a-readr.o)
 .text          0x0800023c        0x0 /usr/bin/../lib/gcc/arm-none-eabi/12.2.1/../../../../arm-none-eabi/lib/thumb/v7e-m+fp/hard/libc_nano.a(libc_a-signalr.o)
 .text          0x0800023c        0x0 /usr/bin/../lib/gcc/arm-none-eabi/12.2.1/thumb/v7e-m+fp/hard/libgcc.a(unwind-arm.o)
 .text          0x0800023c      0x1ac /usr/bin/../lib/gcc/arm-none-eabi/12.2.1/thumb/v7e-m+fp/hard/libgcc.a(libunwind.o)
                0x0800023c                __restore_core_regs
                0x0800023c                restore_core_regs
                0x08000254                __gnu_Unwind_Restore_VFP
                0x0800025c                __gnu_Unwind_Save_VFP
                0x08000264                __gnu_Unwind_Restore_VFP_D
                0x0800026c                __gnu_Unwind_Save_VFP_D
                0x08000274                __gnu_Unwind_Restore_VFP_D_16_to_31
                0x0800027c                __gnu_Unwind_Save_VFP_D_16_to_31
                0x08000284                __gnu_Unwind_Restore_WMMXD
                0x080002c8                __gnu_Unwind_Save_WMMXD
                0x0800030c                __gnu_Unwind_Restore_WMMXC
                0x08000320                __gnu_Unwind_Save_WMMXC
                0x08000334                ___Unwind_RaiseException
                0x08000334                _Unwind_RaiseException
                0x08000358                ___Unwind_Resume
                0x08000358                _Unwind_Resume
                0x0800037c                _Unwind_Resume_or_Rethrow
                0x0800037c                ___Unwind_Resume_or_Rethrow
                0x080003a0                ___Unwind_ForcedUnwind
                0x080003a0                _Unwind_ForcedUnwind
                0x080003c4                _Unwind_Backtrace
                0x080003c4                ___Unwind_Backtrace
 .text          0x080003e8        0x0 /usr/bin/../lib/gcc/arm-none-eabi/12.2.1/thumb/v7e-m+fp/hard/libgcc.a(pr-support.o)
 .text          0x080003e8        0x0 /usr/bin/../lib/gcc/arm-none-eabi/12.2.1/../../../../arm-none-eabi/lib/thumb/v7e-m+fp/hard/libc_nano.a(libc_a-memcpy-stub.o)
 .text          0x080003e8        0x0 /usr/bin/../lib/gcc/arm-none-eabi/12.2.1/thumb/v7e-m+fp/hard/crtend.o
 .text          0x080003e8        0x0 /usr/bin/../lib/gcc/arm-none-eabi/12.2.1/thumb/v7e-m+fp/hard/crtn.o
 *(.text*)
 .text.deregister_tm_clones
                0x080003e8       0x1c /usr/bin/../lib/gcc/arm-none-eabi/12.2.1/thumb/v7e-m+fp/hard/crtbegin.o
 .text.register_tm_clones
                0x08000404       0x24 /usr/bin/../lib/gcc/arm-none-eabi/12.2.1/thumb/v7e-m+fp/hard/crtbegin.o
 .text.__do_global_dtors_aux
                0x08000428       0x28 /usr/bin/../lib/gcc/arm-none-eabi/12.2.1/thumb/v7e-m+fp/hard/crtbegin.o
 .text.frame_dummy
                0x08000450       0x24 /usr/bin/../lib/gcc/arm-none-eabi/12.2.1/thumb/v7e-m+fp/hard/crtbegin.o
 .text._ZSt23__is_constant_evaluatedv
                0x08000474       0x10 Debug/Drivers/GPIO/IOPin.o
                0x08000474                std::__is_constant_evaluated()
 .text._ZSt21is_constant_evaluatedv
                0x08000484       0x10 Debug/Drivers/GPIO/IOPin.o
                0x08000484                std::is_constant_evaluated()
 .text._ZnwjPv  0x08000494       0x18 Debug/Drivers/GPIO/IOPin.o
                0x08000494                operator new(unsigned int, void*)
 .text._ZSt3minIjERKT_S2_S2_
                0x080004ac       0x28 Debug/Drivers/GPIO/IOPin.o
                0x080004ac                unsigned int const& std::min<unsigned int>(unsigned int const&, unsigned int const&)
 .text._ZNSt12_Base_bitsetILj1EEC2Ey
                0x080004d4       0x20 Debug/Drivers/GPIO/IOPin.o
                0x080004d4                std::_Base_bitset<1u>::_Base_bitset(unsigned long long)
                0x080004d4                std::_Base_bitset<1u>::_Base_bitset(unsigned long long)
 .text._ZNSt12_Base_bitsetILj1EE11_S_whichbitEj
                0x080004f4       0x1a Debug/Drivers/GPIO/IOPin.o
                0x080004f4                std::_Base_bitset<1u>::_S_whichbit(unsigned int)
 .text._ZNSt12_Base_bitsetILj1EE10_S_maskbitEj
                0x0800050e       0x1e Debug/Drivers/GPIO/IOPin.o
                0x0800050e                std::_Base_bitset<1u>::_S_maskbit(unsigned int)
 .text._ZNSt12_Base_bitsetILj1EE10_M_getwordEj
                0x0800052c       0x18 Debug/Drivers/GPIO/IOPin.o
                0x0800052c                std::_Base_bitset<1u>::_M_getword(unsigned int)
 .text._ZNKSt12_Base_bitsetILj1EE10_M_getwordEj
                0x08000544       0x1a Debug/Drivers/GPIO/IOPin.o
                0x08000544                std::_Base_bitset<1u>::_M_getword(unsigned int) const
 .text._ZN5IOPin10configPortERK8GpioPortP14PeripheralBaseI12GPIO_TypeDef16IOPinStatusCodes9ContainerI15IOPinPropertiesJS0_7GpioPin8GpioMode9GpioStateEEJEE
                0x0800055e       0x18 Debug/Drivers/GPIO/IOPin.o
                0x0800055e                IOPin::configPort(GpioPort const&, PeripheralBase<GPIO_TypeDef, IOPinStatusCodes, Container<IOPinProperties, GpioPort, GpioPin, GpioMode, GpioState>>*)
 *fill*         0x08000576        0x2 
 .text._ZN5IOPin9configPinERK7GpioPinP14PeripheralBaseI12GPIO_TypeDef16IOPinStatusCodes9ContainerI15IOPinPropertiesJ8GpioPortS0_8GpioMode9GpioStateEEJEE
                0x08000578       0x2c Debug/Drivers/GPIO/IOPin.o
                0x08000578                IOPin::configPin(GpioPin const&, PeripheralBase<GPIO_TypeDef, IOPinStatusCodes, Container<IOPinProperties, GpioPort, GpioPin, GpioMode, GpioState>>*)
 .text._ZN5IOPin10configModeERK8GpioModeP14PeripheralBaseI12GPIO_TypeDef16IOPinStatusCodes9ContainerI15IOPinPropertiesJ8GpioPort7GpioPinS0_9GpioStateEEJEE
                0x080005a4       0x2c Debug/Drivers/GPIO/IOPin.o
                0x080005a4                IOPin::configMode(GpioMode const&, PeripheralBase<GPIO_TypeDef, IOPinStatusCodes, Container<IOPinProperties, GpioPort, GpioPin, GpioMode, GpioState>>*)
 .text._ZN5IOPin11configStateERK9GpioStateP14PeripheralBaseI12GPIO_TypeDef16IOPinStatusCodes9ContainerI15IOPinPropertiesJ8GpioPort7GpioPin8GpioModeS0_EEJEE
                0x080005d0       0x2c Debug/Drivers/GPIO/IOPin.o
                0x080005d0                IOPin::configState(GpioState const&, PeripheralBase<GPIO_TypeDef, IOPinStatusCodes, Container<IOPinProperties, GpioPort, GpioPin, GpioMode, GpioState>>*)
 .text._ZN5IOPinC2Ev
                0x080005fc       0xe4 Debug/Drivers/GPIO/IOPin.o
                0x080005fc                IOPin::IOPin()
                0x080005fc                IOPin::IOPin()
 .text._ZN5IOPinC2ERKS_
                0x080006e0       0x1a Debug/Drivers/GPIO/IOPin.o
                0x080006e0                IOPin::IOPin(IOPin const&)
                0x080006e0                IOPin::IOPin(IOPin const&)
 .text._ZN5IOPinC2ERKS_RK7GpioPin
                0x080006fa       0x1c Debug/Drivers/GPIO/IOPin.o
                0x080006fa                IOPin::IOPin(IOPin const&, GpioPin const&)
                0x080006fa                IOPin::IOPin(IOPin const&, GpioPin const&)
 .text._ZN5IOPinC2ERKS_RK8GpioPort
                0x08000716       0x1c Debug/Drivers/GPIO/IOPin.o
                0x08000716                IOPin::IOPin(IOPin const&, GpioPort const&)
                0x08000716                IOPin::IOPin(IOPin const&, GpioPort const&)
 .text._ZN5IOPinC2EOS_
                0x08000732       0x1a Debug/Drivers/GPIO/IOPin.o
                0x08000732                IOPin::IOPin(IOPin&&)
                0x08000732                IOPin::IOPin(IOPin&&)
 .text._ZN5IOPinaSERKS_
                0x0800074c       0x18 Debug/Drivers/GPIO/IOPin.o
                0x0800074c                IOPin::operator=(IOPin const&)
 .text._ZN5IOPinaSEOS_
                0x08000764       0x18 Debug/Drivers/GPIO/IOPin.o
                0x08000764                IOPin::operator=(IOPin&&)
 .text._ZN5IOPinD2Ev
                0x0800077c       0x24 Debug/Drivers/GPIO/IOPin.o
                0x0800077c                IOPin::~IOPin()
                0x0800077c                IOPin::~IOPin()
 .text._ZN5IOPinD0Ev
                0x080007a0       0x20 Debug/Drivers/GPIO/IOPin.o
                0x080007a0                IOPin::~IOPin()
 .text._ZN5IOPin7setPortERK8GpioPort
                0x080007c0       0x18 Debug/Drivers/GPIO/IOPin.o
                0x080007c0                IOPin::setPort(GpioPort const&)
 .text._ZN5IOPin6setPinERK7GpioPin
                0x080007d8       0x18 Debug/Drivers/GPIO/IOPin.o
                0x080007d8                IOPin::setPin(GpioPin const&)
 .text._ZN5IOPin7setModeERK8GpioMode
                0x080007f0       0x18 Debug/Drivers/GPIO/IOPin.o
                0x080007f0                IOPin::setMode(GpioMode const&)
 .text._ZN5IOPin7setPUPDERK8GpioPUPD
                0x08000808       0x18 Debug/Drivers/GPIO/IOPin.o
                0x08000808                IOPin::setPUPD(GpioPUPD const&)
 .text._ZN5IOPin13setOutputTypeERK14GpioOutputType
                0x08000820       0x18 Debug/Drivers/GPIO/IOPin.o
                0x08000820                IOPin::setOutputType(GpioOutputType const&)
 .text._ZN5IOPin14setOutputSpeedERK15GpioOutputSpeed
                0x08000838       0x18 Debug/Drivers/GPIO/IOPin.o
                0x08000838                IOPin::setOutputSpeed(GpioOutputSpeed const&)
 .text._ZN5IOPin12setInputModeEv
                0x08000850       0x16 Debug/Drivers/GPIO/IOPin.o
                0x08000850                IOPin::setInputMode()
 .text._ZN5IOPin13setOutputModeEv
                0x08000866       0x16 Debug/Drivers/GPIO/IOPin.o
                0x08000866                IOPin::setOutputMode()
 .text._ZN5IOPin9setPullupEv
                0x0800087c       0x16 Debug/Drivers/GPIO/IOPin.o
                0x0800087c                IOPin::setPullup()
 .text._ZN5IOPin11setPulldownEv
                0x08000892       0x16 Debug/Drivers/GPIO/IOPin.o
                0x08000892                IOPin::setPulldown()
 .text._ZN5IOPin21setPullPushOutputTypeEv
                0x080008a8       0x16 Debug/Drivers/GPIO/IOPin.o
                0x080008a8                IOPin::setPullPushOutputType()
 .text._ZN5IOPin22setOpenDrainOutputTypeEv
                0x080008be       0x16 Debug/Drivers/GPIO/IOPin.o
                0x080008be                IOPin::setOpenDrainOutputType()
 .text._ZN5IOPin4readEv
                0x080008d4       0x16 Debug/Drivers/GPIO/IOPin.o
                0x080008d4                IOPin::read()
 .text._ZN5IOPin5writeERKb
                0x080008ea       0x18 Debug/Drivers/GPIO/IOPin.o
                0x080008ea                IOPin::write(bool const&)
 .text._ZN5IOPin6toggleEv
                0x08000902       0x16 Debug/Drivers/GPIO/IOPin.o
                0x08000902                IOPin::toggle()
 .text._ZN5IOPin5resetERKb
                0x08000918       0x18 Debug/Drivers/GPIO/IOPin.o
                0x08000918                IOPin::reset(bool const&)
 .text._ZN5IOPin7isReadyEv
                0x08000930       0x16 Debug/Drivers/GPIO/IOPin.o
                0x08000930                IOPin::isReady()
 .text._ZN5IOPin11isAllocatedERK8GpioPortRK7GpioPin
                0x08000946       0x18 Debug/Drivers/GPIO/IOPin.o
                0x08000946                IOPin::isAllocated(GpioPort const&, GpioPin const&)
 .text._ZN5IOPin11isAllocatedEPK12GPIO_TypeDefRK7GpioPin
                0x0800095e       0x18 Debug/Drivers/GPIO/IOPin.o
                0x0800095e                IOPin::isAllocated(GPIO_TypeDef const*, GpioPin const&)
 .text._ZN5IOPin8isPinSetEv
                0x08000976       0x16 Debug/Drivers/GPIO/IOPin.o
                0x08000976                IOPin::isPinSet()
 .text._ZN5IOPin9isPortSetEv
                0x0800098c       0x16 Debug/Drivers/GPIO/IOPin.o
                0x0800098c                IOPin::isPortSet()
 .text._ZN5IOPin14isReallocatingERK7GpioPin
                0x080009a2       0x18 Debug/Drivers/GPIO/IOPin.o
                0x080009a2                IOPin::isReallocating(GpioPin const&)
 .text._ZN5IOPin14isReallocatingERK8GpioPort
                0x080009ba       0x18 Debug/Drivers/GPIO/IOPin.o
                0x080009ba                IOPin::isReallocating(GpioPort const&)
 .text._ZN5IOPin18getGPIOPtrInstanceERK8GpioPort
                0x080009d2       0x18 Debug/Drivers/GPIO/IOPin.o
                0x080009d2                IOPin::getGPIOPtrInstance(GpioPort const&)
 .text._ZN5IOPin21getPortFromGPIOStructEPK12GPIO_TypeDef
                0x080009ea       0x16 Debug/Drivers/GPIO/IOPin.o
                0x080009ea                IOPin::getPortFromGPIOStruct(GPIO_TypeDef const*)
 .text._ZN5IOPin11allocatePinEv
                0x08000a00       0x14 Debug/Drivers/GPIO/IOPin.o
                0x08000a00                IOPin::allocatePin()
 .text._ZN5IOPin13deAllocatePinEv
                0x08000a14       0x14 Debug/Drivers/GPIO/IOPin.o
                0x08000a14                IOPin::deAllocatePin()
 .text._ZN5IOPin4initEv
                0x08000a28       0x16 Debug/Drivers/GPIO/IOPin.o
                0x08000a28                IOPin::init()
 .text._ZN5IOPin14setInstancePtrEv
                0x08000a3e       0x14 Debug/Drivers/GPIO/IOPin.o
                0x08000a3e                IOPin::setInstancePtr()
 .text._ZN5IOPin18setDefaultSettingsEv
                0x08000a52       0x14 Debug/Drivers/GPIO/IOPin.o
                0x08000a52                IOPin::setDefaultSettings()
 .text._ZN5IOPin7preInitEv
                0x08000a66       0x16 Debug/Drivers/GPIO/IOPin.o
                0x08000a66                IOPin::preInit()
 .text._ZSt3maxIjERKT_S2_S2_
                0x08000a7c       0x28 Debug/Drivers/GPIO/IOPin.o
                0x08000a7c                unsigned int const& std::max<unsigned int>(unsigned int const&, unsigned int const&)
 .text._ZN9ContainerI15IOPinPropertiesJPFbRK8GpioPortP14PeripheralBaseI12GPIO_TypeDef16IOPinStatusCodesS_IS0_JS1_7GpioPin8GpioMode9GpioStateEEJEEEPFbRKS7_SC_EPFbRKS8_SC_EPFbRKS9_SC_EEEC2EOSE_OSI_OSM_OSQ_
                0x08000aa4       0x58 Debug/Drivers/GPIO/IOPin.o
                0x08000aa4                Container<IOPinProperties, bool (*)(GpioPort const&, PeripheralBase<GPIO_TypeDef, IOPinStatusCodes, Container<IOPinProperties, GpioPort, GpioPin, GpioMode, GpioState>>*), bool (*)(GpioPin const&, PeripheralBase<GPIO_TypeDef, IOPinStatusCodes, Container<IOPinProperties, GpioPort, GpioPin, GpioMode, GpioState>>*), bool (*)(GpioMode const&, PeripheralBase<GPIO_TypeDef, IOPinStatusCodes, Container<IOPinProperties, GpioPort, GpioPin, GpioMode, GpioState>>*), bool (*)(GpioState const&, PeripheralBase<GPIO_TypeDef, IOPinStatusCodes, Container<IOPinProperties, GpioPort, GpioPin, GpioMode, GpioState>>*)>::Container(bool (*&&)(GpioPort const&, PeripheralBase<GPIO_TypeDef, IOPinStatusCodes, Container<IOPinProperties, GpioPort, GpioPin, GpioMode, GpioState>>*), bool (*&&)(GpioPin const&, PeripheralBase<GPIO_TypeDef, IOPinStatusCodes, Container<IOPinProperties, GpioPort, GpioPin, GpioMode, GpioState>>*), bool (*&&)(GpioMode const&, PeripheralBase<GPIO_TypeDef, IOPinStatusCodes, Container<IOPinProperties, GpioPort, GpioPin, GpioMode, GpioState>>*), bool (*&&)(GpioState const&, PeripheralBase<GPIO_TypeDef, IOPinStatusCodes, Container<IOPinProperties, GpioPort, GpioPin, GpioMode, GpioState>>*))
                0x08000aa4                Container<IOPinProperties, bool (*)(GpioPort const&, PeripheralBase<GPIO_TypeDef, IOPinStatusCodes, Container<IOPinProperties, GpioPort, GpioPin, GpioMode, GpioState>>*), bool (*)(GpioPin const&, PeripheralBase<GPIO_TypeDef, IOPinStatusCodes, Container<IOPinProperties, GpioPort, GpioPin, GpioMode, GpioState>>*), bool (*)(GpioMode const&, PeripheralBase<GPIO_TypeDef, IOPinStatusCodes, Container<IOPinProperties, GpioPort, GpioPin, GpioMode, GpioState>>*), bool (*)(GpioState const&, PeripheralBase<GPIO_TypeDef, IOPinStatusCodes, Container<IOPinProperties, GpioPort, GpioPin, GpioMode, GpioState>>*)>::Container(bool (*&&)(GpioPort const&, PeripheralBase<GPIO_TypeDef, IOPinStatusCodes, Container<IOPinProperties, GpioPort, GpioPin, GpioMode, GpioState>>*), bool (*&&)(GpioPin const&, PeripheralBase<GPIO_TypeDef, IOPinStatusCodes, Container<IOPinProperties, GpioPort, GpioPin, GpioMode, GpioState>>*), bool (*&&)(GpioMode const&, PeripheralBase<GPIO_TypeDef, IOPinStatusCodes, Container<IOPinProperties, GpioPort, GpioPin, GpioMode, GpioState>>*), bool (*&&)(GpioState const&, PeripheralBase<GPIO_TypeDef, IOPinStatusCodes, Container<IOPinProperties, GpioPort, GpioPin, GpioMode, GpioState>>*))
 .text._ZN9ContainerI15IOPinPropertiesJPFbRK8GpioPortP14PeripheralBaseI12GPIO_TypeDef16IOPinStatusCodesS_IS0_JS1_7GpioPin8GpioMode9GpioStateEEJEEEPFbRKS7_SC_EPFbRKS8_SC_EPFbRKS9_SC_EEED2Ev
                0x08000afc       0x24 Debug/Drivers/GPIO/IOPin.o
                0x08000afc                Container<IOPinProperties, bool (*)(GpioPort const&, PeripheralBase<GPIO_TypeDef, IOPinStatusCodes, Container<IOPinProperties, GpioPort, GpioPin, GpioMode, GpioState>>*), bool (*)(GpioPin const&, PeripheralBase<GPIO_TypeDef, IOPinStatusCodes, Container<IOPinProperties, GpioPort, GpioPin, GpioMode, GpioState>>*), bool (*)(GpioMode const&, PeripheralBase<GPIO_TypeDef, IOPinStatusCodes, Container<IOPinProperties, GpioPort, GpioPin, GpioMode, GpioState>>*), bool (*)(GpioState const&, PeripheralBase<GPIO_TypeDef, IOPinStatusCodes, Container<IOPinProperties, GpioPort, GpioPin, GpioMode, GpioState>>*)>::~Container()
                0x08000afc                Container<IOPinProperties, bool (*)(GpioPort const&, PeripheralBase<GPIO_TypeDef, IOPinStatusCodes, Container<IOPinProperties, GpioPort, GpioPin, GpioMode, GpioState>>*), bool (*)(GpioPin const&, PeripheralBase<GPIO_TypeDef, IOPinStatusCodes, Container<IOPinProperties, GpioPort, GpioPin, GpioMode, GpioState>>*), bool (*)(GpioMode const&, PeripheralBase<GPIO_TypeDef, IOPinStatusCodes, Container<IOPinProperties, GpioPort, GpioPin, GpioMode, GpioState>>*), bool (*)(GpioState const&, PeripheralBase<GPIO_TypeDef, IOPinStatusCodes, Container<IOPinProperties, GpioPort, GpioPin, GpioMode, GpioState>>*)>::~Container()
 .text._ZN9ContainerI15IOPinPropertiesJPFbRK8GpioPortP14PeripheralBaseI12GPIO_TypeDef16IOPinStatusCodesS_IS0_JS1_7GpioPin8GpioMode9GpioStateEEJEEEPFbRKS7_SC_EPFbRKS8_SC_EPFbRKS9_SC_EEED0Ev
                0x08000b20       0x20 Debug/Drivers/GPIO/IOPin.o
                0x08000b20                Container<IOPinProperties, bool (*)(GpioPort const&, PeripheralBase<GPIO_TypeDef, IOPinStatusCodes, Container<IOPinProperties, GpioPort, GpioPin, GpioMode, GpioState>>*), bool (*)(GpioPin const&, PeripheralBase<GPIO_TypeDef, IOPinStatusCodes, Container<IOPinProperties, GpioPort, GpioPin, GpioMode, GpioState>>*), bool (*)(GpioMode const&, PeripheralBase<GPIO_TypeDef, IOPinStatusCodes, Container<IOPinProperties, GpioPort, GpioPin, GpioMode, GpioState>>*), bool (*)(GpioState const&, PeripheralBase<GPIO_TypeDef, IOPinStatusCodes, Container<IOPinProperties, GpioPort, GpioPin, GpioMode, GpioState>>*)>::~Container()
 .text._ZNSt6bitsetILj4EEC2Ey
                0x08000b40       0x2a Debug/Drivers/GPIO/IOPin.o
                0x08000b40                std::bitset<4u>::bitset(unsigned long long)
                0x08000b40                std::bitset<4u>::bitset(unsigned long long)
 .text._ZNSt13_Sanitize_valILj4ELb1EE18_S_do_sanitize_valEy
                0x08000b6a       0x24 Debug/Drivers/GPIO/IOPin.o
                0x08000b6a                std::_Sanitize_val<4u, true>::_S_do_sanitize_val(unsigned long long)
 *fill*         0x08000b8e        0x2 
 .text._ZN14PeripheralBaseI12GPIO_TypeDef16IOPinStatusCodes9ContainerI15IOPinPropertiesJ8GpioPort7GpioPin8GpioMode9GpioStateEEJEEC2IJPFbRKS4_PS9_EPFbRKS5_SD_EPFbRKS6_SD_EPFbRKS7_SD_EEEERKS2_IS3_JDpT_EE
                0x08000b90      0x110 Debug/Drivers/GPIO/IOPin.o
                0x08000b90                PeripheralBase<GPIO_TypeDef, IOPinStatusCodes, Container<IOPinProperties, GpioPort, GpioPin, GpioMode, GpioState>>::PeripheralBase<bool (*)(GpioPort const&, PeripheralBase<GPIO_TypeDef, IOPinStatusCodes, Container<IOPinProperties, GpioPort, GpioPin, GpioMode, GpioState>>*), bool (*)(GpioPin const&, PeripheralBase<GPIO_TypeDef, IOPinStatusCodes, Container<IOPinProperties, GpioPort, GpioPin, GpioMode, GpioState>>*), bool (*)(GpioMode const&, PeripheralBase<GPIO_TypeDef, IOPinStatusCodes, Container<IOPinProperties, GpioPort, GpioPin, GpioMode, GpioState>>*), bool (*)(GpioState const&, PeripheralBase<GPIO_TypeDef, IOPinStatusCodes, Container<IOPinProperties, GpioPort, GpioPin, GpioMode, GpioState>>*)>(Container<IOPinProperties, bool (*)(GpioPort const&, PeripheralBase<GPIO_TypeDef, IOPinStatusCodes, Container<IOPinProperties, GpioPort, GpioPin, GpioMode, GpioState>>*), bool (*)(GpioPin const&, PeripheralBase<GPIO_TypeDef, IOPinStatusCodes, Container<IOPinProperties, GpioPort, GpioPin, GpioMode, GpioState>>*), bool (*)(GpioMode const&, PeripheralBase<GPIO_TypeDef, IOPinStatusCodes, Container<IOPinProperties, GpioPort, GpioPin, GpioMode, GpioState>>*), bool (*)(GpioState const&, PeripheralBase<GPIO_TypeDef, IOPinStatusCodes, Container<IOPinProperties, GpioPort, GpioPin, GpioMode, GpioState>>*)> const&)
                0x08000b90                PeripheralBase<GPIO_TypeDef, IOPinStatusCodes, Container<IOPinProperties, GpioPort, GpioPin, GpioMode, GpioState>>::PeripheralBase<bool (*)(GpioPort const&, PeripheralBase<GPIO_TypeDef, IOPinStatusCodes, Container<IOPinProperties, GpioPort, GpioPin, GpioMode, GpioState>>*), bool (*)(GpioPin const&, PeripheralBase<GPIO_TypeDef, IOPinStatusCodes, Container<IOPinProperties, GpioPort, GpioPin, GpioMode, GpioState>>*), bool (*)(GpioMode const&, PeripheralBase<GPIO_TypeDef, IOPinStatusCodes, Container<IOPinProperties, GpioPort, GpioPin, GpioMode, GpioState>>*), bool (*)(GpioState const&, PeripheralBase<GPIO_TypeDef, IOPinStatusCodes, Container<IOPinProperties, GpioPort, GpioPin, GpioMode, GpioState>>*)>(Container<IOPinProperties, bool (*)(GpioPort const&, PeripheralBase<GPIO_TypeDef, IOPinStatusCodes, Container<IOPinProperties, GpioPort, GpioPin, GpioMode, GpioState>>*), bool (*)(GpioPin const&, PeripheralBase<GPIO_TypeDef, IOPinStatusCodes, Container<IOPinProperties, GpioPort, GpioPin, GpioMode, GpioState>>*), bool (*)(GpioMode const&, PeripheralBase<GPIO_TypeDef, IOPinStatusCodes, Container<IOPinProperties, GpioPort, GpioPin, GpioMode, GpioState>>*), bool (*)(GpioState const&, PeripheralBase<GPIO_TypeDef, IOPinStatusCodes, Container<IOPinProperties, GpioPort, GpioPin, GpioMode, GpioState>>*)> const&)
 .text._ZN14PeripheralBaseI12GPIO_TypeDef16IOPinStatusCodes9ContainerI15IOPinPropertiesJ8GpioPort7GpioPin8GpioMode9GpioStateEEJEED2Ev
                0x08000ca0       0x6c Debug/Drivers/GPIO/IOPin.o
                0x08000ca0                PeripheralBase<GPIO_TypeDef, IOPinStatusCodes, Container<IOPinProperties, GpioPort, GpioPin, GpioMode, GpioState>>::~PeripheralBase()
                0x08000ca0                PeripheralBase<GPIO_TypeDef, IOPinStatusCodes, Container<IOPinProperties, GpioPort, GpioPin, GpioMode, GpioState>>::~PeripheralBase()
 .text._ZN14PeripheralBaseI12GPIO_TypeDef16IOPinStatusCodes9ContainerI15IOPinPropertiesJ8GpioPort7GpioPin8GpioMode9GpioStateEEJEED0Ev
                0x08000d0c       0x20 Debug/Drivers/GPIO/IOPin.o
                0x08000d0c                PeripheralBase<GPIO_TypeDef, IOPinStatusCodes, Container<IOPinProperties, GpioPort, GpioPin, GpioMode, GpioState>>::~PeripheralBase()
 .text._ZN14PeripheralBaseI12GPIO_TypeDef16IOPinStatusCodes9ContainerI15IOPinPropertiesJ8GpioPort7GpioPin8GpioMode9GpioStateEEJEE21setAllParametersValueEOS4_OS5_OS6_OS7_
                0x08000d2c       0x4c Debug/Drivers/GPIO/IOPin.o
                0x08000d2c                PeripheralBase<GPIO_TypeDef, IOPinStatusCodes, Container<IOPinProperties, GpioPort, GpioPin, GpioMode, GpioState>>::setAllParametersValue(GpioPort&&, GpioPin&&, GpioMode&&, GpioState&&)
 .text._ZN14PeripheralBaseI12GPIO_TypeDef16IOPinStatusCodes9ContainerI15IOPinPropertiesJ8GpioPort7GpioPin8GpioMode9GpioStateEEJEE23setParameterAsMandatoryERKS3_
                0x08000d78       0x24 Debug/Drivers/GPIO/IOPin.o
                0x08000d78                PeripheralBase<GPIO_TypeDef, IOPinStatusCodes, Container<IOPinProperties, GpioPort, GpioPin, GpioMode, GpioState>>::setParameterAsMandatory(IOPinProperties const&)
 .text._ZSt7forwardIPFbRK8GpioPortP14PeripheralBaseI12GPIO_TypeDef16IOPinStatusCodes9ContainerI15IOPinPropertiesJS0_7GpioPin8GpioMode9GpioStateEEJEEEEOT_RNSt16remove_referenceISG_E4typeE
                0x08000d9c       0x16 Debug/Drivers/GPIO/IOPin.o
                0x08000d9c                bool (*&&std::forward<bool (*)(GpioPort const&, PeripheralBase<GPIO_TypeDef, IOPinStatusCodes, Container<IOPinProperties, GpioPort, GpioPin, GpioMode, GpioState>>*)>(std::remove_reference<bool (*)(GpioPort const&, PeripheralBase<GPIO_TypeDef, IOPinStatusCodes, Container<IOPinProperties, GpioPort, GpioPin, GpioMode, GpioState>>*)>::type&))(GpioPort const&, PeripheralBase<GPIO_TypeDef, IOPinStatusCodes, Container<IOPinProperties, GpioPort, GpioPin, GpioMode, GpioState>>*)
 .text._ZSt7forwardIPFbRK7GpioPinP14PeripheralBaseI12GPIO_TypeDef16IOPinStatusCodes9ContainerI15IOPinPropertiesJ8GpioPortS0_8GpioMode9GpioStateEEJEEEEOT_RNSt16remove_referenceISG_E4typeE
                0x08000db2       0x16 Debug/Drivers/GPIO/IOPin.o
                0x08000db2                bool (*&&std::forward<bool (*)(GpioPin const&, PeripheralBase<GPIO_TypeDef, IOPinStatusCodes, Container<IOPinProperties, GpioPort, GpioPin, GpioMode, GpioState>>*)>(std::remove_reference<bool (*)(GpioPin const&, PeripheralBase<GPIO_TypeDef, IOPinStatusCodes, Container<IOPinProperties, GpioPort, GpioPin, GpioMode, GpioState>>*)>::type&))(GpioPin const&, PeripheralBase<GPIO_TypeDef, IOPinStatusCodes, Container<IOPinProperties, GpioPort, GpioPin, GpioMode, GpioState>>*)
 .text._ZSt7forwardIPFbRK8GpioModeP14PeripheralBaseI12GPIO_TypeDef16IOPinStatusCodes9ContainerI15IOPinPropertiesJ8GpioPort7GpioPinS0_9GpioStateEEJEEEEOT_RNSt16remove_referenceISG_E4typeE
                0x08000dc8       0x16 Debug/Drivers/GPIO/IOPin.o
                0x08000dc8                bool (*&&std::forward<bool (*)(GpioMode const&, PeripheralBase<GPIO_TypeDef, IOPinStatusCodes, Container<IOPinProperties, GpioPort, GpioPin, GpioMode, GpioState>>*)>(std::remove_reference<bool (*)(GpioMode const&, PeripheralBase<GPIO_TypeDef, IOPinStatusCodes, Container<IOPinProperties, GpioPort, GpioPin, GpioMode, GpioState>>*)>::type&))(GpioMode const&, PeripheralBase<GPIO_TypeDef, IOPinStatusCodes, Container<IOPinProperties, GpioPort, GpioPin, GpioMode, GpioState>>*)
 .text._ZSt7forwardIPFbRK9GpioStateP14PeripheralBaseI12GPIO_TypeDef16IOPinStatusCodes9ContainerI15IOPinPropertiesJ8GpioPort7GpioPin8GpioModeS0_EEJEEEEOT_RNSt16remove_referenceISG_E4typeE
                0x08000dde       0x16 Debug/Drivers/GPIO/IOPin.o
                0x08000dde                bool (*&&std::forward<bool (*)(GpioState const&, PeripheralBase<GPIO_TypeDef, IOPinStatusCodes, Container<IOPinProperties, GpioPort, GpioPin, GpioMode, GpioState>>*)>(std::remove_reference<bool (*)(GpioState const&, PeripheralBase<GPIO_TypeDef, IOPinStatusCodes, Container<IOPinProperties, GpioPort, GpioPin, GpioMode, GpioState>>*)>::type&))(GpioState const&, PeripheralBase<GPIO_TypeDef, IOPinStatusCodes, Container<IOPinProperties, GpioPort, GpioPin, GpioMode, GpioState>>*)
 .text._ZN13ContainerBaseIJPFbRK8GpioPortP14PeripheralBaseI12GPIO_TypeDef16IOPinStatusCodes9ContainerI15IOPinPropertiesJS0_7GpioPin8GpioMode9GpioStateEEJEEEPFbRKS8_SD_EPFbRKS9_SD_EPFbRKSA_SD_EEEC2EOSF_OSJ_OSN_OSR_
                0x08000df4       0x58 Debug/Drivers/GPIO/IOPin.o
                0x08000df4                ContainerBase<bool (*)(GpioPort const&, PeripheralBase<GPIO_TypeDef, IOPinStatusCodes, Container<IOPinProperties, GpioPort, GpioPin, GpioMode, GpioState>>*), bool (*)(GpioPin const&, PeripheralBase<GPIO_TypeDef, IOPinStatusCodes, Container<IOPinProperties, GpioPort, GpioPin, GpioMode, GpioState>>*), bool (*)(GpioMode const&, PeripheralBase<GPIO_TypeDef, IOPinStatusCodes, Container<IOPinProperties, GpioPort, GpioPin, GpioMode, GpioState>>*), bool (*)(GpioState const&, PeripheralBase<GPIO_TypeDef, IOPinStatusCodes, Container<IOPinProperties, GpioPort, GpioPin, GpioMode, GpioState>>*)>::ContainerBase(bool (*&&)(GpioPort const&, PeripheralBase<GPIO_TypeDef, IOPinStatusCodes, Container<IOPinProperties, GpioPort, GpioPin, GpioMode, GpioState>>*), bool (*&&)(GpioPin const&, PeripheralBase<GPIO_TypeDef, IOPinStatusCodes, Container<IOPinProperties, GpioPort, GpioPin, GpioMode, GpioState>>*), bool (*&&)(GpioMode const&, PeripheralBase<GPIO_TypeDef, IOPinStatusCodes, Container<IOPinProperties, GpioPort, GpioPin, GpioMode, GpioState>>*), bool (*&&)(GpioState const&, PeripheralBase<GPIO_TypeDef, IOPinStatusCodes, Container<IOPinProperties, GpioPort, GpioPin, GpioMode, GpioState>>*))
                0x08000df4                ContainerBase<bool (*)(GpioPort const&, PeripheralBase<GPIO_TypeDef, IOPinStatusCodes, Container<IOPinProperties, GpioPort, GpioPin, GpioMode, GpioState>>*), bool (*)(GpioPin const&, PeripheralBase<GPIO_TypeDef, IOPinStatusCodes, Container<IOPinProperties, GpioPort, GpioPin, GpioMode, GpioState>>*), bool (*)(GpioMode const&, PeripheralBase<GPIO_TypeDef, IOPinStatusCodes, Container<IOPinProperties, GpioPort, GpioPin, GpioMode, GpioState>>*), bool (*)(GpioState const&, PeripheralBase<GPIO_TypeDef, IOPinStatusCodes, Container<IOPinProperties, GpioPort, GpioPin, GpioMode, GpioState>>*)>::ContainerBase(bool (*&&)(GpioPort const&, PeripheralBase<GPIO_TypeDef, IOPinStatusCodes, Container<IOPinProperties, GpioPort, GpioPin, GpioMode, GpioState>>*), bool (*&&)(GpioPin const&, PeripheralBase<GPIO_TypeDef, IOPinStatusCodes, Container<IOPinProperties, GpioPort, GpioPin, GpioMode, GpioState>>*), bool (*&&)(GpioMode const&, PeripheralBase<GPIO_TypeDef, IOPinStatusCodes, Container<IOPinProperties, GpioPort, GpioPin, GpioMode, GpioState>>*), bool (*&&)(GpioState const&, PeripheralBase<GPIO_TypeDef, IOPinStatusCodes, Container<IOPinProperties, GpioPort, GpioPin, GpioMode, GpioState>>*))
 .text._ZN13ContainerBaseIJPFbRK8GpioPortP14PeripheralBaseI12GPIO_TypeDef16IOPinStatusCodes9ContainerI15IOPinPropertiesJS0_7GpioPin8GpioMode9GpioStateEEJEEEPFbRKS8_SD_EPFbRKS9_SD_EPFbRKSA_SD_EEED2Ev
                0x08000e4c       0x20 Debug/Drivers/GPIO/IOPin.o
                0x08000e4c                ContainerBase<bool (*)(GpioPort const&, PeripheralBase<GPIO_TypeDef, IOPinStatusCodes, Container<IOPinProperties, GpioPort, GpioPin, GpioMode, GpioState>>*), bool (*)(GpioPin const&, PeripheralBase<GPIO_TypeDef, IOPinStatusCodes, Container<IOPinProperties, GpioPort, GpioPin, GpioMode, GpioState>>*), bool (*)(GpioMode const&, PeripheralBase<GPIO_TypeDef, IOPinStatusCodes, Container<IOPinProperties, GpioPort, GpioPin, GpioMode, GpioState>>*), bool (*)(GpioState const&, PeripheralBase<GPIO_TypeDef, IOPinStatusCodes, Container<IOPinProperties, GpioPort, GpioPin, GpioMode, GpioState>>*)>::~ContainerBase()
                0x08000e4c                ContainerBase<bool (*)(GpioPort const&, PeripheralBase<GPIO_TypeDef, IOPinStatusCodes, Container<IOPinProperties, GpioPort, GpioPin, GpioMode, GpioState>>*), bool (*)(GpioPin const&, PeripheralBase<GPIO_TypeDef, IOPinStatusCodes, Container<IOPinProperties, GpioPort, GpioPin, GpioMode, GpioState>>*), bool (*)(GpioMode const&, PeripheralBase<GPIO_TypeDef, IOPinStatusCodes, Container<IOPinProperties, GpioPort, GpioPin, GpioMode, GpioState>>*), bool (*)(GpioState const&, PeripheralBase<GPIO_TypeDef, IOPinStatusCodes, Container<IOPinProperties, GpioPort, GpioPin, GpioMode, GpioState>>*)>::~ContainerBase()
 .text._ZN13ContainerBaseIJPFbRK8GpioPortP14PeripheralBaseI12GPIO_TypeDef16IOPinStatusCodes9ContainerI15IOPinPropertiesJS0_7GpioPin8GpioMode9GpioStateEEJEEEPFbRKS8_SD_EPFbRKS9_SD_EPFbRKSA_SD_EEED0Ev
                0x08000e6c       0x20 Debug/Drivers/GPIO/IOPin.o
                0x08000e6c                ContainerBase<bool (*)(GpioPort const&, PeripheralBase<GPIO_TypeDef, IOPinStatusCodes, Container<IOPinProperties, GpioPort, GpioPin, GpioMode, GpioState>>*), bool (*)(GpioPin const&, PeripheralBase<GPIO_TypeDef, IOPinStatusCodes, Container<IOPinProperties, GpioPort, GpioPin, GpioMode, GpioState>>*), bool (*)(GpioMode const&, PeripheralBase<GPIO_TypeDef, IOPinStatusCodes, Container<IOPinProperties, GpioPort, GpioPin, GpioMode, GpioState>>*), bool (*)(GpioState const&, PeripheralBase<GPIO_TypeDef, IOPinStatusCodes, Container<IOPinProperties, GpioPort, GpioPin, GpioMode, GpioState>>*)>::~ContainerBase()
 .text._ZN9ContainerI15IOPinPropertiesJ8GpioPort7GpioPin8GpioMode9GpioStateEEC2Ev
                0x08000e8c       0x24 Debug/Drivers/GPIO/IOPin.o
                0x08000e8c                Container<IOPinProperties, GpioPort, GpioPin, GpioMode, GpioState>::Container()
                0x08000e8c                Container<IOPinProperties, GpioPort, GpioPin, GpioMode, GpioState>::Container()
 .text._ZN14PeripheralBaseI12GPIO_TypeDef16IOPinStatusCodes9ContainerI15IOPinPropertiesJ8GpioPort7GpioPin8GpioMode9GpioStateEEJEE15setFunctionsPtrIJPFbRKS4_PS9_EPFbRKS5_SD_EPFbRKS6_SD_EPFbRKS7_SD_EEEEvRKS2_IS3_JDpT_EE
                0x08000eb0       0x30 Debug/Drivers/GPIO/IOPin.o
                0x08000eb0                void PeripheralBase<GPIO_TypeDef, IOPinStatusCodes, Container<IOPinProperties, GpioPort, GpioPin, GpioMode, GpioState>>::setFunctionsPtr<bool (*)(GpioPort const&, PeripheralBase<GPIO_TypeDef, IOPinStatusCodes, Container<IOPinProperties, GpioPort, GpioPin, GpioMode, GpioState>>*), bool (*)(GpioPin const&, PeripheralBase<GPIO_TypeDef, IOPinStatusCodes, Container<IOPinProperties, GpioPort, GpioPin, GpioMode, GpioState>>*), bool (*)(GpioMode const&, PeripheralBase<GPIO_TypeDef, IOPinStatusCodes, Container<IOPinProperties, GpioPort, GpioPin, GpioMode, GpioState>>*), bool (*)(GpioState const&, PeripheralBase<GPIO_TypeDef, IOPinStatusCodes, Container<IOPinProperties, GpioPort, GpioPin, GpioMode, GpioState>>*)>(Container<IOPinProperties, bool (*)(GpioPort const&, PeripheralBase<GPIO_TypeDef, IOPinStatusCodes, Container<IOPinProperties, GpioPort, GpioPin, GpioMode, GpioState>>*), bool (*)(GpioPin const&, PeripheralBase<GPIO_TypeDef, IOPinStatusCodes, Container<IOPinProperties, GpioPort, GpioPin, GpioMode, GpioState>>*), bool (*)(GpioMode const&, PeripheralBase<GPIO_TypeDef, IOPinStatusCodes, Container<IOPinProperties, GpioPort, GpioPin, GpioMode, GpioState>>*), bool (*)(GpioState const&, PeripheralBase<GPIO_TypeDef, IOPinStatusCodes, Container<IOPinProperties, GpioPort, GpioPin, GpioMode, GpioState>>*)> const&)
 .text._ZNKSt6bitsetILj4EE4testEj
                0x08000ee0       0x2c Debug/Drivers/GPIO/IOPin.o
                0x08000ee0                std::bitset<4u>::test(unsigned int) const
 .text._ZSt3getILj0EJ8GpioPort7GpioPin8GpioMode9GpioStateEERNSt13tuple_elementIXT_ESt5tupleIJDpT0_EEE4typeERS8_
                0x08000f0c       0x1a Debug/Drivers/GPIO/IOPin.o
                0x08000f0c                std::tuple_element<0u, std::tuple<GpioPort, GpioPin, GpioMode, GpioState> >::type& std::get<0u, GpioPort, GpioPin, GpioMode, GpioState>(std::tuple<GpioPort, GpioPin, GpioMode, GpioState>&)
 .text._ZN14PeripheralBaseI12GPIO_TypeDef16IOPinStatusCodes9ContainerI15IOPinPropertiesJ8GpioPort7GpioPin8GpioMode9GpioStateEEJEE14isValueSetBoolIS4_EEbRKT_
                0x08000f26       0x4a Debug/Drivers/GPIO/IOPin.o
                0x08000f26                bool PeripheralBase<GPIO_TypeDef, IOPinStatusCodes, Container<IOPinProperties, GpioPort, GpioPin, GpioMode, GpioState>>::isValueSetBool<GpioPort>(GpioPort const&)
 .text._ZSt3getILj1EJ8GpioPort7GpioPin8GpioMode9GpioStateEERNSt13tuple_elementIXT_ESt5tupleIJDpT0_EEE4typeERS8_
                0x08000f70       0x1a Debug/Drivers/GPIO/IOPin.o
                0x08000f70                std::tuple_element<1u, std::tuple<GpioPort, GpioPin, GpioMode, GpioState> >::type& std::get<1u, GpioPort, GpioPin, GpioMode, GpioState>(std::tuple<GpioPort, GpioPin, GpioMode, GpioState>&)
 .text._ZN14PeripheralBaseI12GPIO_TypeDef16IOPinStatusCodes9ContainerI15IOPinPropertiesJ8GpioPort7GpioPin8GpioMode9GpioStateEEJEE14isValueSetBoolIS5_EEbRKT_
                0x08000f8a       0x4a Debug/Drivers/GPIO/IOPin.o
                0x08000f8a                bool PeripheralBase<GPIO_TypeDef, IOPinStatusCodes, Container<IOPinProperties, GpioPort, GpioPin, GpioMode, GpioState>>::isValueSetBool<GpioPin>(GpioPin const&)
 .text._ZSt3getILj2EJ8GpioPort7GpioPin8GpioMode9GpioStateEERNSt13tuple_elementIXT_ESt5tupleIJDpT0_EEE4typeERS8_
                0x08000fd4       0x1a Debug/Drivers/GPIO/IOPin.o
                0x08000fd4                std::tuple_element<2u, std::tuple<GpioPort, GpioPin, GpioMode, GpioState> >::type& std::get<2u, GpioPort, GpioPin, GpioMode, GpioState>(std::tuple<GpioPort, GpioPin, GpioMode, GpioState>&)
 .text._ZN14PeripheralBaseI12GPIO_TypeDef16IOPinStatusCodes9ContainerI15IOPinPropertiesJ8GpioPort7GpioPin8GpioMode9GpioStateEEJEE14isValueSetBoolIS6_EEbRKT_
                0x08000fee       0x4a Debug/Drivers/GPIO/IOPin.o
                0x08000fee                bool PeripheralBase<GPIO_TypeDef, IOPinStatusCodes, Container<IOPinProperties, GpioPort, GpioPin, GpioMode, GpioState>>::isValueSetBool<GpioMode>(GpioMode const&)
 .text._ZSt3getILj3EJ8GpioPort7GpioPin8GpioMode9GpioStateEERNSt13tuple_elementIXT_ESt5tupleIJDpT0_EEE4typeERS8_
                0x08001038       0x1a Debug/Drivers/GPIO/IOPin.o
                0x08001038                std::tuple_element<3u, std::tuple<GpioPort, GpioPin, GpioMode, GpioState> >::type& std::get<3u, GpioPort, GpioPin, GpioMode, GpioState>(std::tuple<GpioPort, GpioPin, GpioMode, GpioState>&)
 .text._ZN14PeripheralBaseI12GPIO_TypeDef16IOPinStatusCodes9ContainerI15IOPinPropertiesJ8GpioPort7GpioPin8GpioMode9GpioStateEEJEE14isValueSetBoolIS7_EEbRKT_
                0x08001052       0x4a Debug/Drivers/GPIO/IOPin.o
                0x08001052                bool PeripheralBase<GPIO_TypeDef, IOPinStatusCodes, Container<IOPinProperties, GpioPort, GpioPin, GpioMode, GpioState>>::isValueSetBool<GpioState>(GpioState const&)
 .text._ZN9ContainerI15IOPinPropertiesJ8GpioPort7GpioPin8GpioMode9GpioStateEED2Ev
                0x0800109c       0x24 Debug/Drivers/GPIO/IOPin.o
                0x0800109c                Container<IOPinProperties, GpioPort, GpioPin, GpioMode, GpioState>::~Container()
                0x0800109c                Container<IOPinProperties, GpioPort, GpioPin, GpioMode, GpioState>::~Container()
 .text._ZN9ContainerI15IOPinPropertiesJ8GpioPort7GpioPin8GpioMode9GpioStateEED0Ev
                0x080010c0       0x20 Debug/Drivers/GPIO/IOPin.o
                0x080010c0                Container<IOPinProperties, GpioPort, GpioPin, GpioMode, GpioState>::~Container()
 .text._ZSt7forwardI8GpioPortEOT_RNSt16remove_referenceIS1_E4typeE
                0x080010e0       0x16 Debug/Drivers/GPIO/IOPin.o
                0x080010e0                GpioPort&& std::forward<GpioPort>(std::remove_reference<GpioPort>::type&)
 .text._ZSt7forwardI7GpioPinEOT_RNSt16remove_referenceIS1_E4typeE
                0x080010f6       0x16 Debug/Drivers/GPIO/IOPin.o
                0x080010f6                GpioPin&& std::forward<GpioPin>(std::remove_reference<GpioPin>::type&)
 .text._ZSt7forwardI8GpioModeEOT_RNSt16remove_referenceIS1_E4typeE
                0x0800110c       0x16 Debug/Drivers/GPIO/IOPin.o
                0x0800110c                GpioMode&& std::forward<GpioMode>(std::remove_reference<GpioMode>::type&)
 .text._ZSt7forwardI9GpioStateEOT_RNSt16remove_referenceIS1_E4typeE
                0x08001122       0x16 Debug/Drivers/GPIO/IOPin.o
                0x08001122                GpioState&& std::forward<GpioState>(std::remove_reference<GpioState>::type&)
 .text._ZN9ContainerI15IOPinPropertiesJ8GpioPort7GpioPin8GpioMode9GpioStateEE18setAllMemberValuesIJS1_S2_S3_S4_EEEvDpOT_
                0x08001138       0x5c Debug/Drivers/GPIO/IOPin.o
                0x08001138                void Container<IOPinProperties, GpioPort, GpioPin, GpioMode, GpioState>::setAllMemberValues<GpioPort, GpioPin, GpioMode, GpioState>(GpioPort&&, GpioPin&&, GpioMode&&, GpioState&&)
 .text._ZNSt6bitsetILj4EE3setEjb
                0x08001194       0x34 Debug/Drivers/GPIO/IOPin.o
                0x08001194                std::bitset<4u>::set(unsigned int, bool)
 .text._ZNSt5tupleIJPFbRK8GpioPortP14PeripheralBaseI12GPIO_TypeDef16IOPinStatusCodes9ContainerI15IOPinPropertiesJS0_7GpioPin8GpioMode9GpioStateEEJEEEPFbRKS8_SD_EPFbRKS9_SD_EPFbRKSA_SD_EEEC2IJSF_SJ_SN_SR_ELb1ELb1EEEDpOT_
                0x080011c8       0x4c Debug/Drivers/GPIO/IOPin.o
                0x080011c8                std::tuple<bool (*)(GpioPort const&, PeripheralBase<GPIO_TypeDef, IOPinStatusCodes, Container<IOPinProperties, GpioPort, GpioPin, GpioMode, GpioState>>*), bool (*)(GpioPin const&, PeripheralBase<GPIO_TypeDef, IOPinStatusCodes, Container<IOPinProperties, GpioPort, GpioPin, GpioMode, GpioState>>*), bool (*)(GpioMode const&, PeripheralBase<GPIO_TypeDef, IOPinStatusCodes, Container<IOPinProperties, GpioPort, GpioPin, GpioMode, GpioState>>*), bool (*)(GpioState const&, PeripheralBase<GPIO_TypeDef, IOPinStatusCodes, Container<IOPinProperties, GpioPort, GpioPin, GpioMode, GpioState>>*)>::tuple<bool (*)(GpioPort const&, PeripheralBase<GPIO_TypeDef, IOPinStatusCodes, Container<IOPinProperties, GpioPort, GpioPin, GpioMode, GpioState>>*), bool (*)(GpioPin const&, PeripheralBase<GPIO_TypeDef, IOPinStatusCodes, Container<IOPinProperties, GpioPort, GpioPin, GpioMode, GpioState>>*), bool (*)(GpioMode const&, PeripheralBase<GPIO_TypeDef, IOPinStatusCodes, Container<IOPinProperties, GpioPort, GpioPin, GpioMode, GpioState>>*), bool (*)(GpioState const&, PeripheralBase<GPIO_TypeDef, IOPinStatusCodes, Container<IOPinProperties, GpioPort, GpioPin, GpioMode, GpioState>>*), true, true>(bool (*&&)(GpioPort const&, PeripheralBase<GPIO_TypeDef, IOPinStatusCodes, Container<IOPinProperties, GpioPort, GpioPin, GpioMode, GpioState>>*), bool (*&&)(GpioPin const&, PeripheralBase<GPIO_TypeDef, IOPinStatusCodes, Container<IOPinProperties, GpioPort, GpioPin, GpioMode, GpioState>>*), bool (*&&)(GpioMode const&, PeripheralBase<GPIO_TypeDef, IOPinStatusCodes, Container<IOPinProperties, GpioPort, GpioPin, GpioMode, GpioState>>*), bool (*&&)(GpioState const&, PeripheralBase<GPIO_TypeDef, IOPinStatusCodes, Container<IOPinProperties, GpioPort, GpioPin, GpioMode, GpioState>>*))
                0x080011c8                std::tuple<bool (*)(GpioPort const&, PeripheralBase<GPIO_TypeDef, IOPinStatusCodes, Container<IOPinProperties, GpioPort, GpioPin, GpioMode, GpioState>>*), bool (*)(GpioPin const&, PeripheralBase<GPIO_TypeDef, IOPinStatusCodes, Container<IOPinProperties, GpioPort, GpioPin, GpioMode, GpioState>>*), bool (*)(GpioMode const&, PeripheralBase<GPIO_TypeDef, IOPinStatusCodes, Container<IOPinProperties, GpioPort, GpioPin, GpioMode, GpioState>>*), bool (*)(GpioState const&, PeripheralBase<GPIO_TypeDef, IOPinStatusCodes, Container<IOPinProperties, GpioPort, GpioPin, GpioMode, GpioState>>*)>::tuple<bool (*)(GpioPort const&, PeripheralBase<GPIO_TypeDef, IOPinStatusCodes, Container<IOPinProperties, GpioPort, GpioPin, GpioMode, GpioState>>*), bool (*)(GpioPin const&, PeripheralBase<GPIO_TypeDef, IOPinStatusCodes, Container<IOPinProperties, GpioPort, GpioPin, GpioMode, GpioState>>*), bool (*)(GpioMode const&, PeripheralBase<GPIO_TypeDef, IOPinStatusCodes, Container<IOPinProperties, GpioPort, GpioPin, GpioMode, GpioState>>*), bool (*)(GpioState const&, PeripheralBase<GPIO_TypeDef, IOPinStatusCodes, Container<IOPinProperties, GpioPort, GpioPin, GpioMode, GpioState>>*), true, true>(bool (*&&)(GpioPort const&, PeripheralBase<GPIO_TypeDef, IOPinStatusCodes, Container<IOPinProperties, GpioPort, GpioPin, GpioMode, GpioState>>*), bool (*&&)(GpioPin const&, PeripheralBase<GPIO_TypeDef, IOPinStatusCodes, Container<IOPinProperties, GpioPort, GpioPin, GpioMode, GpioState>>*), bool (*&&)(GpioMode const&, PeripheralBase<GPIO_TypeDef, IOPinStatusCodes, Container<IOPinProperties, GpioPort, GpioPin, GpioMode, GpioState>>*), bool (*&&)(GpioState const&, PeripheralBase<GPIO_TypeDef, IOPinStatusCodes, Container<IOPinProperties, GpioPort, GpioPin, GpioMode, GpioState>>*))
 .text._ZN13ContainerBaseIJ8GpioPort7GpioPin8GpioMode9GpioStateEEC2Ev
                0x08001214       0x28 Debug/Drivers/GPIO/IOPin.o
                0x08001214                ContainerBase<GpioPort, GpioPin, GpioMode, GpioState>::ContainerBase()
                0x08001214                ContainerBase<GpioPort, GpioPin, GpioMode, GpioState>::ContainerBase()
 .text._ZN13ContainerBaseIJ8GpioPort7GpioPin8GpioMode9GpioStateEED2Ev
                0x0800123c       0x20 Debug/Drivers/GPIO/IOPin.o
                0x0800123c                ContainerBase<GpioPort, GpioPin, GpioMode, GpioState>::~ContainerBase()
                0x0800123c                ContainerBase<GpioPort, GpioPin, GpioMode, GpioState>::~ContainerBase()
 .text._ZN13ContainerBaseIJ8GpioPort7GpioPin8GpioMode9GpioStateEED0Ev
                0x0800125c       0x20 Debug/Drivers/GPIO/IOPin.o
                0x0800125c                ContainerBase<GpioPort, GpioPin, GpioMode, GpioState>::~ContainerBase()
 .text._ZN9ContainerI15IOPinPropertiesJPFbRK8GpioPortP14PeripheralBaseI12GPIO_TypeDef16IOPinStatusCodesS_IS0_JS1_7GpioPin8GpioMode9GpioStateEEJEEEPFbRKS7_SC_EPFbRKS8_SC_EPFbRKS9_SC_EEEC2Ev
                0x0800127c       0x24 Debug/Drivers/GPIO/IOPin.o
                0x0800127c                Container<IOPinProperties, bool (*)(GpioPort const&, PeripheralBase<GPIO_TypeDef, IOPinStatusCodes, Container<IOPinProperties, GpioPort, GpioPin, GpioMode, GpioState>>*), bool (*)(GpioPin const&, PeripheralBase<GPIO_TypeDef, IOPinStatusCodes, Container<IOPinProperties, GpioPort, GpioPin, GpioMode, GpioState>>*), bool (*)(GpioMode const&, PeripheralBase<GPIO_TypeDef, IOPinStatusCodes, Container<IOPinProperties, GpioPort, GpioPin, GpioMode, GpioState>>*), bool (*)(GpioState const&, PeripheralBase<GPIO_TypeDef, IOPinStatusCodes, Container<IOPinProperties, GpioPort, GpioPin, GpioMode, GpioState>>*)>::Container()
                0x0800127c                Container<IOPinProperties, bool (*)(GpioPort const&, PeripheralBase<GPIO_TypeDef, IOPinStatusCodes, Container<IOPinProperties, GpioPort, GpioPin, GpioMode, GpioState>>*), bool (*)(GpioPin const&, PeripheralBase<GPIO_TypeDef, IOPinStatusCodes, Container<IOPinProperties, GpioPort, GpioPin, GpioMode, GpioState>>*), bool (*)(GpioMode const&, PeripheralBase<GPIO_TypeDef, IOPinStatusCodes, Container<IOPinProperties, GpioPort, GpioPin, GpioMode, GpioState>>*), bool (*)(GpioState const&, PeripheralBase<GPIO_TypeDef, IOPinStatusCodes, Container<IOPinProperties, GpioPort, GpioPin, GpioMode, GpioState>>*)>::Container()
 .text._ZN9ContainerI15IOPinPropertiesJPFbRK8GpioPortP14PeripheralBaseI12GPIO_TypeDef16IOPinStatusCodesS_IS0_JS1_7GpioPin8GpioMode9GpioStateEEJEEEPFbRKS7_SC_EPFbRKS8_SC_EPFbRKS9_SC_EEEaSERKSR_
                0x080012a0       0x24 Debug/Drivers/GPIO/IOPin.o
                0x080012a0                Container<IOPinProperties, bool (*)(GpioPort const&, PeripheralBase<GPIO_TypeDef, IOPinStatusCodes, Container<IOPinProperties, GpioPort, GpioPin, GpioMode, GpioState>>*), bool (*)(GpioPin const&, PeripheralBase<GPIO_TypeDef, IOPinStatusCodes, Container<IOPinProperties, GpioPort, GpioPin, GpioMode, GpioState>>*), bool (*)(GpioMode const&, PeripheralBase<GPIO_TypeDef, IOPinStatusCodes, Container<IOPinProperties, GpioPort, GpioPin, GpioMode, GpioState>>*), bool (*)(GpioState const&, PeripheralBase<GPIO_TypeDef, IOPinStatusCodes, Container<IOPinProperties, GpioPort, GpioPin, GpioMode, GpioState>>*)>::operator=(Container<IOPinProperties, bool (*)(GpioPort const&, PeripheralBase<GPIO_TypeDef, IOPinStatusCodes, Container<IOPinProperties, GpioPort, GpioPin, GpioMode, GpioState>>*), bool (*)(GpioPin const&, PeripheralBase<GPIO_TypeDef, IOPinStatusCodes, Container<IOPinProperties, GpioPort, GpioPin, GpioMode, GpioState>>*), bool (*)(GpioMode const&, PeripheralBase<GPIO_TypeDef, IOPinStatusCodes, Container<IOPinProperties, GpioPort, GpioPin, GpioMode, GpioState>>*), bool (*)(GpioState const&, PeripheralBase<GPIO_TypeDef, IOPinStatusCodes, Container<IOPinProperties, GpioPort, GpioPin, GpioMode, GpioState>>*)> const&)
 .text._ZNKSt6bitsetILj4EE8_M_checkEjPKc
                0x080012c4       0x2c Debug/Drivers/GPIO/IOPin.o
                0x080012c4                std::bitset<4u>::_M_check(unsigned int, char const*) const
 .text._ZNKSt6bitsetILj4EE15_Unchecked_testEj
                0x080012f0       0x32 Debug/Drivers/GPIO/IOPin.o
                0x080012f0                std::bitset<4u>::_Unchecked_test(unsigned int) const
 .text._ZSt12__get_helperILj0E8GpioPortJ7GpioPin8GpioMode9GpioStateEERT0_RSt11_Tuple_implIXT_EJS4_DpT1_EE
                0x08001322       0x18 Debug/Drivers/GPIO/IOPin.o
                0x08001322                GpioPort& std::__get_helper<0u, GpioPort, GpioPin, GpioMode, GpioState>(std::_Tuple_impl<0u, GpioPort, GpioPin, GpioMode, GpioState>&)
 .text._ZN14PeripheralBaseI12GPIO_TypeDef16IOPinStatusCodes9ContainerI15IOPinPropertiesJ8GpioPort7GpioPin8GpioMode9GpioStateEEJEE10isValueSetIS4_EESt6vectorIhSaIhEERKT_
                0x0800133a       0x22 Debug/Drivers/GPIO/IOPin.o
                0x0800133a                std::vector<unsigned char, std::allocator<unsigned char> > PeripheralBase<GPIO_TypeDef, IOPinStatusCodes, Container<IOPinProperties, GpioPort, GpioPin, GpioMode, GpioState>>::isValueSet<GpioPort>(GpioPort const&)
 .text._ZNSt6vectorIhSaIhEED2Ev
                0x0800135c       0x36 Debug/Drivers/GPIO/IOPin.o
                0x0800135c                std::vector<unsigned char, std::allocator<unsigned char> >::~vector()
                0x0800135c                std::vector<unsigned char, std::allocator<unsigned char> >::~vector()
 .text._ZNKSt6vectorIhSaIhEE4sizeEv
                0x08001392       0x1e Debug/Drivers/GPIO/IOPin.o
                0x08001392                std::vector<unsigned char, std::allocator<unsigned char> >::size() const
 .text._ZSt12__get_helperILj1E7GpioPinJ8GpioMode9GpioStateEERT0_RSt11_Tuple_implIXT_EJS3_DpT1_EE
                0x080013b0       0x18 Debug/Drivers/GPIO/IOPin.o
                0x080013b0                GpioPin& std::__get_helper<1u, GpioPin, GpioMode, GpioState>(std::_Tuple_impl<1u, GpioPin, GpioMode, GpioState>&)
 .text._ZN14PeripheralBaseI12GPIO_TypeDef16IOPinStatusCodes9ContainerI15IOPinPropertiesJ8GpioPort7GpioPin8GpioMode9GpioStateEEJEE10isValueSetIS5_EESt6vectorIhSaIhEERKT_
                0x080013c8       0x22 Debug/Drivers/GPIO/IOPin.o
                0x080013c8                std::vector<unsigned char, std::allocator<unsigned char> > PeripheralBase<GPIO_TypeDef, IOPinStatusCodes, Container<IOPinProperties, GpioPort, GpioPin, GpioMode, GpioState>>::isValueSet<GpioPin>(GpioPin const&)
 .text._ZSt12__get_helperILj2E8GpioModeJ9GpioStateEERT0_RSt11_Tuple_implIXT_EJS2_DpT1_EE
                0x080013ea       0x18 Debug/Drivers/GPIO/IOPin.o
                0x080013ea                GpioMode& std::__get_helper<2u, GpioMode, GpioState>(std::_Tuple_impl<2u, GpioMode, GpioState>&)
 .text._ZN14PeripheralBaseI12GPIO_TypeDef16IOPinStatusCodes9ContainerI15IOPinPropertiesJ8GpioPort7GpioPin8GpioMode9GpioStateEEJEE10isValueSetIS6_EESt6vectorIhSaIhEERKT_
                0x08001402       0x22 Debug/Drivers/GPIO/IOPin.o
                0x08001402                std::vector<unsigned char, std::allocator<unsigned char> > PeripheralBase<GPIO_TypeDef, IOPinStatusCodes, Container<IOPinProperties, GpioPort, GpioPin, GpioMode, GpioState>>::isValueSet<GpioMode>(GpioMode const&)
 .text._ZSt12__get_helperILj3E9GpioStateJEERT0_RSt11_Tuple_implIXT_EJS1_DpT1_EE
                0x08001424       0x18 Debug/Drivers/GPIO/IOPin.o
                0x08001424                GpioState& std::__get_helper<3u, GpioState>(std::_Tuple_impl<3u, GpioState>&)
 .text._ZN14PeripheralBaseI12GPIO_TypeDef16IOPinStatusCodes9ContainerI15IOPinPropertiesJ8GpioPort7GpioPin8GpioMode9GpioStateEEJEE10isValueSetIS7_EESt6vectorIhSaIhEERKT_
                0x0800143c       0x22 Debug/Drivers/GPIO/IOPin.o
                0x0800143c                std::vector<unsigned char, std::allocator<unsigned char> > PeripheralBase<GPIO_TypeDef, IOPinStatusCodes, Container<IOPinProperties, GpioPort, GpioPin, GpioMode, GpioState>>::isValueSet<GpioState>(GpioState const&)
 .text._ZNSt5tupleIJ8GpioPort7GpioPin8GpioMode9GpioStateEEC2IJS0_S1_S2_S3_ELb1ELb1EEEDpOT_
                0x0800145e       0x4c Debug/Drivers/GPIO/IOPin.o
                0x0800145e                std::tuple<GpioPort, GpioPin, GpioMode, GpioState>::tuple<GpioPort, GpioPin, GpioMode, GpioState, true, true>(GpioPort&&, GpioPin&&, GpioMode&&, GpioState&&)
                0x0800145e                std::tuple<GpioPort, GpioPin, GpioMode, GpioState>::tuple<GpioPort, GpioPin, GpioMode, GpioState, true, true>(GpioPort&&, GpioPin&&, GpioMode&&, GpioState&&)
 .text._ZSt7forwardISt5tupleIJ8GpioPort7GpioPin8GpioMode9GpioStateEEEOT_RNSt16remove_referenceIS6_E4typeE
                0x080014aa       0x16 Debug/Drivers/GPIO/IOPin.o
                0x080014aa                std::tuple<GpioPort, GpioPin, GpioMode, GpioState>&& std::forward<std::tuple<GpioPort, GpioPin, GpioMode, GpioState> >(std::remove_reference<std::tuple<GpioPort, GpioPin, GpioMode, GpioState> >::type&)
 .text._ZN13ContainerBaseIJ8GpioPort7GpioPin8GpioMode9GpioStateEE18setAllMemberValuesILj0EJS0_S1_S2_S3_EEEvOSt5tupleIJDpT0_EE
                0x080014c0       0x42 Debug/Drivers/GPIO/IOPin.o
                0x080014c0                void ContainerBase<GpioPort, GpioPin, GpioMode, GpioState>::setAllMemberValues<0u, GpioPort, GpioPin, GpioMode, GpioState>(std::tuple<GpioPort, GpioPin, GpioMode, GpioState>&&)
 .text._ZNSt6bitsetILj4EE14_Unchecked_setEji
                0x08001502       0x54 Debug/Drivers/GPIO/IOPin.o
                0x08001502                std::bitset<4u>::_Unchecked_set(unsigned int, int)
 .text._ZNSt11_Tuple_implILj0EJPFbRK8GpioPortP14PeripheralBaseI12GPIO_TypeDef16IOPinStatusCodes9ContainerI15IOPinPropertiesJS0_7GpioPin8GpioMode9GpioStateEEJEEEPFbRKS8_SD_EPFbRKS9_SD_EPFbRKSA_SD_EEEC2ISF_JSJ_SN_SR_EvEEOT_DpOT0_
                0x08001556       0x52 Debug/Drivers/GPIO/IOPin.o
                0x08001556                std::_Tuple_impl<0u, bool (*)(GpioPort const&, PeripheralBase<GPIO_TypeDef, IOPinStatusCodes, Container<IOPinProperties, GpioPort, GpioPin, GpioMode, GpioState>>*), bool (*)(GpioPin const&, PeripheralBase<GPIO_TypeDef, IOPinStatusCodes, Container<IOPinProperties, GpioPort, GpioPin, GpioMode, GpioState>>*), bool (*)(GpioMode const&, PeripheralBase<GPIO_TypeDef, IOPinStatusCodes, Container<IOPinProperties, GpioPort, GpioPin, GpioMode, GpioState>>*), bool (*)(GpioState const&, PeripheralBase<GPIO_TypeDef, IOPinStatusCodes, Container<IOPinProperties, GpioPort, GpioPin, GpioMode, GpioState>>*)>::_Tuple_impl<bool (*)(GpioPort const&, PeripheralBase<GPIO_TypeDef, IOPinStatusCodes, Container<IOPinProperties, GpioPort, GpioPin, GpioMode, GpioState>>*), bool (*)(GpioPin const&, PeripheralBase<GPIO_TypeDef, IOPinStatusCodes, Container<IOPinProperties, GpioPort, GpioPin, GpioMode, GpioState>>*), bool (*)(GpioMode const&, PeripheralBase<GPIO_TypeDef, IOPinStatusCodes, Container<IOPinProperties, GpioPort, GpioPin, GpioMode, GpioState>>*), bool (*)(GpioState const&, PeripheralBase<GPIO_TypeDef, IOPinStatusCodes, Container<IOPinProperties, GpioPort, GpioPin, GpioMode, GpioState>>*), void>(bool (*&&)(GpioPort const&, PeripheralBase<GPIO_TypeDef, IOPinStatusCodes, Container<IOPinProperties, GpioPort, GpioPin, GpioMode, GpioState>>*), bool (*&&)(GpioPin const&, PeripheralBase<GPIO_TypeDef, IOPinStatusCodes, Container<IOPinProperties, GpioPort, GpioPin, GpioMode, GpioState>>*), bool (*&&)(GpioMode const&, PeripheralBase<GPIO_TypeDef, IOPinStatusCodes, Container<IOPinProperties, GpioPort, GpioPin, GpioMode, GpioState>>*), bool (*&&)(GpioState const&, PeripheralBase<GPIO_TypeDef, IOPinStatusCodes, Container<IOPinProperties, GpioPort, GpioPin, GpioMode, GpioState>>*))
                0x08001556                std::_Tuple_impl<0u, bool (*)(GpioPort const&, PeripheralBase<GPIO_TypeDef, IOPinStatusCodes, Container<IOPinProperties, GpioPort, GpioPin, GpioMode, GpioState>>*), bool (*)(GpioPin const&, PeripheralBase<GPIO_TypeDef, IOPinStatusCodes, Container<IOPinProperties, GpioPort, GpioPin, GpioMode, GpioState>>*), bool (*)(GpioMode const&, PeripheralBase<GPIO_TypeDef, IOPinStatusCodes, Container<IOPinProperties, GpioPort, GpioPin, GpioMode, GpioState>>*), bool (*)(GpioState const&, PeripheralBase<GPIO_TypeDef, IOPinStatusCodes, Container<IOPinProperties, GpioPort, GpioPin, GpioMode, GpioState>>*)>::_Tuple_impl<bool (*)(GpioPort const&, PeripheralBase<GPIO_TypeDef, IOPinStatusCodes, Container<IOPinProperties, GpioPort, GpioPin, GpioMode, GpioState>>*), bool (*)(GpioPin const&, PeripheralBase<GPIO_TypeDef, IOPinStatusCodes, Container<IOPinProperties, GpioPort, GpioPin, GpioMode, GpioState>>*), bool (*)(GpioMode const&, PeripheralBase<GPIO_TypeDef, IOPinStatusCodes, Container<IOPinProperties, GpioPort, GpioPin, GpioMode, GpioState>>*), bool (*)(GpioState const&, PeripheralBase<GPIO_TypeDef, IOPinStatusCodes, Container<IOPinProperties, GpioPort, GpioPin, GpioMode, GpioState>>*), void>(bool (*&&)(GpioPort const&, PeripheralBase<GPIO_TypeDef, IOPinStatusCodes, Container<IOPinProperties, GpioPort, GpioPin, GpioMode, GpioState>>*), bool (*&&)(GpioPin const&, PeripheralBase<GPIO_TypeDef, IOPinStatusCodes, Container<IOPinProperties, GpioPort, GpioPin, GpioMode, GpioState>>*), bool (*&&)(GpioMode const&, PeripheralBase<GPIO_TypeDef, IOPinStatusCodes, Container<IOPinProperties, GpioPort, GpioPin, GpioMode, GpioState>>*), bool (*&&)(GpioState const&, PeripheralBase<GPIO_TypeDef, IOPinStatusCodes, Container<IOPinProperties, GpioPort, GpioPin, GpioMode, GpioState>>*))
 .text._ZNSt5tupleIJ8GpioPort7GpioPin8GpioMode9GpioStateEEC2IvLb1EEEv
                0x080015a8       0x1a Debug/Drivers/GPIO/IOPin.o
                0x080015a8                std::tuple<GpioPort, GpioPin, GpioMode, GpioState>::tuple<void, true>()
                0x080015a8                std::tuple<GpioPort, GpioPin, GpioMode, GpioState>::tuple<void, true>()
 *fill*         0x080015c2        0x2 
 .text._ZN13ContainerBaseIJPFbRK8GpioPortP14PeripheralBaseI12GPIO_TypeDef16IOPinStatusCodes9ContainerI15IOPinPropertiesJS0_7GpioPin8GpioMode9GpioStateEEJEEEPFbRKS8_SD_EPFbRKS9_SD_EPFbRKSA_SD_EEEC2Ev
                0x080015c4       0x28 Debug/Drivers/GPIO/IOPin.o
                0x080015c4                ContainerBase<bool (*)(GpioPort const&, PeripheralBase<GPIO_TypeDef, IOPinStatusCodes, Container<IOPinProperties, GpioPort, GpioPin, GpioMode, GpioState>>*), bool (*)(GpioPin const&, PeripheralBase<GPIO_TypeDef, IOPinStatusCodes, Container<IOPinProperties, GpioPort, GpioPin, GpioMode, GpioState>>*), bool (*)(GpioMode const&, PeripheralBase<GPIO_TypeDef, IOPinStatusCodes, Container<IOPinProperties, GpioPort, GpioPin, GpioMode, GpioState>>*), bool (*)(GpioState const&, PeripheralBase<GPIO_TypeDef, IOPinStatusCodes, Container<IOPinProperties, GpioPort, GpioPin, GpioMode, GpioState>>*)>::ContainerBase()
                0x080015c4                ContainerBase<bool (*)(GpioPort const&, PeripheralBase<GPIO_TypeDef, IOPinStatusCodes, Container<IOPinProperties, GpioPort, GpioPin, GpioMode, GpioState>>*), bool (*)(GpioPin const&, PeripheralBase<GPIO_TypeDef, IOPinStatusCodes, Container<IOPinProperties, GpioPort, GpioPin, GpioMode, GpioState>>*), bool (*)(GpioMode const&, PeripheralBase<GPIO_TypeDef, IOPinStatusCodes, Container<IOPinProperties, GpioPort, GpioPin, GpioMode, GpioState>>*), bool (*)(GpioState const&, PeripheralBase<GPIO_TypeDef, IOPinStatusCodes, Container<IOPinProperties, GpioPort, GpioPin, GpioMode, GpioState>>*)>::ContainerBase()
 .text._ZNSt5tupleIJPFbRK8GpioPortP14PeripheralBaseI12GPIO_TypeDef16IOPinStatusCodes9ContainerI15IOPinPropertiesJS0_7GpioPin8GpioMode9GpioStateEEJEEEPFbRKS8_SD_EPFbRKS9_SD_EPFbRKSA_SD_EEEaSERKSS_
                0x080015ec       0x20 Debug/Drivers/GPIO/IOPin.o
                0x080015ec                std::tuple<bool (*)(GpioPort const&, PeripheralBase<GPIO_TypeDef, IOPinStatusCodes, Container<IOPinProperties, GpioPort, GpioPin, GpioMode, GpioState>>*), bool (*)(GpioPin const&, PeripheralBase<GPIO_TypeDef, IOPinStatusCodes, Container<IOPinProperties, GpioPort, GpioPin, GpioMode, GpioState>>*), bool (*)(GpioMode const&, PeripheralBase<GPIO_TypeDef, IOPinStatusCodes, Container<IOPinProperties, GpioPort, GpioPin, GpioMode, GpioState>>*), bool (*)(GpioState const&, PeripheralBase<GPIO_TypeDef, IOPinStatusCodes, Container<IOPinProperties, GpioPort, GpioPin, GpioMode, GpioState>>*)>::operator=(std::tuple<bool (*)(GpioPort const&, PeripheralBase<GPIO_TypeDef, IOPinStatusCodes, Container<IOPinProperties, GpioPort, GpioPin, GpioMode, GpioState>>*), bool (*)(GpioPin const&, PeripheralBase<GPIO_TypeDef, IOPinStatusCodes, Container<IOPinProperties, GpioPort, GpioPin, GpioMode, GpioState>>*), bool (*)(GpioMode const&, PeripheralBase<GPIO_TypeDef, IOPinStatusCodes, Container<IOPinProperties, GpioPort, GpioPin, GpioMode, GpioState>>*), bool (*)(GpioState const&, PeripheralBase<GPIO_TypeDef, IOPinStatusCodes, Container<IOPinProperties, GpioPort, GpioPin, GpioMode, GpioState>>*)> const&)
 .text._ZNSt11_Tuple_implILj0EJ8GpioPort7GpioPin8GpioMode9GpioStateEE7_M_headERS4_
                0x0800160c       0x1c Debug/Drivers/GPIO/IOPin.o
                0x0800160c                std::_Tuple_impl<0u, GpioPort, GpioPin, GpioMode, GpioState>::_M_head(std::_Tuple_impl<0u, GpioPort, GpioPin, GpioMode, GpioState>&)
 .text._ZNSt12_Vector_baseIhSaIhEE12_Vector_implD2Ev
                0x08001628       0x18 Debug/Drivers/GPIO/IOPin.o
                0x08001628                std::_Vector_base<unsigned char, std::allocator<unsigned char> >::_Vector_impl::~_Vector_impl()
                0x08001628                std::_Vector_base<unsigned char, std::allocator<unsigned char> >::_Vector_impl::~_Vector_impl()
 .text._ZN9ContainerI15IOPinPropertiesJ8GpioPort7GpioPin8GpioMode9GpioStateEE16isTypeAndValueInIS1_EESt6vectorIhSaIhEERKT_
                0x08001640       0x38 Debug/Drivers/GPIO/IOPin.o
                0x08001640                std::vector<unsigned char, std::allocator<unsigned char> > Container<IOPinProperties, GpioPort, GpioPin, GpioMode, GpioState>::isTypeAndValueIn<GpioPort>(GpioPort const&)
 .text._ZNSt12_Vector_baseIhSaIhEED2Ev
                0x08001678       0x30 Debug/Drivers/GPIO/IOPin.o
                0x08001678                std::_Vector_base<unsigned char, std::allocator<unsigned char> >::~_Vector_base()
                0x08001678                std::_Vector_base<unsigned char, std::allocator<unsigned char> >::~_Vector_base()
 .text._ZNSt12_Vector_baseIhSaIhEE19_M_get_Tp_allocatorEv
                0x080016a8       0x16 Debug/Drivers/GPIO/IOPin.o
                0x080016a8                std::_Vector_base<unsigned char, std::allocator<unsigned char> >::_M_get_Tp_allocator()
 .text._ZSt8_DestroyIPhhEvT_S1_RSaIT0_E
                0x080016be       0x1c Debug/Drivers/GPIO/IOPin.o
                0x080016be                void std::_Destroy<unsigned char*, unsigned char>(unsigned char*, unsigned char*, std::allocator<unsigned char>&)
 .text._ZNSt11_Tuple_implILj1EJ7GpioPin8GpioMode9GpioStateEE7_M_headERS3_
                0x080016da       0x1c Debug/Drivers/GPIO/IOPin.o
                0x080016da                std::_Tuple_impl<1u, GpioPin, GpioMode, GpioState>::_M_head(std::_Tuple_impl<1u, GpioPin, GpioMode, GpioState>&)
 .text._ZN9ContainerI15IOPinPropertiesJ8GpioPort7GpioPin8GpioMode9GpioStateEE16isTypeAndValueInIS2_EESt6vectorIhSaIhEERKT_
                0x080016f6       0x38 Debug/Drivers/GPIO/IOPin.o
                0x080016f6                std::vector<unsigned char, std::allocator<unsigned char> > Container<IOPinProperties, GpioPort, GpioPin, GpioMode, GpioState>::isTypeAndValueIn<GpioPin>(GpioPin const&)
 .text._ZNSt11_Tuple_implILj2EJ8GpioMode9GpioStateEE7_M_headERS2_
                0x0800172e       0x1c Debug/Drivers/GPIO/IOPin.o
                0x0800172e                std::_Tuple_impl<2u, GpioMode, GpioState>::_M_head(std::_Tuple_impl<2u, GpioMode, GpioState>&)
 .text._ZN9ContainerI15IOPinPropertiesJ8GpioPort7GpioPin8GpioMode9GpioStateEE16isTypeAndValueInIS3_EESt6vectorIhSaIhEERKT_
                0x0800174a       0x38 Debug/Drivers/GPIO/IOPin.o
                0x0800174a                std::vector<unsigned char, std::allocator<unsigned char> > Container<IOPinProperties, GpioPort, GpioPin, GpioMode, GpioState>::isTypeAndValueIn<GpioMode>(GpioMode const&)
 .text._ZNSt11_Tuple_implILj3EJ9GpioStateEE7_M_headERS1_
                0x08001782       0x1a Debug/Drivers/GPIO/IOPin.o
                0x08001782                std::_Tuple_impl<3u, GpioState>::_M_head(std::_Tuple_impl<3u, GpioState>&)
 .text._ZN9ContainerI15IOPinPropertiesJ8GpioPort7GpioPin8GpioMode9GpioStateEE16isTypeAndValueInIS4_EESt6vectorIhSaIhEERKT_
                0x0800179c       0x38 Debug/Drivers/GPIO/IOPin.o
                0x0800179c                std::vector<unsigned char, std::allocator<unsigned char> > Container<IOPinProperties, GpioPort, GpioPin, GpioMode, GpioState>::isTypeAndValueIn<GpioState>(GpioState const&)
 .text._ZNSt11_Tuple_implILj0EJ8GpioPort7GpioPin8GpioMode9GpioStateEEC2IS0_JS1_S2_S3_EvEEOT_DpOT0_
                0x080017d4       0x52 Debug/Drivers/GPIO/IOPin.o
                0x080017d4                std::_Tuple_impl<0u, GpioPort, GpioPin, GpioMode, GpioState>::_Tuple_impl<GpioPort, GpioPin, GpioMode, GpioState, void>(GpioPort&&, GpioPin&&, GpioMode&&, GpioState&&)
                0x080017d4                std::_Tuple_impl<0u, GpioPort, GpioPin, GpioMode, GpioState>::_Tuple_impl<GpioPort, GpioPin, GpioMode, GpioState, void>(GpioPort&&, GpioPin&&, GpioMode&&, GpioState&&)
 .text._ZSt3getILj0EJ8GpioPort7GpioPin8GpioMode9GpioStateEEONSt13tuple_elementIXT_ESt5tupleIJDpT0_EEE4typeEOS8_
                0x08001826       0x22 Debug/Drivers/GPIO/IOPin.o
                0x08001826                std::tuple_element<0u, std::tuple<GpioPort, GpioPin, GpioMode, GpioState> >::type&& std::get<0u, GpioPort, GpioPin, GpioMode, GpioState>(std::tuple<GpioPort, GpioPin, GpioMode, GpioState>&&)
 .text._ZN13ContainerBaseIJ8GpioPort7GpioPin8GpioMode9GpioStateEE18setAllMemberValuesILj1EJS0_S1_S2_S3_EEEvOSt5tupleIJDpT0_EE
                0x08001848       0x42 Debug/Drivers/GPIO/IOPin.o
                0x08001848                void ContainerBase<GpioPort, GpioPin, GpioMode, GpioState>::setAllMemberValues<1u, GpioPort, GpioPin, GpioMode, GpioState>(std::tuple<GpioPort, GpioPin, GpioMode, GpioState>&&)
 .text._ZNSt11_Tuple_implILj1EJPFbRK7GpioPinP14PeripheralBaseI12GPIO_TypeDef16IOPinStatusCodes9ContainerI15IOPinPropertiesJ8GpioPortS0_8GpioMode9GpioStateEEJEEEPFbRKS9_SD_EPFbRKSA_SD_EEEC2ISF_JSJ_SN_EvEEOT_DpOT0_
                0x0800188a       0x4a Debug/Drivers/GPIO/IOPin.o
                0x0800188a                std::_Tuple_impl<1u, bool (*)(GpioPin const&, PeripheralBase<GPIO_TypeDef, IOPinStatusCodes, Container<IOPinProperties, GpioPort, GpioPin, GpioMode, GpioState>>*), bool (*)(GpioMode const&, PeripheralBase<GPIO_TypeDef, IOPinStatusCodes, Container<IOPinProperties, GpioPort, GpioPin, GpioMode, GpioState>>*), bool (*)(GpioState const&, PeripheralBase<GPIO_TypeDef, IOPinStatusCodes, Container<IOPinProperties, GpioPort, GpioPin, GpioMode, GpioState>>*)>::_Tuple_impl<bool (*)(GpioPin const&, PeripheralBase<GPIO_TypeDef, IOPinStatusCodes, Container<IOPinProperties, GpioPort, GpioPin, GpioMode, GpioState>>*), bool (*)(GpioMode const&, PeripheralBase<GPIO_TypeDef, IOPinStatusCodes, Container<IOPinProperties, GpioPort, GpioPin, GpioMode, GpioState>>*), bool (*)(GpioState const&, PeripheralBase<GPIO_TypeDef, IOPinStatusCodes, Container<IOPinProperties, GpioPort, GpioPin, GpioMode, GpioState>>*), void>(bool (*&&)(GpioPin const&, PeripheralBase<GPIO_TypeDef, IOPinStatusCodes, Container<IOPinProperties, GpioPort, GpioPin, GpioMode, GpioState>>*), bool (*&&)(GpioMode const&, PeripheralBase<GPIO_TypeDef, IOPinStatusCodes, Container<IOPinProperties, GpioPort, GpioPin, GpioMode, GpioState>>*), bool (*&&)(GpioState const&, PeripheralBase<GPIO_TypeDef, IOPinStatusCodes, Container<IOPinProperties, GpioPort, GpioPin, GpioMode, GpioState>>*))
                0x0800188a                std::_Tuple_impl<1u, bool (*)(GpioPin const&, PeripheralBase<GPIO_TypeDef, IOPinStatusCodes, Container<IOPinProperties, GpioPort, GpioPin, GpioMode, GpioState>>*), bool (*)(GpioMode const&, PeripheralBase<GPIO_TypeDef, IOPinStatusCodes, Container<IOPinProperties, GpioPort, GpioPin, GpioMode, GpioState>>*), bool (*)(GpioState const&, PeripheralBase<GPIO_TypeDef, IOPinStatusCodes, Container<IOPinProperties, GpioPort, GpioPin, GpioMode, GpioState>>*)>::_Tuple_impl<bool (*)(GpioPin const&, PeripheralBase<GPIO_TypeDef, IOPinStatusCodes, Container<IOPinProperties, GpioPort, GpioPin, GpioMode, GpioState>>*), bool (*)(GpioMode const&, PeripheralBase<GPIO_TypeDef, IOPinStatusCodes, Container<IOPinProperties, GpioPort, GpioPin, GpioMode, GpioState>>*), bool (*)(GpioState const&, PeripheralBase<GPIO_TypeDef, IOPinStatusCodes, Container<IOPinProperties, GpioPort, GpioPin, GpioMode, GpioState>>*), void>(bool (*&&)(GpioPin const&, PeripheralBase<GPIO_TypeDef, IOPinStatusCodes, Container<IOPinProperties, GpioPort, GpioPin, GpioMode, GpioState>>*), bool (*&&)(GpioMode const&, PeripheralBase<GPIO_TypeDef, IOPinStatusCodes, Container<IOPinProperties, GpioPort, GpioPin, GpioMode, GpioState>>*), bool (*&&)(GpioState const&, PeripheralBase<GPIO_TypeDef, IOPinStatusCodes, Container<IOPinProperties, GpioPort, GpioPin, GpioMode, GpioState>>*))
 .text._ZNSt10_Head_baseILj0EPFbRK8GpioPortP14PeripheralBaseI12GPIO_TypeDef16IOPinStatusCodes9ContainerI15IOPinPropertiesJS0_7GpioPin8GpioMode9GpioStateEEJEEELb0EEC2ISF_EEOT_
                0x080018d4       0x22 Debug/Drivers/GPIO/IOPin.o
                0x080018d4                std::_Head_base<0u, bool (*)(GpioPort const&, PeripheralBase<GPIO_TypeDef, IOPinStatusCodes, Container<IOPinProperties, GpioPort, GpioPin, GpioMode, GpioState>>*), false>::_Head_base<bool (*)(GpioPort const&, PeripheralBase<GPIO_TypeDef, IOPinStatusCodes, Container<IOPinProperties, GpioPort, GpioPin, GpioMode, GpioState>>*)>(bool (*&&)(GpioPort const&, PeripheralBase<GPIO_TypeDef, IOPinStatusCodes, Container<IOPinProperties, GpioPort, GpioPin, GpioMode, GpioState>>*))
                0x080018d4                std::_Head_base<0u, bool (*)(GpioPort const&, PeripheralBase<GPIO_TypeDef, IOPinStatusCodes, Container<IOPinProperties, GpioPort, GpioPin, GpioMode, GpioState>>*), false>::_Head_base<bool (*)(GpioPort const&, PeripheralBase<GPIO_TypeDef, IOPinStatusCodes, Container<IOPinProperties, GpioPort, GpioPin, GpioMode, GpioState>>*)>(bool (*&&)(GpioPort const&, PeripheralBase<GPIO_TypeDef, IOPinStatusCodes, Container<IOPinProperties, GpioPort, GpioPin, GpioMode, GpioState>>*))
 .text._ZNSt11_Tuple_implILj0EJ8GpioPort7GpioPin8GpioMode9GpioStateEEC2Ev
                0x080018f6       0x24 Debug/Drivers/GPIO/IOPin.o
                0x080018f6                std::_Tuple_impl<0u, GpioPort, GpioPin, GpioMode, GpioState>::_Tuple_impl()
                0x080018f6                std::_Tuple_impl<0u, GpioPort, GpioPin, GpioMode, GpioState>::_Tuple_impl()
 .text._ZNSt5tupleIJPFbRK8GpioPortP14PeripheralBaseI12GPIO_TypeDef16IOPinStatusCodes9ContainerI15IOPinPropertiesJS0_7GpioPin8GpioMode9GpioStateEEJEEEPFbRKS8_SD_EPFbRKS9_SD_EPFbRKSA_SD_EEEC2IvLb1EEEv
                0x0800191a       0x1a Debug/Drivers/GPIO/IOPin.o
                0x0800191a                std::tuple<bool (*)(GpioPort const&, PeripheralBase<GPIO_TypeDef, IOPinStatusCodes, Container<IOPinProperties, GpioPort, GpioPin, GpioMode, GpioState>>*), bool (*)(GpioPin const&, PeripheralBase<GPIO_TypeDef, IOPinStatusCodes, Container<IOPinProperties, GpioPort, GpioPin, GpioMode, GpioState>>*), bool (*)(GpioMode const&, PeripheralBase<GPIO_TypeDef, IOPinStatusCodes, Container<IOPinProperties, GpioPort, GpioPin, GpioMode, GpioState>>*), bool (*)(GpioState const&, PeripheralBase<GPIO_TypeDef, IOPinStatusCodes, Container<IOPinProperties, GpioPort, GpioPin, GpioMode, GpioState>>*)>::tuple<void, true>()
                0x0800191a                std::tuple<bool (*)(GpioPort const&, PeripheralBase<GPIO_TypeDef, IOPinStatusCodes, Container<IOPinProperties, GpioPort, GpioPin, GpioMode, GpioState>>*), bool (*)(GpioPin const&, PeripheralBase<GPIO_TypeDef, IOPinStatusCodes, Container<IOPinProperties, GpioPort, GpioPin, GpioMode, GpioState>>*), bool (*)(GpioMode const&, PeripheralBase<GPIO_TypeDef, IOPinStatusCodes, Container<IOPinProperties, GpioPort, GpioPin, GpioMode, GpioState>>*), bool (*)(GpioState const&, PeripheralBase<GPIO_TypeDef, IOPinStatusCodes, Container<IOPinProperties, GpioPort, GpioPin, GpioMode, GpioState>>*)>::tuple<void, true>()
 .text._ZNSt11_Tuple_implILj0EJPFbRK8GpioPortP14PeripheralBaseI12GPIO_TypeDef16IOPinStatusCodes9ContainerI15IOPinPropertiesJS0_7GpioPin8GpioMode9GpioStateEEJEEEPFbRKS8_SD_EPFbRKS9_SD_EPFbRKSA_SD_EEE9_M_assignIJSF_SJ_SN_SR_EEEvRKS_ILj0EJDpT_EE
                0x08001934       0x3e Debug/Drivers/GPIO/IOPin.o
                0x08001934                void std::_Tuple_impl<0u, bool (*)(GpioPort const&, PeripheralBase<GPIO_TypeDef, IOPinStatusCodes, Container<IOPinProperties, GpioPort, GpioPin, GpioMode, GpioState>>*), bool (*)(GpioPin const&, PeripheralBase<GPIO_TypeDef, IOPinStatusCodes, Container<IOPinProperties, GpioPort, GpioPin, GpioMode, GpioState>>*), bool (*)(GpioMode const&, PeripheralBase<GPIO_TypeDef, IOPinStatusCodes, Container<IOPinProperties, GpioPort, GpioPin, GpioMode, GpioState>>*), bool (*)(GpioState const&, PeripheralBase<GPIO_TypeDef, IOPinStatusCodes, Container<IOPinProperties, GpioPort, GpioPin, GpioMode, GpioState>>*)>::_M_assign<bool (*)(GpioPort const&, PeripheralBase<GPIO_TypeDef, IOPinStatusCodes, Container<IOPinProperties, GpioPort, GpioPin, GpioMode, GpioState>>*), bool (*)(GpioPin const&, PeripheralBase<GPIO_TypeDef, IOPinStatusCodes, Container<IOPinProperties, GpioPort, GpioPin, GpioMode, GpioState>>*), bool (*)(GpioMode const&, PeripheralBase<GPIO_TypeDef, IOPinStatusCodes, Container<IOPinProperties, GpioPort, GpioPin, GpioMode, GpioState>>*), bool (*)(GpioState const&, PeripheralBase<GPIO_TypeDef, IOPinStatusCodes, Container<IOPinProperties, GpioPort, GpioPin, GpioMode, GpioState>>*)>(std::_Tuple_impl<0u, bool (*)(GpioPort const&, PeripheralBase<GPIO_TypeDef, IOPinStatusCodes, Container<IOPinProperties, GpioPort, GpioPin, GpioMode, GpioState>>*), bool (*)(GpioPin const&, PeripheralBase<GPIO_TypeDef, IOPinStatusCodes, Container<IOPinProperties, GpioPort, GpioPin, GpioMode, GpioState>>*), bool (*)(GpioMode const&, PeripheralBase<GPIO_TypeDef, IOPinStatusCodes, Container<IOPinProperties, GpioPort, GpioPin, GpioMode, GpioState>>*), bool (*)(GpioState const&, PeripheralBase<GPIO_TypeDef, IOPinStatusCodes, Container<IOPinProperties, GpioPort, GpioPin, GpioMode, GpioState>>*)> const&)
 .text._ZNSt10_Head_baseILj0E8GpioPortLb0EE7_M_headERS1_
                0x08001972       0x16 Debug/Drivers/GPIO/IOPin.o
                0x08001972                std::_Head_base<0u, GpioPort, false>::_M_head(std::_Head_base<0u, GpioPort, false>&)
 .text._ZNSaIhED2Ev
                0x08001988       0x16 Debug/Drivers/GPIO/IOPin.o
                0x08001988                std::allocator<unsigned char>::~allocator()
                0x08001988                std::allocator<unsigned char>::~allocator()
 .text._ZN13ContainerBaseIJ8GpioPort7GpioPin8GpioMode9GpioStateEE16isTypeAndValueInILj0ES0_EEvRKT0_RSt6vectorIhSaIhEE
                0x0800199e       0x46 Debug/Drivers/GPIO/IOPin.o
                0x0800199e                void ContainerBase<GpioPort, GpioPin, GpioMode, GpioState>::isTypeAndValueIn<0u, GpioPort>(GpioPort const&, std::vector<unsigned char, std::allocator<unsigned char> >&)
 .text._ZNSt12_Vector_baseIhSaIhEE13_M_deallocateEPhj
                0x080019e4       0x26 Debug/Drivers/GPIO/IOPin.o
                0x080019e4                std::_Vector_base<unsigned char, std::allocator<unsigned char> >::_M_deallocate(unsigned char*, unsigned int)
 .text._ZSt8_DestroyIPhEvT_S1_
                0x08001a0a       0x2c Debug/Drivers/GPIO/IOPin.o
                0x08001a0a                void std::_Destroy<unsigned char*>(unsigned char*, unsigned char*)
 .text._ZNSt10_Head_baseILj1E7GpioPinLb0EE7_M_headERS1_
                0x08001a36       0x16 Debug/Drivers/GPIO/IOPin.o
                0x08001a36                std::_Head_base<1u, GpioPin, false>::_M_head(std::_Head_base<1u, GpioPin, false>&)
 .text._ZN13ContainerBaseIJ8GpioPort7GpioPin8GpioMode9GpioStateEE16isTypeAndValueInILj0ES1_EEvRKT0_RSt6vectorIhSaIhEE
                0x08001a4c       0x2a Debug/Drivers/GPIO/IOPin.o
                0x08001a4c                void ContainerBase<GpioPort, GpioPin, GpioMode, GpioState>::isTypeAndValueIn<0u, GpioPin>(GpioPin const&, std::vector<unsigned char, std::allocator<unsigned char> >&)
 .text._ZNSt10_Head_baseILj2E8GpioModeLb0EE7_M_headERS1_
                0x08001a76       0x16 Debug/Drivers/GPIO/IOPin.o
                0x08001a76                std::_Head_base<2u, GpioMode, false>::_M_head(std::_Head_base<2u, GpioMode, false>&)
 .text._ZN13ContainerBaseIJ8GpioPort7GpioPin8GpioMode9GpioStateEE16isTypeAndValueInILj0ES2_EEvRKT0_RSt6vectorIhSaIhEE
                0x08001a8c       0x2a Debug/Drivers/GPIO/IOPin.o
                0x08001a8c                void ContainerBase<GpioPort, GpioPin, GpioMode, GpioState>::isTypeAndValueIn<0u, GpioMode>(GpioMode const&, std::vector<unsigned char, std::allocator<unsigned char> >&)
 .text._ZNSt10_Head_baseILj3E9GpioStateLb0EE7_M_headERS1_
                0x08001ab6       0x16 Debug/Drivers/GPIO/IOPin.o
                0x08001ab6                std::_Head_base<3u, GpioState, false>::_M_head(std::_Head_base<3u, GpioState, false>&)
 .text._ZN13ContainerBaseIJ8GpioPort7GpioPin8GpioMode9GpioStateEE16isTypeAndValueInILj0ES3_EEvRKT0_RSt6vectorIhSaIhEE
                0x08001acc       0x2a Debug/Drivers/GPIO/IOPin.o
                0x08001acc                void ContainerBase<GpioPort, GpioPin, GpioMode, GpioState>::isTypeAndValueIn<0u, GpioState>(GpioState const&, std::vector<unsigned char, std::allocator<unsigned char> >&)
 .text._ZNSt11_Tuple_implILj1EJ7GpioPin8GpioMode9GpioStateEEC2IS0_JS1_S2_EvEEOT_DpOT0_
                0x08001af6       0x4a Debug/Drivers/GPIO/IOPin.o
                0x08001af6                std::_Tuple_impl<1u, GpioPin, GpioMode, GpioState>::_Tuple_impl<GpioPin, GpioMode, GpioState, void>(GpioPin&&, GpioMode&&, GpioState&&)
                0x08001af6                std::_Tuple_impl<1u, GpioPin, GpioMode, GpioState>::_Tuple_impl<GpioPin, GpioMode, GpioState, void>(GpioPin&&, GpioMode&&, GpioState&&)
 .text._ZNSt10_Head_baseILj0E8GpioPortLb0EEC2IS0_EEOT_
                0x08001b40       0x22 Debug/Drivers/GPIO/IOPin.o
                0x08001b40                std::_Head_base<0u, GpioPort, false>::_Head_base<GpioPort>(GpioPort&&)
                0x08001b40                std::_Head_base<0u, GpioPort, false>::_Head_base<GpioPort>(GpioPort&&)
 .text._ZSt3getILj1EJ8GpioPort7GpioPin8GpioMode9GpioStateEEONSt13tuple_elementIXT_ESt5tupleIJDpT0_EEE4typeEOS8_
                0x08001b62       0x22 Debug/Drivers/GPIO/IOPin.o
                0x08001b62                std::tuple_element<1u, std::tuple<GpioPort, GpioPin, GpioMode, GpioState> >::type&& std::get<1u, GpioPort, GpioPin, GpioMode, GpioState>(std::tuple<GpioPort, GpioPin, GpioMode, GpioState>&&)
 .text._ZN13ContainerBaseIJ8GpioPort7GpioPin8GpioMode9GpioStateEE18setAllMemberValuesILj2EJS0_S1_S2_S3_EEEvOSt5tupleIJDpT0_EE
                0x08001b84       0x42 Debug/Drivers/GPIO/IOPin.o
                0x08001b84                void ContainerBase<GpioPort, GpioPin, GpioMode, GpioState>::setAllMemberValues<2u, GpioPort, GpioPin, GpioMode, GpioState>(std::tuple<GpioPort, GpioPin, GpioMode, GpioState>&&)
 .text._ZNSt11_Tuple_implILj2EJPFbRK8GpioModeP14PeripheralBaseI12GPIO_TypeDef16IOPinStatusCodes9ContainerI15IOPinPropertiesJ8GpioPort7GpioPinS0_9GpioStateEEJEEEPFbRKSA_SD_EEEC2ISF_JSJ_EvEEOT_DpOT0_
                0x08001bc6       0x3c Debug/Drivers/GPIO/IOPin.o
                0x08001bc6                std::_Tuple_impl<2u, bool (*)(GpioMode const&, PeripheralBase<GPIO_TypeDef, IOPinStatusCodes, Container<IOPinProperties, GpioPort, GpioPin, GpioMode, GpioState>>*), bool (*)(GpioState const&, PeripheralBase<GPIO_TypeDef, IOPinStatusCodes, Container<IOPinProperties, GpioPort, GpioPin, GpioMode, GpioState>>*)>::_Tuple_impl<bool (*)(GpioMode const&, PeripheralBase<GPIO_TypeDef, IOPinStatusCodes, Container<IOPinProperties, GpioPort, GpioPin, GpioMode, GpioState>>*), bool (*)(GpioState const&, PeripheralBase<GPIO_TypeDef, IOPinStatusCodes, Container<IOPinProperties, GpioPort, GpioPin, GpioMode, GpioState>>*), void>(bool (*&&)(GpioMode const&, PeripheralBase<GPIO_TypeDef, IOPinStatusCodes, Container<IOPinProperties, GpioPort, GpioPin, GpioMode, GpioState>>*), bool (*&&)(GpioState const&, PeripheralBase<GPIO_TypeDef, IOPinStatusCodes, Container<IOPinProperties, GpioPort, GpioPin, GpioMode, GpioState>>*))
                0x08001bc6                std::_Tuple_impl<2u, bool (*)(GpioMode const&, PeripheralBase<GPIO_TypeDef, IOPinStatusCodes, Container<IOPinProperties, GpioPort, GpioPin, GpioMode, GpioState>>*), bool (*)(GpioState const&, PeripheralBase<GPIO_TypeDef, IOPinStatusCodes, Container<IOPinProperties, GpioPort, GpioPin, GpioMode, GpioState>>*)>::_Tuple_impl<bool (*)(GpioMode const&, PeripheralBase<GPIO_TypeDef, IOPinStatusCodes, Container<IOPinProperties, GpioPort, GpioPin, GpioMode, GpioState>>*), bool (*)(GpioState const&, PeripheralBase<GPIO_TypeDef, IOPinStatusCodes, Container<IOPinProperties, GpioPort, GpioPin, GpioMode, GpioState>>*), void>(bool (*&&)(GpioMode const&, PeripheralBase<GPIO_TypeDef, IOPinStatusCodes, Container<IOPinProperties, GpioPort, GpioPin, GpioMode, GpioState>>*), bool (*&&)(GpioState const&, PeripheralBase<GPIO_TypeDef, IOPinStatusCodes, Container<IOPinProperties, GpioPort, GpioPin, GpioMode, GpioState>>*))
 .text._ZNSt10_Head_baseILj1EPFbRK7GpioPinP14PeripheralBaseI12GPIO_TypeDef16IOPinStatusCodes9ContainerI15IOPinPropertiesJ8GpioPortS0_8GpioMode9GpioStateEEJEEELb0EEC2ISF_EEOT_
                0x08001c02       0x22 Debug/Drivers/GPIO/IOPin.o
                0x08001c02                std::_Head_base<1u, bool (*)(GpioPin const&, PeripheralBase<GPIO_TypeDef, IOPinStatusCodes, Container<IOPinProperties, GpioPort, GpioPin, GpioMode, GpioState>>*), false>::_Head_base<bool (*)(GpioPin const&, PeripheralBase<GPIO_TypeDef, IOPinStatusCodes, Container<IOPinProperties, GpioPort, GpioPin, GpioMode, GpioState>>*)>(bool (*&&)(GpioPin const&, PeripheralBase<GPIO_TypeDef, IOPinStatusCodes, Container<IOPinProperties, GpioPort, GpioPin, GpioMode, GpioState>>*))
                0x08001c02                std::_Head_base<1u, bool (*)(GpioPin const&, PeripheralBase<GPIO_TypeDef, IOPinStatusCodes, Container<IOPinProperties, GpioPort, GpioPin, GpioMode, GpioState>>*), false>::_Head_base<bool (*)(GpioPin const&, PeripheralBase<GPIO_TypeDef, IOPinStatusCodes, Container<IOPinProperties, GpioPort, GpioPin, GpioMode, GpioState>>*)>(bool (*&&)(GpioPin const&, PeripheralBase<GPIO_TypeDef, IOPinStatusCodes, Container<IOPinProperties, GpioPort, GpioPin, GpioMode, GpioState>>*))
 .text._ZNSt11_Tuple_implILj1EJ7GpioPin8GpioMode9GpioStateEEC2Ev
                0x08001c24       0x24 Debug/Drivers/GPIO/IOPin.o
                0x08001c24                std::_Tuple_impl<1u, GpioPin, GpioMode, GpioState>::_Tuple_impl()
                0x08001c24                std::_Tuple_impl<1u, GpioPin, GpioMode, GpioState>::_Tuple_impl()
 .text._ZNSt10_Head_baseILj0E8GpioPortLb0EEC2Ev
                0x08001c48       0x1c Debug/Drivers/GPIO/IOPin.o