Archive member included to satisfy reference by file (symbol)

/usr/bin/../lib/gcc/arm-none-eabi/12.2.1/../../../../arm-none-eabi/lib/thumb/v7e-m+fp/hard/libc_nano.a(libc_a-exit.o)
                              /usr/bin/../lib/gcc/arm-none-eabi/12.2.1/../../../../arm-none-eabi/lib/thumb/v7e-m+fp/hard/crt0.o (exit)
/usr/bin/../lib/gcc/arm-none-eabi/12.2.1/../../../../arm-none-eabi/lib/thumb/v7e-m+fp/hard/libc_nano.a(libc_a-init.o)
                              /usr/bin/../lib/gcc/arm-none-eabi/12.2.1/../../../../arm-none-eabi/lib/thumb/v7e-m+fp/hard/crt0.o (__libc_init_array)
/usr/bin/../lib/gcc/arm-none-eabi/12.2.1/../../../../arm-none-eabi/lib/thumb/v7e-m+fp/hard/libc_nano.a(libc_a-findfp.o)
                              /usr/bin/../lib/gcc/arm-none-eabi/12.2.1/../../../../arm-none-eabi/lib/thumb/v7e-m+fp/hard/libc_nano.a(libc_a-exit.o) (__stdio_exit_handler)
/usr/bin/../lib/gcc/arm-none-eabi/12.2.1/../../../../arm-none-eabi/lib/thumb/v7e-m+fp/hard/libc_nano.a(libc_a-stdio.o)
                              /usr/bin/../lib/gcc/arm-none-eabi/12.2.1/../../../../arm-none-eabi/lib/thumb/v7e-m+fp/hard/libc_nano.a(libc_a-findfp.o) (__sread)
/usr/bin/../lib/gcc/arm-none-eabi/12.2.1/../../../../arm-none-eabi/lib/thumb/v7e-m+fp/hard/libc_nano.a(libc_a-writer.o)
                              /usr/bin/../lib/gcc/arm-none-eabi/12.2.1/../../../../arm-none-eabi/lib/thumb/v7e-m+fp/hard/libc_nano.a(libc_a-stdio.o) (_write_r)
/usr/bin/../lib/gcc/arm-none-eabi/12.2.1/../../../../arm-none-eabi/lib/thumb/v7e-m+fp/hard/libc_nano.a(libc_a-errno.o)
                              Debug/Src/syscalls.o (__errno)
/usr/bin/../lib/gcc/arm-none-eabi/12.2.1/../../../../arm-none-eabi/lib/thumb/v7e-m+fp/hard/libc_nano.a(libc_a-fwalk.o)
                              /usr/bin/../lib/gcc/arm-none-eabi/12.2.1/../../../../arm-none-eabi/lib/thumb/v7e-m+fp/hard/libc_nano.a(libc_a-findfp.o) (_fwalk_sglue)
/usr/bin/../lib/gcc/arm-none-eabi/12.2.1/../../../../arm-none-eabi/lib/thumb/v7e-m+fp/hard/libc_nano.a(libc_a-memset.o)
                              /usr/bin/../lib/gcc/arm-none-eabi/12.2.1/../../../../arm-none-eabi/lib/thumb/v7e-m+fp/hard/crt0.o (memset)
/usr/bin/../lib/gcc/arm-none-eabi/12.2.1/../../../../arm-none-eabi/lib/thumb/v7e-m+fp/hard/libc_nano.a(libc_a-lock.o)
                              /usr/bin/../lib/gcc/arm-none-eabi/12.2.1/../../../../arm-none-eabi/lib/thumb/v7e-m+fp/hard/libc_nano.a(libc_a-findfp.o) (__retarget_lock_init_recursive)
/usr/bin/../lib/gcc/arm-none-eabi/12.2.1/../../../../arm-none-eabi/lib/thumb/v7e-m+fp/hard/libc_nano.a(libc_a-closer.o)
                              /usr/bin/../lib/gcc/arm-none-eabi/12.2.1/../../../../arm-none-eabi/lib/thumb/v7e-m+fp/hard/libc_nano.a(libc_a-stdio.o) (_close_r)
/usr/bin/../lib/gcc/arm-none-eabi/12.2.1/../../../../arm-none-eabi/lib/thumb/v7e-m+fp/hard/libc_nano.a(libc_a-reent.o)
                              /usr/bin/../lib/gcc/arm-none-eabi/12.2.1/../../../../arm-none-eabi/lib/thumb/v7e-m+fp/hard/libc_nano.a(libc_a-writer.o) (errno)
/usr/bin/../lib/gcc/arm-none-eabi/12.2.1/../../../../arm-none-eabi/lib/thumb/v7e-m+fp/hard/libc_nano.a(libc_a-impure.o)
                              /usr/bin/../lib/gcc/arm-none-eabi/12.2.1/../../../../arm-none-eabi/lib/thumb/v7e-m+fp/hard/libc_nano.a(libc_a-errno.o) (_impure_ptr)
/usr/bin/../lib/gcc/arm-none-eabi/12.2.1/../../../../arm-none-eabi/lib/thumb/v7e-m+fp/hard/libc_nano.a(libc_a-fflush.o)
                              /usr/bin/../lib/gcc/arm-none-eabi/12.2.1/../../../../arm-none-eabi/lib/thumb/v7e-m+fp/hard/libc_nano.a(libc_a-findfp.o) (_fflush_r)
/usr/bin/../lib/gcc/arm-none-eabi/12.2.1/../../../../arm-none-eabi/lib/thumb/v7e-m+fp/hard/libc_nano.a(libc_a-mallocr.o)
                              /usr/bin/../lib/gcc/arm-none-eabi/12.2.1/../../../../arm-none-eabi/lib/thumb/v7e-m+fp/hard/libc_nano.a(libc_a-findfp.o) (_malloc_r)
/usr/bin/../lib/gcc/arm-none-eabi/12.2.1/../../../../arm-none-eabi/lib/thumb/v7e-m+fp/hard/libc_nano.a(libc_a-lseekr.o)
                              /usr/bin/../lib/gcc/arm-none-eabi/12.2.1/../../../../arm-none-eabi/lib/thumb/v7e-m+fp/hard/libc_nano.a(libc_a-stdio.o) (_lseek_r)
/usr/bin/../lib/gcc/arm-none-eabi/12.2.1/../../../../arm-none-eabi/lib/thumb/v7e-m+fp/hard/libc_nano.a(libc_a-readr.o)
                              /usr/bin/../lib/gcc/arm-none-eabi/12.2.1/../../../../arm-none-eabi/lib/thumb/v7e-m+fp/hard/libc_nano.a(libc_a-stdio.o) (_read_r)
/usr/bin/../lib/gcc/arm-none-eabi/12.2.1/../../../../arm-none-eabi/lib/thumb/v7e-m+fp/hard/libc_nano.a(libc_a-mlock.o)
                              /usr/bin/../lib/gcc/arm-none-eabi/12.2.1/../../../../arm-none-eabi/lib/thumb/v7e-m+fp/hard/libc_nano.a(libc_a-mallocr.o) (__malloc_lock)
/usr/bin/../lib/gcc/arm-none-eabi/12.2.1/../../../../arm-none-eabi/lib/thumb/v7e-m+fp/hard/libc_nano.a(libc_a-sbrkr.o)
                              /usr/bin/../lib/gcc/arm-none-eabi/12.2.1/../../../../arm-none-eabi/lib/thumb/v7e-m+fp/hard/libc_nano.a(libc_a-mallocr.o) (_sbrk_r)
[...]
Memory Configuration

Name             Origin             Length             Attributes
RAM              0x20000000         0x00020000         xrw
FLASH            0x08000000         0x00080000         xr
*default*        0x00000000         0xffffffff

Linker script and memory map

LOAD /usr/bin/../lib/gcc/arm-none-eabi/12.2.1/thumb/v7e-m+fp/hard/crti.o
LOAD /usr/bin/../lib/gcc/arm-none-eabi/12.2.1/thumb/v7e-m+fp/hard/crtbegin.o
LOAD /usr/bin/../lib/gcc/arm-none-eabi/12.2.1/../../../../arm-none-eabi/lib/thumb/v7e-m+fp/hard/crt0.o
LOAD Debug/Drivers/GPIO/IOPin.o
LOAD Debug/Drivers/RCC/PeripheralClocks.o
LOAD Debug/Drivers/RCC/RCC.o
LOAD Debug/Drivers/USART/USART.o
LOAD Debug/Src/main.o
LOAD Debug/Src/syscalls.o
LOAD Debug/Src/sysmem.o
LOAD Debug/Startup/startup_stm32f411retx.o
START GROUP
LOAD /usr/bin/../lib/gcc/arm-none-eabi/12.2.1/../../../../arm-none-eabi/lib/thumb/v7e-m+fp/hard/libstdc++_nano.a
LOAD /usr/bin/../lib/gcc/arm-none-eabi/12.2.1/../../../../arm-none-eabi/lib/thumb/v7e-m+fp/hard/libsupc++_nano.a
END GROUP
LOAD /usr/bin/../lib/gcc/arm-none-eabi/12.2.1/../../../../arm-none-eabi/lib/thumb/v7e-m+fp/hard/libstdc++_nano.a
LOAD /usr/bin/../lib/gcc/arm-none-eabi/12.2.1/../../../../arm-none-eabi/lib/thumb/v7e-m+fp/hard/libm.a
LOAD /usr/bin/../lib/gcc/arm-none-eabi/12.2.1/../../../../arm-none-eabi/lib/thumb/v7e-m+fp/hard/libc_nano.a
START GROUP
LOAD /usr/bin/../lib/gcc/arm-none-eabi/12.2.1/thumb/v7e-m+fp/hard/libgcc.a
LOAD /usr/bin/../lib/gcc/arm-none-eabi/12.2.1/../../../../arm-none-eabi/lib/thumb/v7e-m+fp/hard/libc_nano.a
END GROUP
START GROUP
LOAD /usr/bin/../lib/gcc/arm-none-eabi/12.2.1/thumb/v7e-m+fp/hard/libgcc.a
LOAD /usr/bin/../lib/gcc/arm-none-eabi/12.2.1/../../../../arm-none-eabi/lib/thumb/v7e-m+fp/hard/libc_nano.a
END GROUP
LOAD /usr/bin/../lib/gcc/arm-none-eabi/12.2.1/thumb/v7e-m+fp/hard/crtend.o
LOAD /usr/bin/../lib/gcc/arm-none-eabi/12.2.1/thumb/v7e-m+fp/hard/crtn.o
                0x20020000                        _estack = (ORIGIN (RAM) + LENGTH (RAM))
                0x00000200                        _Min_Heap_Size = 0x200
                0x00000400                        _Min_Stack_Size = 0x400

.isr_vector     0x08000000      0x198
                0x08000000                        . = ALIGN (0x4)
 *(.isr_vector)
 .isr_vector    0x08000000      0x198 Debug/Startup/startup_stm32f411retx.o
                0x08000000                g_pfnVectors
                0x08000198                        . = ALIGN (0x4)

.text           0x08000198     0x1dc0
                0x08000198                        . = ALIGN (0x4)
 *(.text)
 .text          0x08000198        0x0 /usr/bin/../lib/gcc/arm-none-eabi/12.2.1/thumb/v7e-m+fp/hard/crti.o
 .text          0x08000198        0x0 /usr/bin/../lib/gcc/arm-none-eabi/12.2.1/thumb/v7e-m+fp/hard/crtbegin.o
 .text          0x08000198       0x7c /usr/bin/../lib/gcc/arm-none-eabi/12.2.1/../../../../arm-none-eabi/lib/thumb/v7e-m+fp/hard/crt0.o
                0x08000198                _stack_init
                0x080001a0                _mainCRTStartup
                0x080001a0                _start
 .text          0x08000214        0x0 Debug/Drivers/GPIO/IOPin.o
 .text          0x08000214        0x0 Debug/Drivers/RCC/PeripheralClocks.o
 .text          0x08000214        0x0 Debug/Drivers/RCC/RCC.o
 .text          0x08000214        0x0 Debug/Drivers/USART/USART.o
 .text          0x08000214        0x0 Debug/Src/main.o
 .text          0x08000214        0x0 Debug/Src/syscalls.o
 .text          0x08000214        0x0 Debug/Src/sysmem.o
 .text          0x08000214       0x14 Debug/Startup/startup_stm32f411retx.o
 .text          0x08000228        0x0 /usr/bin/../lib/gcc/arm-none-eabi/12.2.1/../../../../arm-none-eabi/lib/thumb/v7e-m+fp/hard/libc_nano.a(libc_a-exit.o)
 .text          0x08000228        0x0 /usr/bin/../lib/gcc/arm-none-eabi/12.2.1/../../../../arm-none-eabi/lib/thumb/v7e-m+fp/hard/libc_nano.a(libc_a-init.o)
 .text          0x08000228        0x0 /usr/bin/../lib/gcc/arm-none-eabi/12.2.1/../../../../arm-none-eabi/lib/thumb/v7e-m+fp/hard/libc_nano.a(libc_a-findfp.o)
 .text          0x08000228        0x0 /usr/bin/../lib/gcc/arm-none-eabi/12.2.1/../../../../arm-none-eabi/lib/thumb/v7e-m+fp/hard/libc_nano.a(libc_a-stdio.o)
 .text          0x08000228        0x0 /usr/bin/../lib/gcc/arm-none-eabi/12.2.1/../../../../arm-none-eabi/lib/thumb/v7e-m+fp/hard/libc_nano.a(libc_a-writer.o)
 .text          0x08000228        0x0 /usr/bin/../lib/gcc/arm-none-eabi/12.2.1/../../../../arm-none-eabi/lib/thumb/v7e-m+fp/hard/libc_nano.a(libc_a-errno.o)
 .text          0x08000228        0x0 /usr/bin/../lib/gcc/arm-none-eabi/12.2.1/../../../../arm-none-eabi/lib/thumb/v7e-m+fp/hard/libc_nano.a(libc_a-fwalk.o)
 .text          0x08000228        0x0 /usr/bin/../lib/gcc/arm-none-eabi/12.2.1/../../../../arm-none-eabi/lib/thumb/v7e-m+fp/hard/libc_nano.a(libc_a-memset.o)
 .text          0x08000228        0x0 /usr/bin/../lib/gcc/arm-none-eabi/12.2.1/../../../../arm-none-eabi/lib/thumb/v7e-m+fp/hard/libc_nano.a(libc_a-lock.o)
 .text          0x08000228        0x0 /usr/bin/../lib/gcc/arm-none-eabi/12.2.1/../../../../arm-none-eabi/lib/thumb/v7e-m+fp/hard/libc_nano.a(libc_a-closer.o)
 .text          0x08000228        0x0 /usr/bin/../lib/gcc/arm-none-eabi/12.2.1/../../../../arm-none-eabi/lib/thumb/v7e-m+fp/hard/libc_nano.a(libc_a-reent.o)
 .text          0x08000228        0x0 /usr/bin/../lib/gcc/arm-none-eabi/12.2.1/../../../../arm-none-eabi/lib/thumb/v7e-m+fp/hard/libc_nano.a(libc_a-impure.o)
 .text          0x08000228        0x0 /usr/bin/../lib/gcc/arm-none-eabi/12.2.1/../../../../arm-none-eabi/lib/thumb/v7e-m+fp/hard/libc_nano.a(libc_a-fflush.o)
 .text          0x08000228        0x0 /usr/bin/../lib/gcc/arm-none-eabi/12.2.1/../../../../arm-none-eabi/lib/thumb/v7e-m+fp/hard/libc_nano.a(libc_a-mallocr.o)
 .text          0x08000228        0x0 /usr/bin/../lib/gcc/arm-none-eabi/12.2.1/../../../../arm-none-eabi/lib/thumb/v7e-m+fp/hard/libc_nano.a(libc_a-lseekr.o)
 .text          0x08000228        0x0 /usr/bin/../lib/gcc/arm-none-eabi/12.2.1/../../../../arm-none-eabi/lib/thumb/v7e-m+fp/hard/libc_nano.a(libc_a-readr.o)
 .text          0x08000228        0x0 /usr/bin/../lib/gcc/arm-none-eabi/12.2.1/../../../../arm-none-eabi/lib/thumb/v7e-m+fp/hard/libc_nano.a(libc_a-mlock.o)
 .text          0x08000228        0x0 /usr/bin/../lib/gcc/arm-none-eabi/12.2.1/../../../../arm-none-eabi/lib/thumb/v7e-m+fp/hard/libc_nano.a(libc_a-sbrkr.o)
 .text          0x08000228        0x0 /usr/bin/../lib/gcc/arm-none-eabi/12.2.1/../../../../arm-none-eabi/lib/thumb/v7e-m+fp/hard/libc_nano.a(libc_a-freer.o)
 .text          0x08000228        0x0 /usr/bin/../lib/gcc/arm-none-eabi/12.2.1/thumb/v7e-m+fp/hard/libgcc.a(unwind-arm.o)
 .text          0x08000228      0x1ac /usr/bin/../lib/gcc/arm-none-eabi/12.2.1/thumb/v7e-m+fp/hard/libgcc.a(libunwind.o)
                0x08000228                __restore_core_regs
                0x08000228                restore_core_regs
                0x08000240                __gnu_Unwind_Restore_VFP
                0x08000248                __gnu_Unwind_Save_VFP
                0x08000250                __gnu_Unwind_Restore_VFP_D
                0x08000258                __gnu_Unwind_Save_VFP_D
                0x08000260                __gnu_Unwind_Restore_VFP_D_16_to_31
                0x08000268                __gnu_Unwind_Save_VFP_D_16_to_31
                0x08000270                __gnu_Unwind_Restore_WMMXD
                0x080002b4                __gnu_Unwind_Save_WMMXD
                0x080002f8                __gnu_Unwind_Restore_WMMXC
                0x0800030c                __gnu_Unwind_Save_WMMXC
                0x08000320                ___Unwind_RaiseException
                0x08000320                _Unwind_RaiseException
                0x08000344                ___Unwind_Resume
                0x08000344                _Unwind_Resume
                0x08000368                _Unwind_Resume_or_Rethrow
                0x08000368                ___Unwind_Resume_or_Rethrow
                0x0800038c                ___Unwind_ForcedUnwind
                0x0800038c                _Unwind_ForcedUnwind
                0x080003b0                _Unwind_Backtrace
                0x080003b0                ___Unwind_Backtrace
 .text          0x080003d4        0x0 /usr/bin/../lib/gcc/arm-none-eabi/12.2.1/thumb/v7e-m+fp/hard/libgcc.a(pr-support.o)
 .text          0x080003d4        0x0 /usr/bin/../lib/gcc/arm-none-eabi/12.2.1/../../../../arm-none-eabi/lib/thumb/v7e-m+fp/hard/libc_nano.a(libc_a-memcpy-stub.o)
 .text          0x080003d4        0x0 /usr/bin/../lib/gcc/arm-none-eabi/12.2.1/../../../../arm-none-eabi/lib/thumb/v7e-m+fp/hard/libc_nano.a(libc_a-abort.o)
 .text          0x080003d4        0x0 /usr/bin/../lib/gcc/arm-none-eabi/12.2.1/../../../../arm-none-eabi/lib/thumb/v7e-m+fp/hard/libc_nano.a(libc_a-signal.o)
 .text          0x080003d4        0x0 /usr/bin/../lib/gcc/arm-none-eabi/12.2.1/../../../../arm-none-eabi/lib/thumb/v7e-m+fp/hard/libc_nano.a(libc_a-signalr.o)
 .text          0x080003d4        0x0 /usr/bin/../lib/gcc/arm-none-eabi/12.2.1/thumb/v7e-m+fp/hard/crtend.o
 .text          0x080003d4        0x0 /usr/bin/../lib/gcc/arm-none-eabi/12.2.1/thumb/v7e-m+fp/hard/crtn.o
 *(.text*)
 .text.deregister_tm_clones
                0x080003d4       0x1c /usr/bin/../lib/gcc/arm-none-eabi/12.2.1/thumb/v7e-m+fp/hard/crtbegin.o
 .text.register_tm_clones
                0x080003f0       0x24 /usr/bin/../lib/gcc/arm-none-eabi/12.2.1/thumb/v7e-m+fp/hard/crtbegin.o
 .text.__do_global_dtors_aux
                0x08000414       0x28 /usr/bin/../lib/gcc/arm-none-eabi/12.2.1/thumb/v7e-m+fp/hard/crtbegin.o
 .text.frame_dummy
                0x0800043c       0x24 /usr/bin/../lib/gcc/arm-none-eabi/12.2.1/thumb/v7e-m+fp/hard/crtbegin.o
 .text.main     0x08000460        0x8 Debug/Src/main.o
                0x08000460                main
 .text.initialise_monitor_handles
                0x08000468        0xe Debug/Src/syscalls.o
                0x08000468                initialise_monitor_handles
 .text._getpid  0x08000476       0x10 Debug/Src/syscalls.o
                0x08000476                _getpid
 .text._kill    0x08000486       0x20 Debug/Src/syscalls.o
                0x08000486                _kill
 .text._exit    0x080004a6       0x16 Debug/Src/syscalls.o
                0x080004a6                _exit
 .text._read    0x080004bc       0x3a Debug/Src/syscalls.o
                0x080004bc                _read
 .text._write   0x080004f6       0x38 Debug/Src/syscalls.o
                0x080004f6                _write
 .text._close   0x0800052e       0x18 Debug/Src/syscalls.o
                0x0800052e                _close
 .text._fstat   0x08000546       0x20 Debug/Src/syscalls.o
                0x08000546                _fstat
 .text._isatty  0x08000566       0x16 Debug/Src/syscalls.o
                0x08000566                _isatty
 .text._lseek   0x0800057c       0x1a Debug/Src/syscalls.o
                0x0800057c                _lseek
 .text._open    0x08000596       0x1c Debug/Src/syscalls.o
                0x08000596                _open
 .text._wait    0x080005b2       0x1e Debug/Src/syscalls.o
                0x080005b2                _wait
 .text._unlink  0x080005d0       0x1e Debug/Src/syscalls.o
                0x080005d0                _unlink
 .text._times   0x080005ee       0x18 Debug/Src/syscalls.o
                0x080005ee                _times
 .text._stat    0x08000606       0x20 Debug/Src/syscalls.o
                0x08000606                _stat
 .text._link    0x08000626       0x20 Debug/Src/syscalls.o
                0x08000626                _link
 .text._fork    0x08000646       0x16 Debug/Src/syscalls.o
                0x08000646                _fork
 .text._execve  0x0800065c       0x22 Debug/Src/syscalls.o
                0x0800065c                _execve
 *fill*         0x0800067e        0x2 
 .text._sbrk    0x08000680       0x6c Debug/Src/sysmem.o
                0x08000680                _sbrk
 .text.Reset_Handler
                0x080006ec       0x4c Debug/Startup/startup_stm32f411retx.o
                0x080006ec                Reset_Handler
 .text.Default_Handler
                0x08000738        0x2 Debug/Startup/startup_stm32f411retx.o
                0x08000738                RTC_Alarm_IRQHandler
                0x08000738                EXTI2_IRQHandler
                0x08000738                DebugMon_Handler
                0x08000738                SPI4_IRQHandler
                0x08000738                TIM1_CC_IRQHandler
                0x08000738                DMA2_Stream5_IRQHandler
                0x08000738                HardFault_Handler
                0x08000738                DMA1_Stream5_IRQHandler
                0x08000738                SysTick_Handler
                0x08000738                PVD_IRQHandler
                0x08000738                SDIO_IRQHandler
                0x08000738                TAMP_STAMP_IRQHandler
                0x08000738                PendSV_Handler
                0x08000738                NMI_Handler
                0x08000738                EXTI3_IRQHandler
                0x08000738                TIM1_UP_TIM10_IRQHandler
                0x08000738                I2C3_ER_IRQHandler
                0x08000738                EXTI0_IRQHandler
                0x08000738                I2C2_EV_IRQHandler
                0x08000738                DMA1_Stream2_IRQHandler
                0x08000738                FPU_IRQHandler
                0x08000738                UsageFault_Handler
                0x08000738                DMA2_Stream2_IRQHandler
                0x08000738                SPI1_IRQHandler
                0x08000738                TIM1_BRK_TIM9_IRQHandler
                0x08000738                DMA2_Stream3_IRQHandler
                0x08000738                USART6_IRQHandler
                0x08000738                DMA2_Stream0_IRQHandler
                0x08000738                TIM4_IRQHandler
                0x08000738                I2C1_EV_IRQHandler
                0x08000738                DMA1_Stream6_IRQHandler
                0x08000738                DMA1_Stream1_IRQHandler
                0x08000738                TIM3_IRQHandler
                0x08000738                RCC_IRQHandler
                0x08000738                Default_Handler
                0x08000738                EXTI15_10_IRQHandler
                0x08000738                ADC_IRQHandler
                0x08000738                DMA1_Stream7_IRQHandler
                0x08000738                SPI5_IRQHandler
                0x08000738                TIM5_IRQHandler
                0x08000738                DMA2_Stream7_IRQHandler
                0x08000738                I2C3_EV_IRQHandler
                0x08000738                EXTI9_5_IRQHandler
                0x08000738                RTC_WKUP_IRQHandler
                0x08000738                SPI2_IRQHandler
                0x08000738                MemManage_Handler
                0x08000738                DMA1_Stream0_IRQHandler
                0x08000738                SVC_Handler
                0x08000738                EXTI4_IRQHandler
                0x08000738                WWDG_IRQHandler
                0x08000738                TIM2_IRQHandler
                0x08000738                OTG_FS_WKUP_IRQHandler
                0x08000738                TIM1_TRG_COM_TIM11_IRQHandler
                0x08000738                EXTI1_IRQHandler
                0x08000738                USART2_IRQHandler
                0x08000738                I2C2_ER_IRQHandler
                0x08000738                DMA2_Stream1_IRQHandler
                0x08000738                FLASH_IRQHandler
                0x08000738                DMA2_Stream4_IRQHandler
                0x08000738                BusFault_Handler
                0x08000738                USART1_IRQHandler
                0x08000738                OTG_FS_IRQHandler
                0x08000738                SPI3_IRQHandler
                0x08000738                DMA1_Stream4_IRQHandler
                0x08000738                I2C1_ER_IRQHandler
                0x08000738                DMA2_Stream6_IRQHandler
                0x08000738                DMA1_Stream3_IRQHandler
 *fill*         0x0800073a        0x2 
 .text.exit     0x0800073c       0x24 /usr/bin/../lib/gcc/arm-none-eabi/12.2.1/../../../../arm-none-eabi/lib/thumb/v7e-m+fp/hard/libc_nano.a(libc_a-exit.o)
                0x0800073c                exit
 .text.__libc_init_array
                0x08000760       0x48 /usr/bin/../lib/gcc/arm-none-eabi/12.2.1/../../../../arm-none-eabi/lib/thumb/v7e-m+fp/hard/libc_nano.a(libc_a-init.o)
                0x08000760                __libc_init_array
 .text.std      0x080007a8       0x6c /usr/bin/../lib/gcc/arm-none-eabi/12.2.1/../../../../arm-none-eabi/lib/thumb/v7e-m+fp/hard/libc_nano.a(libc_a-findfp.o)
 .text.stdio_exit_handler
                0x08000814       0x18 /usr/bin/../lib/gcc/arm-none-eabi/12.2.1/../../../../arm-none-eabi/lib/thumb/v7e-m+fp/hard/libc_nano.a(libc_a-findfp.o)
 .text.cleanup_stdio
                0x0800082c       0x40 /usr/bin/../lib/gcc/arm-none-eabi/12.2.1/../../../../arm-none-eabi/lib/thumb/v7e-m+fp/hard/libc_nano.a(libc_a-findfp.o)
 .text.__fp_lock
                0x0800086c       0x18 /usr/bin/../lib/gcc/arm-none-eabi/12.2.1/../../../../arm-none-eabi/lib/thumb/v7e-m+fp/hard/libc_nano.a(libc_a-findfp.o)
 .text.__fp_unlock
                0x08000884       0x18 /usr/bin/../lib/gcc/arm-none-eabi/12.2.1/../../../../arm-none-eabi/lib/thumb/v7e-m+fp/hard/libc_nano.a(libc_a-findfp.o)
 .text.global_stdio_init.part.0
                0x0800089c       0x3c /usr/bin/../lib/gcc/arm-none-eabi/12.2.1/../../../../arm-none-eabi/lib/thumb/v7e-m+fp/hard/libc_nano.a(libc_a-findfp.o)
 .text.__sfp_lock_acquire
                0x080008d8        0xc /usr/bin/../lib/gcc/arm-none-eabi/12.2.1/../../../../arm-none-eabi/lib/thumb/v7e-m+fp/hard/libc_nano.a(libc_a-findfp.o)
                0x080008d8                __sfp_lock_acquire
 .text.__sfp_lock_release
                0x080008e4        0xc /usr/bin/../lib/gcc/arm-none-eabi/12.2.1/../../../../arm-none-eabi/lib/thumb/v7e-m+fp/hard/libc_nano.a(libc_a-findfp.o)
                0x080008e4                __sfp_lock_release
 .text.__sfp    0x080008f0       0xa4 /usr/bin/../lib/gcc/arm-none-eabi/12.2.1/../../../../arm-none-eabi/lib/thumb/v7e-m+fp/hard/libc_nano.a(libc_a-findfp.o)
                0x080008f0                __sfp
 .text.__sinit  0x08000994       0x30 /usr/bin/../lib/gcc/arm-none-eabi/12.2.1/../../../../arm-none-eabi/lib/thumb/v7e-m+fp/hard/libc_nano.a(libc_a-findfp.o)
                0x08000994                __sinit
 .text.__fp_lock_all
                0x080009c4       0x1c /usr/bin/../lib/gcc/arm-none-eabi/12.2.1/../../../../arm-none-eabi/lib/thumb/v7e-m+fp/hard/libc_nano.a(libc_a-findfp.o)
                0x080009c4                __fp_lock_all
 .text.__fp_unlock_all
                0x080009e0       0x1c /usr/bin/../lib/gcc/arm-none-eabi/12.2.1/../../../../arm-none-eabi/lib/thumb/v7e-m+fp/hard/libc_nano.a(libc_a-findfp.o)
                0x080009e0                __fp_unlock_all
 .text.__sread  0x080009fc       0x22 /usr/bin/../lib/gcc/arm-none-eabi/12.2.1/../../../../arm-none-eabi/lib/thumb/v7e-m+fp/hard/libc_nano.a(libc_a-stdio.o)
                0x080009fc                __sread
 .text.__seofread
                0x08000a1e        0x4 /usr/bin/../lib/gcc/arm-none-eabi/12.2.1/../../../../arm-none-eabi/lib/thumb/v7e-m+fp/hard/libc_nano.a(libc_a-stdio.o)
                0x08000a1e                __seofread
 .text.__swrite
                0x08000a22       0x38 /usr/bin/../lib/gcc/arm-none-eabi/12.2.1/../../../../arm-none-eabi/lib/thumb/v7e-m+fp/hard/libc_nano.a(libc_a-stdio.o)
                0x08000a22                __swrite
 .text.__sseek  0x08000a5a       0x24 /usr/bin/../lib/gcc/arm-none-eabi/12.2.1/../../../../arm-none-eabi/lib/thumb/v7e-m+fp/hard/libc_nano.a(libc_a-stdio.o)
                0x08000a5a                __sseek
 .text.__sclose
                0x08000a7e        0x8 /usr/bin/../lib/gcc/arm-none-eabi/12.2.1/../../../../arm-none-eabi/lib/thumb/v7e-m+fp/hard/libc_nano.a(libc_a-stdio.o)
                0x08000a7e                __sclose
 *fill*         0x08000a86        0x2 
 .text._write_r
                0x08000a88       0x24 /usr/bin/../lib/gcc/arm-none-eabi/12.2.1/../../../../arm-none-eabi/lib/thumb/v7e-m+fp/hard/libc_nano.a(libc_a-writer.o)
                0x08000a88                _write_r
 .text.__errno  0x08000aac        0xc /usr/bin/../lib/gcc/arm-none-eabi/12.2.1/../../../../arm-none-eabi/lib/thumb/v7e-m+fp/hard/libc_nano.a(libc_a-errno.o)
                0x08000aac                __errno
 .text._fwalk_sglue
                0x08000ab8       0x3c /usr/bin/../lib/gcc/arm-none-eabi/12.2.1/../../../../arm-none-eabi/lib/thumb/v7e-m+fp/hard/libc_nano.a(libc_a-fwalk.o)
                0x08000ab8                _fwalk_sglue
 .text.memset   0x08000af4       0x10 /usr/bin/../lib/gcc/arm-none-eabi/12.2.1/../../../../arm-none-eabi/lib/thumb/v7e-m+fp/hard/libc_nano.a(libc_a-memset.o)
                0x08000af4                memset
 .text.__retarget_lock_init
                0x08000b04        0x2 /usr/bin/../lib/gcc/arm-none-eabi/12.2.1/../../../../arm-none-eabi/lib/thumb/v7e-m+fp/hard/libc_nano.a(libc_a-lock.o)
                0x08000b04                __retarget_lock_init
 .text.__retarget_lock_init_recursive
                0x08000b06        0x2 /usr/bin/../lib/gcc/arm-none-eabi/12.2.1/../../../../arm-none-eabi/lib/thumb/v7e-m+fp/hard/libc_nano.a(libc_a-lock.o)
                0x08000b06                __retarget_lock_init_recursive
 .text.__retarget_lock_close
                0x08000b08        0x2 /usr/bin/../lib/gcc/arm-none-eabi/12.2.1/../../../../arm-none-eabi/lib/thumb/v7e-m+fp/hard/libc_nano.a(libc_a-lock.o)
                0x08000b08                __retarget_lock_close
 .text.__retarget_lock_close_recursive
                0x08000b0a        0x2 /usr/bin/../lib/gcc/arm-none-eabi/12.2.1/../../../../arm-none-eabi/lib/thumb/v7e-m+fp/hard/libc_nano.a(libc_a-lock.o)
                0x08000b0a                __retarget_lock_close_recursive
 .text.__retarget_lock_acquire
                0x08000b0c        0x2 /usr/bin/../lib/gcc/arm-none-eabi/12.2.1/../../../../arm-none-eabi/lib/thumb/v7e-m+fp/hard/libc_nano.a(libc_a-lock.o)
                0x08000b0c                __retarget_lock_acquire
 .text.__retarget_lock_acquire_recursive
                0x08000b0e        0x2 /usr/bin/../lib/gcc/arm-none-eabi/12.2.1/../../../../arm-none-eabi/lib/thumb/v7e-m+fp/hard/libc_nano.a(libc_a-lock.o)
                0x08000b0e                __retarget_lock_acquire_recursive
 .text.__retarget_lock_try_acquire
                0x08000b10        0x4 /usr/bin/../lib/gcc/arm-none-eabi/12.2.1/../../../../arm-none-eabi/lib/thumb/v7e-m+fp/hard/libc_nano.a(libc_a-lock.o)
                0x08000b10                __retarget_lock_try_acquire
 .text.__retarget_lock_try_acquire_recursive
                0x08000b14        0x4 /usr/bin/../lib/gcc/arm-none-eabi/12.2.1/../../../../arm-none-eabi/lib/thumb/v7e-m+fp/hard/libc_nano.a(libc_a-lock.o)
                0x08000b14                __retarget_lock_try_acquire_recursive
 .text.__retarget_lock_release
                0x08000b18        0x2 /usr/bin/../lib/gcc/arm-none-eabi/12.2.1/../../../../arm-none-eabi/lib/thumb/v7e-m+fp/hard/libc_nano.a(libc_a-lock.o)
                0x08000b18                __retarget_lock_release
 .text.__retarget_lock_release_recursive
                0x08000b1a        0x2 /usr/bin/../lib/gcc/arm-none-eabi/12.2.1/../../../../arm-none-eabi/lib/thumb/v7e-m+fp/hard/libc_nano.a(libc_a-lock.o)
                0x08000b1a                __retarget_lock_release_recursive
 .text._close_r
                0x08000b1c       0x20 /usr/bin/../lib/gcc/arm-none-eabi/12.2.1/../../../../arm-none-eabi/lib/thumb/v7e-m+fp/hard/libc_nano.a(libc_a-closer.o)
                0x08000b1c                _close_r
 .text._reclaim_reent
                0x08000b3c       0xac /usr/bin/../lib/gcc/arm-none-eabi/12.2.1/../../../../arm-none-eabi/lib/thumb/v7e-m+fp/hard/libc_nano.a(libc_a-reent.o)
                0x08000b3c                _reclaim_reent
 .text.__sflush_r
                0x08000be8      0x108 /usr/bin/../lib/gcc/arm-none-eabi/12.2.1/../../../../arm-none-eabi/lib/thumb/v7e-m+fp/hard/libc_nano.a(libc_a-fflush.o)
                0x08000be8                __sflush_r
 .text._fflush_r
                0x08000cf0       0x50 /usr/bin/../lib/gcc/arm-none-eabi/12.2.1/../../../../arm-none-eabi/lib/thumb/v7e-m+fp/hard/libc_nano.a(libc_a-fflush.o)
                0x08000cf0                _fflush_r
 .text.fflush   0x08000d40       0x28 /usr/bin/../lib/gcc/arm-none-eabi/12.2.1/../../../../arm-none-eabi/lib/thumb/v7e-m+fp/hard/libc_nano.a(libc_a-fflush.o)
                0x08000d40                fflush
 .text.sbrk_aligned
                0x08000d68       0x44 /usr/bin/../lib/gcc/arm-none-eabi/12.2.1/../../../../arm-none-eabi/lib/thumb/v7e-m+fp/hard/libc_nano.a(libc_a-mallocr.o)
 .text._malloc_r
                0x08000dac      0x100 /usr/bin/../lib/gcc/arm-none-eabi/12.2.1/../../../../arm-none-eabi/lib/thumb/v7e-m+fp/hard/libc_nano.a(libc_a-mallocr.o)
                0x08000dac                _malloc_r
 .text._lseek_r
                0x08000eac       0x24 /usr/bin/../lib/gcc/arm-none-eabi/12.2.1/../../../../arm-none-eabi/lib/thumb/v7e-m+fp/hard/libc_nano.a(libc_a-lseekr.o)
                0x08000eac                _lseek_r
 .text._read_r  0x08000ed0       0x24 /usr/bin/../lib/gcc/arm-none-eabi/12.2.1/../../../../arm-none-eabi/lib/thumb/v7e-m+fp/hard/libc_nano.a(libc_a-readr.o)
                0x08000ed0                _read_r
 .text.__malloc_lock
                0x08000ef4        0xc /usr/bin/../lib/gcc/arm-none-eabi/12.2.1/../../../../arm-none-eabi/lib/thumb/v7e-m+fp/hard/libc_nano.a(libc_a-mlock.o)
                0x08000ef4                __malloc_lock
 .text.__malloc_unlock
                0x08000f00        0xc /usr/bin/../lib/gcc/arm-none-eabi/12.2.1/../../../../arm-none-eabi/lib/thumb/v7e-m+fp/hard/libc_nano.a(libc_a-mlock.o)
                0x08000f00                __malloc_unlock
 .text._sbrk_r  0x08000f0c       0x20 /usr/bin/../lib/gcc/arm-none-eabi/12.2.1/../../../../arm-none-eabi/lib/thumb/v7e-m+fp/hard/libc_nano.a(libc_a-sbrkr.o)
                0x08000f0c                _sbrk_r
 .text._free_r  0x08000f2c       0x94 /usr/bin/../lib/gcc/arm-none-eabi/12.2.1/../../../../arm-none-eabi/lib/thumb/v7e-m+fp/hard/libc_nano.a(libc_a-freer.o)
                0x08000f2c                _free_r
 .text.selfrel_offset31
                0x08000fc0       0x14 /usr/bin/../lib/gcc/arm-none-eabi/12.2.1/thumb/v7e-m+fp/hard/libgcc.a(unwind-arm.o)
 .text.search_EIT_table
                0x08000fd4       0x64 /usr/bin/../lib/gcc/arm-none-eabi/12.2.1/thumb/v7e-m+fp/hard/libgcc.a(unwind-arm.o)
 .text.__gnu_unwind_get_pr_addr
                0x08001038       0x28 /usr/bin/../lib/gcc/arm-none-eabi/12.2.1/thumb/v7e-m+fp/hard/libgcc.a(unwind-arm.o)
 .text.get_eit_entry
                0x08001060       0x94 /usr/bin/../lib/gcc/arm-none-eabi/12.2.1/thumb/v7e-m+fp/hard/libgcc.a(unwind-arm.o)
 .text.restore_non_core_regs
                0x080010f4       0x58 /usr/bin/../lib/gcc/arm-none-eabi/12.2.1/thumb/v7e-m+fp/hard/libgcc.a(unwind-arm.o)
 .text.__gnu_unwind_24bit.constprop.0
                0x0800114c        0x4 /usr/bin/../lib/gcc/arm-none-eabi/12.2.1/thumb/v7e-m+fp/hard/libgcc.a(unwind-arm.o)
 .text._Unwind_decode_typeinfo_ptr.constprop.0
                0x08001150        0xc /usr/bin/../lib/gcc/arm-none-eabi/12.2.1/thumb/v7e-m+fp/hard/libgcc.a(unwind-arm.o)
 .text._Unwind_DebugHook
                0x0800115c        0x4 /usr/bin/../lib/gcc/arm-none-eabi/12.2.1/thumb/v7e-m+fp/hard/libgcc.a(unwind-arm.o)
 .text.unwind_phase2
                0x08001160       0x38 /usr/bin/../lib/gcc/arm-none-eabi/12.2.1/thumb/v7e-m+fp/hard/libgcc.a(unwind-arm.o)
 .text.unwind_phase2_forced
                0x08001198       0xd4 /usr/bin/../lib/gcc/arm-none-eabi/12.2.1/thumb/v7e-m+fp/hard/libgcc.a(unwind-arm.o)
 .text._Unwind_GetCFA
                0x0800126c        0x4 /usr/bin/../lib/gcc/arm-none-eabi/12.2.1/thumb/v7e-m+fp/hard/libgcc.a(unwind-arm.o)
                0x0800126c                _Unwind_GetCFA
 .text.__gnu_Unwind_RaiseException
                0x08001270       0x68 /usr/bin/../lib/gcc/arm-none-eabi/12.2.1/thumb/v7e-m+fp/hard/libgcc.a(unwind-arm.o)
                0x08001270                __gnu_Unwind_RaiseException
 .text.__gnu_Unwind_ForcedUnwind
                0x080012d8       0x10 /usr/bin/../lib/gcc/arm-none-eabi/12.2.1/thumb/v7e-m+fp/hard/libgcc.a(unwind-arm.o)
                0x080012d8                __gnu_Unwind_ForcedUnwind
 .text.__gnu_Unwind_Resume
                0x080012e8       0x40 /usr/bin/../lib/gcc/arm-none-eabi/12.2.1/thumb/v7e-m+fp/hard/libgcc.a(unwind-arm.o)
                0x080012e8                __gnu_Unwind_Resume
 .text.__gnu_Unwind_Resume_or_Rethrow
                0x08001328       0x14 /usr/bin/../lib/gcc/arm-none-eabi/12.2.1/thumb/v7e-m+fp/hard/libgcc.a(unwind-arm.o)
                0x08001328                __gnu_Unwind_Resume_or_Rethrow
 .text._Unwind_Complete
                0x0800133c        0x4 /usr/bin/../lib/gcc/arm-none-eabi/12.2.1/thumb/v7e-m+fp/hard/libgcc.a(unwind-arm.o)
                0x0800133c                _Unwind_Complete
 .text._Unwind_DeleteException
                0x08001340        0xc /usr/bin/../lib/gcc/arm-none-eabi/12.2.1/thumb/v7e-m+fp/hard/libgcc.a(unwind-arm.o)
                0x08001340                _Unwind_DeleteException
 .text._Unwind_VRS_Get
                0x0800134c       0x34 /usr/bin/../lib/gcc/arm-none-eabi/12.2.1/thumb/v7e-m+fp/hard/libgcc.a(unwind-arm.o)
                0x0800134c                _Unwind_VRS_Get
 .text._Unwind_GetGR
                0x08001380       0x1c /usr/bin/../lib/gcc/arm-none-eabi/12.2.1/thumb/v7e-m+fp/hard/libgcc.a(unwind-arm.o)
 .text._Unwind_VRS_Set
                0x0800139c       0x34 /usr/bin/../lib/gcc/arm-none-eabi/12.2.1/thumb/v7e-m+fp/hard/libgcc.a(unwind-arm.o)
                0x0800139c                _Unwind_VRS_Set
 .text._Unwind_SetGR
                0x080013d0       0x18 /usr/bin/../lib/gcc/arm-none-eabi/12.2.1/thumb/v7e-m+fp/hard/libgcc.a(unwind-arm.o)
 .text.__gnu_Unwind_Backtrace
                0x080013e8       0x84 /usr/bin/../lib/gcc/arm-none-eabi/12.2.1/thumb/v7e-m+fp/hard/libgcc.a(unwind-arm.o)
                0x080013e8                __gnu_Unwind_Backtrace
 .text.__gnu_unwind_pr_common
                0x0800146c      0x298 /usr/bin/../lib/gcc/arm-none-eabi/12.2.1/thumb/v7e-m+fp/hard/libgcc.a(unwind-arm.o)
 .text.__aeabi_unwind_cpp_pr0
                0x08001704        0x8 /usr/bin/../lib/gcc/arm-none-eabi/12.2.1/thumb/v7e-m+fp/hard/libgcc.a(unwind-arm.o)
                0x08001704                __aeabi_unwind_cpp_pr0
 .text.__aeabi_unwind_cpp_pr1
                0x0800170c        0x8 /usr/bin/../lib/gcc/arm-none-eabi/12.2.1/thumb/v7e-m+fp/hard/libgcc.a(unwind-arm.o)
                0x0800170c                __aeabi_unwind_cpp_pr1
 .text.__aeabi_unwind_cpp_pr2
                0x08001714        0x8 /usr/bin/../lib/gcc/arm-none-eabi/12.2.1/thumb/v7e-m+fp/hard/libgcc.a(unwind-arm.o)
                0x08001714                __aeabi_unwind_cpp_pr2
 .text._Unwind_VRS_Pop
                0x0800171c      0x2f4 /usr/bin/../lib/gcc/arm-none-eabi/12.2.1/thumb/v7e-m+fp/hard/libgcc.a(unwind-arm.o)
                0x0800171c                _Unwind_VRS_Pop
 .text.next_unwind_byte
                0x08001a10       0x38 /usr/bin/../lib/gcc/arm-none-eabi/12.2.1/thumb/v7e-m+fp/hard/libgcc.a(pr-support.o)
 .text._Unwind_GetGR.constprop.0
                0x08001a48       0x1c /usr/bin/../lib/gcc/arm-none-eabi/12.2.1/thumb/v7e-m+fp/hard/libgcc.a(pr-support.o)
 .text.unwind_UCB_from_context
                0x08001a64        0x4 /usr/bin/../lib/gcc/arm-none-eabi/12.2.1/thumb/v7e-m+fp/hard/libgcc.a(pr-support.o)
 .text.__gnu_unwind_execute
                0x08001a68      0x2fc /usr/bin/../lib/gcc/arm-none-eabi/12.2.1/thumb/v7e-m+fp/hard/libgcc.a(pr-support.o)
                0x08001a68                __gnu_unwind_execute
 .text.__gnu_unwind_frame
                0x08001d64       0x2c /usr/bin/../lib/gcc/arm-none-eabi/12.2.1/thumb/v7e-m+fp/hard/libgcc.a(pr-support.o)
                0x08001d64                __gnu_unwind_frame
 .text._Unwind_GetRegionStart
                0x08001d90        0xc /usr/bin/../lib/gcc/arm-none-eabi/12.2.1/thumb/v7e-m+fp/hard/libgcc.a(pr-support.o)
                0x08001d90                _Unwind_GetRegionStart
 .text._Unwind_GetLanguageSpecificData
                0x08001d9c       0x14 /usr/bin/../lib/gcc/arm-none-eabi/12.2.1/thumb/v7e-m+fp/hard/libgcc.a(pr-support.o)
                0x08001d9c                _Unwind_GetLanguageSpecificData
 .text.unlikely._Unwind_GetDataRelBase
                0x08001db0        0x6 /usr/bin/../lib/gcc/arm-none-eabi/12.2.1/thumb/v7e-m+fp/hard/libgcc.a(pr-support.o)
                0x08001db0                _Unwind_GetDataRelBase
 .text.unlikely._Unwind_GetTextRelBase
                0x08001db6        0x6 /usr/bin/../lib/gcc/arm-none-eabi/12.2.1/thumb/v7e-m+fp/hard/libgcc.a(pr-support.o)
                0x08001db6                _Unwind_GetTextRelBase
 .text.memcpy   0x08001dbc       0x1c /usr/bin/../lib/gcc/arm-none-eabi/12.2.1/../../../../arm-none-eabi/lib/thumb/v7e-m+fp/hard/libc_nano.a(libc_a-memcpy-stub.o)
                0x08001dbc                memcpy
 .text.abort    0x08001dd8        0xe /usr/bin/../lib/gcc/arm-none-eabi/12.2.1/../../../../arm-none-eabi/lib/thumb/v7e-m+fp/hard/libc_nano.a(libc_a-abort.o)
                0x08001dd8                abort
 .text._init_signal_r
                0x08001de6       0x28 /usr/bin/../lib/gcc/arm-none-eabi/12.2.1/../../../../arm-none-eabi/lib/thumb/v7e-m+fp/hard/libc_nano.a(libc_a-signal.o)
                0x08001de6                _init_signal_r
 .text._signal_r
                0x08001e0e       0x30 /usr/bin/../lib/gcc/arm-none-eabi/12.2.1/../../../../arm-none-eabi/lib/thumb/v7e-m+fp/hard/libc_nano.a(libc_a-signal.o)
                0x08001e0e                _signal_r
 .text._raise_r
                0x08001e3e       0x50 /usr/bin/../lib/gcc/arm-none-eabi/12.2.1/../../../../arm-none-eabi/lib/thumb/v7e-m+fp/hard/libc_nano.a(libc_a-signal.o)
                0x08001e3e                _raise_r
 .text.__sigtramp_r
                0x08001e8e       0x48 /usr/bin/../lib/gcc/arm-none-eabi/12.2.1/../../../../arm-none-eabi/lib/thumb/v7e-m+fp/hard/libc_nano.a(libc_a-signal.o)
                0x08001e8e                __sigtramp_r
 *fill*         0x08001ed6        0x2 
 .text.raise    0x08001ed8       0x10 /usr/bin/../lib/gcc/arm-none-eabi/12.2.1/../../../../arm-none-eabi/lib/thumb/v7e-m+fp/hard/libc_nano.a(libc_a-signal.o)
                0x08001ed8                raise
 .text.signal   0x08001ee8       0x10 /usr/bin/../lib/gcc/arm-none-eabi/12.2.1/../../../../arm-none-eabi/lib/thumb/v7e-m+fp/hard/libc_nano.a(libc_a-signal.o)
                0x08001ee8                signal
 .text._init_signal
                0x08001ef8        0xc /usr/bin/../lib/gcc/arm-none-eabi/12.2.1/../../../../arm-none-eabi/lib/thumb/v7e-m+fp/hard/libc_nano.a(libc_a-signal.o)
                0x08001ef8                _init_signal
 .text.__sigtramp
                0x08001f04       0x10 /usr/bin/../lib/gcc/arm-none-eabi/12.2.1/../../../../arm-none-eabi/lib/thumb/v7e-m+fp/hard/libc_nano.a(libc_a-signal.o)
                0x08001f04                __sigtramp
 .text._kill_r  0x08001f14       0x24 /usr/bin/../lib/gcc/arm-none-eabi/12.2.1/../../../../arm-none-eabi/lib/thumb/v7e-m+fp/hard/libc_nano.a(libc_a-signalr.o)
                0x08001f14                _kill_r
 .text._getpid_r
                0x08001f38        0x4 /usr/bin/../lib/gcc/arm-none-eabi/12.2.1/../../../../arm-none-eabi/lib/thumb/v7e-m+fp/hard/libc_nano.a(libc_a-signalr.o)
                0x08001f38                _getpid_r
 *(.glue_7)
 .glue_7        0x08001f3c        0x0 linker stubs
 *(.glue_7t)
 .glue_7t       0x08001f3c        0x0 linker stubs
 *(.eh_frame)
 .eh_frame      0x08001f3c        0x0 /usr/bin/../lib/gcc/arm-none-eabi/12.2.1/thumb/v7e-m+fp/hard/crtbegin.o
 .eh_frame      0x08001f3c        0x4 /usr/bin/../lib/gcc/arm-none-eabi/12.2.1/thumb/v7e-m+fp/hard/crtend.o
 *(.init)
 .init          0x08001f40        0x4 /usr/bin/../lib/gcc/arm-none-eabi/12.2.1/thumb/v7e-m+fp/hard/crti.o
                0x08001f40                _init
 .init          0x08001f44        0x8 /usr/bin/../lib/gcc/arm-none-eabi/12.2.1/thumb/v7e-m+fp/hard/crtn.o
 *(.fini)
 .fini          0x08001f4c        0x4 /usr/bin/../lib/gcc/arm-none-eabi/12.2.1/thumb/v7e-m+fp/hard/crti.o
                0x08001f4c                _fini
 .fini          0x08001f50        0x8 /usr/bin/../lib/gcc/arm-none-eabi/12.2.1/thumb/v7e-m+fp/hard/crtn.o
                0x08001f58                        . = ALIGN (0x4)
                0x08001f58                        _etext = .

.vfp11_veneer   0x08001f58        0x0
 .vfp11_veneer  0x08001f58        0x0 linker stubs

.v4_bx          0x08001f58        0x0
 .v4_bx         0x08001f58        0x0 linker stubs

.iplt           0x08001f58        0x0
 .iplt          0x08001f58        0x0 /usr/bin/../lib/gcc/arm-none-eabi/12.2.1/thumb/v7e-m+fp/hard/crtbegin.o

.rodata         0x08001f58       0x48
                0x08001f58                        . = ALIGN (0x4)
 *(.rodata)
 *(.rodata*)
 .rodata.all_implied_fbits
                0x08001f58       0x24 /usr/bin/../lib/gcc/arm-none-eabi/12.2.1/thumb/v7e-m+fp/hard/crtbegin.o
 .rodata.all_implied_fbits
                0x08001f7c       0x24 /usr/bin/../lib/gcc/arm-none-eabi/12.2.1/thumb/v7e-m+fp/hard/crtend.o
                0x08001fa0                        . = ALIGN (0x4)

.ARM.extab      0x08001fa0       0x78
                0x08001fa0                        . = ALIGN (0x4)
 *(.ARM.extab* .gnu.linkonce.armextab.*)
 .ARM.extab     0x08001fa0        0x0 /usr/bin/../lib/gcc/arm-none-eabi/12.2.1/../../../../arm-none-eabi/lib/thumb/v7e-m+fp/hard/crt0.o
 .ARM.extab.text.main
                0x08001fa0        0x0 Debug/Src/main.o
 .ARM.extab.text.initialise_monitor_handles
                0x08001fa0        0x0 Debug/Src/syscalls.o
 .ARM.extab.text._getpid
                0x08001fa0        0x0 Debug/Src/syscalls.o
 .ARM.extab.text._kill
                0x08001fa0        0xc Debug/Src/syscalls.o
 .ARM.extab.text._exit
                0x08001fac        0x0 Debug/Src/syscalls.o
 .ARM.extab.text._read
                0x08001fac        0xc Debug/Src/syscalls.o
 .ARM.extab.text._write
                0x08001fb8        0xc Debug/Src/syscalls.o
 .ARM.extab.text._close
                0x08001fc4        0x0 Debug/Src/syscalls.o
 .ARM.extab.text._fstat
                0x08001fc4        0x0 Debug/Src/syscalls.o
 .ARM.extab.text._isatty
                0x08001fc4        0x0 Debug/Src/syscalls.o
 .ARM.extab.text._lseek
                0x08001fc4        0x0 Debug/Src/syscalls.o
 .ARM.extab.text._open
                0x08001fc4        0x0 Debug/Src/syscalls.o
 .ARM.extab.text._wait
                0x08001fc4        0xc Debug/Src/syscalls.o
 .ARM.extab.text._unlink
                0x08001fd0        0xc Debug/Src/syscalls.o
 .ARM.extab.text._times
                0x08001fdc        0x0 Debug/Src/syscalls.o
 .ARM.extab.text._stat
                0x08001fdc        0x0 Debug/Src/syscalls.o
 .ARM.extab.text._link
                0x08001fdc        0xc Debug/Src/syscalls.o
 .ARM.extab.text._fork
                0x08001fe8        0x0 Debug/Src/syscalls.o
 .ARM.extab.text._execve
                0x08001fe8        0xc Debug/Src/syscalls.o
 .ARM.extab.text._sbrk
                0x08001ff4        0xc Debug/Src/sysmem.o
 .ARM.extab.text.selfrel_offset31
                0x08002000        0x0 /usr/bin/../lib/gcc/arm-none-eabi/12.2.1/thumb/v7e-m+fp/hard/libgcc.a(unwind-arm.o)
 .ARM.extab.text.search_EIT_table
                0x08002000        0x0 /usr/bin/../lib/gcc/arm-none-eabi/12.2.1/thumb/v7e-m+fp/hard/libgcc.a(unwind-arm.o)
 .ARM.extab.text.__gnu_unwind_get_pr_addr
                0x08002000        0x0 /usr/bin/../lib/gcc/arm-none-eabi/12.2.1/thumb/v7e-m+fp/hard/libgcc.a(unwind-arm.o)
 .ARM.extab.text.get_eit_entry
                0x08002000        0x0 /usr/bin/../lib/gcc/arm-none-eabi/12.2.1/thumb/v7e-m+fp/hard/libgcc.a(unwind-arm.o)
 .ARM.extab.text.restore_non_core_regs
                0x08002000        0x0 /usr/bin/../lib/gcc/arm-none-eabi/12.2.1/thumb/v7e-m+fp/hard/libgcc.a(unwind-arm.o)
 .ARM.extab.text.__gnu_unwind_24bit.constprop.0
                0x08002000        0x0 /usr/bin/../lib/gcc/arm-none-eabi/12.2.1/thumb/v7e-m+fp/hard/libgcc.a(unwind-arm.o)
 .ARM.extab.text._Unwind_decode_typeinfo_ptr.constprop.0
                0x08002000        0x0 /usr/bin/../lib/gcc/arm-none-eabi/12.2.1/thumb/v7e-m+fp/hard/libgcc.a(unwind-arm.o)
 .ARM.extab.text._Unwind_DebugHook
                0x08002000        0x0 /usr/bin/../lib/gcc/arm-none-eabi/12.2.1/thumb/v7e-m+fp/hard/libgcc.a(unwind-arm.o)
 .ARM.extab.text.unwind_phase2
                0x08002000        0x0 /usr/bin/../lib/gcc/arm-none-eabi/12.2.1/thumb/v7e-m+fp/hard/libgcc.a(unwind-arm.o)
 .ARM.extab.text.unwind_phase2_forced
                0x08002000        0x0 /usr/bin/../lib/gcc/arm-none-eabi/12.2.1/thumb/v7e-m+fp/hard/libgcc.a(unwind-arm.o)
 .ARM.extab.text._Unwind_GetCFA
                0x08002000        0x0 /usr/bin/../lib/gcc/arm-none-eabi/12.2.1/thumb/v7e-m+fp/hard/libgcc.a(unwind-arm.o)
 .ARM.extab.text.__gnu_Unwind_RaiseException
                0x08002000        0x0 /usr/bin/../lib/gcc/arm-none-eabi/12.2.1/thumb/v7e-m+fp/hard/libgcc.a(unwind-arm.o)
 .ARM.extab.text.__gnu_Unwind_ForcedUnwind
                0x08002000        0x0 /usr/bin/../lib/gcc/arm-none-eabi/12.2.1/thumb/v7e-m+fp/hard/libgcc.a(unwind-arm.o)
 .ARM.extab.text.__gnu_Unwind_Resume
                0x08002000        0x0 /usr/bin/../lib/gcc/arm-none-eabi/12.2.1/thumb/v7e-m+fp/hard/libgcc.a(unwind-arm.o)
 .ARM.extab.text.__gnu_Unwind_Resume_or_Rethrow
                0x08002000        0x0 /usr/bin/../lib/gcc/arm-none-eabi/12.2.1/thumb/v7e-m+fp/hard/libgcc.a(unwind-arm.o)
 .ARM.extab.text._Unwind_Complete
                0x08002000        0x0 /usr/bin/../lib/gcc/arm-none-eabi/12.2.1/thumb/v7e-m+fp/hard/libgcc.a(unwind-arm.o)
 .ARM.extab.text._Unwind_DeleteException
                0x08002000        0x0 /usr/bin/../lib/gcc/arm-none-eabi/12.2.1/thumb/v7e-m+fp/hard/libgcc.a(unwind-arm.o)
 .ARM.extab.text._Unwind_VRS_Get
                0x08002000        0x0 /usr/bin/../lib/gcc/arm-none-eabi/12.2.1/thumb/v7e-m+fp/hard/libgcc.a(unwind-arm.o)
 .ARM.extab.text._Unwind_GetGR
                0x08002000        0x0 /usr/bin/../lib/gcc/arm-none-eabi/12.2.1/thumb/v7e-m+fp/hard/libgcc.a(unwind-arm.o)
 .ARM.extab.text._Unwind_VRS_Set
                0x08002000        0x0 /usr/bin/../lib/gcc/arm-none-eabi/12.2.1/thumb/v7e-m+fp/hard/libgcc.a(unwind-arm.o)
 .ARM.extab.text._Unwind_SetGR
                0x08002000        0x0 /usr/bin/../lib/gcc/arm-none-eabi/12.2.1/thumb/v7e-m+fp/hard/libgcc.a(unwind-arm.o)
 .ARM.extab.text.__gnu_Unwind_Backtrace
                0x08002000        0x0 /usr/bin/../lib/gcc/arm-none-eabi/12.2.1/thumb/v7e-m+fp/hard/libgcc.a(unwind-arm.o)
 .ARM.extab.text.__gnu_unwind_pr_common
                0x08002000        0x0 /usr/bin/../lib/gcc/arm-none-eabi/12.2.1/thumb/v7e-m+fp/hard/libgcc.a(unwind-arm.o)
 .ARM.extab.text.__aeabi_unwind_cpp_pr0
                0x08002000        0x0 /usr/bin/../lib/gcc/arm-none-eabi/12.2.1/thumb/v7e-m+fp/hard/libgcc.a(unwind-arm.o)
 .ARM.extab.text.__aeabi_unwind_cpp_pr1
                0x08002000        0x0 /usr/bin/../lib/gcc/arm-none-eabi/12.2.1/thumb/v7e-m+fp/hard/libgcc.a(unwind-arm.o)
 .ARM.extab.text.__aeabi_unwind_cpp_pr2
                0x08002000        0x0 /usr/bin/../lib/gcc/arm-none-eabi/12.2.1/thumb/v7e-m+fp/hard/libgcc.a(unwind-arm.o)
 .ARM.extab.text._Unwind_VRS_Pop
                0x08002000        0x0 /usr/bin/../lib/gcc/arm-none-eabi/12.2.1/thumb/v7e-m+fp/hard/libgcc.a(unwind-arm.o)
 .ARM.extab.text.next_unwind_byte
                0x08002000        0x0 /usr/bin/../lib/gcc/arm-none-eabi/12.2.1/thumb/v7e-m+fp/hard/libgcc.a(pr-support.o)
 .ARM.extab.text._Unwind_GetGR.constprop.0
                0x08002000        0x0 /usr/bin/../lib/gcc/arm-none-eabi/12.2.1/thumb/v7e-m+fp/hard/libgcc.a(pr-support.o)
 .ARM.extab.text.unwind_UCB_from_context
                0x08002000        0x0 /usr/bin/../lib/gcc/arm-none-eabi/12.2.1/thumb/v7e-m+fp/hard/libgcc.a(pr-support.o)
 .ARM.extab.text.__gnu_unwind_execute
                0x08002000        0x0 /usr/bin/../lib/gcc/arm-none-eabi/12.2.1/thumb/v7e-m+fp/hard/libgcc.a(pr-support.o)
 .ARM.extab.text.__gnu_unwind_frame
                0x08002000        0x0 /usr/bin/../lib/gcc/arm-none-eabi/12.2.1/thumb/v7e-m+fp/hard/libgcc.a(pr-support.o)
 .ARM.extab.text._Unwind_GetRegionStart
                0x08002000        0xc /usr/bin/../lib/gcc/arm-none-eabi/12.2.1/thumb/v7e-m+fp/hard/libgcc.a(pr-support.o)
 .ARM.extab.text._Unwind_GetLanguageSpecificData
                0x0800200c        0xc /usr/bin/../lib/gcc/arm-none-eabi/12.2.1/thumb/v7e-m+fp/hard/libgcc.a(pr-support.o)
 .ARM.extab.text.unlikely._Unwind_GetDataRelBase
                0x08002018        0x0 /usr/bin/../lib/gcc/arm-none-eabi/12.2.1/thumb/v7e-m+fp/hard/libgcc.a(pr-support.o)
 .ARM.extab.text.unlikely._Unwind_GetTextRelBase
                0x08002018        0x0 /usr/bin/../lib/gcc/arm-none-eabi/12.2.1/thumb/v7e-m+fp/hard/libgcc.a(pr-support.o)
                0x08002018                        . = ALIGN (0x4)

.ARM            0x08002018      0x120
                0x08002018                        . = ALIGN (0x4)
                0x08002018                        __exidx_start = .
 *(.ARM.exidx*)
 .ARM.exidx     0x08002018        0x8 /usr/bin/../lib/gcc/arm-none-eabi/12.2.1/../../../../arm-none-eabi/lib/thumb/v7e-m+fp/hard/crt0.o
                                 0x10 (size before relaxing)
 .ARM.exidx.text.main
                0x08002020        0x0 Debug/Src/main.o
                                  0x8 (size before relaxing)
 .ARM.exidx.text.initialise_monitor_handles
                0x08002020        0x0 Debug/Src/syscalls.o
                                  0x8 (size before relaxing)
 .ARM.exidx.text._getpid
                0x08002020        0x0 Debug/Src/syscalls.o
                                  0x8 (size before relaxing)
 .ARM.exidx.text._kill
                0x08002020        0x8 Debug/Src/syscalls.o
 .ARM.exidx.text._exit
                0x08002028        0x8 Debug/Src/syscalls.o
 .ARM.exidx.text._read
                0x08002030        0x8 Debug/Src/syscalls.o
 .ARM.exidx.text._write
                0x08002038        0x8 Debug/Src/syscalls.o
 .ARM.exidx.text._close
                0x08002040        0x8 Debug/Src/syscalls.o
 .ARM.exidx.text._fstat
                0x08002048        0x0 Debug/Src/syscalls.o
                                  0x8 (size before relaxing)
 .ARM.exidx.text._isatty
                0x08002048        0x0 Debug/Src/syscalls.o
                                  0x8 (size before relaxing)
 .ARM.exidx.text._lseek
                0x08002048        0x0 Debug/Src/syscalls.o
                                  0x8 (size before relaxing)
 .ARM.exidx.text._open
                0x08002048        0x0 Debug/Src/syscalls.o
                                  0x8 (size before relaxing)
 .ARM.exidx.text._wait
                0x08002048        0x8 Debug/Src/syscalls.o
 .ARM.exidx.text._unlink
                0x08002050        0x8 Debug/Src/syscalls.o
 .ARM.exidx.text._times
                0x08002058        0x8 Debug/Src/syscalls.o
 .ARM.exidx.text._stat
                0x08002060        0x0 Debug/Src/syscalls.o
                                  0x8 (size before relaxing)
 .ARM.exidx.text._link
                0x08002060        0x8 Debug/Src/syscalls.o
 .ARM.exidx.text._fork
                0x08002068        0x8 Debug/Src/syscalls.o
 .ARM.exidx.text._execve
                0x08002070        0x8 Debug/Src/syscalls.o
 .ARM.exidx.text._sbrk
                0x08002078       0x10 Debug/Src/sysmem.o
                                  0x8 (size before relaxing)
 .ARM.exidx.text.selfrel_offset31
                0x08002088        0x0 /usr/bin/../lib/gcc/arm-none-eabi/12.2.1/thumb/v7e-m+fp/hard/libgcc.a(unwind-arm.o)
                                  0x8 (size before relaxing)
 .ARM.exidx.text.search_EIT_table
                0x08002088        0x0 /usr/bin/../lib/gcc/arm-none-eabi/12.2.1/thumb/v7e-m+fp/hard/libgcc.a(unwind-arm.o)
                                  0x8 (size before relaxing)
 .ARM.exidx.text.__gnu_unwind_get_pr_addr
                0x08002088        0x0 /usr/bin/../lib/gcc/arm-none-eabi/12.2.1/thumb/v7e-m+fp/hard/libgcc.a(unwind-arm.o)
                                  0x8 (size before relaxing)
 .ARM.exidx.text.get_eit_entry
                0x08002088        0x8 /usr/bin/../lib/gcc/arm-none-eabi/12.2.1/thumb/v7e-m+fp/hard/libgcc.a(unwind-arm.o)
 .ARM.exidx.text.restore_non_core_regs
                0x08002090        0x8 /usr/bin/../lib/gcc/arm-none-eabi/12.2.1/thumb/v7e-m+fp/hard/libgcc.a(unwind-arm.o)
 .ARM.exidx.text.__gnu_unwind_24bit.constprop.0
                0x08002098        0x8 /usr/bin/../lib/gcc/arm-none-eabi/12.2.1/thumb/v7e-m+fp/hard/libgcc.a(unwind-arm.o)
 .ARM.exidx.text._Unwind_decode_typeinfo_ptr.constprop.0
                0x080020a0        0x0 /usr/bin/../lib/gcc/arm-none-eabi/12.2.1/thumb/v7e-m+fp/hard/libgcc.a(unwind-arm.o)
                                  0x8 (size before relaxing)
 .ARM.exidx.text._Unwind_DebugHook
                0x080020a0        0x0 /usr/bin/../lib/gcc/arm-none-eabi/12.2.1/thumb/v7e-m+fp/hard/libgcc.a(unwind-arm.o)
                                  0x8 (size before relaxing)
 .ARM.exidx.text.unwind_phase2
                0x080020a0        0x8 /usr/bin/../lib/gcc/arm-none-eabi/12.2.1/thumb/v7e-m+fp/hard/libgcc.a(unwind-arm.o)
 .ARM.exidx.text.unwind_phase2_forced
                0x080020a8        0x8 /usr/bin/../lib/gcc/arm-none-eabi/12.2.1/thumb/v7e-m+fp/hard/libgcc.a(unwind-arm.o)
 .ARM.exidx.text._Unwind_GetCFA
                0x080020b0        0x8 /usr/bin/../lib/gcc/arm-none-eabi/12.2.1/thumb/v7e-m+fp/hard/libgcc.a(unwind-arm.o)
 .ARM.exidx.text.__gnu_Unwind_RaiseException
                0x080020b8        0x8 /usr/bin/../lib/gcc/arm-none-eabi/12.2.1/thumb/v7e-m+fp/hard/libgcc.a(unwind-arm.o)
 .ARM.exidx.text.__gnu_Unwind_ForcedUnwind
                0x080020c0        0x8 /usr/bin/../lib/gcc/arm-none-eabi/12.2.1/thumb/v7e-m+fp/hard/libgcc.a(unwind-arm.o)
 .ARM.exidx.text.__gnu_Unwind_Resume
                0x080020c8        0x8 /usr/bin/../lib/gcc/arm-none-eabi/12.2.1/thumb/v7e-m+fp/hard/libgcc.a(unwind-arm.o)
 .ARM.exidx.text.__gnu_Unwind_Resume_or_Rethrow
                0x080020d0        0x8 /usr/bin/../lib/gcc/arm-none-eabi/12.2.1/thumb/v7e-m+fp/hard/libgcc.a(unwind-arm.o)
 .ARM.exidx.text._Unwind_Complete
                0x080020d8        0x0 /usr/bin/../lib/gcc/arm-none-eabi/12.2.1/thumb/v7e-m+fp/hard/libgcc.a(unwind-arm.o)
                                  0x8 (size before relaxing)
 .ARM.exidx.text._Unwind_DeleteException
                0x080020d8        0x0 /usr/bin/../lib/gcc/arm-none-eabi/12.2.1/thumb/v7e-m+fp/hard/libgcc.a(unwind-arm.o)
                                  0x8 (size before relaxing)
 .ARM.exidx.text._Unwind_VRS_Get
                0x080020d8        0x0 /usr/bin/../lib/gcc/arm-none-eabi/12.2.1/thumb/v7e-m+fp/hard/libgcc.a(unwind-arm.o)
                                  0x8 (size before relaxing)
 .ARM.exidx.text._Unwind_GetGR
                0x080020d8        0x0 /usr/bin/../lib/gcc/arm-none-eabi/12.2.1/thumb/v7e-m+fp/hard/libgcc.a(unwind-arm.o)
                                  0x8 (size before relaxing)
 .ARM.exidx.text._Unwind_VRS_Set
                0x080020d8        0x0 /usr/bin/../lib/gcc/arm-none-eabi/12.2.1/thumb/v7e-m+fp/hard/libgcc.a(unwind-arm.o)
                                  0x8 (size before relaxing)
 .ARM.exidx.text._Unwind_SetGR
                0x080020d8        0x0 /usr/bin/../lib/gcc/arm-none-eabi/12.2.1/thumb/v7e-m+fp/hard/libgcc.a(unwind-arm.o)
                                  0x8 (size before relaxing)
 .ARM.exidx.text.__gnu_Unwind_Backtrace
                0x080020d8        0x8 /usr/bin/../lib/gcc/arm-none-eabi/12.2.1/thumb/v7e-m+fp/hard/libgcc.a(unwind-arm.o)
 .ARM.exidx.text.__gnu_unwind_pr_common
                0x080020e0        0x8 /usr/bin/../lib/gcc/arm-none-eabi/12.2.1/thumb/v7e-m+fp/hard/libgcc.a(unwind-arm.o)
 .ARM.exidx.text.__aeabi_unwind_cpp_pr0
                0x080020e8        0x8 /usr/bin/../lib/gcc/arm-none-eabi/12.2.1/thumb/v7e-m+fp/hard/libgcc.a(unwind-arm.o)
 .ARM.exidx.text.__aeabi_unwind_cpp_pr1
                0x080020f0        0x0 /usr/bin/../lib/gcc/arm-none-eabi/12.2.1/thumb/v7e-m+fp/hard/libgcc.a(unwind-arm.o)
                                  0x8 (size before relaxing)
 .ARM.exidx.text.__aeabi_unwind_cpp_pr2
                0x080020f0        0x0 /usr/bin/../lib/gcc/arm-none-eabi/12.2.1/thumb/v7e-m+fp/hard/libgcc.a(unwind-arm.o)
                                  0x8 (size before relaxing)
 .ARM.exidx.text._Unwind_VRS_Pop
                0x080020f0        0x8 /usr/bin/../lib/gcc/arm-none-eabi/12.2.1/thumb/v7e-m+fp/hard/libgcc.a(unwind-arm.o)
 .ARM.exidx.text.next_unwind_byte
                0x080020f8        0x8 /usr/bin/../lib/gcc/arm-none-eabi/12.2.1/thumb/v7e-m+fp/hard/libgcc.a(pr-support.o)
 .ARM.exidx.text._Unwind_GetGR.constprop.0
                0x08002100        0x8 /usr/bin/../lib/gcc/arm-none-eabi/12.2.1/thumb/v7e-m+fp/hard/libgcc.a(pr-support.o)
 .ARM.exidx.text.unwind_UCB_from_context
                0x08002108        0x8 /usr/bin/../lib/gcc/arm-none-eabi/12.2.1/thumb/v7e-m+fp/hard/libgcc.a(pr-support.o)
 .ARM.exidx.text.__gnu_unwind_execute
                0x08002110        0x8 /usr/bin/../lib/gcc/arm-none-eabi/12.2.1/thumb/v7e-m+fp/hard/libgcc.a(pr-support.o)
 .ARM.exidx.text.__gnu_unwind_frame
                0x08002118        0x8 /usr/bin/../lib/gcc/arm-none-eabi/12.2.1/thumb/v7e-m+fp/hard/libgcc.a(pr-support.o)
 .ARM.exidx.text._Unwind_GetRegionStart
                0x08002120        0x8 /usr/bin/../lib/gcc/arm-none-eabi/12.2.1/thumb/v7e-m+fp/hard/libgcc.a(pr-support.o)
 .ARM.exidx.text._Unwind_GetLanguageSpecificData
                0x08002128        0x8 /usr/bin/../lib/gcc/arm-none-eabi/12.2.1/thumb/v7e-m+fp/hard/libgcc.a(pr-support.o)
 .ARM.exidx.text.unlikely._Unwind_GetDataRelBase
                0x08002130        0x8 /usr/bin/../lib/gcc/arm-none-eabi/12.2.1/thumb/v7e-m+fp/hard/libgcc.a(pr-support.o)
 .ARM.exidx.text.unlikely._Unwind_GetTextRelBase
                0x08002138        0x0 /usr/bin/../lib/gcc/arm-none-eabi/12.2.1/thumb/v7e-m+fp/hard/libgcc.a(pr-support.o)
                                  0x8 (size before relaxing)
                0x08002138                        __exidx_end = .
                0x08002138                        . = ALIGN (0x4)

.rel.dyn        0x08002138        0x0
 .rel.iplt      0x08002138        0x0 /usr/bin/../lib/gcc/arm-none-eabi/12.2.1/thumb/v7e-m+fp/hard/crtbegin.o

.preinit_array  0x08002138        0x0
                0x08002138                        . = ALIGN (0x4)
                0x08002138                        PROVIDE (__preinit_array_start = .)
 *(.preinit_array*)
                0x08002138                        PROVIDE (__preinit_array_end = .)
                0x08002138                        . = ALIGN (0x4)

.init_array     0x08002138        0x4
                0x08002138                        . = ALIGN (0x4)
                0x08002138                        PROVIDE (__init_array_start = .)
 *(SORT_BY_NAME(.init_array.*))
 *(.init_array*)
 .init_array    0x08002138        0x4 /usr/bin/../lib/gcc/arm-none-eabi/12.2.1/thumb/v7e-m+fp/hard/crtbegin.o
                0x0800213c                        PROVIDE (__init_array_end = .)
                0x0800213c                        . = ALIGN (0x4)

.fini_array     0x0800213c        0x4
                0x0800213c                        . = ALIGN (0x4)
                [!provide]                        PROVIDE (__fini_array_start = .)
 *(SORT_BY_NAME(.fini_array.*))
 *(.fini_array*)
 .fini_array    0x0800213c        0x4 /usr/bin/../lib/gcc/arm-none-eabi/12.2.1/thumb/v7e-m+fp/hard/crtbegin.o
                [!provide]                        PROVIDE (__fini_array_end = .)
                0x08002140                        . = ALIGN (0x4)
                0x08002140                        _sidata = LOADADDR (.data)

.data           0x20000000       0x64 load address 0x08002140
                0x20000000                        . = ALIGN (0x4)
                0x20000000                        _sdata = .
 *(.data)
 .data          0x20000000        0x0 /usr/bin/../lib/gcc/arm-none-eabi/12.2.1/thumb/v7e-m+fp/hard/crti.o
 .data          0x20000000        0x0 /usr/bin/../lib/gcc/arm-none-eabi/12.2.1/thumb/v7e-m+fp/hard/crtbegin.o
 .data          0x20000000        0x0 /usr/bin/../lib/gcc/arm-none-eabi/12.2.1/../../../../arm-none-eabi/lib/thumb/v7e-m+fp/hard/crt0.o
 .data          0x20000000        0x0 Debug/Drivers/GPIO/IOPin.o
 .data          0x20000000        0x0 Debug/Drivers/RCC/PeripheralClocks.o
 .data          0x20000000        0x0 Debug/Drivers/RCC/RCC.o
 .data          0x20000000        0x0 Debug/Drivers/USART/USART.o
 .data          0x20000000        0x0 Debug/Src/main.o
 .data          0x20000000        0x0 Debug/Src/syscalls.o
 .data          0x20000000        0x0 Debug/Src/sysmem.o
 .data          0x20000000        0x0 Debug/Startup/startup_stm32f411retx.o
 .data          0x20000000        0x0 /usr/bin/../lib/gcc/arm-none-eabi/12.2.1/../../../../arm-none-eabi/lib/thumb/v7e-m+fp/hard/libc_nano.a(libc_a-exit.o)
 .data          0x20000000        0x0 /usr/bin/../lib/gcc/arm-none-eabi/12.2.1/../../../../arm-none-eabi/lib/thumb/v7e-m+fp/hard/libc_nano.a(libc_a-init.o)
 .data          0x20000000        0x0 /usr/bin/../lib/gcc/arm-none-eabi/12.2.1/../../../../arm-none-eabi/lib/thumb/v7e-m+fp/hard/libc_nano.a(libc_a-findfp.o)
 .data          0x20000000        0x0 /usr/bin/../lib/gcc/arm-none-eabi/12.2.1/../../../../arm-none-eabi/lib/thumb/v7e-m+fp/hard/libc_nano.a(libc_a-stdio.o)
 .data          0x20000000        0x0 /usr/bin/../lib/gcc/arm-none-eabi/12.2.1/../../../../arm-none-eabi/lib/thumb/v7e-m+fp/hard/libc_nano.a(libc_a-writer.o)
 .data          0x20000000        0x0 /usr/bin/../lib/gcc/arm-none-eabi/12.2.1/../../../../arm-none-eabi/lib/thumb/v7e-m+fp/hard/libc_nano.a(libc_a-errno.o)
 .data          0x20000000        0x0 /usr/bin/../lib/gcc/arm-none-eabi/12.2.1/../../../../arm-none-eabi/lib/thumb/v7e-m+fp/hard/libc_nano.a(libc_a-fwalk.o)
 .data          0x20000000        0x0 /usr/bin/../lib/gcc/arm-none-eabi/12.2.1/../../../../arm-none-eabi/lib/thumb/v7e-m+fp/hard/libc_nano.a(libc_a-memset.o)
 .data          0x20000000        0x0 /usr/bin/../lib/gcc/arm-none-eabi/12.2.1/../../../../arm-none-eabi/lib/thumb/v7e-m+fp/hard/libc_nano.a(libc_a-lock.o)
 .data          0x20000000        0x0 /usr/bin/../lib/gcc/arm-none-eabi/12.2.1/../../../../arm-none-eabi/lib/thumb/v7e-m+fp/hard/libc_nano.a(libc_a-closer.o)
 .data          0x20000000        0x0 /usr/bin/../lib/gcc/arm-none-eabi/12.2.1/../../../../arm-none-eabi/lib/thumb/v7e-m+fp/hard/libc_nano.a(libc_a-reent.o)
 .data          0x20000000        0x0 /usr/bin/../lib/gcc/arm-none-eabi/12.2.1/../../../../arm-none-eabi/lib/thumb/v7e-m+fp/hard/libc_nano.a(libc_a-impure.o)
 .data          0x20000000        0x0 /usr/bin/../lib/gcc/arm-none-eabi/12.2.1/../../../../arm-none-eabi/lib/thumb/v7e-m+fp/hard/libc_nano.a(libc_a-fflush.o)
 .data          0x20000000        0x0 /usr/bin/../lib/gcc/arm-none-eabi/12.2.1/../../../../arm-none-eabi/lib/thumb/v7e-m+fp/hard/libc_nano.a(libc_a-mallocr.o)
 .data          0x20000000        0x0 /usr/bin/../lib/gcc/arm-none-eabi/12.2.1/../../../../arm-none-eabi/lib/thumb/v7e-m+fp/hard/libc_nano.a(libc_a-lseekr.o)
 .data          0x20000000        0x0 /usr/bin/../lib/gcc/arm-none-eabi/12.2.1/../../../../arm-none-eabi/lib/thumb/v7e-m+fp/hard/libc_nano.a(libc_a-readr.o)
 .data          0x20000000        0x0 /usr/bin/../lib/gcc/arm-none-eabi/12.2.1/../../../../arm-none-eabi/lib/thumb/v7e-m+fp/hard/libc_nano.a(libc_a-mlock.o)
 .data          0x20000000        0x0 /usr/bin/../lib/gcc/arm-none-eabi/12.2.1/../../../../arm-none-eabi/lib/thumb/v7e-m+fp/hard/libc_nano.a(libc_a-sbrkr.o)
 .data          0x20000000        0x0 /usr/bin/../lib/gcc/arm-none-eabi/12.2.1/../../../../arm-none-eabi/lib/thumb/v7e-m+fp/hard/libc_nano.a(libc_a-freer.o)
 .data          0x20000000        0x0 /usr/bin/../lib/gcc/arm-none-eabi/12.2.1/thumb/v7e-m+fp/hard/libgcc.a(unwind-arm.o)
 .data          0x20000000        0x0 /usr/bin/../lib/gcc/arm-none-eabi/12.2.1/thumb/v7e-m+fp/hard/libgcc.a(libunwind.o)
 .data          0x20000000        0x0 /usr/bin/../lib/gcc/arm-none-eabi/12.2.1/thumb/v7e-m+fp/hard/libgcc.a(pr-support.o)
 .data          0x20000000        0x0 /usr/bin/../lib/gcc/arm-none-eabi/12.2.1/../../../../arm-none-eabi/lib/thumb/v7e-m+fp/hard/libc_nano.a(libc_a-memcpy-stub.o)
 .data          0x20000000        0x0 /usr/bin/../lib/gcc/arm-none-eabi/12.2.1/../../../../arm-none-eabi/lib/thumb/v7e-m+fp/hard/libc_nano.a(libc_a-abort.o)
 .data          0x20000000        0x0 /usr/bin/../lib/gcc/arm-none-eabi/12.2.1/../../../../arm-none-eabi/lib/thumb/v7e-m+fp/hard/libc_nano.a(libc_a-signal.o)
 .data          0x20000000        0x0 /usr/bin/../lib/gcc/arm-none-eabi/12.2.1/../../../../arm-none-eabi/lib/thumb/v7e-m+fp/hard/libc_nano.a(libc_a-signalr.o)
 .data          0x20000000        0x0 /usr/bin/../lib/gcc/arm-none-eabi/12.2.1/thumb/v7e-m+fp/hard/crtend.o
 .data          0x20000000        0x0 /usr/bin/../lib/gcc/arm-none-eabi/12.2.1/thumb/v7e-m+fp/hard/crtn.o
 *(.data*)
 .data.__dso_handle
                0x20000000        0x4 /usr/bin/../lib/gcc/arm-none-eabi/12.2.1/thumb/v7e-m+fp/hard/crtbegin.o
                0x20000000                __dso_handle
 .data.environ  0x20000004        0x4 Debug/Src/syscalls.o
                0x20000004                environ
 .data.__sglue  0x20000008        0xc /usr/bin/../lib/gcc/arm-none-eabi/12.2.1/../../../../arm-none-eabi/lib/thumb/v7e-m+fp/hard/libc_nano.a(libc_a-findfp.o)
                0x20000008                __sglue
 .data._impure_ptr
                0x20000014        0x4 /usr/bin/../lib/gcc/arm-none-eabi/12.2.1/../../../../arm-none-eabi/lib/thumb/v7e-m+fp/hard/libc_nano.a(libc_a-impure.o)
                0x20000014                _impure_ptr
 .data._impure_data
                0x20000018       0x4c /usr/bin/../lib/gcc/arm-none-eabi/12.2.1/../../../../arm-none-eabi/lib/thumb/v7e-m+fp/hard/libc_nano.a(libc_a-impure.o)
                0x20000018                _impure_data
 *(.RamFunc)
 *(.RamFunc*)
                0x20000064                        . = ALIGN (0x4)
                0x20000064                        _edata = .

.tm_clone_table
                0x20000064        0x0 load address 0x080021a4
 .tm_clone_table
                0x20000064        0x0 /usr/bin/../lib/gcc/arm-none-eabi/12.2.1/thumb/v7e-m+fp/hard/crtbegin.o
 .tm_clone_table
                0x20000064        0x0 /usr/bin/../lib/gcc/arm-none-eabi/12.2.1/thumb/v7e-m+fp/hard/crtend.o

.igot.plt       0x20000064        0x0 load address 0x080021a4
 .igot.plt      0x20000064        0x0 /usr/bin/../lib/gcc/arm-none-eabi/12.2.1/thumb/v7e-m+fp/hard/crtbegin.o
                0x20000064                        . = ALIGN (0x4)

.bss            0x20000064      0x174 load address 0x080021a4
                0x20000064                        _sbss = .
                0x20000064                        __bss_start__ = _sbss
 *(.bss)
 .bss           0x20000064        0x0 /usr/bin/../lib/gcc/arm-none-eabi/12.2.1/thumb/v7e-m+fp/hard/crti.o
 .bss           0x20000064        0x0 /usr/bin/../lib/gcc/arm-none-eabi/12.2.1/thumb/v7e-m+fp/hard/crtbegin.o
 .bss           0x20000064        0x0 /usr/bin/../lib/gcc/arm-none-eabi/12.2.1/../../../../arm-none-eabi/lib/thumb/v7e-m+fp/hard/crt0.o
 .bss           0x20000064        0x0 Debug/Drivers/GPIO/IOPin.o
 .bss           0x20000064        0x0 Debug/Drivers/RCC/PeripheralClocks.o
 .bss           0x20000064        0x0 Debug/Drivers/RCC/RCC.o
 .bss           0x20000064        0x0 Debug/Drivers/USART/USART.o
 .bss           0x20000064        0x0 Debug/Src/main.o
 .bss           0x20000064        0x0 Debug/Src/syscalls.o
 .bss           0x20000064        0x0 Debug/Src/sysmem.o
 .bss           0x20000064        0x0 Debug/Startup/startup_stm32f411retx.o
 .bss           0x20000064        0x0 /usr/bin/../lib/gcc/arm-none-eabi/12.2.1/../../../../arm-none-eabi/lib/thumb/v7e-m+fp/hard/libc_nano.a(libc_a-exit.o)
 .bss           0x20000064        0x0 /usr/bin/../lib/gcc/arm-none-eabi/12.2.1/../../../../arm-none-eabi/lib/thumb/v7e-m+fp/hard/libc_nano.a(libc_a-init.o)
 .bss           0x20000064        0x0 /usr/bin/../lib/gcc/arm-none-eabi/12.2.1/../../../../arm-none-eabi/lib/thumb/v7e-m+fp/hard/libc_nano.a(libc_a-findfp.o)
 .bss           0x20000064        0x0 /usr/bin/../lib/gcc/arm-none-eabi/12.2.1/../../../../arm-none-eabi/lib/thumb/v7e-m+fp/hard/libc_nano.a(libc_a-stdio.o)
 .bss           0x20000064        0x0 /usr/bin/../lib/gcc/arm-none-eabi/12.2.1/../../../../arm-none-eabi/lib/thumb/v7e-m+fp/hard/libc_nano.a(libc_a-writer.o)
 .bss           0x20000064        0x0 /usr/bin/../lib/gcc/arm-none-eabi/12.2.1/../../../../arm-none-eabi/lib/thumb/v7e-m+fp/hard/libc_nano.a(libc_a-errno.o)
 .bss           0x20000064        0x0 /usr/bin/../lib/gcc/arm-none-eabi/12.2.1/../../../../arm-none-eabi/lib/thumb/v7e-m+fp/hard/libc_nano.a(libc_a-fwalk.o)
 .bss           0x20000064        0x0 /usr/bin/../lib/gcc/arm-none-eabi/12.2.1/../../../../arm-none-eabi/lib/thumb/v7e-m+fp/hard/libc_nano.a(libc_a-memset.o)
 .bss           0x20000064        0x0 /usr/bin/../lib/gcc/arm-none-eabi/12.2.1/../../../../arm-none-eabi/lib/thumb/v7e-m+fp/hard/libc_nano.a(libc_a-lock.o)
 .bss           0x20000064        0x0 /usr/bin/../lib/gcc/arm-none-eabi/12.2.1/../../../../arm-none-eabi/lib/thumb/v7e-m+fp/hard/libc_nano.a(libc_a-closer.o)
 .bss           0x20000064        0x0 /usr/bin/../lib/gcc/arm-none-eabi/12.2.1/../../../../arm-none-eabi/lib/thumb/v7e-m+fp/hard/libc_nano.a(libc_a-reent.o)
 .bss           0x20000064        0x0 /usr/bin/../lib/gcc/arm-none-eabi/12.2.1/../../../../arm-none-eabi/lib/thumb/v7e-m+fp/hard/libc_nano.a(libc_a-impure.o)
 .bss           0x20000064        0x0 /usr/bin/../lib/gcc/arm-none-eabi/12.2.1/../../../../arm-none-eabi/lib/thumb/v7e-m+fp/hard/libc_nano.a(libc_a-fflush.o)
 .bss           0x20000064        0x0 /usr/bin/../lib/gcc/arm-none-eabi/12.2.1/../../../../arm-none-eabi/lib/thumb/v7e-m+fp/hard/libc_nano.a(libc_a-mallocr.o)
 .bss           0x20000064        0x0 /usr/bin/../lib/gcc/arm-none-eabi/12.2.1/../../../../arm-none-eabi/lib/thumb/v7e-m+fp/hard/libc_nano.a(libc_a-lseekr.o)
 .bss           0x20000064        0x0 /usr/bin/../lib/gcc/arm-none-eabi/12.2.1/../../../../arm-none-eabi/lib/thumb/v7e-m+fp/hard/libc_nano.a(libc_a-readr.o)
 .bss           0x20000064        0x0 /usr/bin/../lib/gcc/arm-none-eabi/12.2.1/../../../../arm-none-eabi/lib/thumb/v7e-m+fp/hard/libc_nano.a(libc_a-mlock.o)
 .bss           0x20000064        0x0 /usr/bin/../lib/gcc/arm-none-eabi/12.2.1/../../../../arm-none-eabi/lib/thumb/v7e-m+fp/hard/libc_nano.a(libc_a-sbrkr.o)
 .bss           0x20000064        0x0 /usr/bin/../lib/gcc/arm-none-eabi/12.2.1/../../../../arm-none-eabi/lib/thumb/v7e-m+fp/hard/libc_nano.a(libc_a-freer.o)
 .bss           0x20000064        0x0 /usr/bin/../lib/gcc/arm-none-eabi/12.2.1/thumb/v7e-m+fp/hard/libgcc.a(unwind-arm.o)
 .bss           0x20000064        0x0 /usr/bin/../lib/gcc/arm-none-eabi/12.2.1/thumb/v7e-m+fp/hard/libgcc.a(libunwind.o)
 .bss           0x20000064        0x0 /usr/bin/../lib/gcc/arm-none-eabi/12.2.1/thumb/v7e-m+fp/hard/libgcc.a(pr-support.o)
 .bss           0x20000064        0x0 /usr/bin/../lib/gcc/arm-none-eabi/12.2.1/../../../../arm-none-eabi/lib/thumb/v7e-m+fp/hard/libc_nano.a(libc_a-memcpy-stub.o)
 .bss           0x20000064        0x0 /usr/bin/../lib/gcc/arm-none-eabi/12.2.1/../../../../arm-none-eabi/lib/thumb/v7e-m+fp/hard/libc_nano.a(libc_a-abort.o)
 .bss           0x20000064        0x0 /usr/bin/../lib/gcc/arm-none-eabi/12.2.1/../../../../arm-none-eabi/lib/thumb/v7e-m+fp/hard/libc_nano.a(libc_a-signal.o)
 .bss           0x20000064        0x0 /usr/bin/../lib/gcc/arm-none-eabi/12.2.1/../../../../arm-none-eabi/lib/thumb/v7e-m+fp/hard/libc_nano.a(libc_a-signalr.o)
 .bss           0x20000064        0x0 /usr/bin/../lib/gcc/arm-none-eabi/12.2.1/thumb/v7e-m+fp/hard/crtend.o
 .bss           0x20000064        0x0 /usr/bin/../lib/gcc/arm-none-eabi/12.2.1/thumb/v7e-m+fp/hard/crtn.o
 *(.bss*)
 .bss.completed.1
                0x20000064        0x1 /usr/bin/../lib/gcc/arm-none-eabi/12.2.1/thumb/v7e-m+fp/hard/crtbegin.o
 *fill*         0x20000065        0x3 
 .bss.object.0  0x20000068       0x18 /usr/bin/../lib/gcc/arm-none-eabi/12.2.1/thumb/v7e-m+fp/hard/crtbegin.o
 .bss.__env     0x20000080        0x4 Debug/Src/syscalls.o
                0x20000080                __env
 .bss.__sbrk_heap_end
                0x20000084        0x4 Debug/Src/sysmem.o
 .bss.__sf      0x20000088      0x138 /usr/bin/../lib/gcc/arm-none-eabi/12.2.1/../../../../arm-none-eabi/lib/thumb/v7e-m+fp/hard/libc_nano.a(libc_a-findfp.o)
                0x20000088                __sf
 .bss.__stdio_exit_handler
                0x200001c0        0x4 /usr/bin/../lib/gcc/arm-none-eabi/12.2.1/../../../../arm-none-eabi/lib/thumb/v7e-m+fp/hard/libc_nano.a(libc_a-findfp.o)
                0x200001c0                __stdio_exit_handler
 .bss.__lock___arc4random_mutex
                0x200001c4        0x1 /usr/bin/../lib/gcc/arm-none-eabi/12.2.1/../../../../arm-none-eabi/lib/thumb/v7e-m+fp/hard/libc_nano.a(libc_a-lock.o)
                0x200001c4                __lock___arc4random_mutex
 .bss.__lock___dd_hash_mutex
                0x200001c5        0x1 /usr/bin/../lib/gcc/arm-none-eabi/12.2.1/../../../../arm-none-eabi/lib/thumb/v7e-m+fp/hard/libc_nano.a(libc_a-lock.o)
                0x200001c5                __lock___dd_hash_mutex
 .bss.__lock___tz_mutex
                0x200001c6        0x1 /usr/bin/../lib/gcc/arm-none-eabi/12.2.1/../../../../arm-none-eabi/lib/thumb/v7e-m+fp/hard/libc_nano.a(libc_a-lock.o)
                0x200001c6                __lock___tz_mutex
 .bss.__lock___env_recursive_mutex
                0x200001c7        0x1 /usr/bin/../lib/gcc/arm-none-eabi/12.2.1/../../../../arm-none-eabi/lib/thumb/v7e-m+fp/hard/libc_nano.a(libc_a-lock.o)
                0x200001c7                __lock___env_recursive_mutex
 .bss.__lock___malloc_recursive_mutex
                0x200001c8        0x1 /usr/bin/../lib/gcc/arm-none-eabi/12.2.1/../../../../arm-none-eabi/lib/thumb/v7e-m+fp/hard/libc_nano.a(libc_a-lock.o)
                0x200001c8                __lock___malloc_recursive_mutex
 .bss.__lock___at_quick_exit_mutex
                0x200001c9        0x1 /usr/bin/../lib/gcc/arm-none-eabi/12.2.1/../../../../arm-none-eabi/lib/thumb/v7e-m+fp/hard/libc_nano.a(libc_a-lock.o)
                0x200001c9                __lock___at_quick_exit_mutex
 .bss.__lock___atexit_recursive_mutex
                0x200001ca        0x1 /usr/bin/../lib/gcc/arm-none-eabi/12.2.1/../../../../arm-none-eabi/lib/thumb/v7e-m+fp/hard/libc_nano.a(libc_a-lock.o)
                0x200001ca                __lock___atexit_recursive_mutex
 .bss.__lock___sfp_recursive_mutex
                0x200001cb        0x1 /usr/bin/../lib/gcc/arm-none-eabi/12.2.1/../../../../arm-none-eabi/lib/thumb/v7e-m+fp/hard/libc_nano.a(libc_a-lock.o)
                0x200001cb                __lock___sfp_recursive_mutex
 .bss.errno     0x200001cc        0x4 /usr/bin/../lib/gcc/arm-none-eabi/12.2.1/../../../../arm-none-eabi/lib/thumb/v7e-m+fp/hard/libc_nano.a(libc_a-reent.o)
                0x200001cc                errno
 .bss.__malloc_sbrk_start
                0x200001d0        0x4 /usr/bin/../lib/gcc/arm-none-eabi/12.2.1/../../../../arm-none-eabi/lib/thumb/v7e-m+fp/hard/libc_nano.a(libc_a-mallocr.o)
                0x200001d0                __malloc_sbrk_start
 .bss.__malloc_free_list
                0x200001d4        0x4 /usr/bin/../lib/gcc/arm-none-eabi/12.2.1/../../../../arm-none-eabi/lib/thumb/v7e-m+fp/hard/libc_nano.a(libc_a-mallocr.o)
                0x200001d4                __malloc_free_list
 *(COMMON)
                0x200001d8                        . = ALIGN (0x4)
                0x200001d8                        _ebss = .
                0x200001d8                        __bss_end__ = _ebss

._user_heap_stack
                0x200001d8      0x600 load address 0x080021a4
                0x200001d8                        . = ALIGN (0x8)
                [!provide]                        PROVIDE (end = .)
                0x200001d8                        PROVIDE (_end = .)
                0x200003d8                        . = (. + _Min_Heap_Size)
 *fill*         0x200001d8      0x200 
                0x200007d8                        . = (. + _Min_Stack_Size)
 *fill*         0x200003d8      0x400 
                0x200007d8                        . = ALIGN (0x8)

/DISCARD/
 libc.a(*)
 libm.a(*)
 libgcc.a(*)

.ARM.attributes
                0x00000000       0x30
 *(.ARM.attributes)
 .ARM.attributes
                0x00000000       0x22 /usr/bin/../lib/gcc/arm-none-eabi/12.2.1/thumb/v7e-m+fp/hard/crti.o
 .ARM.attributes
                0x00000022       0x34 /usr/bin/../lib/gcc/arm-none-eabi/12.2.1/thumb/v7e-m+fp/hard/crtbegin.o
 .ARM.attributes
                0x00000056       0x20 /usr/bin/../lib/gcc/arm-none-eabi/12.2.1/../../../../arm-none-eabi/lib/thumb/v7e-m+fp/hard/crt0.o
 .ARM.attributes
                0x00000076       0x34 Debug/Drivers/GPIO/IOPin.o
 .ARM.attributes
                0x000000aa       0x34 Debug/Drivers/RCC/PeripheralClocks.o
 .ARM.attributes
                0x000000de       0x34 Debug/Drivers/RCC/RCC.o
 .ARM.attributes
                0x00000112       0x34 Debug/Drivers/USART/USART.o
 .ARM.attributes
                0x00000146       0x34 Debug/Src/main.o
 .ARM.attributes
                0x0000017a       0x34 Debug/Src/syscalls.o
 .ARM.attributes
                0x000001ae       0x34 Debug/Src/sysmem.o
 .ARM.attributes
                0x000001e2       0x21 Debug/Startup/startup_stm32f411retx.o
 .ARM.attributes
                0x00000203       0x34 /usr/bin/../lib/gcc/arm-none-eabi/12.2.1/../../../../arm-none-eabi/lib/thumb/v7e-m+fp/hard/libc_nano.a(libc_a-exit.o)
 .ARM.attributes
                0x00000237       0x34 /usr/bin/../lib/gcc/arm-none-eabi/12.2.1/../../../../arm-none-eabi/lib/thumb/v7e-m+fp/hard/libc_nano.a(libc_a-init.o)
 .ARM.attributes
                0x0000026b       0x34 /usr/bin/../lib/gcc/arm-none-eabi/12.2.1/../../../../arm-none-eabi/lib/thumb/v7e-m+fp/hard/libc_nano.a(libc_a-findfp.o)
 .ARM.attributes
                0x0000029f       0x34 /usr/bin/../lib/gcc/arm-none-eabi/12.2.1/../../../../arm-none-eabi/lib/thumb/v7e-m+fp/hard/libc_nano.a(libc_a-stdio.o)
 .ARM.attributes
                0x000002d3       0x34 /usr/bin/../lib/gcc/arm-none-eabi/12.2.1/../../../../arm-none-eabi/lib/thumb/v7e-m+fp/hard/libc_nano.a(libc_a-writer.o)
 .ARM.attributes
                0x00000307       0x34 /usr/bin/../lib/gcc/arm-none-eabi/12.2.1/../../../../arm-none-eabi/lib/thumb/v7e-m+fp/hard/libc_nano.a(libc_a-errno.o)
 .ARM.attributes
                0x0000033b       0x34 /usr/bin/../lib/gcc/arm-none-eabi/12.2.1/../../../../arm-none-eabi/lib/thumb/v7e-m+fp/hard/libc_nano.a(libc_a-fwalk.o)
 .ARM.attributes
                0x0000036f       0x34 /usr/bin/../lib/gcc/arm-none-eabi/12.2.1/../../../../arm-none-eabi/lib/thumb/v7e-m+fp/hard/libc_nano.a(libc_a-memset.o)
 .ARM.attributes
                0x000003a3       0x34 /usr/bin/../lib/gcc/arm-none-eabi/12.2.1/../../../../arm-none-eabi/lib/thumb/v7e-m+fp/hard/libc_nano.a(libc_a-lock.o)
 .ARM.attributes
                0x000003d7       0x34 /usr/bin/../lib/gcc/arm-none-eabi/12.2.1/../../../../arm-none-eabi/lib/thumb/v7e-m+fp/hard/libc_nano.a(libc_a-closer.o)
 .ARM.attributes
                0x0000040b       0x34 /usr/bin/../lib/gcc/arm-none-eabi/12.2.1/../../../../arm-none-eabi/lib/thumb/v7e-m+fp/hard/libc_nano.a(libc_a-reent.o)
 .ARM.attributes
                0x0000043f       0x34 /usr/bin/../lib/gcc/arm-none-eabi/12.2.1/../../../../arm-none-eabi/lib/thumb/v7e-m+fp/hard/libc_nano.a(libc_a-impure.o)
 .ARM.attributes
                0x00000473       0x34 /usr/bin/../lib/gcc/arm-none-eabi/12.2.1/../../../../arm-none-eabi/lib/thumb/v7e-m+fp/hard/libc_nano.a(libc_a-fflush.o)
 .ARM.attributes
                0x000004a7       0x34 /usr/bin/../lib/gcc/arm-none-eabi/12.2.1/../../../../arm-none-eabi/lib/thumb/v7e-m+fp/hard/libc_nano.a(libc_a-mallocr.o)
 .ARM.attributes
                0x000004db       0x34 /usr/bin/../lib/gcc/arm-none-eabi/12.2.1/../../../../arm-none-eabi/lib/thumb/v7e-m+fp/hard/libc_nano.a(libc_a-lseekr.o)
 .ARM.attributes
                0x0000050f       0x34 /usr/bin/../lib/gcc/arm-none-eabi/12.2.1/../../../../arm-none-eabi/lib/thumb/v7e-m+fp/hard/libc_nano.a(libc_a-readr.o)
 .ARM.attributes
                0x00000543       0x34 /usr/bin/../lib/gcc/arm-none-eabi/12.2.1/../../../../arm-none-eabi/lib/thumb/v7e-m+fp/hard/libc_nano.a(libc_a-mlock.o)
 .ARM.attributes
                0x00000577       0x34 /usr/bin/../lib/gcc/arm-none-eabi/12.2.1/../../../../arm-none-eabi/lib/thumb/v7e-m+fp/hard/libc_nano.a(libc_a-sbrkr.o)
 .ARM.attributes
                0x000005ab       0x34 /usr/bin/../lib/gcc/arm-none-eabi/12.2.1/../../../../arm-none-eabi/lib/thumb/v7e-m+fp/hard/libc_nano.a(libc_a-freer.o)
 .ARM.attributes
                0x000005df       0x34 /usr/bin/../lib/gcc/arm-none-eabi/12.2.1/thumb/v7e-m+fp/hard/libgcc.a(unwind-arm.o)
 .ARM.attributes
                0x00000613       0x22 /usr/bin/../lib/gcc/arm-none-eabi/12.2.1/thumb/v7e-m+fp/hard/libgcc.a(libunwind.o)
 .ARM.attributes
                0x00000635       0x34 /usr/bin/../lib/gcc/arm-none-eabi/12.2.1/thumb/v7e-m+fp/hard/libgcc.a(pr-support.o)
 .ARM.attributes
                0x00000669       0x34 /usr/bin/../lib/gcc/arm-none-eabi/12.2.1/../../../../arm-none-eabi/lib/thumb/v7e-m+fp/hard/libc_nano.a(libc_a-memcpy-stub.o)
 .ARM.attributes
                0x0000069d       0x34 /usr/bin/../lib/gcc/arm-none-eabi/12.2.1/../../../../arm-none-eabi/lib/thumb/v7e-m+fp/hard/libc_nano.a(libc_a-abort.o)
 .ARM.attributes
                0x000006d1       0x34 /usr/bin/../lib/gcc/arm-none-eabi/12.2.1/../../../../arm-none-eabi/lib/thumb/v7e-m+fp/hard/libc_nano.a(libc_a-signal.o)
 .ARM.attributes
                0x00000705       0x34 /usr/bin/../lib/gcc/arm-none-eabi/12.2.1/../../../../arm-none-eabi/lib/thumb/v7e-m+fp/hard/libc_nano.a(libc_a-signalr.o)
 .ARM.attributes
                0x00000739       0x34 /usr/bin/../lib/gcc/arm-none-eabi/12.2.1/thumb/v7e-m+fp/hard/crtend.o
 .ARM.attributes
                0x0000076d       0x22 /usr/bin/../lib/gcc/arm-none-eabi/12.2.1/thumb/v7e-m+fp/hard/crtn.o
OUTPUT(Debug/stm32F411-libs.elf elf32-littlearm)
LOAD linker stubs
LOAD /usr/bin/../lib/gcc/arm-none-eabi/12.2.1/../../../../arm-none-eabi/lib/thumb/v7e-m+fp/hard/libc.a
LOAD /usr/bin/../lib/gcc/arm-none-eabi/12.2.1/../../../../arm-none-eabi/lib/thumb/v7e-m+fp/hard/libm.a
LOAD /usr/bin/../lib/gcc/arm-none-eabi/12.2.1/thumb/v7e-m+fp/hard/libgcc.a

.debug_line_str
                0x00000000      0x1b5
 .debug_line_str
                0x00000000       0xdf /usr/bin/../lib/gcc/arm-none-eabi/12.2.1/../../../../arm-none-eabi/lib/thumb/v7e-m+fp/hard/crt0.o
 .debug_line_str
                0x000000df       0xd6 /usr/bin/../lib/gcc/arm-none-eabi/12.2.1/thumb/v7e-m+fp/hard/libgcc.a(libunwind.o)

.debug_info     0x00000000     0x44d8
 .debug_info    0x00000000     0x1e17 Debug/Drivers/GPIO/IOPin.o
 .debug_info    0x00001e17       0x22 Debug/Drivers/RCC/PeripheralClocks.o
 .debug_info    0x00001e39       0x22 Debug/Drivers/RCC/RCC.o
 .debug_info    0x00001e5b       0x22 Debug/Drivers/USART/USART.o
 .debug_info    0x00001e7d     0x1e50 Debug/Src/main.o
 .debug_info    0x00003ccd      0x6a3 Debug/Src/syscalls.o
 .debug_info    0x00004370      0x168 Debug/Src/sysmem.o

.debug_abbrev   0x00000000      0x7c8
 .debug_abbrev  0x00000000      0x284 Debug/Drivers/GPIO/IOPin.o
 .debug_abbrev  0x00000284       0x12 Debug/Drivers/RCC/PeripheralClocks.o
 .debug_abbrev  0x00000296       0x12 Debug/Drivers/RCC/RCC.o
 .debug_abbrev  0x000002a8       0x12 Debug/Drivers/USART/USART.o
 .debug_abbrev  0x000002ba      0x29c Debug/Src/main.o
 .debug_abbrev  0x00000556      0x1b6 Debug/Src/syscalls.o
 .debug_abbrev  0x0000070c       0xbc Debug/Src/sysmem.o

.debug_aranges  0x00000000      0x148
 .debug_aranges
                0x00000000       0x18 Debug/Drivers/GPIO/IOPin.o
 .debug_aranges
                0x00000018       0x18 Debug/Drivers/RCC/PeripheralClocks.o
 .debug_aranges
                0x00000030       0x18 Debug/Drivers/RCC/RCC.o
 .debug_aranges
                0x00000048       0x18 Debug/Drivers/USART/USART.o
 .debug_aranges
                0x00000060       0x20 Debug/Src/main.o
 .debug_aranges
                0x00000080       0xa8 Debug/Src/syscalls.o
 .debug_aranges
                0x00000128       0x20 Debug/Src/sysmem.o

.debug_macro    0x00000000    0x12e69
 .debug_macro   0x00000000      0x6bc Debug/Drivers/GPIO/IOPin.o
 .debug_macro   0x000006bc      0xc70 Debug/Drivers/GPIO/IOPin.o
 .debug_macro   0x0000132c       0x1c Debug/Drivers/GPIO/IOPin.o
 .debug_macro   0x00001348       0x22 Debug/Drivers/GPIO/IOPin.o
 .debug_macro   0x0000136a       0x8e Debug/Drivers/GPIO/IOPin.o
 .debug_macro   0x000013f8       0x51 Debug/Drivers/GPIO/IOPin.o
 .debug_macro   0x00001449      0x103 Debug/Drivers/GPIO/IOPin.o
 .debug_macro   0x0000154c       0x6a Debug/Drivers/GPIO/IOPin.o
 .debug_macro   0x000015b6      0x1df Debug/Drivers/GPIO/IOPin.o
 .debug_macro   0x00001795      0x1d5 Debug/Drivers/GPIO/IOPin.o
 .debug_macro   0x0000196a       0x10 Debug/Drivers/GPIO/IOPin.o
 .debug_macro   0x0000197a       0xcf Debug/Drivers/GPIO/IOPin.o
 .debug_macro   0x00001a49      0x103 Debug/Drivers/GPIO/IOPin.o
 .debug_macro   0x00001b4c      0x345 Debug/Drivers/GPIO/IOPin.o
 .debug_macro   0x00001e91       0x9c Debug/Drivers/GPIO/IOPin.o
 .debug_macro   0x00001f2d       0x28 Debug/Drivers/GPIO/IOPin.o
 .debug_macro   0x00001f55       0x1c Debug/Drivers/GPIO/IOPin.o
 .debug_macro   0x00001f71       0x22 Debug/Drivers/GPIO/IOPin.o
 .debug_macro   0x00001f93       0xd9 Debug/Drivers/GPIO/IOPin.o
 .debug_macro   0x0000206c     0x102d Debug/Drivers/GPIO/IOPin.o
 .debug_macro   0x00003099      0x11f Debug/Drivers/GPIO/IOPin.o
 .debug_macro   0x000031b8     0xb953 Debug/Drivers/GPIO/IOPin.o
 .debug_macro   0x0000eb0b       0x26 Debug/Drivers/GPIO/IOPin.o
 .debug_macro   0x0000eb31       0x18 Debug/Drivers/GPIO/IOPin.o
 .debug_macro   0x0000eb49       0x10 Debug/Drivers/GPIO/IOPin.o
 .debug_macro   0x0000eb59       0x11 Debug/Drivers/GPIO/IOPin.o
 .debug_macro   0x0000eb6a       0x1f Debug/Drivers/GPIO/IOPin.o
 .debug_macro   0x0000eb89       0x11 Debug/Drivers/GPIO/IOPin.o
 .debug_macro   0x0000eb9a       0x19 Debug/Drivers/GPIO/IOPin.o
 .debug_macro   0x0000ebb3       0x11 Debug/Drivers/GPIO/IOPin.o
 .debug_macro   0x0000ebc4       0x22 Debug/Drivers/GPIO/IOPin.o
 .debug_macro   0x0000ebe6       0x10 Debug/Drivers/GPIO/IOPin.o
 .debug_macro   0x0000ebf6       0x1c Debug/Drivers/GPIO/IOPin.o
 .debug_macro   0x0000ec12       0x32 Debug/Drivers/GPIO/IOPin.o
 .debug_macro   0x0000ec44       0x11 Debug/Drivers/GPIO/IOPin.o
 .debug_macro   0x0000ec55       0x17 Debug/Drivers/GPIO/IOPin.o
 .debug_macro   0x0000ec6c       0x10 Debug/Drivers/GPIO/IOPin.o
 .debug_macro   0x0000ec7c       0x28 Debug/Drivers/GPIO/IOPin.o
 .debug_macro   0x0000eca4       0x2e Debug/Drivers/GPIO/IOPin.o
 .debug_macro   0x0000ecd2       0x18 Debug/Drivers/GPIO/IOPin.o
 .debug_macro   0x0000ecea       0x49 Debug/Drivers/GPIO/IOPin.o
 .debug_macro   0x0000ed33       0x11 Debug/Drivers/GPIO/IOPin.o
 .debug_macro   0x0000ed44       0x2b Debug/Drivers/GPIO/IOPin.o
 .debug_macro   0x0000ed6f       0x88 Debug/Drivers/GPIO/IOPin.o
 .debug_macro   0x0000edf7       0x19 Debug/Drivers/GPIO/IOPin.o
 .debug_macro   0x0000ee10       0x10 Debug/Drivers/GPIO/IOPin.o
 .debug_macro   0x0000ee20       0x11 Debug/Drivers/GPIO/IOPin.o
 .debug_macro   0x0000ee31       0x18 Debug/Drivers/GPIO/IOPin.o
 .debug_macro   0x0000ee49       0x10 Debug/Drivers/GPIO/IOPin.o
 .debug_macro   0x0000ee59       0x1e Debug/Drivers/GPIO/IOPin.o
 .debug_macro   0x0000ee77       0x33 Debug/Drivers/GPIO/IOPin.o
 .debug_macro   0x0000eeaa       0x26 Debug/Drivers/GPIO/IOPin.o
 .debug_macro   0x0000eed0       0x11 Debug/Drivers/GPIO/IOPin.o
 .debug_macro   0x0000eee1       0x11 Debug/Drivers/GPIO/IOPin.o
 .debug_macro   0x0000eef2       0x10 Debug/Drivers/GPIO/IOPin.o
 .debug_macro   0x0000ef02       0x2a Debug/Drivers/GPIO/IOPin.o
 .debug_macro   0x0000ef2c       0x61 Debug/Drivers/GPIO/IOPin.o
 .debug_macro   0x0000ef8d       0x43 Debug/Drivers/GPIO/IOPin.o
 .debug_macro   0x0000efd0       0x34 Debug/Drivers/GPIO/IOPin.o
 .debug_macro   0x0000f004       0x16 Debug/Drivers/GPIO/IOPin.o
 .debug_macro   0x0000f01a      0x11c Debug/Drivers/GPIO/IOPin.o
 .debug_macro   0x0000f136       0x9b Debug/Drivers/GPIO/IOPin.o
 .debug_macro   0x0000f1d1       0x16 Debug/Drivers/GPIO/IOPin.o
 .debug_macro   0x0000f1e7       0x43 Debug/Drivers/GPIO/IOPin.o
 .debug_macro   0x0000f22a       0x34 Debug/Drivers/GPIO/IOPin.o
 .debug_macro   0x0000f25e       0x10 Debug/Drivers/GPIO/IOPin.o
 .debug_macro   0x0000f26e       0x58 Debug/Drivers/GPIO/IOPin.o
 .debug_macro   0x0000f2c6       0x8e Debug/Drivers/GPIO/IOPin.o
 .debug_macro   0x0000f354       0x16 Debug/Drivers/GPIO/IOPin.o
 .debug_macro   0x0000f36a      0x177 Debug/Drivers/GPIO/IOPin.o
 .debug_macro   0x0000f4e1      0x38c Debug/Drivers/GPIO/IOPin.o
 .debug_macro   0x0000f86d       0x16 Debug/Drivers/GPIO/IOPin.o
 .debug_macro   0x0000f883       0x29 Debug/Drivers/GPIO/IOPin.o
 .debug_macro   0x0000f8ac       0x1c Debug/Drivers/GPIO/IOPin.o
 .debug_macro   0x0000f8c8       0xde Debug/Drivers/GPIO/IOPin.o
 .debug_macro   0x0000f9a6       0x12 Debug/Drivers/GPIO/IOPin.o
 .debug_macro   0x0000f9b8       0x41 Debug/Drivers/GPIO/IOPin.o
 .debug_macro   0x0000f9f9       0x22 Debug/Drivers/GPIO/IOPin.o
 .debug_macro   0x0000fa1b       0x3c Debug/Drivers/GPIO/IOPin.o
 .debug_macro   0x0000fa57       0x10 Debug/Drivers/GPIO/IOPin.o
 .debug_macro   0x0000fa67       0x10 Debug/Drivers/GPIO/IOPin.o
 .debug_macro   0x0000fa77       0x33 Debug/Drivers/GPIO/IOPin.o
 .debug_macro   0x0000faaa      0x173 Debug/Drivers/GPIO/IOPin.o
 .debug_macro   0x0000fc1d       0x11 Debug/Drivers/GPIO/IOPin.o
 .debug_macro   0x0000fc2e       0x10 Debug/Drivers/GPIO/IOPin.o
 .debug_macro   0x0000fc3e       0x35 Debug/Drivers/GPIO/IOPin.o
 .debug_macro   0x0000fc73       0x5e Debug/Drivers/GPIO/IOPin.o
 .debug_macro   0x0000fcd1       0x16 Debug/Drivers/GPIO/IOPin.o
 .debug_macro   0x0000fce7       0x52 Debug/Drivers/GPIO/IOPin.o
 .debug_macro   0x0000fd39       0x5e Debug/Drivers/GPIO/IOPin.o
 .debug_macro   0x0000fd97       0x10 Debug/Drivers/GPIO/IOPin.o
 .debug_macro   0x0000fda7       0x17 Debug/Drivers/GPIO/IOPin.o
 .debug_macro   0x0000fdbe       0x1c Debug/Drivers/GPIO/IOPin.o
 .debug_macro   0x0000fdda       0x10 Debug/Drivers/GPIO/IOPin.o
 .debug_macro   0x0000fdea       0x16 Debug/Drivers/GPIO/IOPin.o
 .debug_macro   0x0000fe00      0x131 Debug/Drivers/GPIO/IOPin.o
 .debug_macro   0x0000ff31      0x11d Debug/Drivers/GPIO/IOPin.o
 .debug_macro   0x0001004e       0x10 Debug/Drivers/GPIO/IOPin.o
 .debug_macro   0x0001005e      0x242 Debug/Drivers/GPIO/IOPin.o
 .debug_macro   0x000102a0       0x19 Debug/Drivers/GPIO/IOPin.o
 .debug_macro   0x000102b9       0x18 Debug/Drivers/GPIO/IOPin.o
 .debug_macro   0x000102d1       0x2b Debug/Drivers/GPIO/IOPin.o
 .debug_macro   0x000102fc       0x1b Debug/Drivers/RCC/PeripheralClocks.o
 .debug_macro   0x00010317       0x1b Debug/Drivers/RCC/RCC.o
 .debug_macro   0x00010332       0x11 Debug/Drivers/USART/USART.o
 .debug_macro   0x00010343      0x6e3 Debug/Src/main.o
 .debug_macro   0x00010a26       0x5b Debug/Src/main.o
 .debug_macro   0x00010a81       0x94 Debug/Src/main.o
 .debug_macro   0x00010b15      0x190 Debug/Src/main.o
 .debug_macro   0x00010ca5       0x57 Debug/Src/main.o
 .debug_macro   0x00010cfc       0x1c Debug/Src/main.o
 .debug_macro   0x00010d18       0x1c Debug/Src/main.o
 .debug_macro   0x00010d34       0xa2 Debug/Src/main.o
 .debug_macro   0x00010dd6      0x1d1 Debug/Src/main.o
 .debug_macro   0x00010fa7       0x2c Debug/Src/main.o
 .debug_macro   0x00010fd3       0x25 Debug/Src/main.o
 .debug_macro   0x00010ff8       0x4f Debug/Src/main.o
 .debug_macro   0x00011047       0x1c Debug/Src/main.o
 .debug_macro   0x00011063       0x12 Debug/Src/main.o
 .debug_macro   0x00011075       0x17 Debug/Src/main.o
 .debug_macro   0x0001108c       0x31 Debug/Src/main.o
 .debug_macro   0x000110bd      0x274 Debug/Src/syscalls.o
 .debug_macro   0x00011331      0xac0 Debug/Src/syscalls.o
 .debug_macro   0x00011df1       0x34 Debug/Src/syscalls.o
 .debug_macro   0x00011e25      0x189 Debug/Src/syscalls.o
 .debug_macro   0x00011fae      0x369 Debug/Src/syscalls.o
 .debug_macro   0x00012317       0x43 Debug/Src/syscalls.o
 .debug_macro   0x0001235a       0x1c Debug/Src/syscalls.o
 .debug_macro   0x00012376       0x10 Debug/Src/syscalls.o
 .debug_macro   0x00012386       0x35 Debug/Src/syscalls.o
 .debug_macro   0x000123bb       0x10 Debug/Src/syscalls.o
 .debug_macro   0x000123cb       0x10 Debug/Src/syscalls.o
 .debug_macro   0x000123db       0x10 Debug/Src/syscalls.o
 .debug_macro   0x000123eb       0x1c Debug/Src/syscalls.o
 .debug_macro   0x00012407       0x52 Debug/Src/syscalls.o
 .debug_macro   0x00012459       0x22 Debug/Src/syscalls.o
 .debug_macro   0x0001247b       0x10 Debug/Src/syscalls.o
 .debug_macro   0x0001248b       0x52 Debug/Src/syscalls.o
 .debug_macro   0x000124dd       0xcf Debug/Src/syscalls.o
 .debug_macro   0x000125ac       0x1c Debug/Src/syscalls.o
 .debug_macro   0x000125c8       0x3d Debug/Src/syscalls.o
 .debug_macro   0x00012605       0x35 Debug/Src/syscalls.o
 .debug_macro   0x0001263a      0x12c Debug/Src/syscalls.o
 .debug_macro   0x00012766       0x10 Debug/Src/syscalls.o
 .debug_macro   0x00012776      0x146 Debug/Src/syscalls.o
 .debug_macro   0x000128bc      0x18a Debug/Src/syscalls.o
 .debug_macro   0x00012a46       0x16 Debug/Src/syscalls.o
 .debug_macro   0x00012a5c       0xce Debug/Src/syscalls.o
 .debug_macro   0x00012b2a      0x103 Debug/Src/sysmem.o
 .debug_macro   0x00012c2d      0x23c Debug/Src/sysmem.o

.debug_line     0x00000000     0x1f81
 .debug_line    0x00000000      0xb6d Debug/Drivers/GPIO/IOPin.o
 .debug_line    0x00000b6d       0x5d Debug/Drivers/RCC/PeripheralClocks.o
 .debug_line    0x00000bca       0x43 Debug/Drivers/RCC/RCC.o
 .debug_line    0x00000c0d       0x3d Debug/Drivers/USART/USART.o
 .debug_line    0x00000c4a      0xbe4 Debug/Src/main.o
 .debug_line    0x0000182e      0x541 Debug/Src/syscalls.o
 .debug_line    0x00001d6f      0x212 Debug/Src/sysmem.o

.debug_str      0x00000000    0x5b423
 .debug_str     0x00000000    0x5942f Debug/Drivers/GPIO/IOPin.o
                              0x59961 (size before relaxing)
 .debug_str     0x0005942f       0x3e Debug/Drivers/RCC/PeripheralClocks.o
                               0x36e0 (size before relaxing)
 .debug_str     0x0005946d       0x24 Debug/Drivers/RCC/RCC.o
                               0x36c6 (size before relaxing)
 .debug_str     0x00059491       0x1d Debug/Drivers/USART/USART.o
                               0x36bf (size before relaxing)
 .debug_str     0x000594ae       0x89 Debug/Src/main.o
                              0x599c6 (size before relaxing)
 .debug_str     0x00059537     0x1e84 Debug/Src/syscalls.o
                               0x98ed (size before relaxing)
 .debug_str     0x0005b3bb       0x68 Debug/Src/sysmem.o
                               0x60da (size before relaxing)

.comment        0x00000000       0x55
 .comment       0x00000000       0x55 Debug/Drivers/GPIO/IOPin.o
                                 0x56 (size before relaxing)
 .comment       0x00000055       0x56 Debug/Drivers/RCC/PeripheralClocks.o
 .comment       0x00000055       0x56 Debug/Drivers/RCC/RCC.o
 .comment       0x00000055       0x56 Debug/Drivers/USART/USART.o
 .comment       0x00000055       0x56 Debug/Src/main.o
 .comment       0x00000055       0x56 Debug/Src/syscalls.o
 .comment       0x00000055       0x56 Debug/Src/sysmem.o

.debug_rnglists
                0x00000000       0x9f
 .debug_rnglists
                0x00000000       0x13 Debug/Src/main.o
 .debug_rnglists
                0x00000013       0x79 Debug/Src/syscalls.o
 .debug_rnglists
                0x0000008c       0x13 Debug/Src/sysmem.o

.debug_frame    0x00000000      0xd8c
 .debug_frame   0x00000000       0x28 Debug/Src/main.o
 .debug_frame   0x00000028      0x2ac Debug/Src/syscalls.o
 .debug_frame   0x000002d4       0x34 Debug/Src/sysmem.o
 .debug_frame   0x00000308       0x28 /usr/bin/../lib/gcc/arm-none-eabi/12.2.1/../../../../arm-none-eabi/lib/thumb/v7e-m+fp/hard/libc_nano.a(libc_a-exit.o)
 .debug_frame   0x00000330       0x2c /usr/bin/../lib/gcc/arm-none-eabi/12.2.1/../../../../arm-none-eabi/lib/thumb/v7e-m+fp/hard/libc_nano.a(libc_a-init.o)
 .debug_frame   0x0000035c      0x144 /usr/bin/../lib/gcc/arm-none-eabi/12.2.1/../../../../arm-none-eabi/lib/thumb/v7e-m+fp/hard/libc_nano.a(libc_a-findfp.o)
 .debug_frame   0x000004a0       0x88 /usr/bin/../lib/gcc/arm-none-eabi/12.2.1/../../../../arm-none-eabi/lib/thumb/v7e-m+fp/hard/libc_nano.a(libc_a-stdio.o)
 .debug_frame   0x00000528       0x2c /usr/bin/../lib/gcc/arm-none-eabi/12.2.1/../../../../arm-none-eabi/lib/thumb/v7e-m+fp/hard/libc_nano.a(libc_a-writer.o)
 .debug_frame   0x00000554       0x20 /usr/bin/../lib/gcc/arm-none-eabi/12.2.1/../../../../arm-none-eabi/lib/thumb/v7e-m+fp/hard/libc_nano.a(libc_a-errno.o)
 .debug_frame   0x00000574       0x34 /usr/bin/../lib/gcc/arm-none-eabi/12.2.1/../../../../arm-none-eabi/lib/thumb/v7e-m+fp/hard/libc_nano.a(libc_a-fwalk.o)
 .debug_frame   0x000005a8       0x20 /usr/bin/../lib/gcc/arm-none-eabi/12.2.1/../../../../arm-none-eabi/lib/thumb/v7e-m+fp/hard/libc_nano.a(libc_a-memset.o)
 .debug_frame   0x000005c8       0xb0 /usr/bin/../lib/gcc/arm-none-eabi/12.2.1/../../../../arm-none-eabi/lib/thumb/v7e-m+fp/hard/libc_nano.a(libc_a-lock.o)