Core/Drivers/GPIO/IOPin.hh:131:43:static constexpr IOPinStatusCodes IOPin::configPort(const GpioPort&, IOPinPeripheralBase*)	16	static
Core/Drivers/GPIO/IOPin.hh:135:43:static constexpr IOPinStatusCodes IOPin::configPin(const GpioPin&, IOPinPeripheralBase*)	24	static
Core/Drivers/GPIO/IOPin.hh:141:43:static constexpr IOPinStatusCodes IOPin::configMode(const GpioMode&, IOPinPeripheralBase*)	24	static
Core/Drivers/GPIO/IOPin.hh:147:43:static constexpr IOPinStatusCodes IOPin::configState(const GpioState&, IOPinPeripheralBase*)	24	static
Core/Drivers/GPIO/IOPin.cpp:6:1:IOPin::IOPin()	72	static
Core/Drivers/GPIO/IOPin.cpp:14:1:IOPin::IOPin(const IOPin&)	16	static
Core/Drivers/GPIO/IOPin.cpp:19:1:IOPin::IOPin(const IOPin&, const GpioPin&)	24	static
Core/Drivers/GPIO/IOPin.cpp:24:1:IOPin::IOPin(const IOPin&, const GpioPort&)	24	static
Core/Drivers/GPIO/IOPin.cpp:29:1:IOPin::IOPin(IOPin&&)	16	static
Core/Drivers/GPIO/IOPin.cpp:34:8:IOPin& IOPin::operator=(const IOPin&)	16	static
Core/Drivers/GPIO/IOPin.cpp:39:8:IOPin& IOPin::operator=(IOPin&&)	16	static
Core/Drivers/GPIO/IOPin.cpp:45:1:IOPin::~IOPin()	16	static
Core/Drivers/GPIO/IOPin.cpp:45:1:virtual IOPin::~IOPin()	16	static
Core/Drivers/GPIO/IOPin.cpp:50:18:IOPinStatusCodes IOPin::setPort(const GpioPort&)	16	static
Core/Drivers/GPIO/IOPin.cpp:54:18:IOPinStatusCodes IOPin::setPin(const GpioPin&)	16	static
Core/Drivers/GPIO/IOPin.cpp:58:18:IOPinStatusCodes IOPin::setMode(const GpioMode&)	16	static
Core/Drivers/GPIO/IOPin.cpp:62:18:IOPinStatusCodes IOPin::setPUPD(const GpioPUPD&)	16	static
Core/Drivers/GPIO/IOPin.cpp:66:18:IOPinStatusCodes IOPin::setOutputType(const GpioOutputType&)	16	static
Core/Drivers/GPIO/IOPin.cpp:70:18:IOPinStatusCodes IOPin::setOutputSpeed(const GpioOutputSpeed&)	16	static
Core/Drivers/GPIO/IOPin.cpp:74:18:IOPinStatusCodes IOPin::setInputMode()	16	static
Core/Drivers/GPIO/IOPin.cpp:78:18:IOPinStatusCodes IOPin::setOutputMode()	16	static
Core/Drivers/GPIO/IOPin.cpp:82:18:IOPinStatusCodes IOPin::setPullup()	16	static
Core/Drivers/GPIO/IOPin.cpp:86:18:IOPinStatusCodes IOPin::setPulldown()	16	static
Core/Drivers/GPIO/IOPin.cpp:90:18:IOPinStatusCodes IOPin::setPullPushOutputType()	16	static
Core/Drivers/GPIO/IOPin.cpp:94:18:IOPinStatusCodes IOPin::setOpenDrainOutputType()	16	static
Core/Drivers/GPIO/IOPin.cpp:98:6:bool IOPin::read()	16	static
Core/Drivers/GPIO/IOPin.cpp:102:18:IOPinStatusCodes IOPin::write(const bool&)	16	static
Core/Drivers/GPIO/IOPin.cpp:106:18:IOPinStatusCodes IOPin::toggle()	16	static
Core/Drivers/GPIO/IOPin.cpp:110:18:IOPinStatusCodes IOPin::reset(const bool&)	16	static
Core/Drivers/GPIO/IOPin.cpp:114:6:bool IOPin::isReady()	16	static
Core/Drivers/GPIO/IOPin.cpp:118:6:static bool IOPin::isAllocated(const GpioPort&, const GpioPin&)	16	static
Core/Drivers/GPIO/IOPin.cpp:122:6:static bool IOPin::isAllocated(const GPIO_TypeDef*, const GpioPin&)	16	static
Core/Drivers/GPIO/IOPin.cpp:128:6:bool IOPin::isPinSet()	16	static
Core/Drivers/GPIO/IOPin.cpp:133:6:bool IOPin::isPortSet()	16	static
Core/Drivers/GPIO/IOPin.cpp:138:6:bool IOPin::isReallocating(const GpioPin&)	16	static
Core/Drivers/GPIO/IOPin.cpp:143:6:bool IOPin::isReallocating(const GpioPort&)	16	static
Core/Drivers/GPIO/IOPin.cpp:148:15:GPIO_TypeDef* IOPin::getGPIOPtrInstance(const GpioPort&)	16	static
Core/Drivers/GPIO/IOPin.cpp:153:10:static GpioPort IOPin::getPortFromGPIOStruct(const GPIO_TypeDef*)	16	static
Core/Drivers/GPIO/IOPin.cpp:158:6:void IOPin::allocatePin()	16	static
Core/Drivers/GPIO/IOPin.cpp:163:6:void IOPin::deAllocatePin()	16	static
Core/Drivers/GPIO/IOPin.cpp:168:18:IOPinStatusCodes IOPin::init()	16	static
Core/Drivers/GPIO/IOPin.cpp:173:6:void IOPin::setInstancePtr()	16	static
Core/Drivers/GPIO/IOPin.cpp:177:6:virtual void IOPin::setDefaultSettings()	16	static
Core/Drivers/GPIO/IOPin.cpp:182:18:IOPinStatusCodes IOPin::preInit()	16	static
Core/Utils/Container/Container.hh:79:11:) [with Parameters = IOPinProperties; Members = {IOPinStatusCodes (*)(const GpioPort&, PeripheralBase<IOPinStatusCodes, 1, Container<IOPinProperties, GpioPort, GpioPin, GpioMode, GpioState> >*), IOPinStatusCodes (*)(const GpioPin&, PeripheralBase<IOPinStatusCodes, 1, Container<IOPinProperties, GpioPort, GpioPin, GpioMode, GpioState> >*), IOPinStatusCodes (*)(const GpioMode&, PeripheralBase<IOPinStatusCodes, 1, Container<IOPinProperties, GpioPort, GpioPin, GpioMode, GpioState> >*), IOPinStatusCodes (*)(const GpioState&, PeripheralBase<IOPinStatusCodes, 1, Container<IOPinProperties, GpioPort, GpioPin, GpioMode, GpioState> >*)}]	48	static
Core/Utils/Container/Container.hh:97:1:Container<Parameters, Members>::~Container() [with Parameters = IOPinProperties; Members = {IOPinStatusCodes (*)(const GpioPort&, PeripheralBase<IOPinStatusCodes, 1, Container<IOPinProperties, GpioPort, GpioPin, GpioMode, GpioState> >*), IOPinStatusCodes (*)(const GpioPin&, PeripheralBase<IOPinStatusCodes, 1, Container<IOPinProperties, GpioPort, GpioPin, GpioMode, GpioState> >*), IOPinStatusCodes (*)(const GpioMode&, PeripheralBase<IOPinStatusCodes, 1, Container<IOPinProperties, GpioPort, GpioPin, GpioMode, GpioState> >*), IOPinStatusCodes (*)(const GpioState&, PeripheralBase<IOPinStatusCodes, 1, Container<IOPinProperties, GpioPort, GpioPin, GpioMode, GpioState> >*)}]	16	static
Core/Utils/Container/Container.hh:97:1:Container<Parameters, Members>::~Container() [with Parameters = IOPinProperties; Members = {IOPinStatusCodes (*)(const GpioPort&, PeripheralBase<IOPinStatusCodes, 1, Container<IOPinProperties, GpioPort, GpioPin, GpioMode, GpioState> >*), IOPinStatusCodes (*)(const GpioPin&, PeripheralBase<IOPinStatusCodes, 1, Container<IOPinProperties, GpioPort, GpioPin, GpioMode, GpioState> >*), IOPinStatusCodes (*)(const GpioMode&, PeripheralBase<IOPinStatusCodes, 1, Container<IOPinProperties, GpioPort, GpioPin, GpioMode, GpioState> >*), IOPinStatusCodes (*)(const GpioState&, PeripheralBase<IOPinStatusCodes, 1, Container<IOPinProperties, GpioPort, GpioPin, GpioMode, GpioState> >*)}]	16	static
Core/Drivers/PeripheralBase/STM32PeripheralBase.hh:70:18:>&) [with Functions = {IOPinStatusCodes (*)(const GpioPort&, PeripheralBase<IOPinStatusCodes, 1, Container<IOPinProperties, GpioPort, GpioPin, GpioMode, GpioState> >*), IOPinStatusCodes (*)(const GpioPin&, PeripheralBase<IOPinStatusCodes, 1, Container<IOPinProperties, GpioPort, GpioPin, GpioMode, GpioState> >*), IOPinStatusCodes (*)(const GpioMode&, PeripheralBase<IOPinStatusCodes, 1, Container<IOPinProperties, GpioPort, GpioPin, GpioMode, GpioState> >*), IOPinStatusCodes (*)(const GpioState&, PeripheralBase<IOPinStatusCodes, 1, Container<IOPinProperties, GpioPort, GpioPin, GpioMode, GpioState> >*)}; Instance = GPIO_TypeDef; StatusCode = IOPinStatusCodes; unsigned int MandatoryParameters = 1; ParametersLabels = IOPinProperties; Parameters = {GpioPort, GpioPin, GpioMode, GpioState}]	16	static
Core/Drivers/PeripheralBase/STM32PeripheralBase.hh:76:8:> > >::~STM32PeripheralBase() [with Instance = GPIO_TypeDef; StatusCode = IOPinStatusCodes; unsigned int MandatoryParameters = 1; ParametersLabels = IOPinProperties; Parameters = {GpioPort, GpioPin, GpioMode, GpioState}]	16	static
Core/Drivers/PeripheralBase/STM32PeripheralBase.hh:76:8:> > >::~STM32PeripheralBase() [with Instance = GPIO_TypeDef; StatusCode = IOPinStatusCodes; unsigned int MandatoryParameters = 1; ParametersLabels = IOPinProperties; Parameters = {GpioPort, GpioPin, GpioMode, GpioState}]	16	static
/usr/arm-none-eabi/include/c++/12.2.1/bits/move.h:77:5:constexpr _Tp&& std::forward(typename remove_reference<_Tp>::type&) [with _Tp = IOPinStatusCodes (*)(const GpioPort&, PeripheralBase<IOPinStatusCodes, 1, Container<IOPinProperties, GpioPort, GpioPin, GpioMode, GpioState> >*)]	16	static
/usr/arm-none-eabi/include/c++/12.2.1/bits/move.h:77:5:constexpr _Tp&& std::forward(typename remove_reference<_Tp>::type&) [with _Tp = IOPinStatusCodes (*)(const GpioPin&, PeripheralBase<IOPinStatusCodes, 1, Container<IOPinProperties, GpioPort, GpioPin, GpioMode, GpioState> >*)]	16	static
/usr/arm-none-eabi/include/c++/12.2.1/bits/move.h:77:5:constexpr _Tp&& std::forward(typename remove_reference<_Tp>::type&) [with _Tp = IOPinStatusCodes (*)(const GpioMode&, PeripheralBase<IOPinStatusCodes, 1, Container<IOPinProperties, GpioPort, GpioPin, GpioMode, GpioState> >*)]	16	static
/usr/arm-none-eabi/include/c++/12.2.1/bits/move.h:77:5:constexpr _Tp&& std::forward(typename remove_reference<_Tp>::type&) [with _Tp = IOPinStatusCodes (*)(const GpioState&, PeripheralBase<IOPinStatusCodes, 1, Container<IOPinProperties, GpioPort, GpioPin, GpioMode, GpioState> >*)]	16	static
Core/Utils/Container/ContainerBase.hh:102:11:) [with Members = {IOPinStatusCodes (*)(const GpioPort&, PeripheralBase<IOPinStatusCodes, 1, Container<IOPinProperties, GpioPort, GpioPin, GpioMode, GpioState> >*), IOPinStatusCodes (*)(const GpioPin&, PeripheralBase<IOPinStatusCodes, 1, Container<IOPinProperties, GpioPort, GpioPin, GpioMode, GpioState> >*), IOPinStatusCodes (*)(const GpioMode&, PeripheralBase<IOPinStatusCodes, 1, Container<IOPinProperties, GpioPort, GpioPin, GpioMode, GpioState> >*), IOPinStatusCodes (*)(const GpioState&, PeripheralBase<IOPinStatusCodes, 1, Container<IOPinProperties, GpioPort, GpioPin, GpioMode, GpioState> >*)}]	48	static
Core/Utils/Container/ContainerBase.hh:124:11:constexpr ContainerBase<Members>::~ContainerBase() [with Members = {IOPinStatusCodes (*)(const GpioPort&, PeripheralBase<IOPinStatusCodes, 1, Container<IOPinProperties, GpioPort, GpioPin, GpioMode, GpioState> >*), IOPinStatusCodes (*)(const GpioPin&, PeripheralBase<IOPinStatusCodes, 1, Container<IOPinProperties, GpioPort, GpioPin, GpioMode, GpioState> >*), IOPinStatusCodes (*)(const GpioMode&, PeripheralBase<IOPinStatusCodes, 1, Container<IOPinProperties, GpioPort, GpioPin, GpioMode, GpioState> >*), IOPinStatusCodes (*)(const GpioState&, PeripheralBase<IOPinStatusCodes, 1, Container<IOPinProperties, GpioPort, GpioPin, GpioMode, GpioState> >*)}]	16	static
Core/Utils/Container/ContainerBase.hh:124:11:constexpr ContainerBase<Members>::~ContainerBase() [with Members = {IOPinStatusCodes (*)(const GpioPort&, PeripheralBase<IOPinStatusCodes, 1, Container<IOPinProperties, GpioPort, GpioPin, GpioMode, GpioState> >*), IOPinStatusCodes (*)(const GpioPin&, PeripheralBase<IOPinStatusCodes, 1, Container<IOPinProperties, GpioPort, GpioPin, GpioMode, GpioState> >*), IOPinStatusCodes (*)(const GpioMode&, PeripheralBase<IOPinStatusCodes, 1, Container<IOPinProperties, GpioPort, GpioPin, GpioMode, GpioState> >*), IOPinStatusCodes (*)(const GpioState&, PeripheralBase<IOPinStatusCodes, 1, Container<IOPinProperties, GpioPort, GpioPin, GpioMode, GpioState> >*)}]	16	static
Core/Drivers/PeripheralBase/PeripheralBase.hh:142:18:>&) [with Functions = {IOPinStatusCodes (*)(const GpioPort&, PeripheralBase<IOPinStatusCodes, 1, Container<IOPinProperties, GpioPort, GpioPin, GpioMode, GpioState> >*), IOPinStatusCodes (*)(const GpioPin&, PeripheralBase<IOPinStatusCodes, 1, Container<IOPinProperties, GpioPort, GpioPin, GpioMode, GpioState> >*), IOPinStatusCodes (*)(const GpioMode&, PeripheralBase<IOPinStatusCodes, 1, Container<IOPinProperties, GpioPort, GpioPin, GpioMode, GpioState> >*), IOPinStatusCodes (*)(const GpioState&, PeripheralBase<IOPinStatusCodes, 1, Container<IOPinProperties, GpioPort, GpioPin, GpioMode, GpioState> >*)}; StatusCode = IOPinStatusCodes; unsigned int MandatoryParameters = 1; ParametersLabels = IOPinProperties; Parameters = {GpioPort, GpioPin, GpioMode, GpioState}]	24	static
Core/Drivers/PeripheralBase/PeripheralBase.hh:151:1:> >::~PeripheralBase() [with StatusCode = IOPinStatusCodes; unsigned int MandatoryParameters = 1; ParametersLabels = IOPinProperties; Parameters = {GpioPort, GpioPin, GpioMode, GpioState}]	16	static
Core/Drivers/PeripheralBase/PeripheralBase.hh:151:1:> >::~PeripheralBase() [with StatusCode = IOPinStatusCodes; unsigned int MandatoryParameters = 1; ParametersLabels = IOPinProperties; Parameters = {GpioPort, GpioPin, GpioMode, GpioState}]	16	static
/usr/arm-none-eabi/include/c++/12.2.1/tuple:742:2:>(), bool>::type <anonymous> = true; _Elements = {IOPinStatusCodes (*)(const GpioPort&, PeripheralBase<IOPinStatusCodes, 1, Container<IOPinProperties, GpioPort, GpioPin, GpioMode, GpioState> >*), IOPinStatusCodes (*)(const GpioPin&, PeripheralBase<IOPinStatusCodes, 1, Container<IOPinProperties, GpioPort, GpioPin, GpioMode, GpioState> >*), IOPinStatusCodes (*)(const GpioMode&, PeripheralBase<IOPinStatusCodes, 1, Container<IOPinProperties, GpioPort, GpioPin, GpioMode, GpioState> >*), IOPinStatusCodes (*)(const GpioState&, PeripheralBase<IOPinStatusCodes, 1, Container<IOPinProperties, GpioPort, GpioPin, GpioMode, GpioState> >*)}]	48	static
Core/Utils/Container/Container.hh:68:11:constexpr Container<Parameters, Members>::Container() [with Parameters = IOPinProperties; Members = {GpioPort, GpioPin, GpioMode, GpioState}]	16	static
Core/Drivers/PeripheralBase/PeripheralBase.hh:187:6:>&) [with Functions = {IOPinStatusCodes (*)(const GpioPort&, PeripheralBase<IOPinStatusCodes, 1, Container<IOPinProperties, GpioPort, GpioPin, GpioMode, GpioState> >*), IOPinStatusCodes (*)(const GpioPin&, PeripheralBase<IOPinStatusCodes, 1, Container<IOPinProperties, GpioPort, GpioPin, GpioMode, GpioState> >*), IOPinStatusCodes (*)(const GpioMode&, PeripheralBase<IOPinStatusCodes, 1, Container<IOPinProperties, GpioPort, GpioPin, GpioMode, GpioState> >*), IOPinStatusCodes (*)(const GpioState&, PeripheralBase<IOPinStatusCodes, 1, Container<IOPinProperties, GpioPort, GpioPin, GpioMode, GpioState> >*)}; StatusCode = IOPinStatusCodes; unsigned int MandatoryParameters = 1; ParametersLabels = IOPinProperties; Parameters = {GpioPort, GpioPin, GpioMode, GpioState}]	16	static
Core/Utils/Container/Container.hh:97:1:Container<Parameters, Members>::~Container() [with Parameters = IOPinProperties; Members = {GpioPort, GpioPin, GpioMode, GpioState}]	16	static
Core/Utils/Container/Container.hh:97:1:Container<Parameters, Members>::~Container() [with Parameters = IOPinProperties; Members = {GpioPort, GpioPin, GpioMode, GpioState}]	16	static
/usr/arm-none-eabi/include/c++/12.2.1/tuple:290:2:) [with _UHead = IOPinStatusCodes (*)(const GpioPort&, PeripheralBase<IOPinStatusCodes, 1, Container<IOPinProperties, GpioPort, GpioPin, GpioMode, GpioState> >*); _UTail = {IOPinStatusCodes (*)(const GpioPin&, PeripheralBase<IOPinStatusCodes, 1, Container<IOPinProperties, GpioPort, GpioPin, GpioMode, GpioState> >*), IOPinStatusCodes (*)(const GpioMode&, PeripheralBase<IOPinStatusCodes, 1, Container<IOPinProperties, GpioPort, GpioPin, GpioMode, GpioState> >*), IOPinStatusCodes (*)(const GpioState&, PeripheralBase<IOPinStatusCodes, 1, Container<IOPinProperties, GpioPort, GpioPin, GpioMode, GpioState> >*)}; <template-parameter-2-3> = void; unsigned int _Idx = 0; _Head = IOPinStatusCodes (*)(const GpioPort&, PeripheralBase<IOPinStatusCodes, 1, Container<IOPinProperties, GpioPort, GpioPin, GpioMode, GpioState> >*); _Tail = {IOPinStatusCodes (*)(const GpioPin&, PeripheralBase<IOPinStatusCodes, 1, Container<IOPinProperties, GpioPort, GpioPin, GpioMode, GpioState> >*), IOPinStatusCodes (*)(const GpioMode&, PeripheralBase<IOPinStatusCodes, 1, Container<IOPinProperties, GpioPort, GpioPin, GpioMode, GpioState> >*), IOPinStatusCodes (*)(const GpioState&, PeripheralBase<IOPinStatusCodes, 1, Container<IOPinProperties, GpioPort, GpioPin, GpioMode, GpioState> >*)}]	40	static
Core/Utils/Container/ContainerBase.hh:91:11:constexpr ContainerBase<Members>::ContainerBase() [with Members = {GpioPort, GpioPin, GpioMode, GpioState}]	16	static
Core/Utils/Container/ContainerBase.hh:124:11:constexpr ContainerBase<Members>::~ContainerBase() [with Members = {GpioPort, GpioPin, GpioMode, GpioState}]	16	static
Core/Utils/Container/ContainerBase.hh:124:11:constexpr ContainerBase<Members>::~ContainerBase() [with Members = {GpioPort, GpioPin, GpioMode, GpioState}]	16	static
Core/Utils/Container/Container.hh:68:11:constexpr Container<Parameters, Members>::Container() [with Parameters = IOPinProperties; Members = {IOPinStatusCodes (*)(const GpioPort&, PeripheralBase<IOPinStatusCodes, 1, Container<IOPinProperties, GpioPort, GpioPin, GpioMode, GpioState> >*), IOPinStatusCodes (*)(const GpioPin&, PeripheralBase<IOPinStatusCodes, 1, Container<IOPinProperties, GpioPort, GpioPin, GpioMode, GpioState> >*), IOPinStatusCodes (*)(const GpioMode&, PeripheralBase<IOPinStatusCodes, 1, Container<IOPinProperties, GpioPort, GpioPin, GpioMode, GpioState> >*), IOPinStatusCodes (*)(const GpioState&, PeripheralBase<IOPinStatusCodes, 1, Container<IOPinProperties, GpioPort, GpioPin, GpioMode, GpioState> >*)}]	16	static
Core/Utils/Container/Container.hh:117:36:>& Container<Parameters, Members>::operator=(const Container<Parameters, Members>&) [with Parameters = IOPinProperties; Members = {IOPinStatusCodes (*)(const GpioPort&, PeripheralBase<IOPinStatusCodes, 1, Container<IOPinProperties, GpioPort, GpioPin, GpioMode, GpioState> >*), IOPinStatusCodes (*)(const GpioPin&, PeripheralBase<IOPinStatusCodes, 1, Container<IOPinProperties, GpioPort, GpioPin, GpioMode, GpioState> >*), IOPinStatusCodes (*)(const GpioMode&, PeripheralBase<IOPinStatusCodes, 1, Container<IOPinProperties, GpioPort, GpioPin, GpioMode, GpioState> >*), IOPinStatusCodes (*)(const GpioState&, PeripheralBase<IOPinStatusCodes, 1, Container<IOPinProperties, GpioPort, GpioPin, GpioMode, GpioState> >*)}]	16	static
/usr/arm-none-eabi/include/c++/12.2.1/tuple:290:2:) [with _UHead = IOPinStatusCodes (*)(const GpioPin&, PeripheralBase<IOPinStatusCodes, 1, Container<IOPinProperties, GpioPort, GpioPin, GpioMode, GpioState> >*); _UTail = {IOPinStatusCodes (*)(const GpioMode&, PeripheralBase<IOPinStatusCodes, 1, Container<IOPinProperties, GpioPort, GpioPin, GpioMode, GpioState> >*), IOPinStatusCodes (*)(const GpioState&, PeripheralBase<IOPinStatusCodes, 1, Container<IOPinProperties, GpioPort, GpioPin, GpioMode, GpioState> >*)}; <template-parameter-2-3> = void; unsigned int _Idx = 1; _Head = IOPinStatusCodes (*)(const GpioPin&, PeripheralBase<IOPinStatusCodes, 1, Container<IOPinProperties, GpioPort, GpioPin, GpioMode, GpioState> >*); _Tail = {IOPinStatusCodes (*)(const GpioMode&, PeripheralBase<IOPinStatusCodes, 1, Container<IOPinProperties, GpioPort, GpioPin, GpioMode, GpioState> >*), IOPinStatusCodes (*)(const GpioState&, PeripheralBase<IOPinStatusCodes, 1, Container<IOPinProperties, GpioPort, GpioPin, GpioMode, GpioState> >*)}]	32	static
/usr/arm-none-eabi/include/c++/12.2.1/tuple:199:19:constexpr std::_Head_base<_Idx, _Head, false>::_Head_base(_UHead&&) [with _UHead = IOPinStatusCodes (*)(const GpioPort&, PeripheralBase<IOPinStatusCodes, 1, Container<IOPinProperties, GpioPort, GpioPin, GpioMode, GpioState> >*); unsigned int _Idx = 0; _Head = IOPinStatusCodes (*)(const GpioPort&, PeripheralBase<IOPinStatusCodes, 1, Container<IOPinProperties, GpioPort, GpioPin, GpioMode, GpioState> >*)]	16	static
/usr/arm-none-eabi/include/c++/12.2.1/tuple:713:2:constexpr std::tuple< <template-parameter-1-1> >::tuple() [with _Dummy = void; typename std::enable_if<_TCC<std::is_void<_Dummy>::value>::__is_implicitly_default_constructible(), bool>::type <anonymous> = true; _Elements = {GpioPort, GpioPin, GpioMode, GpioState}]	16	static
Core/Utils/Container/ContainerBase.hh:91:11:constexpr ContainerBase<Members>::ContainerBase() [with Members = {IOPinStatusCodes (*)(const GpioPort&, PeripheralBase<IOPinStatusCodes, 1, Container<IOPinProperties, GpioPort, GpioPin, GpioMode, GpioState> >*), IOPinStatusCodes (*)(const GpioPin&, PeripheralBase<IOPinStatusCodes, 1, Container<IOPinProperties, GpioPort, GpioPin, GpioMode, GpioState> >*), IOPinStatusCodes (*)(const GpioMode&, PeripheralBase<IOPinStatusCodes, 1, Container<IOPinProperties, GpioPort, GpioPin, GpioMode, GpioState> >*), IOPinStatusCodes (*)(const GpioState&, PeripheralBase<IOPinStatusCodes, 1, Container<IOPinProperties, GpioPort, GpioPin, GpioMode, GpioState> >*)}]	16	static
/usr/arm-none-eabi/include/c++/12.2.1/tuple:898:7:>(), const std::tuple< <template-parameter-1-1> >&, const std::__nonesuch&>) [with _Elements = {IOPinStatusCodes (*)(const GpioPort&, PeripheralBase<IOPinStatusCodes, 1, Container<IOPinProperties, GpioPort, GpioPin, GpioMode, GpioState> >*), IOPinStatusCodes (*)(const GpioPin&, PeripheralBase<IOPinStatusCodes, 1, Container<IOPinProperties, GpioPort, GpioPin, GpioMode, GpioState> >*), IOPinStatusCodes (*)(const GpioMode&, PeripheralBase<IOPinStatusCodes, 1, Container<IOPinProperties, GpioPort, GpioPin, GpioMode, GpioState> >*), IOPinStatusCodes (*)(const GpioState&, PeripheralBase<IOPinStatusCodes, 1, Container<IOPinProperties, GpioPort, GpioPin, GpioMode, GpioState> >*)}]	16	static
/usr/arm-none-eabi/include/c++/12.2.1/tuple:290:2:) [with _UHead = IOPinStatusCodes (*)(const GpioMode&, PeripheralBase<IOPinStatusCodes, 1, Container<IOPinProperties, GpioPort, GpioPin, GpioMode, GpioState> >*); _UTail = {IOPinStatusCodes (*)(const GpioState&, PeripheralBase<IOPinStatusCodes, 1, Container<IOPinProperties, GpioPort, GpioPin, GpioMode, GpioState> >*)}; <template-parameter-2-3> = void; unsigned int _Idx = 2; _Head = IOPinStatusCodes (*)(const GpioMode&, PeripheralBase<IOPinStatusCodes, 1, Container<IOPinProperties, GpioPort, GpioPin, GpioMode, GpioState> >*); _Tail = {IOPinStatusCodes (*)(const GpioState&, PeripheralBase<IOPinStatusCodes, 1, Container<IOPinProperties, GpioPort, GpioPin, GpioMode, GpioState> >*)}]	32	static
/usr/arm-none-eabi/include/c++/12.2.1/tuple:199:19:constexpr std::_Head_base<_Idx, _Head, false>::_Head_base(_UHead&&) [with _UHead = IOPinStatusCodes (*)(const GpioPin&, PeripheralBase<IOPinStatusCodes, 1, Container<IOPinProperties, GpioPort, GpioPin, GpioMode, GpioState> >*); unsigned int _Idx = 1; _Head = IOPinStatusCodes (*)(const GpioPin&, PeripheralBase<IOPinStatusCodes, 1, Container<IOPinProperties, GpioPort, GpioPin, GpioMode, GpioState> >*)]	16	static
/usr/arm-none-eabi/include/c++/12.2.1/tuple:279:17:>::_Tuple_impl() [with unsigned int _Idx = 0; _Head = GpioPort; _Tail = {GpioPin, GpioMode, GpioState}]	16	static
/usr/arm-none-eabi/include/c++/12.2.1/tuple:713:2:constexpr std::tuple< <template-parameter-1-1> >::tuple() [with _Dummy = void; typename std::enable_if<_TCC<std::is_void<_Dummy>::value>::__is_implicitly_default_constructible(), bool>::type <anonymous> = true; _Elements = {IOPinStatusCodes (*)(const GpioPort&, PeripheralBase<IOPinStatusCodes, 1, Container<IOPinProperties, GpioPort, GpioPin, GpioMode, GpioState> >*), IOPinStatusCodes (*)(const GpioPin&, PeripheralBase<IOPinStatusCodes, 1, Container<IOPinProperties, GpioPort, GpioPin, GpioMode, GpioState> >*), IOPinStatusCodes (*)(const GpioMode&, PeripheralBase<IOPinStatusCodes, 1, Container<IOPinProperties, GpioPort, GpioPin, GpioMode, GpioState> >*), IOPinStatusCodes (*)(const GpioState&, PeripheralBase<IOPinStatusCodes, 1, Container<IOPinProperties, GpioPort, GpioPin, GpioMode, GpioState> >*)}]	16	static
/usr/arm-none-eabi/include/c++/12.2.1/tuple:385:2:>&) [with _UElements = {IOPinStatusCodes (*)(const GpioPort&, PeripheralBase<IOPinStatusCodes, 1, Container<IOPinProperties, GpioPort, GpioPin, GpioMode, GpioState> >*), IOPinStatusCodes (*)(const GpioPin&, PeripheralBase<IOPinStatusCodes, 1, Container<IOPinProperties, GpioPort, GpioPin, GpioMode, GpioState> >*), IOPinStatusCodes (*)(const GpioMode&, PeripheralBase<IOPinStatusCodes, 1, Container<IOPinProperties, GpioPort, GpioPin, GpioMode, GpioState> >*), IOPinStatusCodes (*)(const GpioState&, PeripheralBase<IOPinStatusCodes, 1, Container<IOPinProperties, GpioPort, GpioPin, GpioMode, GpioState> >*)}; unsigned int _Idx = 0; _Head = IOPinStatusCodes (*)(const GpioPort&, PeripheralBase<IOPinStatusCodes, 1, Container<IOPinProperties, GpioPort, GpioPin, GpioMode, GpioState> >*); _Tail = {IOPinStatusCodes (*)(const GpioPin&, PeripheralBase<IOPinStatusCodes, 1, Container<IOPinProperties, GpioPort, GpioPin, GpioMode, GpioState> >*), IOPinStatusCodes (*)(const GpioMode&, PeripheralBase<IOPinStatusCodes, 1, Container<IOPinProperties, GpioPort, GpioPin, GpioMode, GpioState> >*), IOPinStatusCodes (*)(const GpioState&, PeripheralBase<IOPinStatusCodes, 1, Container<IOPinProperties, GpioPort, GpioPin, GpioMode, GpioState> >*)}]	24	static
/usr/arm-none-eabi/include/c++/12.2.1/tuple:440:2:constexpr std::_Tuple_impl<_Idx, _Head>::_Tuple_impl(_UHead&&) [with _UHead = IOPinStatusCodes (*)(const GpioState&, PeripheralBase<IOPinStatusCodes, 1, Container<IOPinProperties, GpioPort, GpioPin, GpioMode, GpioState> >*); unsigned int _Idx = 3; _Head = IOPinStatusCodes (*)(const GpioState&, PeripheralBase<IOPinStatusCodes, 1, Container<IOPinProperties, GpioPort, GpioPin, GpioMode, GpioState> >*)]	24	static
/usr/arm-none-eabi/include/c++/12.2.1/tuple:199:19:constexpr std::_Head_base<_Idx, _Head, false>::_Head_base(_UHead&&) [with _UHead = IOPinStatusCodes (*)(const GpioMode&, PeripheralBase<IOPinStatusCodes, 1, Container<IOPinProperties, GpioPort, GpioPin, GpioMode, GpioState> >*); unsigned int _Idx = 2; _Head = IOPinStatusCodes (*)(const GpioMode&, PeripheralBase<IOPinStatusCodes, 1, Container<IOPinProperties, GpioPort, GpioPin, GpioMode, GpioState> >*)]	16	static
/usr/arm-none-eabi/include/c++/12.2.1/tuple:279:17:>::_Tuple_impl() [with unsigned int _Idx = 1; _Head = GpioPin; _Tail = {GpioMode, GpioState}]	16	static
/usr/arm-none-eabi/include/c++/12.2.1/tuple:189:17:constexpr std::_Head_base<_Idx, _Head, false>::_Head_base() [with unsigned int _Idx = 0; _Head = GpioPort]	16	static
/usr/arm-none-eabi/include/c++/12.2.1/tuple:279:17:>::_Tuple_impl() [with unsigned int _Idx = 0; _Head = IOPinStatusCodes (*)(const GpioPort&, PeripheralBase<IOPinStatusCodes, 1, Container<IOPinProperties, GpioPort, GpioPin, GpioMode, GpioState> >*); _Tail = {IOPinStatusCodes (*)(const GpioPin&, PeripheralBase<IOPinStatusCodes, 1, Container<IOPinProperties, GpioPort, GpioPin, GpioMode, GpioState> >*), IOPinStatusCodes (*)(const GpioMode&, PeripheralBase<IOPinStatusCodes, 1, Container<IOPinProperties, GpioPort, GpioPin, GpioMode, GpioState> >*), IOPinStatusCodes (*)(const GpioState&, PeripheralBase<IOPinStatusCodes, 1, Container<IOPinProperties, GpioPort, GpioPin, GpioMode, GpioState> >*)}]	16	static
/usr/arm-none-eabi/include/c++/12.2.1/tuple:268:7:>&) [with unsigned int _Idx = 0; _Head = IOPinStatusCodes (*)(const GpioPort&, PeripheralBase<IOPinStatusCodes, 1, Container<IOPinProperties, GpioPort, GpioPin, GpioMode, GpioState> >*); _Tail = {IOPinStatusCodes (*)(const GpioPin&, PeripheralBase<IOPinStatusCodes, 1, Container<IOPinProperties, GpioPort, GpioPin, GpioMode, GpioState> >*), IOPinStatusCodes (*)(const GpioMode&, PeripheralBase<IOPinStatusCodes, 1, Container<IOPinProperties, GpioPort, GpioPin, GpioMode, GpioState> >*), IOPinStatusCodes (*)(const GpioState&, PeripheralBase<IOPinStatusCodes, 1, Container<IOPinProperties, GpioPort, GpioPin, GpioMode, GpioState> >*)}]	16	static
/usr/arm-none-eabi/include/c++/12.2.1/tuple:271:7:>&) [with unsigned int _Idx = 0; _Head = IOPinStatusCodes (*)(const GpioPort&, PeripheralBase<IOPinStatusCodes, 1, Container<IOPinProperties, GpioPort, GpioPin, GpioMode, GpioState> >*); _Tail = {IOPinStatusCodes (*)(const GpioPin&, PeripheralBase<IOPinStatusCodes, 1, Container<IOPinProperties, GpioPort, GpioPin, GpioMode, GpioState> >*), IOPinStatusCodes (*)(const GpioMode&, PeripheralBase<IOPinStatusCodes, 1, Container<IOPinProperties, GpioPort, GpioPin, GpioMode, GpioState> >*), IOPinStatusCodes (*)(const GpioState&, PeripheralBase<IOPinStatusCodes, 1, Container<IOPinProperties, GpioPort, GpioPin, GpioMode, GpioState> >*)}]	16	static
/usr/arm-none-eabi/include/c++/12.2.1/tuple:274:7:>&) [with unsigned int _Idx = 0; _Head = IOPinStatusCodes (*)(const GpioPort&, PeripheralBase<IOPinStatusCodes, 1, Container<IOPinProperties, GpioPort, GpioPin, GpioMode, GpioState> >*); _Tail = {IOPinStatusCodes (*)(const GpioPin&, PeripheralBase<IOPinStatusCodes, 1, Container<IOPinProperties, GpioPort, GpioPin, GpioMode, GpioState> >*), IOPinStatusCodes (*)(const GpioMode&, PeripheralBase<IOPinStatusCodes, 1, Container<IOPinProperties, GpioPort, GpioPin, GpioMode, GpioState> >*), IOPinStatusCodes (*)(const GpioState&, PeripheralBase<IOPinStatusCodes, 1, Container<IOPinProperties, GpioPort, GpioPin, GpioMode, GpioState> >*)}]	16	static
/usr/arm-none-eabi/include/c++/12.2.1/tuple:277:7:>&) [with unsigned int _Idx = 0; _Head = IOPinStatusCodes (*)(const GpioPort&, PeripheralBase<IOPinStatusCodes, 1, Container<IOPinProperties, GpioPort, GpioPin, GpioMode, GpioState> >*); _Tail = {IOPinStatusCodes (*)(const GpioPin&, PeripheralBase<IOPinStatusCodes, 1, Container<IOPinProperties, GpioPort, GpioPin, GpioMode, GpioState> >*), IOPinStatusCodes (*)(const GpioMode&, PeripheralBase<IOPinStatusCodes, 1, Container<IOPinProperties, GpioPort, GpioPin, GpioMode, GpioState> >*), IOPinStatusCodes (*)(const GpioState&, PeripheralBase<IOPinStatusCodes, 1, Container<IOPinProperties, GpioPort, GpioPin, GpioMode, GpioState> >*)}]	16	static
/usr/arm-none-eabi/include/c++/12.2.1/tuple:385:2:>&) [with _UElements = {IOPinStatusCodes (*)(const GpioPin&, PeripheralBase<IOPinStatusCodes, 1, Container<IOPinProperties, GpioPort, GpioPin, GpioMode, GpioState> >*), IOPinStatusCodes (*)(const GpioMode&, PeripheralBase<IOPinStatusCodes, 1, Container<IOPinProperties, GpioPort, GpioPin, GpioMode, GpioState> >*), IOPinStatusCodes (*)(const GpioState&, PeripheralBase<IOPinStatusCodes, 1, Container<IOPinProperties, GpioPort, GpioPin, GpioMode, GpioState> >*)}; unsigned int _Idx = 1; _Head = IOPinStatusCodes (*)(const GpioPin&, PeripheralBase<IOPinStatusCodes, 1, Container<IOPinProperties, GpioPort, GpioPin, GpioMode, GpioState> >*); _Tail = {IOPinStatusCodes (*)(const GpioMode&, PeripheralBase<IOPinStatusCodes, 1, Container<IOPinProperties, GpioPort, GpioPin, GpioMode, GpioState> >*), IOPinStatusCodes (*)(const GpioState&, PeripheralBase<IOPinStatusCodes, 1, Container<IOPinProperties, GpioPort, GpioPin, GpioMode, GpioState> >*)}]	24	static
/usr/arm-none-eabi/include/c++/12.2.1/tuple:199:19:constexpr std::_Head_base<_Idx, _Head, false>::_Head_base(_UHead&&) [with _UHead = IOPinStatusCodes (*)(const GpioState&, PeripheralBase<IOPinStatusCodes, 1, Container<IOPinProperties, GpioPort, GpioPin, GpioMode, GpioState> >*); unsigned int _Idx = 3; _Head = IOPinStatusCodes (*)(const GpioState&, PeripheralBase<IOPinStatusCodes, 1, Container<IOPinProperties, GpioPort, GpioPin, GpioMode, GpioState> >*)]	16	static
/usr/arm-none-eabi/include/c++/12.2.1/tuple:279:17:>::_Tuple_impl() [with unsigned int _Idx = 2; _Head = GpioMode; _Tail = {GpioState}]	16	static
/usr/arm-none-eabi/include/c++/12.2.1/tuple:189:17:constexpr std::_Head_base<_Idx, _Head, false>::_Head_base() [with unsigned int _Idx = 1; _Head = GpioPin]	16	static
/usr/arm-none-eabi/include/c++/12.2.1/tuple:279:17:>::_Tuple_impl() [with unsigned int _Idx = 1; _Head = IOPinStatusCodes (*)(const GpioPin&, PeripheralBase<IOPinStatusCodes, 1, Container<IOPinProperties, GpioPort, GpioPin, GpioMode, GpioState> >*); _Tail = {IOPinStatusCodes (*)(const GpioMode&, PeripheralBase<IOPinStatusCodes, 1, Container<IOPinProperties, GpioPort, GpioPin, GpioMode, GpioState> >*), IOPinStatusCodes (*)(const GpioState&, PeripheralBase<IOPinStatusCodes, 1, Container<IOPinProperties, GpioPort, GpioPin, GpioMode, GpioState> >*)}]	16	static
/usr/arm-none-eabi/include/c++/12.2.1/tuple:189:17:constexpr std::_Head_base<_Idx, _Head, false>::_Head_base() [with unsigned int _Idx = 0; _Head = IOPinStatusCodes (*)(const GpioPort&, PeripheralBase<IOPinStatusCodes, 1, Container<IOPinProperties, GpioPort, GpioPin, GpioMode, GpioState> >*)]	16	static
/usr/arm-none-eabi/include/c++/12.2.1/tuple:233:7:static constexpr _Head& std::_Head_base<_Idx, _Head, false>::_M_head(std::_Head_base<_Idx, _Head, false>&) [with unsigned int _Idx = 0; _Head = IOPinStatusCodes (*)(const GpioPort&, PeripheralBase<IOPinStatusCodes, 1, Container<IOPinProperties, GpioPort, GpioPin, GpioMode, GpioState> >*)]	16	static
/usr/arm-none-eabi/include/c++/12.2.1/tuple:236:7:static constexpr const _Head& std::_Head_base<_Idx, _Head, false>::_M_head(const std::_Head_base<_Idx, _Head, false>&) [with unsigned int _Idx = 0; _Head = IOPinStatusCodes (*)(const GpioPort&, PeripheralBase<IOPinStatusCodes, 1, Container<IOPinProperties, GpioPort, GpioPin, GpioMode, GpioState> >*)]	16	static
/usr/arm-none-eabi/include/c++/12.2.1/tuple:268:7:>&) [with unsigned int _Idx = 1; _Head = IOPinStatusCodes (*)(const GpioPin&, PeripheralBase<IOPinStatusCodes, 1, Container<IOPinProperties, GpioPort, GpioPin, GpioMode, GpioState> >*); _Tail = {IOPinStatusCodes (*)(const GpioMode&, PeripheralBase<IOPinStatusCodes, 1, Container<IOPinProperties, GpioPort, GpioPin, GpioMode, GpioState> >*), IOPinStatusCodes (*)(const GpioState&, PeripheralBase<IOPinStatusCodes, 1, Container<IOPinProperties, GpioPort, GpioPin, GpioMode, GpioState> >*)}]	16	static
/usr/arm-none-eabi/include/c++/12.2.1/tuple:271:7:>&) [with unsigned int _Idx = 1; _Head = IOPinStatusCodes (*)(const GpioPin&, PeripheralBase<IOPinStatusCodes, 1, Container<IOPinProperties, GpioPort, GpioPin, GpioMode, GpioState> >*); _Tail = {IOPinStatusCodes (*)(const GpioMode&, PeripheralBase<IOPinStatusCodes, 1, Container<IOPinProperties, GpioPort, GpioPin, GpioMode, GpioState> >*), IOPinStatusCodes (*)(const GpioState&, PeripheralBase<IOPinStatusCodes, 1, Container<IOPinProperties, GpioPort, GpioPin, GpioMode, GpioState> >*)}]	16	static
/usr/arm-none-eabi/include/c++/12.2.1/tuple:274:7:>&) [with unsigned int _Idx = 1; _Head = IOPinStatusCodes (*)(const GpioPin&, PeripheralBase<IOPinStatusCodes, 1, Container<IOPinProperties, GpioPort, GpioPin, GpioMode, GpioState> >*); _Tail = {IOPinStatusCodes (*)(const GpioMode&, PeripheralBase<IOPinStatusCodes, 1, Container<IOPinProperties, GpioPort, GpioPin, GpioMode, GpioState> >*), IOPinStatusCodes (*)(const GpioState&, PeripheralBase<IOPinStatusCodes, 1, Container<IOPinProperties, GpioPort, GpioPin, GpioMode, GpioState> >*)}]	16	static
/usr/arm-none-eabi/include/c++/12.2.1/tuple:277:7:>&) [with unsigned int _Idx = 1; _Head = IOPinStatusCodes (*)(const GpioPin&, PeripheralBase<IOPinStatusCodes, 1, Container<IOPinProperties, GpioPort, GpioPin, GpioMode, GpioState> >*); _Tail = {IOPinStatusCodes (*)(const GpioMode&, PeripheralBase<IOPinStatusCodes, 1, Container<IOPinProperties, GpioPort, GpioPin, GpioMode, GpioState> >*), IOPinStatusCodes (*)(const GpioState&, PeripheralBase<IOPinStatusCodes, 1, Container<IOPinProperties, GpioPort, GpioPin, GpioMode, GpioState> >*)}]	16	static
/usr/arm-none-eabi/include/c++/12.2.1/tuple:385:2:>&) [with _UElements = {IOPinStatusCodes (*)(const GpioMode&, PeripheralBase<IOPinStatusCodes, 1, Container<IOPinProperties, GpioPort, GpioPin, GpioMode, GpioState> >*), IOPinStatusCodes (*)(const GpioState&, PeripheralBase<IOPinStatusCodes, 1, Container<IOPinProperties, GpioPort, GpioPin, GpioMode, GpioState> >*)}; unsigned int _Idx = 2; _Head = IOPinStatusCodes (*)(const GpioMode&, PeripheralBase<IOPinStatusCodes, 1, Container<IOPinProperties, GpioPort, GpioPin, GpioMode, GpioState> >*); _Tail = {IOPinStatusCodes (*)(const GpioState&, PeripheralBase<IOPinStatusCodes, 1, Container<IOPinProperties, GpioPort, GpioPin, GpioMode, GpioState> >*)}]	24	static
/usr/arm-none-eabi/include/c++/12.2.1/tuple:430:7:constexpr std::_Tuple_impl<_Idx, _Head>::_Tuple_impl() [with unsigned int _Idx = 3; _Head = GpioState]	16	static
/usr/arm-none-eabi/include/c++/12.2.1/tuple:189:17:constexpr std::_Head_base<_Idx, _Head, false>::_Head_base() [with unsigned int _Idx = 2; _Head = GpioMode]	16	static
/usr/arm-none-eabi/include/c++/12.2.1/tuple:279:17:>::_Tuple_impl() [with unsigned int _Idx = 2; _Head = IOPinStatusCodes (*)(const GpioMode&, PeripheralBase<IOPinStatusCodes, 1, Container<IOPinProperties, GpioPort, GpioPin, GpioMode, GpioState> >*); _Tail = {IOPinStatusCodes (*)(const GpioState&, PeripheralBase<IOPinStatusCodes, 1, Container<IOPinProperties, GpioPort, GpioPin, GpioMode, GpioState> >*)}]	16	static
/usr/arm-none-eabi/include/c++/12.2.1/tuple:189:17:constexpr std::_Head_base<_Idx, _Head, false>::_Head_base() [with unsigned int _Idx = 1; _Head = IOPinStatusCodes (*)(const GpioPin&, PeripheralBase<IOPinStatusCodes, 1, Container<IOPinProperties, GpioPort, GpioPin, GpioMode, GpioState> >*)]	16	static
/usr/arm-none-eabi/include/c++/12.2.1/tuple:233:7:static constexpr _Head& std::_Head_base<_Idx, _Head, false>::_M_head(std::_Head_base<_Idx, _Head, false>&) [with unsigned int _Idx = 1; _Head = IOPinStatusCodes (*)(const GpioPin&, PeripheralBase<IOPinStatusCodes, 1, Container<IOPinProperties, GpioPort, GpioPin, GpioMode, GpioState> >*)]	16	static
/usr/arm-none-eabi/include/c++/12.2.1/tuple:236:7:static constexpr const _Head& std::_Head_base<_Idx, _Head, false>::_M_head(const std::_Head_base<_Idx, _Head, false>&) [with unsigned int _Idx = 1; _Head = IOPinStatusCodes (*)(const GpioPin&, PeripheralBase<IOPinStatusCodes, 1, Container<IOPinProperties, GpioPort, GpioPin, GpioMode, GpioState> >*)]	16	static
/usr/arm-none-eabi/include/c++/12.2.1/tuple:268:7:>&) [with unsigned int _Idx = 2; _Head = IOPinStatusCodes (*)(const GpioMode&, PeripheralBase<IOPinStatusCodes, 1, Container<IOPinProperties, GpioPort, GpioPin, GpioMode, GpioState> >*); _Tail = {IOPinStatusCodes (*)(const GpioState&, PeripheralBase<IOPinStatusCodes, 1, Container<IOPinProperties, GpioPort, GpioPin, GpioMode, GpioState> >*)}]	16	static
/usr/arm-none-eabi/include/c++/12.2.1/tuple:271:7:>&) [with unsigned int _Idx = 2; _Head = IOPinStatusCodes (*)(const GpioMode&, PeripheralBase<IOPinStatusCodes, 1, Container<IOPinProperties, GpioPort, GpioPin, GpioMode, GpioState> >*); _Tail = {IOPinStatusCodes (*)(const GpioState&, PeripheralBase<IOPinStatusCodes, 1, Container<IOPinProperties, GpioPort, GpioPin, GpioMode, GpioState> >*)}]	16	static
/usr/arm-none-eabi/include/c++/12.2.1/tuple:274:7:>&) [with unsigned int _Idx = 2; _Head = IOPinStatusCodes (*)(const GpioMode&, PeripheralBase<IOPinStatusCodes, 1, Container<IOPinProperties, GpioPort, GpioPin, GpioMode, GpioState> >*); _Tail = {IOPinStatusCodes (*)(const GpioState&, PeripheralBase<IOPinStatusCodes, 1, Container<IOPinProperties, GpioPort, GpioPin, GpioMode, GpioState> >*)}]	16	static
/usr/arm-none-eabi/include/c++/12.2.1/tuple:277:7:>&) [with unsigned int _Idx = 2; _Head = IOPinStatusCodes (*)(const GpioMode&, PeripheralBase<IOPinStatusCodes, 1, Container<IOPinProperties, GpioPort, GpioPin, GpioMode, GpioState> >*); _Tail = {IOPinStatusCodes (*)(const GpioState&, PeripheralBase<IOPinStatusCodes, 1, Container<IOPinProperties, GpioPort, GpioPin, GpioMode, GpioState> >*)}]	16	static
/usr/arm-none-eabi/include/c++/12.2.1/tuple:527:2:constexpr void std::_Tuple_impl<_Idx, _Head>::_M_assign(const std::_Tuple_impl<_Idx, _UHead>&) [with _UHead = IOPinStatusCodes (*)(const GpioState&, PeripheralBase<IOPinStatusCodes, 1, Container<IOPinProperties, GpioPort, GpioPin, GpioMode, GpioState> >*); unsigned int _Idx = 3; _Head = IOPinStatusCodes (*)(const GpioState&, PeripheralBase<IOPinStatusCodes, 1, Container<IOPinProperties, GpioPort, GpioPin, GpioMode, GpioState> >*)]	24	static
/usr/arm-none-eabi/include/c++/12.2.1/tuple:189:17:constexpr std::_Head_base<_Idx, _Head, false>::_Head_base() [with unsigned int _Idx = 3; _Head = GpioState]	16	static
/usr/arm-none-eabi/include/c++/12.2.1/tuple:430:7:constexpr std::_Tuple_impl<_Idx, _Head>::_Tuple_impl() [with unsigned int _Idx = 3; _Head = IOPinStatusCodes (*)(const GpioState&, PeripheralBase<IOPinStatusCodes, 1, Container<IOPinProperties, GpioPort, GpioPin, GpioMode, GpioState> >*)]	16	static
/usr/arm-none-eabi/include/c++/12.2.1/tuple:189:17:constexpr std::_Head_base<_Idx, _Head, false>::_Head_base() [with unsigned int _Idx = 2; _Head = IOPinStatusCodes (*)(const GpioMode&, PeripheralBase<IOPinStatusCodes, 1, Container<IOPinProperties, GpioPort, GpioPin, GpioMode, GpioState> >*)]	16	static
/usr/arm-none-eabi/include/c++/12.2.1/tuple:233:7:static constexpr _Head& std::_Head_base<_Idx, _Head, false>::_M_head(std::_Head_base<_Idx, _Head, false>&) [with unsigned int _Idx = 2; _Head = IOPinStatusCodes (*)(const GpioMode&, PeripheralBase<IOPinStatusCodes, 1, Container<IOPinProperties, GpioPort, GpioPin, GpioMode, GpioState> >*)]	16	static
/usr/arm-none-eabi/include/c++/12.2.1/tuple:236:7:static constexpr const _Head& std::_Head_base<_Idx, _Head, false>::_M_head(const std::_Head_base<_Idx, _Head, false>&) [with unsigned int _Idx = 2; _Head = IOPinStatusCodes (*)(const GpioMode&, PeripheralBase<IOPinStatusCodes, 1, Container<IOPinProperties, GpioPort, GpioPin, GpioMode, GpioState> >*)]	16	static
/usr/arm-none-eabi/include/c++/12.2.1/tuple:424:7:static constexpr _Head& std::_Tuple_impl<_Idx, _Head>::_M_head(std::_Tuple_impl<_Idx, _Head>&) [with unsigned int _Idx = 3; _Head = IOPinStatusCodes (*)(const GpioState&, PeripheralBase<IOPinStatusCodes, 1, Container<IOPinProperties, GpioPort, GpioPin, GpioMode, GpioState> >*)]	16	static
/usr/arm-none-eabi/include/c++/12.2.1/tuple:427:7:static constexpr const _Head& std::_Tuple_impl<_Idx, _Head>::_M_head(const std::_Tuple_impl<_Idx, _Head>&) [with unsigned int _Idx = 3; _Head = IOPinStatusCodes (*)(const GpioState&, PeripheralBase<IOPinStatusCodes, 1, Container<IOPinProperties, GpioPort, GpioPin, GpioMode, GpioState> >*)]	16	static
/usr/arm-none-eabi/include/c++/12.2.1/tuple:189:17:constexpr std::_Head_base<_Idx, _Head, false>::_Head_base() [with unsigned int _Idx = 3; _Head = IOPinStatusCodes (*)(const GpioState&, PeripheralBase<IOPinStatusCodes, 1, Container<IOPinProperties, GpioPort, GpioPin, GpioMode, GpioState> >*)]	16	static
/usr/arm-none-eabi/include/c++/12.2.1/tuple:233:7:static constexpr _Head& std::_Head_base<_Idx, _Head, false>::_M_head(std::_Head_base<_Idx, _Head, false>&) [with unsigned int _Idx = 3; _Head = IOPinStatusCodes (*)(const GpioState&, PeripheralBase<IOPinStatusCodes, 1, Container<IOPinProperties, GpioPort, GpioPin, GpioMode, GpioState> >*)]	16	static
/usr/arm-none-eabi/include/c++/12.2.1/tuple:236:7:static constexpr const _Head& std::_Head_base<_Idx, _Head, false>::_M_head(const std::_Head_base<_Idx, _Head, false>&) [with unsigned int _Idx = 3; _Head = IOPinStatusCodes (*)(const GpioState&, PeripheralBase<IOPinStatusCodes, 1, Container<IOPinProperties, GpioPort, GpioPin, GpioMode, GpioState> >*)]	16	static
Core/Drivers/GPIO/IOPin.cpp:185:1:void __static_initialization_and_destruction_0(int, int)	24	static
Core/Utils/Container/Container.hh:137:19:constexpr uint8_t Container<Parameters, Members>::getSize() [with Parameters = IOPinProperties; Members = {GpioPort, GpioPin, GpioMode, GpioState}]	16	static
Core/Utils/Container/Container.hh:137:19:constexpr uint8_t Container<Parameters, Members>::getSize() [with Parameters = IOPinProperties; Members = {IOPinStatusCodes (*)(const GpioPort&, PeripheralBase<IOPinStatusCodes, 1, Container<IOPinProperties, GpioPort, GpioPin, GpioMode, GpioState> >*), IOPinStatusCodes (*)(const GpioPin&, PeripheralBase<IOPinStatusCodes, 1, Container<IOPinProperties, GpioPort, GpioPin, GpioMode, GpioState> >*), IOPinStatusCodes (*)(const GpioMode&, PeripheralBase<IOPinStatusCodes, 1, Container<IOPinProperties, GpioPort, GpioPin, GpioMode, GpioState> >*), IOPinStatusCodes (*)(const GpioState&, PeripheralBase<IOPinStatusCodes, 1, Container<IOPinProperties, GpioPort, GpioPin, GpioMode, GpioState> >*)}]	16	static
Core/Drivers/GPIO/IOPin.cpp:185:1:cpp)	8	static
