/usr/arm-none-eabi/include/c++/12.2.1/arm-none-eabi/thumb/v7e-m+fp/hard/bits/c++config.h:516:3:constexpr bool std::__is_constant_evaluated()	4	static
/usr/arm-none-eabi/include/c++/12.2.1/type_traits:3520:3:constexpr bool std::is_constant_evaluated()	4	static
/usr/arm-none-eabi/include/c++/12.2.1/new:174:33:void* operator new(std::size_t, void*)	16	static
/usr/arm-none-eabi/include/c++/12.2.1/bits/stl_algobase.h:230:5:constexpr const _Tp& std::min(const _Tp&, const _Tp&) [with _Tp = unsigned int]	16	static
/usr/arm-none-eabi/include/c++/12.2.1/bitset:386:17:constexpr std::_Base_bitset<1>::_Base_bitset(long long unsigned int)	24	static
/usr/arm-none-eabi/include/c++/12.2.1/bitset:402:7:static constexpr std::size_t std::_Base_bitset<1>::_S_whichbit(std::size_t)	16	static
/usr/arm-none-eabi/include/c++/12.2.1/bitset:406:7:static constexpr std::_Base_bitset<1>::_WordT std::_Base_bitset<1>::_S_maskbit(std::size_t)	16	static
/usr/arm-none-eabi/include/c++/12.2.1/bitset:410:7:std::_Base_bitset<1>::_WordT& std::_Base_bitset<1>::_M_getword(std::size_t)	16	static
/usr/arm-none-eabi/include/c++/12.2.1/bitset:414:7:constexpr std::_Base_bitset<1>::_WordT std::_Base_bitset<1>::_M_getword(std::size_t) const	16	static
Core/Drivers/GPIO/IOPin.hh:128:31:static constexpr bool IOPin::configPort(const GpioPort&, IOPinParent*)	16	static
Core/Drivers/GPIO/IOPin.hh:132:31:static constexpr bool IOPin::configPin(const GpioPin&, IOPinParent*)	24	static
Core/Drivers/GPIO/IOPin.hh:138:31:static constexpr bool IOPin::configMode(const GpioMode&, IOPinParent*)	24	static
Core/Drivers/GPIO/IOPin.hh:144:31:static constexpr bool IOPin::configState(const GpioState&, IOPinParent*)	24	static
Core/Drivers/GPIO/IOPin.cpp:6:1:IOPin::IOPin()	88	static
Core/Drivers/GPIO/IOPin.cpp:16:1:IOPin::IOPin(const IOPin&)	16	static
Core/Drivers/GPIO/IOPin.cpp:21:1:IOPin::IOPin(const IOPin&, const GpioPin&)	24	static
Core/Drivers/GPIO/IOPin.cpp:26:1:IOPin::IOPin(const IOPin&, const GpioPort&)	24	static
Core/Drivers/GPIO/IOPin.cpp:31:1:IOPin::IOPin(IOPin&&)	16	static
Core/Drivers/GPIO/IOPin.cpp:36:8:IOPin& IOPin::operator=(const IOPin&)	16	static
Core/Drivers/GPIO/IOPin.cpp:41:8:IOPin& IOPin::operator=(IOPin&&)	16	static
Core/Drivers/GPIO/IOPin.cpp:47:1:IOPin::~IOPin()	16	static
Core/Drivers/GPIO/IOPin.cpp:47:1:virtual IOPin::~IOPin()	16	static
Core/Drivers/GPIO/IOPin.cpp:52:18:IOPinStatusCodes IOPin::setPort(const GpioPort&)	16	static
Core/Drivers/GPIO/IOPin.cpp:56:18:IOPinStatusCodes IOPin::setPin(const GpioPin&)	16	static
Core/Drivers/GPIO/IOPin.cpp:60:18:IOPinStatusCodes IOPin::setMode(const GpioMode&)	16	static
Core/Drivers/GPIO/IOPin.cpp:64:18:IOPinStatusCodes IOPin::setPUPD(const GpioPUPD&)	16	static
Core/Drivers/GPIO/IOPin.cpp:68:18:IOPinStatusCodes IOPin::setOutputType(const GpioOutputType&)	16	static
Core/Drivers/GPIO/IOPin.cpp:72:18:IOPinStatusCodes IOPin::setOutputSpeed(const GpioOutputSpeed&)	16	static
Core/Drivers/GPIO/IOPin.cpp:76:18:IOPinStatusCodes IOPin::setInputMode()	16	static
Core/Drivers/GPIO/IOPin.cpp:80:18:IOPinStatusCodes IOPin::setOutputMode()	16	static
Core/Drivers/GPIO/IOPin.cpp:84:18:IOPinStatusCodes IOPin::setPullup()	16	static
Core/Drivers/GPIO/IOPin.cpp:88:18:IOPinStatusCodes IOPin::setPulldown()	16	static
Core/Drivers/GPIO/IOPin.cpp:92:18:IOPinStatusCodes IOPin::setPullPushOutputType()	16	static
Core/Drivers/GPIO/IOPin.cpp:96:18:IOPinStatusCodes IOPin::setOpenDrainOutputType()	16	static
Core/Drivers/GPIO/IOPin.cpp:100:6:bool IOPin::read()	16	static
Core/Drivers/GPIO/IOPin.cpp:104:18:IOPinStatusCodes IOPin::write(const bool&)	16	static
Core/Drivers/GPIO/IOPin.cpp:108:18:IOPinStatusCodes IOPin::toggle()	16	static
Core/Drivers/GPIO/IOPin.cpp:112:18:IOPinStatusCodes IOPin::reset(const bool&)	16	static
Core/Drivers/GPIO/IOPin.cpp:116:6:bool IOPin::isReady()	16	static
Core/Drivers/GPIO/IOPin.cpp:120:6:static bool IOPin::isAllocated(const GpioPort&, const GpioPin&)	16	static
Core/Drivers/GPIO/IOPin.cpp:124:6:static bool IOPin::isAllocated(const GPIO_TypeDef*, const GpioPin&)	16	static
Core/Drivers/GPIO/IOPin.cpp:130:6:bool IOPin::isPinSet()	16	static
Core/Drivers/GPIO/IOPin.cpp:135:6:bool IOPin::isPortSet()	16	static
Core/Drivers/GPIO/IOPin.cpp:140:6:bool IOPin::isReallocating(const GpioPin&)	16	static
Core/Drivers/GPIO/IOPin.cpp:145:6:bool IOPin::isReallocating(const GpioPort&)	16	static
Core/Drivers/GPIO/IOPin.cpp:150:15:GPIO_TypeDef* IOPin::getGPIOPtrInstance(const GpioPort&)	16	static
Core/Drivers/GPIO/IOPin.cpp:155:10:static GpioPort IOPin::getPortFromGPIOStruct(const GPIO_TypeDef*)	16	static
Core/Drivers/GPIO/IOPin.cpp:160:6:void IOPin::allocatePin()	16	static
Core/Drivers/GPIO/IOPin.cpp:165:6:void IOPin::deAllocatePin()	16	static
Core/Drivers/GPIO/IOPin.cpp:170:18:IOPinStatusCodes IOPin::init()	16	static
Core/Drivers/GPIO/IOPin.cpp:175:6:void IOPin::setInstancePtr()	16	static
Core/Drivers/GPIO/IOPin.cpp:179:6:virtual void IOPin::setDefaultSettings()	16	static
Core/Drivers/GPIO/IOPin.cpp:184:18:IOPinStatusCodes IOPin::preInit()	16	static
/usr/arm-none-eabi/include/c++/12.2.1/bits/stl_algobase.h:254:5:constexpr const _Tp& std::max(const _Tp&, const _Tp&) [with _Tp = unsigned int]	16	static
Core/Utils/Container/Container.hh:79:11:) [with Parameters = IOPinProperties; Members = {bool (*)(const GpioPort&, PeripheralBase<GPIO_TypeDef, IOPinStatusCodes, Container<IOPinProperties, GpioPort, GpioPin, GpioMode, GpioState> >*), bool (*)(const GpioPin&, PeripheralBase<GPIO_TypeDef, IOPinStatusCodes, Container<IOPinProperties, GpioPort, GpioPin, GpioMode, GpioState> >*), bool (*)(const GpioMode&, PeripheralBase<GPIO_TypeDef, IOPinStatusCodes, Container<IOPinProperties, GpioPort, GpioPin, GpioMode, GpioState> >*), bool (*)(const GpioState&, PeripheralBase<GPIO_TypeDef, IOPinStatusCodes, Container<IOPinProperties, GpioPort, GpioPin, GpioMode, GpioState> >*)}]	48	static
Core/Utils/Container/Container.hh:97:1:Container<Parameters, Members>::~Container() [with Parameters = IOPinProperties; Members = {bool (*)(const GpioPort&, PeripheralBase<GPIO_TypeDef, IOPinStatusCodes, Container<IOPinProperties, GpioPort, GpioPin, GpioMode, GpioState> >*), bool (*)(const GpioPin&, PeripheralBase<GPIO_TypeDef, IOPinStatusCodes, Container<IOPinProperties, GpioPort, GpioPin, GpioMode, GpioState> >*), bool (*)(const GpioMode&, PeripheralBase<GPIO_TypeDef, IOPinStatusCodes, Container<IOPinProperties, GpioPort, GpioPin, GpioMode, GpioState> >*), bool (*)(const GpioState&, PeripheralBase<GPIO_TypeDef, IOPinStatusCodes, Container<IOPinProperties, GpioPort, GpioPin, GpioMode, GpioState> >*)}]	16	static
Core/Utils/Container/Container.hh:97:1:Container<Parameters, Members>::~Container() [with Parameters = IOPinProperties; Members = {bool (*)(const GpioPort&, PeripheralBase<GPIO_TypeDef, IOPinStatusCodes, Container<IOPinProperties, GpioPort, GpioPin, GpioMode, GpioState> >*), bool (*)(const GpioPin&, PeripheralBase<GPIO_TypeDef, IOPinStatusCodes, Container<IOPinProperties, GpioPort, GpioPin, GpioMode, GpioState> >*), bool (*)(const GpioMode&, PeripheralBase<GPIO_TypeDef, IOPinStatusCodes, Container<IOPinProperties, GpioPort, GpioPin, GpioMode, GpioState> >*), bool (*)(const GpioState&, PeripheralBase<GPIO_TypeDef, IOPinStatusCodes, Container<IOPinProperties, GpioPort, GpioPin, GpioMode, GpioState> >*)}]	16	static
/usr/arm-none-eabi/include/c++/12.2.1/bitset:874:17:constexpr std::bitset<_Nb>::bitset(long long unsigned int) [with unsigned int _Nb = 4]	32	static
/usr/arm-none-eabi/include/c++/12.2.1/bitset:682:7:static constexpr long long unsigned int std::_Sanitize_val<_Nb, true>::_S_do_sanitize_val(long long unsigned int) [with unsigned int _Nb = 4]	24	static
Core/Drivers/PeripheralBase/PeripheralBase.hh:175:18:>&) [with Functions = {bool (*)(const GpioPort&, PeripheralBase<GPIO_TypeDef, IOPinStatusCodes, Container<IOPinProperties, GpioPort, GpioPin, GpioMode, GpioState> >*), bool (*)(const GpioPin&, PeripheralBase<GPIO_TypeDef, IOPinStatusCodes, Container<IOPinProperties, GpioPort, GpioPin, GpioMode, GpioState> >*), bool (*)(const GpioMode&, PeripheralBase<GPIO_TypeDef, IOPinStatusCodes, Container<IOPinProperties, GpioPort, GpioPin, GpioMode, GpioState> >*), bool (*)(const GpioState&, PeripheralBase<GPIO_TypeDef, IOPinStatusCodes, Container<IOPinProperties, GpioPort, GpioPin, GpioMode, GpioState> >*)}; Instance = GPIO_TypeDef; StatusCode = IOPinStatusCodes; ParametersLabels = IOPinProperties; Parameters = {GpioPort, GpioPin, GpioMode, GpioState}]	48	static
Core/Drivers/PeripheralBase/PeripheralBase.hh:215:1:> >::~PeripheralBase() [with Instance = GPIO_TypeDef; StatusCode = IOPinStatusCodes; ParametersLabels = IOPinProperties; Parameters = {GpioPort, GpioPin, GpioMode, GpioState}]	24	static
Core/Drivers/PeripheralBase/PeripheralBase.hh:215:1:> >::~PeripheralBase() [with Instance = GPIO_TypeDef; StatusCode = IOPinStatusCodes; ParametersLabels = IOPinProperties; Parameters = {GpioPort, GpioPin, GpioMode, GpioState}]	16	static
Core/Drivers/PeripheralBase/PeripheralBase.hh:278:13:) [with Instance = GPIO_TypeDef; StatusCode = IOPinStatusCodes; ParametersLabels = IOPinProperties; Parameters = {GpioPort, GpioPin, GpioMode, GpioState}]	48	static
Core/Drivers/PeripheralBase/PeripheralBase.hh:256:13:> >::setParameterAsMandatory(const ParametersLabels&) [with Instance = GPIO_TypeDef; StatusCode = IOPinStatusCodes; ParametersLabels = IOPinProperties; Parameters = {GpioPort, GpioPin, GpioMode, GpioState}]	16	static
/usr/arm-none-eabi/include/c++/12.2.1/bits/move.h:77:5:constexpr _Tp&& std::forward(typename remove_reference<_Tp>::type&) [with _Tp = bool (*)(const GpioPort&, PeripheralBase<GPIO_TypeDef, IOPinStatusCodes, Container<IOPinProperties, GpioPort, GpioPin, GpioMode, GpioState> >*)]	16	static
/usr/arm-none-eabi/include/c++/12.2.1/bits/move.h:77:5:constexpr _Tp&& std::forward(typename remove_reference<_Tp>::type&) [with _Tp = bool (*)(const GpioPin&, PeripheralBase<GPIO_TypeDef, IOPinStatusCodes, Container<IOPinProperties, GpioPort, GpioPin, GpioMode, GpioState> >*)]	16	static
/usr/arm-none-eabi/include/c++/12.2.1/bits/move.h:77:5:constexpr _Tp&& std::forward(typename remove_reference<_Tp>::type&) [with _Tp = bool (*)(const GpioMode&, PeripheralBase<GPIO_TypeDef, IOPinStatusCodes, Container<IOPinProperties, GpioPort, GpioPin, GpioMode, GpioState> >*)]	16	static
/usr/arm-none-eabi/include/c++/12.2.1/bits/move.h:77:5:constexpr _Tp&& std::forward(typename remove_reference<_Tp>::type&) [with _Tp = bool (*)(const GpioState&, PeripheralBase<GPIO_TypeDef, IOPinStatusCodes, Container<IOPinProperties, GpioPort, GpioPin, GpioMode, GpioState> >*)]	16	static
Core/Utils/Container/ContainerBase.hh:102:11:) [with Members = {bool (*)(const GpioPort&, PeripheralBase<GPIO_TypeDef, IOPinStatusCodes, Container<IOPinProperties, GpioPort, GpioPin, GpioMode, GpioState> >*), bool (*)(const GpioPin&, PeripheralBase<GPIO_TypeDef, IOPinStatusCodes, Container<IOPinProperties, GpioPort, GpioPin, GpioMode, GpioState> >*), bool (*)(const GpioMode&, PeripheralBase<GPIO_TypeDef, IOPinStatusCodes, Container<IOPinProperties, GpioPort, GpioPin, GpioMode, GpioState> >*), bool (*)(const GpioState&, PeripheralBase<GPIO_TypeDef, IOPinStatusCodes, Container<IOPinProperties, GpioPort, GpioPin, GpioMode, GpioState> >*)}]	48	static
Core/Utils/Container/ContainerBase.hh:124:11:constexpr ContainerBase<Members>::~ContainerBase() [with Members = {bool (*)(const GpioPort&, PeripheralBase<GPIO_TypeDef, IOPinStatusCodes, Container<IOPinProperties, GpioPort, GpioPin, GpioMode, GpioState> >*), bool (*)(const GpioPin&, PeripheralBase<GPIO_TypeDef, IOPinStatusCodes, Container<IOPinProperties, GpioPort, GpioPin, GpioMode, GpioState> >*), bool (*)(const GpioMode&, PeripheralBase<GPIO_TypeDef, IOPinStatusCodes, Container<IOPinProperties, GpioPort, GpioPin, GpioMode, GpioState> >*), bool (*)(const GpioState&, PeripheralBase<GPIO_TypeDef, IOPinStatusCodes, Container<IOPinProperties, GpioPort, GpioPin, GpioMode, GpioState> >*)}]	16	static
Core/Utils/Container/ContainerBase.hh:124:11:constexpr ContainerBase<Members>::~ContainerBase() [with Members = {bool (*)(const GpioPort&, PeripheralBase<GPIO_TypeDef, IOPinStatusCodes, Container<IOPinProperties, GpioPort, GpioPin, GpioMode, GpioState> >*), bool (*)(const GpioPin&, PeripheralBase<GPIO_TypeDef, IOPinStatusCodes, Container<IOPinProperties, GpioPort, GpioPin, GpioMode, GpioState> >*), bool (*)(const GpioMode&, PeripheralBase<GPIO_TypeDef, IOPinStatusCodes, Container<IOPinProperties, GpioPort, GpioPin, GpioMode, GpioState> >*), bool (*)(const GpioState&, PeripheralBase<GPIO_TypeDef, IOPinStatusCodes, Container<IOPinProperties, GpioPort, GpioPin, GpioMode, GpioState> >*)}]	16	static
Core/Utils/Container/Container.hh:68:11:constexpr Container<Parameters, Members>::Container() [with Parameters = IOPinProperties; Members = {GpioPort, GpioPin, GpioMode, GpioState}]	16	static
Core/Drivers/PeripheralBase/PeripheralBase.hh:263:6:>&) [with Functions = {bool (*)(const GpioPort&, PeripheralBase<GPIO_TypeDef, IOPinStatusCodes, Container<IOPinProperties, GpioPort, GpioPin, GpioMode, GpioState> >*), bool (*)(const GpioPin&, PeripheralBase<GPIO_TypeDef, IOPinStatusCodes, Container<IOPinProperties, GpioPort, GpioPin, GpioMode, GpioState> >*), bool (*)(const GpioMode&, PeripheralBase<GPIO_TypeDef, IOPinStatusCodes, Container<IOPinProperties, GpioPort, GpioPin, GpioMode, GpioState> >*), bool (*)(const GpioState&, PeripheralBase<GPIO_TypeDef, IOPinStatusCodes, Container<IOPinProperties, GpioPort, GpioPin, GpioMode, GpioState> >*)}; Instance = GPIO_TypeDef; StatusCode = IOPinStatusCodes; ParametersLabels = IOPinProperties; Parameters = {GpioPort, GpioPin, GpioMode, GpioState}]	16	static
/usr/arm-none-eabi/include/c++/12.2.1/bitset:1323:7:bool std::bitset<_Nb>::test(std::size_t) const [with unsigned int _Nb = 4]	16	static
/usr/arm-none-eabi/include/c++/12.2.1/tuple:1380:5:>&) [with unsigned int __i = 0; _Elements = {GpioPort, GpioPin, GpioMode, GpioState}]	16	static
Core/Drivers/PeripheralBase/PeripheralBase.hh:319:23:> >::isValueSetBool(const T&) [with T = GpioPort; Instance = GPIO_TypeDef; StatusCode = IOPinStatusCodes; ParametersLabels = IOPinProperties; Parameters = {GpioPort, GpioPin, GpioMode, GpioState}]	40	static
/usr/arm-none-eabi/include/c++/12.2.1/tuple:1380:5:>&) [with unsigned int __i = 1; _Elements = {GpioPort, GpioPin, GpioMode, GpioState}]	16	static
Core/Drivers/PeripheralBase/PeripheralBase.hh:319:23:> >::isValueSetBool(const T&) [with T = GpioPin; Instance = GPIO_TypeDef; StatusCode = IOPinStatusCodes; ParametersLabels = IOPinProperties; Parameters = {GpioPort, GpioPin, GpioMode, GpioState}]	40	static
/usr/arm-none-eabi/include/c++/12.2.1/tuple:1380:5:>&) [with unsigned int __i = 2; _Elements = {GpioPort, GpioPin, GpioMode, GpioState}]	16	static
Core/Drivers/PeripheralBase/PeripheralBase.hh:319:23:> >::isValueSetBool(const T&) [with T = GpioMode; Instance = GPIO_TypeDef; StatusCode = IOPinStatusCodes; ParametersLabels = IOPinProperties; Parameters = {GpioPort, GpioPin, GpioMode, GpioState}]	40	static
/usr/arm-none-eabi/include/c++/12.2.1/tuple:1380:5:>&) [with unsigned int __i = 3; _Elements = {GpioPort, GpioPin, GpioMode, GpioState}]	16	static
Core/Drivers/PeripheralBase/PeripheralBase.hh:319:23:> >::isValueSetBool(const T&) [with T = GpioState; Instance = GPIO_TypeDef; StatusCode = IOPinStatusCodes; ParametersLabels = IOPinProperties; Parameters = {GpioPort, GpioPin, GpioMode, GpioState}]	40	static
Core/Utils/Container/Container.hh:97:1:Container<Parameters, Members>::~Container() [with Parameters = IOPinProperties; Members = {GpioPort, GpioPin, GpioMode, GpioState}]	16	static
Core/Utils/Container/Container.hh:97:1:Container<Parameters, Members>::~Container() [with Parameters = IOPinProperties; Members = {GpioPort, GpioPin, GpioMode, GpioState}]	16	static
/usr/arm-none-eabi/include/c++/12.2.1/bits/move.h:77:5:constexpr _Tp&& std::forward(typename remove_reference<_Tp>::type&) [with _Tp = GpioPort]	16	static
/usr/arm-none-eabi/include/c++/12.2.1/bits/move.h:77:5:constexpr _Tp&& std::forward(typename remove_reference<_Tp>::type&) [with _Tp = GpioPin]	16	static
/usr/arm-none-eabi/include/c++/12.2.1/bits/move.h:77:5:constexpr _Tp&& std::forward(typename remove_reference<_Tp>::type&) [with _Tp = GpioMode]	16	static
/usr/arm-none-eabi/include/c++/12.2.1/bits/move.h:77:5:constexpr _Tp&& std::forward(typename remove_reference<_Tp>::type&) [with _Tp = GpioState]	16	static
Core/Utils/Container/Container.hh:165:16:) [with Args = {GpioPort, GpioPin, GpioMode, GpioState}; Parameters = IOPinProperties; Members = {GpioPort, GpioPin, GpioMode, GpioState}]	64	static
/usr/arm-none-eabi/include/c++/12.2.1/bitset:1089:7:std::bitset<_Nb>& std::bitset<_Nb>::set(std::size_t, bool) [with unsigned int _Nb = 4]	24	static
/usr/arm-none-eabi/include/c++/12.2.1/tuple:742:2:>(), bool>::type <anonymous> = true; _Elements = {bool (*)(const GpioPort&, PeripheralBase<GPIO_TypeDef, IOPinStatusCodes, Container<IOPinProperties, GpioPort, GpioPin, GpioMode, GpioState> >*), bool (*)(const GpioPin&, PeripheralBase<GPIO_TypeDef, IOPinStatusCodes, Container<IOPinProperties, GpioPort, GpioPin, GpioMode, GpioState> >*), bool (*)(const GpioMode&, PeripheralBase<GPIO_TypeDef, IOPinStatusCodes, Container<IOPinProperties, GpioPort, GpioPin, GpioMode, GpioState> >*), bool (*)(const GpioState&, PeripheralBase<GPIO_TypeDef, IOPinStatusCodes, Container<IOPinProperties, GpioPort, GpioPin, GpioMode, GpioState> >*)}]	48	static
Core/Utils/Container/ContainerBase.hh:91:11:constexpr ContainerBase<Members>::ContainerBase() [with Members = {GpioPort, GpioPin, GpioMode, GpioState}]	16	static
Core/Utils/Container/ContainerBase.hh:124:11:constexpr ContainerBase<Members>::~ContainerBase() [with Members = {GpioPort, GpioPin, GpioMode, GpioState}]	16	static
Core/Utils/Container/ContainerBase.hh:124:11:constexpr ContainerBase<Members>::~ContainerBase() [with Members = {GpioPort, GpioPin, GpioMode, GpioState}]	16	static
Core/Utils/Container/Container.hh:68:11:constexpr Container<Parameters, Members>::Container() [with Parameters = IOPinProperties; Members = {bool (*)(const GpioPort&, PeripheralBase<GPIO_TypeDef, IOPinStatusCodes, Container<IOPinProperties, GpioPort, GpioPin, GpioMode, GpioState> >*), bool (*)(const GpioPin&, PeripheralBase<GPIO_TypeDef, IOPinStatusCodes, Container<IOPinProperties, GpioPort, GpioPin, GpioMode, GpioState> >*), bool (*)(const GpioMode&, PeripheralBase<GPIO_TypeDef, IOPinStatusCodes, Container<IOPinProperties, GpioPort, GpioPin, GpioMode, GpioState> >*), bool (*)(const GpioState&, PeripheralBase<GPIO_TypeDef, IOPinStatusCodes, Container<IOPinProperties, GpioPort, GpioPin, GpioMode, GpioState> >*)}]	16	static
Core/Utils/Container/Container.hh:117:36:>& Container<Parameters, Members>::operator=(const Container<Parameters, Members>&) [with Parameters = IOPinProperties; Members = {bool (*)(const GpioPort&, PeripheralBase<GPIO_TypeDef, IOPinStatusCodes, Container<IOPinProperties, GpioPort, GpioPin, GpioMode, GpioState> >*), bool (*)(const GpioPin&, PeripheralBase<GPIO_TypeDef, IOPinStatusCodes, Container<IOPinProperties, GpioPort, GpioPin, GpioMode, GpioState> >*), bool (*)(const GpioMode&, PeripheralBase<GPIO_TypeDef, IOPinStatusCodes, Container<IOPinProperties, GpioPort, GpioPin, GpioMode, GpioState> >*), bool (*)(const GpioState&, PeripheralBase<GPIO_TypeDef, IOPinStatusCodes, Container<IOPinProperties, GpioPort, GpioPin, GpioMode, GpioState> >*)}]	16	static
/usr/arm-none-eabi/include/c++/12.2.1/bitset:770:12:void std::bitset<_Nb>::_M_check(std::size_t, const char*) const [with unsigned int _Nb = 4]	24	static
/usr/arm-none-eabi/include/c++/12.2.1/bitset:1065:7:constexpr bool std::bitset<_Nb>::_Unchecked_test(std::size_t) const [with unsigned int _Nb = 4]	24	static
/usr/arm-none-eabi/include/c++/12.2.1/tuple:1364:5:>&) [with unsigned int __i = 0; _Head = GpioPort; _Tail = {GpioPin, GpioMode, GpioState}]	16	static
Core/Drivers/PeripheralBase/PeripheralBase.hh:312:32:> >::isValueSet(const T&) [with T = GpioPort; Instance = GPIO_TypeDef; StatusCode = IOPinStatusCodes; ParametersLabels = IOPinProperties; Parameters = {GpioPort, GpioPin, GpioMode, GpioState}]	24	static
/usr/arm-none-eabi/include/c++/12.2.1/bits/stl_vector.h:728:7:constexpr std::vector<_Tp, _Alloc>::~vector() [with _Tp = unsigned char; _Alloc = std::allocator<unsigned char>]	24	static
/usr/arm-none-eabi/include/c++/12.2.1/bits/stl_vector.h:987:7:constexpr std::vector<_Tp, _Alloc>::size_type std::vector<_Tp, _Alloc>::size() const [with _Tp = unsigned char; _Alloc = std::allocator<unsigned char>]	16	static
/usr/arm-none-eabi/include/c++/12.2.1/tuple:1364:5:>&) [with unsigned int __i = 1; _Head = GpioPin; _Tail = {GpioMode, GpioState}]	16	static
Core/Drivers/PeripheralBase/PeripheralBase.hh:312:32:> >::isValueSet(const T&) [with T = GpioPin; Instance = GPIO_TypeDef; StatusCode = IOPinStatusCodes; ParametersLabels = IOPinProperties; Parameters = {GpioPort, GpioPin, GpioMode, GpioState}]	24	static
/usr/arm-none-eabi/include/c++/12.2.1/tuple:1364:5:>&) [with unsigned int __i = 2; _Head = GpioMode; _Tail = {GpioState}]	16	static
Core/Drivers/PeripheralBase/PeripheralBase.hh:312:32:> >::isValueSet(const T&) [with T = GpioMode; Instance = GPIO_TypeDef; StatusCode = IOPinStatusCodes; ParametersLabels = IOPinProperties; Parameters = {GpioPort, GpioPin, GpioMode, GpioState}]	24	static
/usr/arm-none-eabi/include/c++/12.2.1/tuple:1364:5:>&) [with unsigned int __i = 3; _Head = GpioState; _Tail = {}]	16	static
Core/Drivers/PeripheralBase/PeripheralBase.hh:312:32:> >::isValueSet(const T&) [with T = GpioState; Instance = GPIO_TypeDef; StatusCode = IOPinStatusCodes; ParametersLabels = IOPinProperties; Parameters = {GpioPort, GpioPin, GpioMode, GpioState}]	24	static
/usr/arm-none-eabi/include/c++/12.2.1/tuple:742:2:>(), bool>::type <anonymous> = true; _Elements = {GpioPort, GpioPin, GpioMode, GpioState}]	48	static
/usr/arm-none-eabi/include/c++/12.2.1/bits/move.h:77:5:constexpr _Tp&& std::forward(typename remove_reference<_Tp>::type&) [with _Tp = tuple<GpioPort, GpioPin, GpioMode, GpioState>]	16	static
Core/Utils/Container/ContainerBase.hh:251:16:>&&) [with unsigned int I = 0; Args = {GpioPort, GpioPin, GpioMode, GpioState}; Members = {GpioPort, GpioPin, GpioMode, GpioState}]	24	static
/usr/arm-none-eabi/include/c++/12.2.1/bitset:1041:7:std::bitset<_Nb>& std::bitset<_Nb>::_Unchecked_set(std::size_t, int) [with unsigned int _Nb = 4]	32	static
/usr/arm-none-eabi/include/c++/12.2.1/tuple:290:2:) [with _UHead = bool (*)(const GpioPort&, PeripheralBase<GPIO_TypeDef, IOPinStatusCodes, Container<IOPinProperties, GpioPort, GpioPin, GpioMode, GpioState> >*); _UTail = {bool (*)(const GpioPin&, PeripheralBase<GPIO_TypeDef, IOPinStatusCodes, Container<IOPinProperties, GpioPort, GpioPin, GpioMode, GpioState> >*), bool (*)(const GpioMode&, PeripheralBase<GPIO_TypeDef, IOPinStatusCodes, Container<IOPinProperties, GpioPort, GpioPin, GpioMode, GpioState> >*), bool (*)(const GpioState&, PeripheralBase<GPIO_TypeDef, IOPinStatusCodes, Container<IOPinProperties, GpioPort, GpioPin, GpioMode, GpioState> >*)}; <template-parameter-2-3> = void; unsigned int _Idx = 0; _Head = bool (*)(const GpioPort&, PeripheralBase<GPIO_TypeDef, IOPinStatusCodes, Container<IOPinProperties, GpioPort, GpioPin, GpioMode, GpioState> >*); _Tail = {bool (*)(const GpioPin&, PeripheralBase<GPIO_TypeDef, IOPinStatusCodes, Container<IOPinProperties, GpioPort, GpioPin, GpioMode, GpioState> >*), bool (*)(const GpioMode&, PeripheralBase<GPIO_TypeDef, IOPinStatusCodes, Container<IOPinProperties, GpioPort, GpioPin, GpioMode, GpioState> >*), bool (*)(const GpioState&, PeripheralBase<GPIO_TypeDef, IOPinStatusCodes, Container<IOPinProperties, GpioPort, GpioPin, GpioMode, GpioState> >*)}]	40	static
/usr/arm-none-eabi/include/c++/12.2.1/tuple:713:2:constexpr std::tuple< <template-parameter-1-1> >::tuple() [with _Dummy = void; typename std::enable_if<_TCC<std::is_void<_Dummy>::value>::__is_implicitly_default_constructible(), bool>::type <anonymous> = true; _Elements = {GpioPort, GpioPin, GpioMode, GpioState}]	16	static
Core/Utils/Container/ContainerBase.hh:91:11:constexpr ContainerBase<Members>::ContainerBase() [with Members = {bool (*)(const GpioPort&, PeripheralBase<GPIO_TypeDef, IOPinStatusCodes, Container<IOPinProperties, GpioPort, GpioPin, GpioMode, GpioState> >*), bool (*)(const GpioPin&, PeripheralBase<GPIO_TypeDef, IOPinStatusCodes, Container<IOPinProperties, GpioPort, GpioPin, GpioMode, GpioState> >*), bool (*)(const GpioMode&, PeripheralBase<GPIO_TypeDef, IOPinStatusCodes, Container<IOPinProperties, GpioPort, GpioPin, GpioMode, GpioState> >*), bool (*)(const GpioState&, PeripheralBase<GPIO_TypeDef, IOPinStatusCodes, Container<IOPinProperties, GpioPort, GpioPin, GpioMode, GpioState> >*)}]	16	static
/usr/arm-none-eabi/include/c++/12.2.1/tuple:898:7:>(), const std::tuple< <template-parameter-1-1> >&, const std::__nonesuch&>) [with _Elements = {bool (*)(const GpioPort&, PeripheralBase<GPIO_TypeDef, IOPinStatusCodes, Container<IOPinProperties, GpioPort, GpioPin, GpioMode, GpioState> >*), bool (*)(const GpioPin&, PeripheralBase<GPIO_TypeDef, IOPinStatusCodes, Container<IOPinProperties, GpioPort, GpioPin, GpioMode, GpioState> >*), bool (*)(const GpioMode&, PeripheralBase<GPIO_TypeDef, IOPinStatusCodes, Container<IOPinProperties, GpioPort, GpioPin, GpioMode, GpioState> >*), bool (*)(const GpioState&, PeripheralBase<GPIO_TypeDef, IOPinStatusCodes, Container<IOPinProperties, GpioPort, GpioPin, GpioMode, GpioState> >*)}]	16	static
/usr/arm-none-eabi/include/c++/12.2.1/tuple:268:7:>&) [with unsigned int _Idx = 0; _Head = GpioPort; _Tail = {GpioPin, GpioMode, GpioState}]	16	static
/usr/arm-none-eabi/include/c++/12.2.1/bits/stl_vector.h:133:14:constexpr std::_Vector_base<unsigned char, std::allocator<unsigned char> >::_Vector_impl::~_Vector_impl()	16	static
Core/Utils/Container/Container.hh:213:32:constexpr std::vector<unsigned char> Container<Parameters, Members>::isTypeAndValueIn(const Type&) [with Type = GpioPort; Parameters = IOPinProperties; Members = {GpioPort, GpioPin, GpioMode, GpioState}]	24	static
/usr/arm-none-eabi/include/c++/12.2.1/bits/stl_vector.h:364:7:constexpr std::_Vector_base<_Tp, _Alloc>::~_Vector_base() [with _Tp = unsigned char; _Alloc = std::allocator<unsigned char>]	16	static
/usr/arm-none-eabi/include/c++/12.2.1/bits/stl_vector.h:298:7:constexpr std::_Vector_base<_Tp, _Alloc>::_Tp_alloc_type& std::_Vector_base<_Tp, _Alloc>::_M_get_Tp_allocator() [with _Tp = unsigned char; _Alloc = std::allocator<unsigned char>]	16	static
/usr/arm-none-eabi/include/c++/12.2.1/bits/alloc_traits.h:847:5:constexpr void std::_Destroy(_ForwardIterator, _ForwardIterator, allocator<_T2>&) [with _ForwardIterator = unsigned char*; _Tp = unsigned char]	24	static
/usr/arm-none-eabi/include/c++/12.2.1/tuple:268:7:>&) [with unsigned int _Idx = 1; _Head = GpioPin; _Tail = {GpioMode, GpioState}]	16	static
Core/Utils/Container/Container.hh:213:32:constexpr std::vector<unsigned char> Container<Parameters, Members>::isTypeAndValueIn(const Type&) [with Type = GpioPin; Parameters = IOPinProperties; Members = {GpioPort, GpioPin, GpioMode, GpioState}]	24	static
/usr/arm-none-eabi/include/c++/12.2.1/tuple:268:7:>&) [with unsigned int _Idx = 2; _Head = GpioMode; _Tail = {GpioState}]	16	static
Core/Utils/Container/Container.hh:213:32:constexpr std::vector<unsigned char> Container<Parameters, Members>::isTypeAndValueIn(const Type&) [with Type = GpioMode; Parameters = IOPinProperties; Members = {GpioPort, GpioPin, GpioMode, GpioState}]	24	static
/usr/arm-none-eabi/include/c++/12.2.1/tuple:424:7:static constexpr _Head& std::_Tuple_impl<_Idx, _Head>::_M_head(std::_Tuple_impl<_Idx, _Head>&) [with unsigned int _Idx = 3; _Head = GpioState]	16	static
Core/Utils/Container/Container.hh:213:32:constexpr std::vector<unsigned char> Container<Parameters, Members>::isTypeAndValueIn(const Type&) [with Type = GpioState; Parameters = IOPinProperties; Members = {GpioPort, GpioPin, GpioMode, GpioState}]	24	static
/usr/arm-none-eabi/include/c++/12.2.1/tuple:290:2:) [with _UHead = GpioPort; _UTail = {GpioPin, GpioMode, GpioState}; <template-parameter-2-3> = void; unsigned int _Idx = 0; _Head = GpioPort; _Tail = {GpioPin, GpioMode, GpioState}]	40	static
/usr/arm-none-eabi/include/c++/12.2.1/tuple:1392:5:>&&) [with unsigned int __i = 0; _Elements = {GpioPort, GpioPin, GpioMode, GpioState}]	16	static
Core/Utils/Container/ContainerBase.hh:251:16:>&&) [with unsigned int I = 1; Args = {GpioPort, GpioPin, GpioMode, GpioState}; Members = {GpioPort, GpioPin, GpioMode, GpioState}]	24	static
/usr/arm-none-eabi/include/c++/12.2.1/tuple:290:2:) [with _UHead = bool (*)(const GpioPin&, PeripheralBase<GPIO_TypeDef, IOPinStatusCodes, Container<IOPinProperties, GpioPort, GpioPin, GpioMode, GpioState> >*); _UTail = {bool (*)(const GpioMode&, PeripheralBase<GPIO_TypeDef, IOPinStatusCodes, Container<IOPinProperties, GpioPort, GpioPin, GpioMode, GpioState> >*), bool (*)(const GpioState&, PeripheralBase<GPIO_TypeDef, IOPinStatusCodes, Container<IOPinProperties, GpioPort, GpioPin, GpioMode, GpioState> >*)}; <template-parameter-2-3> = void; unsigned int _Idx = 1; _Head = bool (*)(const GpioPin&, PeripheralBase<GPIO_TypeDef, IOPinStatusCodes, Container<IOPinProperties, GpioPort, GpioPin, GpioMode, GpioState> >*); _Tail = {bool (*)(const GpioMode&, PeripheralBase<GPIO_TypeDef, IOPinStatusCodes, Container<IOPinProperties, GpioPort, GpioPin, GpioMode, GpioState> >*), bool (*)(const GpioState&, PeripheralBase<GPIO_TypeDef, IOPinStatusCodes, Container<IOPinProperties, GpioPort, GpioPin, GpioMode, GpioState> >*)}]	32	static
/usr/arm-none-eabi/include/c++/12.2.1/tuple:199:19:constexpr std::_Head_base<_Idx, _Head, false>::_Head_base(_UHead&&) [with _UHead = bool (*)(const GpioPort&, PeripheralBase<GPIO_TypeDef, IOPinStatusCodes, Container<IOPinProperties, GpioPort, GpioPin, GpioMode, GpioState> >*); unsigned int _Idx = 0; _Head = bool (*)(const GpioPort&, PeripheralBase<GPIO_TypeDef, IOPinStatusCodes, Container<IOPinProperties, GpioPort, GpioPin, GpioMode, GpioState> >*)]	16	static
/usr/arm-none-eabi/include/c++/12.2.1/tuple:279:17:>::_Tuple_impl() [with unsigned int _Idx = 0; _Head = GpioPort; _Tail = {GpioPin, GpioMode, GpioState}]	16	static
/usr/arm-none-eabi/include/c++/12.2.1/tuple:713:2:constexpr std::tuple< <template-parameter-1-1> >::tuple() [with _Dummy = void; typename std::enable_if<_TCC<std::is_void<_Dummy>::value>::__is_implicitly_default_constructible(), bool>::type <anonymous> = true; _Elements = {bool (*)(const GpioPort&, PeripheralBase<GPIO_TypeDef, IOPinStatusCodes, Container<IOPinProperties, GpioPort, GpioPin, GpioMode, GpioState> >*), bool (*)(const GpioPin&, PeripheralBase<GPIO_TypeDef, IOPinStatusCodes, Container<IOPinProperties, GpioPort, GpioPin, GpioMode, GpioState> >*), bool (*)(const GpioMode&, PeripheralBase<GPIO_TypeDef, IOPinStatusCodes, Container<IOPinProperties, GpioPort, GpioPin, GpioMode, GpioState> >*), bool (*)(const GpioState&, PeripheralBase<GPIO_TypeDef, IOPinStatusCodes, Container<IOPinProperties, GpioPort, GpioPin, GpioMode, GpioState> >*)}]	16	static
/usr/arm-none-eabi/include/c++/12.2.1/tuple:385:2:>&) [with _UElements = {bool (*)(const GpioPort&, PeripheralBase<GPIO_TypeDef, IOPinStatusCodes, Container<IOPinProperties, GpioPort, GpioPin, GpioMode, GpioState> >*), bool (*)(const GpioPin&, PeripheralBase<GPIO_TypeDef, IOPinStatusCodes, Container<IOPinProperties, GpioPort, GpioPin, GpioMode, GpioState> >*), bool (*)(const GpioMode&, PeripheralBase<GPIO_TypeDef, IOPinStatusCodes, Container<IOPinProperties, GpioPort, GpioPin, GpioMode, GpioState> >*), bool (*)(const GpioState&, PeripheralBase<GPIO_TypeDef, IOPinStatusCodes, Container<IOPinProperties, GpioPort, GpioPin, GpioMode, GpioState> >*)}; unsigned int _Idx = 0; _Head = bool (*)(const GpioPort&, PeripheralBase<GPIO_TypeDef, IOPinStatusCodes, Container<IOPinProperties, GpioPort, GpioPin, GpioMode, GpioState> >*); _Tail = {bool (*)(const GpioPin&, PeripheralBase<GPIO_TypeDef, IOPinStatusCodes, Container<IOPinProperties, GpioPort, GpioPin, GpioMode, GpioState> >*), bool (*)(const GpioMode&, PeripheralBase<GPIO_TypeDef, IOPinStatusCodes, Container<IOPinProperties, GpioPort, GpioPin, GpioMode, GpioState> >*), bool (*)(const GpioState&, PeripheralBase<GPIO_TypeDef, IOPinStatusCodes, Container<IOPinProperties, GpioPort, GpioPin, GpioMode, GpioState> >*)}]	24	static
/usr/arm-none-eabi/include/c++/12.2.1/tuple:233:7:static constexpr _Head& std::_Head_base<_Idx, _Head, false>::_M_head(std::_Head_base<_Idx, _Head, false>&) [with unsigned int _Idx = 0; _Head = GpioPort]	16	static
/usr/arm-none-eabi/include/c++/12.2.1/bits/allocator.h:174:7:constexpr std::allocator< <template-parameter-1-1> >::~allocator() [with _Tp = unsigned char]	16	static
Core/Utils/Container/ContainerBase.hh:341:16:constexpr void ContainerBase<Members>::isTypeAndValueIn(const Arg&, std::vector<unsigned char>&) [with unsigned int I = 0; Arg = GpioPort; Members = {GpioPort, GpioPin, GpioMode, GpioState}]	32	static
/usr/arm-none-eabi/include/c++/12.2.1/bits/stl_vector.h:383:7:constexpr void std::_Vector_base<_Tp, _Alloc>::_M_deallocate(pointer, std::size_t) [with _Tp = unsigned char; _Alloc = std::allocator<unsigned char>]	24	static
/usr/arm-none-eabi/include/c++/12.2.1/bits/stl_construct.h:182:5:constexpr void std::_Destroy(_ForwardIterator, _ForwardIterator) [with _ForwardIterator = unsigned char*]	16	static
/usr/arm-none-eabi/include/c++/12.2.1/tuple:233:7:static constexpr _Head& std::_Head_base<_Idx, _Head, false>::_M_head(std::_Head_base<_Idx, _Head, false>&) [with unsigned int _Idx = 1; _Head = GpioPin]	16	static
Core/Utils/Container/ContainerBase.hh:341:16:constexpr void ContainerBase<Members>::isTypeAndValueIn(const Arg&, std::vector<unsigned char>&) [with unsigned int I = 0; Arg = GpioPin; Members = {GpioPort, GpioPin, GpioMode, GpioState}]	32	static
/usr/arm-none-eabi/include/c++/12.2.1/tuple:233:7:static constexpr _Head& std::_Head_base<_Idx, _Head, false>::_M_head(std::_Head_base<_Idx, _Head, false>&) [with unsigned int _Idx = 2; _Head = GpioMode]	16	static
Core/Utils/Container/ContainerBase.hh:341:16:constexpr void ContainerBase<Members>::isTypeAndValueIn(const Arg&, std::vector<unsigned char>&) [with unsigned int I = 0; Arg = GpioMode; Members = {GpioPort, GpioPin, GpioMode, GpioState}]	32	static
/usr/arm-none-eabi/include/c++/12.2.1/tuple:233:7:static constexpr _Head& std::_Head_base<_Idx, _Head, false>::_M_head(std::_Head_base<_Idx, _Head, false>&) [with unsigned int _Idx = 3; _Head = GpioState]	16	static
Core/Utils/Container/ContainerBase.hh:341:16:constexpr void ContainerBase<Members>::isTypeAndValueIn(const Arg&, std::vector<unsigned char>&) [with unsigned int I = 0; Arg = GpioState; Members = {GpioPort, GpioPin, GpioMode, GpioState}]	32	static
/usr/arm-none-eabi/include/c++/12.2.1/tuple:290:2:) [with _UHead = GpioPin; _UTail = {GpioMode, GpioState}; <template-parameter-2-3> = void; unsigned int _Idx = 1; _Head = GpioPin; _Tail = {GpioMode, GpioState}]	32	static
/usr/arm-none-eabi/include/c++/12.2.1/tuple:199:19:constexpr std::_Head_base<_Idx, _Head, false>::_Head_base(_UHead&&) [with _UHead = GpioPort; unsigned int _Idx = 0; _Head = GpioPort]	16	static
/usr/arm-none-eabi/include/c++/12.2.1/tuple:1392:5:>&&) [with unsigned int __i = 1; _Elements = {GpioPort, GpioPin, GpioMode, GpioState}]	16	static
Core/Utils/Container/ContainerBase.hh:251:16:>&&) [with unsigned int I = 2; Args = {GpioPort, GpioPin, GpioMode, GpioState}; Members = {GpioPort, GpioPin, GpioMode, GpioState}]	24	static
/usr/arm-none-eabi/include/c++/12.2.1/tuple:290:2:) [with _UHead = bool (*)(const GpioMode&, PeripheralBase<GPIO_TypeDef, IOPinStatusCodes, Container<IOPinProperties, GpioPort, GpioPin, GpioMode, GpioState> >*); _UTail = {bool (*)(const GpioState&, PeripheralBase<GPIO_TypeDef, IOPinStatusCodes, Container<IOPinProperties, GpioPort, GpioPin, GpioMode, GpioState> >*)}; <template-parameter-2-3> = void; unsigned int _Idx = 2; _Head = bool (*)(const GpioMode&, PeripheralBase<GPIO_TypeDef, IOPinStatusCodes, Container<IOPinProperties, GpioPort, GpioPin, GpioMode, GpioState> >*); _Tail = {bool (*)(const GpioState&, PeripheralBase<GPIO_TypeDef, IOPinStatusCodes, Container<IOPinProperties, GpioPort, GpioPin, GpioMode, GpioState> >*)}]	32	static
/usr/arm-none-eabi/include/c++/12.2.1/tuple:199:19:constexpr std::_Head_base<_Idx, _Head, false>::_Head_base(_UHead&&) [with _UHead = bool (*)(const GpioPin&, PeripheralBase<GPIO_TypeDef, IOPinStatusCodes, Container<IOPinProperties, GpioPort, GpioPin, GpioMode, GpioState> >*); unsigned int _Idx = 1; _Head = bool (*)(const GpioPin&, PeripheralBase<GPIO_TypeDef, IOPinStatusCodes, Container<IOPinProperties, GpioPort, GpioPin, GpioMode, GpioState> >*)]	16	static
/usr/arm-none-eabi/include/c++/12.2.1/tuple:279:17:>::_Tuple_impl() [with unsigned int _Idx = 1; _Head = GpioPin; _Tail = {GpioMode, GpioState}]	16	static
/usr/arm-none-eabi/include/c++/12.2.1/tuple:189:17:constexpr std::_Head_base<_Idx, _Head, false>::_Head_base() [with unsigned int _Idx = 0; _Head = GpioPort]	16	static
/usr/arm-none-eabi/include/c++/12.2.1/tuple:279:17:>::_Tuple_impl() [with unsigned int _Idx = 0; _Head = bool (*)(const GpioPort&, PeripheralBase<GPIO_TypeDef, IOPinStatusCodes, Container<IOPinProperties, GpioPort, GpioPin, GpioMode, GpioState> >*); _Tail = {bool (*)(const GpioPin&, PeripheralBase<GPIO_TypeDef, IOPinStatusCodes, Container<IOPinProperties, GpioPort, GpioPin, GpioMode, GpioState> >*), bool (*)(const GpioMode&, PeripheralBase<GPIO_TypeDef, IOPinStatusCodes, Container<IOPinProperties, GpioPort, GpioPin, GpioMode, GpioState> >*), bool (*)(const GpioState&, PeripheralBase<GPIO_TypeDef, IOPinStatusCodes, Container<IOPinProperties, GpioPort, GpioPin, GpioMode, GpioState> >*)}]	16	static
/usr/arm-none-eabi/include/c++/12.2.1/tuple:268:7:>&) [with unsigned int _Idx = 0; _Head = bool (*)(const GpioPort&, PeripheralBase<GPIO_TypeDef, IOPinStatusCodes, Container<IOPinProperties, GpioPort, GpioPin, GpioMode, GpioState> >*); _Tail = {bool (*)(const GpioPin&, PeripheralBase<GPIO_TypeDef, IOPinStatusCodes, Container<IOPinProperties, GpioPort, GpioPin, GpioMode, GpioState> >*), bool (*)(const GpioMode&, PeripheralBase<GPIO_TypeDef, IOPinStatusCodes, Container<IOPinProperties, GpioPort, GpioPin, GpioMode, GpioState> >*), bool (*)(const GpioState&, PeripheralBase<GPIO_TypeDef, IOPinStatusCodes, Container<IOPinProperties, GpioPort, GpioPin, GpioMode, GpioState> >*)}]	16	static
/usr/arm-none-eabi/include/c++/12.2.1/tuple:271:7:>&) [with unsigned int _Idx = 0; _Head = bool (*)(const GpioPort&, PeripheralBase<GPIO_TypeDef, IOPinStatusCodes, Container<IOPinProperties, GpioPort, GpioPin, GpioMode, GpioState> >*); _Tail = {bool (*)(const GpioPin&, PeripheralBase<GPIO_TypeDef, IOPinStatusCodes, Container<IOPinProperties, GpioPort, GpioPin, GpioMode, GpioState> >*), bool (*)(const GpioMode&, PeripheralBase<GPIO_TypeDef, IOPinStatusCodes, Container<IOPinProperties, GpioPort, GpioPin, GpioMode, GpioState> >*), bool (*)(const GpioState&, PeripheralBase<GPIO_TypeDef, IOPinStatusCodes, Container<IOPinProperties, GpioPort, GpioPin, GpioMode, GpioState> >*)}]	16	static
/usr/arm-none-eabi/include/c++/12.2.1/tuple:274:7:>&) [with unsigned int _Idx = 0; _Head = bool (*)(const GpioPort&, PeripheralBase<GPIO_TypeDef, IOPinStatusCodes, Container<IOPinProperties, GpioPort, GpioPin, GpioMode, GpioState> >*); _Tail = {bool (*)(const GpioPin&, PeripheralBase<GPIO_TypeDef, IOPinStatusCodes, Container<IOPinProperties, GpioPort, GpioPin, GpioMode, GpioState> >*), bool (*)(const GpioMode&, PeripheralBase<GPIO_TypeDef, IOPinStatusCodes, Container<IOPinProperties, GpioPort, GpioPin, GpioMode, GpioState> >*), bool (*)(const GpioState&, PeripheralBase<GPIO_TypeDef, IOPinStatusCodes, Container<IOPinProperties, GpioPort, GpioPin, GpioMode, GpioState> >*)}]	16	static
/usr/arm-none-eabi/include/c++/12.2.1/tuple:277:7:>&) [with unsigned int _Idx = 0; _Head = bool (*)(const GpioPort&, PeripheralBase<GPIO_TypeDef, IOPinStatusCodes, Container<IOPinProperties, GpioPort, GpioPin, GpioMode, GpioState> >*); _Tail = {bool (*)(const GpioPin&, PeripheralBase<GPIO_TypeDef, IOPinStatusCodes, Container<IOPinProperties, GpioPort, GpioPin, GpioMode, GpioState> >*), bool (*)(const GpioMode&, PeripheralBase<GPIO_TypeDef, IOPinStatusCodes, Container<IOPinProperties, GpioPort, GpioPin, GpioMode, GpioState> >*), bool (*)(const GpioState&, PeripheralBase<GPIO_TypeDef, IOPinStatusCodes, Container<IOPinProperties, GpioPort, GpioPin, GpioMode, GpioState> >*)}]	16	static
/usr/arm-none-eabi/include/c++/12.2.1/tuple:385:2:>&) [with _UElements = {bool (*)(const GpioPin&, PeripheralBase<GPIO_TypeDef, IOPinStatusCodes, Container<IOPinProperties, GpioPort, GpioPin, GpioMode, GpioState> >*), bool (*)(const GpioMode&, PeripheralBase<GPIO_TypeDef, IOPinStatusCodes, Container<IOPinProperties, GpioPort, GpioPin, GpioMode, GpioState> >*), bool (*)(const GpioState&, PeripheralBase<GPIO_TypeDef, IOPinStatusCodes, Container<IOPinProperties, GpioPort, GpioPin, GpioMode, GpioState> >*)}; unsigned int _Idx = 1; _Head = bool (*)(const GpioPin&, PeripheralBase<GPIO_TypeDef, IOPinStatusCodes, Container<IOPinProperties, GpioPort, GpioPin, GpioMode, GpioState> >*); _Tail = {bool (*)(const GpioMode&, PeripheralBase<GPIO_TypeDef, IOPinStatusCodes, Container<IOPinProperties, GpioPort, GpioPin, GpioMode, GpioState> >*), bool (*)(const GpioState&, PeripheralBase<GPIO_TypeDef, IOPinStatusCodes, Container<IOPinProperties, GpioPort, GpioPin, GpioMode, GpioState> >*)}]	24	static
/usr/arm-none-eabi/include/c++/12.2.1/bits/stl_vector.h:1293:7:constexpr void std::vector<_Tp, _Alloc>::push_back(value_type&&) [with _Tp = unsigned char; _Alloc = std::allocator<unsigned char>]	16	static
Core/Utils/Container/ContainerBase.hh:341:16:constexpr void ContainerBase<Members>::isTypeAndValueIn(const Arg&, std::vector<unsigned char>&) [with unsigned int I = 1; Arg = GpioPort; Members = {GpioPort, GpioPin, GpioMode, GpioState}]	32	static
/usr/arm-none-eabi/include/c++/12.2.1/bits/alloc_traits.h:495:7:static constexpr void std::allocator_traits<std::allocator<_Up> >::deallocate(allocator_type&, pointer, size_type) [with _Tp = unsigned char]	40	static
/usr/arm-none-eabi/include/c++/12.2.1/bits/stl_construct.h:160:2:static constexpr void std::_Destroy_aux<<anonymous> >::__destroy(_ForwardIterator, _ForwardIterator) [with _ForwardIterator = unsigned char*; bool <anonymous> = false]	16	static
/usr/arm-none-eabi/include/c++/12.2.1/bits/stl_construct.h:172:9:static void std::_Destroy_aux<true>::__destroy(_ForwardIterator, _ForwardIterator) [with _ForwardIterator = unsigned char*]	16	static
Core/Utils/Container/ContainerBase.hh:341:16:constexpr void ContainerBase<Members>::isTypeAndValueIn(const Arg&, std::vector<unsigned char>&) [with unsigned int I = 1; Arg = GpioPin; Members = {GpioPort, GpioPin, GpioMode, GpioState}]	32	static
Core/Utils/Container/ContainerBase.hh:341:16:constexpr void ContainerBase<Members>::isTypeAndValueIn(const Arg&, std::vector<unsigned char>&) [with unsigned int I = 1; Arg = GpioMode; Members = {GpioPort, GpioPin, GpioMode, GpioState}]	32	static
Core/Utils/Container/ContainerBase.hh:341:16:constexpr void ContainerBase<Members>::isTypeAndValueIn(const Arg&, std::vector<unsigned char>&) [with unsigned int I = 1; Arg = GpioState; Members = {GpioPort, GpioPin, GpioMode, GpioState}]	32	static
/usr/arm-none-eabi/include/c++/12.2.1/tuple:290:2:) [with _UHead = GpioMode; _UTail = {GpioState}; <template-parameter-2-3> = void; unsigned int _Idx = 2; _Head = GpioMode; _Tail = {GpioState}]	32	static
/usr/arm-none-eabi/include/c++/12.2.1/tuple:199:19:constexpr std::_Head_base<_Idx, _Head, false>::_Head_base(_UHead&&) [with _UHead = GpioPin; unsigned int _Idx = 1; _Head = GpioPin]	16	static
/usr/arm-none-eabi/include/c++/12.2.1/tuple:1392:5:>&&) [with unsigned int __i = 2; _Elements = {GpioPort, GpioPin, GpioMode, GpioState}]	16	static
Core/Utils/Container/ContainerBase.hh:251:16:>&&) [with unsigned int I = 3; Args = {GpioPort, GpioPin, GpioMode, GpioState}; Members = {GpioPort, GpioPin, GpioMode, GpioState}]	24	static
/usr/arm-none-eabi/include/c++/12.2.1/tuple:440:2:constexpr std::_Tuple_impl<_Idx, _Head>::_Tuple_impl(_UHead&&) [with _UHead = bool (*)(const GpioState&, PeripheralBase<GPIO_TypeDef, IOPinStatusCodes, Container<IOPinProperties, GpioPort, GpioPin, GpioMode, GpioState> >*); unsigned int _Idx = 3; _Head = bool (*)(const GpioState&, PeripheralBase<GPIO_TypeDef, IOPinStatusCodes, Container<IOPinProperties, GpioPort, GpioPin, GpioMode, GpioState> >*)]	24	static
/usr/arm-none-eabi/include/c++/12.2.1/tuple:199:19:constexpr std::_Head_base<_Idx, _Head, false>::_Head_base(_UHead&&) [with _UHead = bool (*)(const GpioMode&, PeripheralBase<GPIO_TypeDef, IOPinStatusCodes, Container<IOPinProperties, GpioPort, GpioPin, GpioMode, GpioState> >*); unsigned int _Idx = 2; _Head = bool (*)(const GpioMode&, PeripheralBase<GPIO_TypeDef, IOPinStatusCodes, Container<IOPinProperties, GpioPort, GpioPin, GpioMode, GpioState> >*)]	16	static
/usr/arm-none-eabi/include/c++/12.2.1/tuple:279:17:>::_Tuple_impl() [with unsigned int _Idx = 2; _Head = GpioMode; _Tail = {GpioState}]	16	static
/usr/arm-none-eabi/include/c++/12.2.1/tuple:189:17:constexpr std::_Head_base<_Idx, _Head, false>::_Head_base() [with unsigned int _Idx = 1; _Head = GpioPin]	16	static
/usr/arm-none-eabi/include/c++/12.2.1/tuple:279:17:>::_Tuple_impl() [with unsigned int _Idx = 1; _Head = bool (*)(const GpioPin&, PeripheralBase<GPIO_TypeDef, IOPinStatusCodes, Container<IOPinProperties, GpioPort, GpioPin, GpioMode, GpioState> >*); _Tail = {bool (*)(const GpioMode&, PeripheralBase<GPIO_TypeDef, IOPinStatusCodes, Container<IOPinProperties, GpioPort, GpioPin, GpioMode, GpioState> >*), bool (*)(const GpioState&, PeripheralBase<GPIO_TypeDef, IOPinStatusCodes, Container<IOPinProperties, GpioPort, GpioPin, GpioMode, GpioState> >*)}]	16	static
/usr/arm-none-eabi/include/c++/12.2.1/tuple:189:17:constexpr std::_Head_base<_Idx, _Head, false>::_Head_base() [with unsigned int _Idx = 0; _Head = bool (*)(const GpioPort&, PeripheralBase<GPIO_TypeDef, IOPinStatusCodes, Container<IOPinProperties, GpioPort, GpioPin, GpioMode, GpioState> >*)]	16	static
/usr/arm-none-eabi/include/c++/12.2.1/tuple:233:7:static constexpr _Head& std::_Head_base<_Idx, _Head, false>::_M_head(std::_Head_base<_Idx, _Head, false>&) [with unsigned int _Idx = 0; _Head = bool (*)(const GpioPort&, PeripheralBase<GPIO_TypeDef, IOPinStatusCodes, Container<IOPinProperties, GpioPort, GpioPin, GpioMode, GpioState> >*)]	16	static
/usr/arm-none-eabi/include/c++/12.2.1/tuple:236:7:static constexpr const _Head& std::_Head_base<_Idx, _Head, false>::_M_head(const std::_Head_base<_Idx, _Head, false>&) [with unsigned int _Idx = 0; _Head = bool (*)(const GpioPort&, PeripheralBase<GPIO_TypeDef, IOPinStatusCodes, Container<IOPinProperties, GpioPort, GpioPin, GpioMode, GpioState> >*)]	16	static
/usr/arm-none-eabi/include/c++/12.2.1/tuple:268:7:>&) [with unsigned int _Idx = 1; _Head = bool (*)(const GpioPin&, PeripheralBase<GPIO_TypeDef, IOPinStatusCodes, Container<IOPinProperties, GpioPort, GpioPin, GpioMode, GpioState> >*); _Tail = {bool (*)(const GpioMode&, PeripheralBase<GPIO_TypeDef, IOPinStatusCodes, Container<IOPinProperties, GpioPort, GpioPin, GpioMode, GpioState> >*), bool (*)(const GpioState&, PeripheralBase<GPIO_TypeDef, IOPinStatusCodes, Container<IOPinProperties, GpioPort, GpioPin, GpioMode, GpioState> >*)}]	16	static
/usr/arm-none-eabi/include/c++/12.2.1/tuple:271:7:>&) [with unsigned int _Idx = 1; _Head = bool (*)(const GpioPin&, PeripheralBase<GPIO_TypeDef, IOPinStatusCodes, Container<IOPinProperties, GpioPort, GpioPin, GpioMode, GpioState> >*); _Tail = {bool (*)(const GpioMode&, PeripheralBase<GPIO_TypeDef, IOPinStatusCodes, Container<IOPinProperties, GpioPort, GpioPin, GpioMode, GpioState> >*), bool (*)(const GpioState&, PeripheralBase<GPIO_TypeDef, IOPinStatusCodes, Container<IOPinProperties, GpioPort, GpioPin, GpioMode, GpioState> >*)}]	16	static
/usr/arm-none-eabi/include/c++/12.2.1/tuple:274:7:>&) [with unsigned int _Idx = 1; _Head = bool (*)(const GpioPin&, PeripheralBase<GPIO_TypeDef, IOPinStatusCodes, Container<IOPinProperties, GpioPort, GpioPin, GpioMode, GpioState> >*); _Tail = {bool (*)(const GpioMode&, PeripheralBase<GPIO_TypeDef, IOPinStatusCodes, Container<IOPinProperties, GpioPort, GpioPin, GpioMode, GpioState> >*), bool (*)(const GpioState&, PeripheralBase<GPIO_TypeDef, IOPinStatusCodes, Container<IOPinProperties, GpioPort, GpioPin, GpioMode, GpioState> >*)}]	16	static
/usr/arm-none-eabi/include/c++/12.2.1/tuple:277:7:>&) [with unsigned int _Idx = 1; _Head = bool (*)(const GpioPin&, PeripheralBase<GPIO_TypeDef, IOPinStatusCodes, Container<IOPinProperties, GpioPort, GpioPin, GpioMode, GpioState> >*); _Tail = {bool (*)(const GpioMode&, PeripheralBase<GPIO_TypeDef, IOPinStatusCodes, Container<IOPinProperties, GpioPort, GpioPin, GpioMode, GpioState> >*), bool (*)(const GpioState&, PeripheralBase<GPIO_TypeDef, IOPinStatusCodes, Container<IOPinProperties, GpioPort, GpioPin, GpioMode, GpioState> >*)}]	16	static
/usr/arm-none-eabi/include/c++/12.2.1/tuple:385:2:>&) [with _UElements = {bool (*)(const GpioMode&, PeripheralBase<GPIO_TypeDef, IOPinStatusCodes, Container<IOPinProperties, GpioPort, GpioPin, GpioMode, GpioState> >*), bool (*)(const GpioState&, PeripheralBase<GPIO_TypeDef, IOPinStatusCodes, Container<IOPinProperties, GpioPort, GpioPin, GpioMode, GpioState> >*)}; unsigned int _Idx = 2; _Head = bool (*)(const GpioMode&, PeripheralBase<GPIO_TypeDef, IOPinStatusCodes, Container<IOPinProperties, GpioPort, GpioPin, GpioMode, GpioState> >*); _Tail = {bool (*)(const GpioState&, PeripheralBase<GPIO_TypeDef, IOPinStatusCodes, Container<IOPinProperties, GpioPort, GpioPin, GpioMode, GpioState> >*)}]	24	static
/usr/arm-none-eabi/include/c++/12.2.1/bits/move.h:104:5:constexpr typename std::remove_reference<_Tp>::type&& std::move(_Tp&&) [with _Tp = unsigned char&]	16	static
/usr/arm-none-eabi/include/c++/12.2.1/bits/vector.tcc:111:7:) [with _Args = {unsigned char}; _Tp = unsigned char; _Alloc = std::allocator<unsigned char>]	24	static
Core/Utils/Container/ContainerBase.hh:341:16:constexpr void ContainerBase<Members>::isTypeAndValueIn(const Arg&, std::vector<unsigned char>&) [with unsigned int I = 2; Arg = GpioPort; Members = {GpioPort, GpioPin, GpioMode, GpioState}]	32	static
/usr/arm-none-eabi/include/c++/12.2.1/bits/move.h:49:5:constexpr _Tp* std::__addressof(_Tp&) [with _Tp = unsigned char]	16	static
/usr/arm-none-eabi/include/c++/12.2.1/bits/stl_construct.h:146:5:constexpr void std::_Destroy(_Tp*) [with _Tp = unsigned char]	16	static
Core/Utils/Container/ContainerBase.hh:341:16:constexpr void ContainerBase<Members>::isTypeAndValueIn(const Arg&, std::vector<unsigned char>&) [with unsigned int I = 2; Arg = GpioPin; Members = {GpioPort, GpioPin, GpioMode, GpioState}]	32	static
Core/Utils/Container/ContainerBase.hh:341:16:constexpr void ContainerBase<Members>::isTypeAndValueIn(const Arg&, std::vector<unsigned char>&) [with unsigned int I = 2; Arg = GpioMode; Members = {GpioPort, GpioPin, GpioMode, GpioState}]	32	static
Core/Utils/Container/ContainerBase.hh:341:16:constexpr void ContainerBase<Members>::isTypeAndValueIn(const Arg&, std::vector<unsigned char>&) [with unsigned int I = 2; Arg = GpioState; Members = {GpioPort, GpioPin, GpioMode, GpioState}]	32	static
/usr/arm-none-eabi/include/c++/12.2.1/tuple:440:2:constexpr std::_Tuple_impl<_Idx, _Head>::_Tuple_impl(_UHead&&) [with _UHead = GpioState; unsigned int _Idx = 3; _Head = GpioState]	24	static
/usr/arm-none-eabi/include/c++/12.2.1/tuple:199:19:constexpr std::_Head_base<_Idx, _Head, false>::_Head_base(_UHead&&) [with _UHead = GpioMode; unsigned int _Idx = 2; _Head = GpioMode]	16	static
/usr/arm-none-eabi/include/c++/12.2.1/tuple:1392:5:>&&) [with unsigned int __i = 3; _Elements = {GpioPort, GpioPin, GpioMode, GpioState}]	16	static
Core/Utils/Container/ContainerBase.hh:251:16:>&&) [with unsigned int I = 4; Args = {GpioPort, GpioPin, GpioMode, GpioState}; Members = {GpioPort, GpioPin, GpioMode, GpioState}]	16	static
/usr/arm-none-eabi/include/c++/12.2.1/tuple:199:19:constexpr std::_Head_base<_Idx, _Head, false>::_Head_base(_UHead&&) [with _UHead = bool (*)(const GpioState&, PeripheralBase<GPIO_TypeDef, IOPinStatusCodes, Container<IOPinProperties, GpioPort, GpioPin, GpioMode, GpioState> >*); unsigned int _Idx = 3; _Head = bool (*)(const GpioState&, PeripheralBase<GPIO_TypeDef, IOPinStatusCodes, Container<IOPinProperties, GpioPort, GpioPin, GpioMode, GpioState> >*)]	16	static
/usr/arm-none-eabi/include/c++/12.2.1/tuple:430:7:constexpr std::_Tuple_impl<_Idx, _Head>::_Tuple_impl() [with unsigned int _Idx = 3; _Head = GpioState]	16	static
/usr/arm-none-eabi/include/c++/12.2.1/tuple:189:17:constexpr std::_Head_base<_Idx, _Head, false>::_Head_base() [with unsigned int _Idx = 2; _Head = GpioMode]	16	static
/usr/arm-none-eabi/include/c++/12.2.1/tuple:279:17:>::_Tuple_impl() [with unsigned int _Idx = 2; _Head = bool (*)(const GpioMode&, PeripheralBase<GPIO_TypeDef, IOPinStatusCodes, Container<IOPinProperties, GpioPort, GpioPin, GpioMode, GpioState> >*); _Tail = {bool (*)(const GpioState&, PeripheralBase<GPIO_TypeDef, IOPinStatusCodes, Container<IOPinProperties, GpioPort, GpioPin, GpioMode, GpioState> >*)}]	16	static
/usr/arm-none-eabi/include/c++/12.2.1/tuple:189:17:constexpr std::_Head_base<_Idx, _Head, false>::_Head_base() [with unsigned int _Idx = 1; _Head = bool (*)(const GpioPin&, PeripheralBase<GPIO_TypeDef, IOPinStatusCodes, Container<IOPinProperties, GpioPort, GpioPin, GpioMode, GpioState> >*)]	16	static
/usr/arm-none-eabi/include/c++/12.2.1/tuple:233:7:static constexpr _Head& std::_Head_base<_Idx, _Head, false>::_M_head(std::_Head_base<_Idx, _Head, false>&) [with unsigned int _Idx = 1; _Head = bool (*)(const GpioPin&, PeripheralBase<GPIO_TypeDef, IOPinStatusCodes, Container<IOPinProperties, GpioPort, GpioPin, GpioMode, GpioState> >*)]	16	static
/usr/arm-none-eabi/include/c++/12.2.1/tuple:236:7:static constexpr const _Head& std::_Head_base<_Idx, _Head, false>::_M_head(const std::_Head_base<_Idx, _Head, false>&) [with unsigned int _Idx = 1; _Head = bool (*)(const GpioPin&, PeripheralBase<GPIO_TypeDef, IOPinStatusCodes, Container<IOPinProperties, GpioPort, GpioPin, GpioMode, GpioState> >*)]	16	static
/usr/arm-none-eabi/include/c++/12.2.1/tuple:268:7:>&) [with unsigned int _Idx = 2; _Head = bool (*)(const GpioMode&, PeripheralBase<GPIO_TypeDef, IOPinStatusCodes, Container<IOPinProperties, GpioPort, GpioPin, GpioMode, GpioState> >*); _Tail = {bool (*)(const GpioState&, PeripheralBase<GPIO_TypeDef, IOPinStatusCodes, Container<IOPinProperties, GpioPort, GpioPin, GpioMode, GpioState> >*)}]	16	static
/usr/arm-none-eabi/include/c++/12.2.1/tuple:271:7:>&) [with unsigned int _Idx = 2; _Head = bool (*)(const GpioMode&, PeripheralBase<GPIO_TypeDef, IOPinStatusCodes, Container<IOPinProperties, GpioPort, GpioPin, GpioMode, GpioState> >*); _Tail = {bool (*)(const GpioState&, PeripheralBase<GPIO_TypeDef, IOPinStatusCodes, Container<IOPinProperties, GpioPort, GpioPin, GpioMode, GpioState> >*)}]	16	static
/usr/arm-none-eabi/include/c++/12.2.1/tuple:274:7:>&) [with unsigned int _Idx = 2; _Head = bool (*)(const GpioMode&, PeripheralBase<GPIO_TypeDef, IOPinStatusCodes, Container<IOPinProperties, GpioPort, GpioPin, GpioMode, GpioState> >*); _Tail = {bool (*)(const GpioState&, PeripheralBase<GPIO_TypeDef, IOPinStatusCodes, Container<IOPinProperties, GpioPort, GpioPin, GpioMode, GpioState> >*)}]	16	static
/usr/arm-none-eabi/include/c++/12.2.1/tuple:277:7:>&) [with unsigned int _Idx = 2; _Head = bool (*)(const GpioMode&, PeripheralBase<GPIO_TypeDef, IOPinStatusCodes, Container<IOPinProperties, GpioPort, GpioPin, GpioMode, GpioState> >*); _Tail = {bool (*)(const GpioState&, PeripheralBase<GPIO_TypeDef, IOPinStatusCodes, Container<IOPinProperties, GpioPort, GpioPin, GpioMode, GpioState> >*)}]	16	static
/usr/arm-none-eabi/include/c++/12.2.1/tuple:527:2:constexpr void std::_Tuple_impl<_Idx, _Head>::_M_assign(const std::_Tuple_impl<_Idx, _UHead>&) [with _UHead = bool (*)(const GpioState&, PeripheralBase<GPIO_TypeDef, IOPinStatusCodes, Container<IOPinProperties, GpioPort, GpioPin, GpioMode, GpioState> >*); unsigned int _Idx = 3; _Head = bool (*)(const GpioState&, PeripheralBase<GPIO_TypeDef, IOPinStatusCodes, Container<IOPinProperties, GpioPort, GpioPin, GpioMode, GpioState> >*)]	24	static
/usr/arm-none-eabi/include/c++/12.2.1/bits/move.h:77:5:constexpr _Tp&& std::forward(typename remove_reference<_Tp>::type&) [with _Tp = unsigned char]	16	static
/usr/arm-none-eabi/include/c++/12.2.1/bits/alloc_traits.h:511:2:) [with _Up = unsigned char; _Args = {unsigned char}; _Tp = unsigned char]	24	static
/usr/arm-none-eabi/include/c++/12.2.1/bits/stl_vector.h:888:7:constexpr std::vector<_Tp, _Alloc>::iterator std::vector<_Tp, _Alloc>::end() [with _Tp = unsigned char; _Alloc = std::allocator<unsigned char>]	24	static
/usr/arm-none-eabi/include/c++/12.2.1/bits/stl_vector.h:1891:7:constexpr std::vector<_Tp, _Alloc>::size_type std::vector<_Tp, _Alloc>::_M_check_len(size_type, const char*) const [with _Tp = unsigned char; _Alloc = std::allocator<unsigned char>]	40	static
/usr/arm-none-eabi/include/c++/12.2.1/bits/stl_iterator.h:1330:5:constexpr typename __gnu_cxx::__normal_iterator<_Iterator, _Container>::difference_type __gnu_cxx::operator-(const __normal_iterator<_Iterator, _Container>&, const __normal_iterator<_Iterator, _Container>&) [with _Iterator = unsigned char*; _Container = std::vector<unsigned char>]	24	static
/usr/arm-none-eabi/include/c++/12.2.1/bits/stl_vector.h:868:7:constexpr std::vector<_Tp, _Alloc>::iterator std::vector<_Tp, _Alloc>::begin() [with _Tp = unsigned char; _Alloc = std::allocator<unsigned char>]	24	static
/usr/arm-none-eabi/include/c++/12.2.1/bits/vector.tcc:439:7:) [with _Args = {unsigned char}; _Tp = unsigned char; _Alloc = std::allocator<unsigned char>]	64	static
/usr/arm-none-eabi/include/c++/12.2.1/bits/stl_vector.h:1228:7:constexpr std::vector<_Tp, _Alloc>::reference std::vector<_Tp, _Alloc>::back() [with _Tp = unsigned char; _Alloc = std::allocator<unsigned char>]	24	static
Core/Utils/Container/ContainerBase.hh:341:16:constexpr void ContainerBase<Members>::isTypeAndValueIn(const Arg&, std::vector<unsigned char>&) [with unsigned int I = 3; Arg = GpioPort; Members = {GpioPort, GpioPin, GpioMode, GpioState}]	32	static
/usr/arm-none-eabi/include/c++/12.2.1/bits/new_allocator.h:142:7:void std::__new_allocator<_Tp>::deallocate(_Tp*, size_type) [with _Tp = unsigned char]	24	static
/usr/arm-none-eabi/include/c++/12.2.1/bits/stl_construct.h:80:5:constexpr void std::destroy_at(_Tp*) [with _Tp = unsigned char]	16	static
Core/Utils/Container/ContainerBase.hh:341:16:constexpr void ContainerBase<Members>::isTypeAndValueIn(const Arg&, std::vector<unsigned char>&) [with unsigned int I = 3; Arg = GpioPin; Members = {GpioPort, GpioPin, GpioMode, GpioState}]	32	static
Core/Utils/Container/ContainerBase.hh:341:16:constexpr void ContainerBase<Members>::isTypeAndValueIn(const Arg&, std::vector<unsigned char>&) [with unsigned int I = 3; Arg = GpioMode; Members = {GpioPort, GpioPin, GpioMode, GpioState}]	32	static
Core/Utils/Container/ContainerBase.hh:341:16:constexpr void ContainerBase<Members>::isTypeAndValueIn(const Arg&, std::vector<unsigned char>&) [with unsigned int I = 3; Arg = GpioState; Members = {GpioPort, GpioPin, GpioMode, GpioState}]	32	static
/usr/arm-none-eabi/include/c++/12.2.1/tuple:199:19:constexpr std::_Head_base<_Idx, _Head, false>::_Head_base(_UHead&&) [with _UHead = GpioState; unsigned int _Idx = 3; _Head = GpioState]	16	static
/usr/arm-none-eabi/include/c++/12.2.1/tuple:189:17:constexpr std::_Head_base<_Idx, _Head, false>::_Head_base() [with unsigned int _Idx = 3; _Head = GpioState]	16	static
/usr/arm-none-eabi/include/c++/12.2.1/tuple:430:7:constexpr std::_Tuple_impl<_Idx, _Head>::_Tuple_impl() [with unsigned int _Idx = 3; _Head = bool (*)(const GpioState&, PeripheralBase<GPIO_TypeDef, IOPinStatusCodes, Container<IOPinProperties, GpioPort, GpioPin, GpioMode, GpioState> >*)]	16	static
/usr/arm-none-eabi/include/c++/12.2.1/tuple:189:17:constexpr std::_Head_base<_Idx, _Head, false>::_Head_base() [with unsigned int _Idx = 2; _Head = bool (*)(const GpioMode&, PeripheralBase<GPIO_TypeDef, IOPinStatusCodes, Container<IOPinProperties, GpioPort, GpioPin, GpioMode, GpioState> >*)]	16	static
/usr/arm-none-eabi/include/c++/12.2.1/tuple:233:7:static constexpr _Head& std::_Head_base<_Idx, _Head, false>::_M_head(std::_Head_base<_Idx, _Head, false>&) [with unsigned int _Idx = 2; _Head = bool (*)(const GpioMode&, PeripheralBase<GPIO_TypeDef, IOPinStatusCodes, Container<IOPinProperties, GpioPort, GpioPin, GpioMode, GpioState> >*)]	16	static
/usr/arm-none-eabi/include/c++/12.2.1/tuple:236:7:static constexpr const _Head& std::_Head_base<_Idx, _Head, false>::_M_head(const std::_Head_base<_Idx, _Head, false>&) [with unsigned int _Idx = 2; _Head = bool (*)(const GpioMode&, PeripheralBase<GPIO_TypeDef, IOPinStatusCodes, Container<IOPinProperties, GpioPort, GpioPin, GpioMode, GpioState> >*)]	16	static
/usr/arm-none-eabi/include/c++/12.2.1/tuple:424:7:static constexpr _Head& std::_Tuple_impl<_Idx, _Head>::_M_head(std::_Tuple_impl<_Idx, _Head>&) [with unsigned int _Idx = 3; _Head = bool (*)(const GpioState&, PeripheralBase<GPIO_TypeDef, IOPinStatusCodes, Container<IOPinProperties, GpioPort, GpioPin, GpioMode, GpioState> >*)]	16	static
/usr/arm-none-eabi/include/c++/12.2.1/tuple:427:7:static constexpr const _Head& std::_Tuple_impl<_Idx, _Head>::_M_head(const std::_Tuple_impl<_Idx, _Head>&) [with unsigned int _Idx = 3; _Head = bool (*)(const GpioState&, PeripheralBase<GPIO_TypeDef, IOPinStatusCodes, Container<IOPinProperties, GpioPort, GpioPin, GpioMode, GpioState> >*)]	16	static
/usr/arm-none-eabi/include/c++/12.2.1/bits/stl_construct.h:94:5:) [with _Tp = unsigned char; _Args = {unsigned char}]	24	static
/usr/arm-none-eabi/include/c++/12.2.1/bits/stl_iterator.h:1072:7:constexpr __gnu_cxx::__normal_iterator<_Iterator, _Container>::__normal_iterator(const _Iterator&) [with _Iterator = unsigned char*; _Container = std::vector<unsigned char>]	16	static
/usr/arm-none-eabi/include/c++/12.2.1/bits/stl_vector.h:993:7:constexpr std::vector<_Tp, _Alloc>::size_type std::vector<_Tp, _Alloc>::max_size() const [with _Tp = unsigned char; _Alloc = std::allocator<unsigned char>]	16	static
/usr/arm-none-eabi/include/c++/12.2.1/bits/stl_iterator.h:1158:7:constexpr const _Iterator& __gnu_cxx::__normal_iterator<_Iterator, _Container>::base() const [with _Iterator = unsigned char*; _Container = std::vector<unsigned char>]	16	static
/usr/arm-none-eabi/include/c++/12.2.1/bits/stl_vector.h:375:7:constexpr std::_Vector_base<_Tp, _Alloc>::pointer std::_Vector_base<_Tp, _Alloc>::_M_allocate(std::size_t) [with _Tp = unsigned char; _Alloc = std::allocator<unsigned char>]	16	static
/usr/arm-none-eabi/include/c++/12.2.1/bits/stl_vector.h:499:7:static constexpr std::vector<_Tp, _Alloc>::pointer std::vector<_Tp, _Alloc>::_S_relocate(pointer, pointer, pointer, _Tp_alloc_type&) [with _Tp = unsigned char; _Alloc = std::allocator<unsigned char>]	24	static
/usr/arm-none-eabi/include/c++/12.2.1/bits/alloc_traits.h:531:2:static constexpr void std::allocator_traits<std::allocator<_Up> >::destroy(allocator_type&, _Up*) [with _Up = unsigned char; _Tp = unsigned char]	16	static
/usr/arm-none-eabi/include/c++/12.2.1/bits/stl_iterator.h:1153:7:constexpr __gnu_cxx::__normal_iterator<_Iterator, _Container> __gnu_cxx::__normal_iterator<_Iterator, _Container>::operator-(difference_type) const [with _Iterator = unsigned char*; _Container = std::vector<unsigned char>]	24	static
/usr/arm-none-eabi/include/c++/12.2.1/bits/stl_iterator.h:1095:7:constexpr __gnu_cxx::__normal_iterator<_Iterator, _Container>::reference __gnu_cxx::__normal_iterator<_Iterator, _Container>::operator*() const [with _Iterator = unsigned char*; _Container = std::vector<unsigned char>]	16	static
Core/Utils/Container/ContainerBase.hh:341:16:constexpr void ContainerBase<Members>::isTypeAndValueIn(const Arg&, std::vector<unsigned char>&) [with unsigned int I = 4; Arg = GpioPort; Members = {GpioPort, GpioPin, GpioMode, GpioState}]	24	static
Core/Utils/Container/ContainerBase.hh:341:16:constexpr void ContainerBase<Members>::isTypeAndValueIn(const Arg&, std::vector<unsigned char>&) [with unsigned int I = 4; Arg = GpioPin; Members = {GpioPort, GpioPin, GpioMode, GpioState}]	24	static
Core/Utils/Container/ContainerBase.hh:341:16:constexpr void ContainerBase<Members>::isTypeAndValueIn(const Arg&, std::vector<unsigned char>&) [with unsigned int I = 4; Arg = GpioMode; Members = {GpioPort, GpioPin, GpioMode, GpioState}]	24	static
Core/Utils/Container/ContainerBase.hh:341:16:constexpr void ContainerBase<Members>::isTypeAndValueIn(const Arg&, std::vector<unsigned char>&) [with unsigned int I = 4; Arg = GpioState; Members = {GpioPort, GpioPin, GpioMode, GpioState}]	24	static
/usr/arm-none-eabi/include/c++/12.2.1/tuple:189:17:constexpr std::_Head_base<_Idx, _Head, false>::_Head_base() [with unsigned int _Idx = 3; _Head = bool (*)(const GpioState&, PeripheralBase<GPIO_TypeDef, IOPinStatusCodes, Container<IOPinProperties, GpioPort, GpioPin, GpioMode, GpioState> >*)]	16	static
/usr/arm-none-eabi/include/c++/12.2.1/tuple:233:7:static constexpr _Head& std::_Head_base<_Idx, _Head, false>::_M_head(std::_Head_base<_Idx, _Head, false>&) [with unsigned int _Idx = 3; _Head = bool (*)(const GpioState&, PeripheralBase<GPIO_TypeDef, IOPinStatusCodes, Container<IOPinProperties, GpioPort, GpioPin, GpioMode, GpioState> >*)]	16	static
/usr/arm-none-eabi/include/c++/12.2.1/tuple:236:7:static constexpr const _Head& std::_Head_base<_Idx, _Head, false>::_M_head(const std::_Head_base<_Idx, _Head, false>&) [with unsigned int _Idx = 3; _Head = bool (*)(const GpioState&, PeripheralBase<GPIO_TypeDef, IOPinStatusCodes, Container<IOPinProperties, GpioPort, GpioPin, GpioMode, GpioState> >*)]	16	static
/usr/arm-none-eabi/include/c++/12.2.1/bits/alloc_traits.h:547:7:static constexpr std::allocator_traits<std::allocator<_Up> >::size_type std::allocator_traits<std::allocator<_Up> >::max_size(const allocator_type&) [with _Tp = unsigned char]	16	static
/usr/arm-none-eabi/include/c++/12.2.1/bits/stl_vector.h:1911:7:static constexpr std::vector<_Tp, _Alloc>::size_type std::vector<_Tp, _Alloc>::_S_max_size(const _Tp_alloc_type&) [with _Tp = unsigned char; _Alloc = std::allocator<unsigned char>]	24	static
/usr/arm-none-eabi/include/c++/12.2.1/bits/stl_vector.h:303:7:constexpr const std::_Vector_base<_Tp, _Alloc>::_Tp_alloc_type& std::_Vector_base<_Tp, _Alloc>::_M_get_Tp_allocator() const [with _Tp = unsigned char; _Alloc = std::allocator<unsigned char>]	16	static
/usr/arm-none-eabi/include/c++/12.2.1/bits/alloc_traits.h:463:7:static constexpr _Tp* std::allocator_traits<std::allocator<_Up> >::allocate(allocator_type&, size_type) [with _Tp = unsigned char]	24	static
/usr/arm-none-eabi/include/c++/12.2.1/bits/stl_uninitialized.h:1127:5:constexpr _ForwardIterator std::__relocate_a(_InputIterator, _InputIterator, _ForwardIterator, _Allocator&) [with _InputIterator = unsigned char*; _ForwardIterator = unsigned char*; _Allocator = allocator<unsigned char>]	32	static
/usr/arm-none-eabi/include/c++/12.2.1/bits/stl_algobase.h:313:5:constexpr _Iterator std::__niter_base(_Iterator) [with _Iterator = unsigned char*]	16	static
/usr/arm-none-eabi/include/c++/12.2.1/bits/stl_iterator.h:1072:7:constexpr __gnu_cxx::__normal_iterator<_Iterator, _Container>::__normal_iterator(const _Iterator&) [with _Iterator = unsigned char*; _Container = void]	16	static
/usr/arm-none-eabi/include/c++/12.2.1/bits/stl_uninitialized.h:1100:5:constexpr std::__enable_if_t<std::__is_bitwise_relocatable<_Tp>::value, _Tp*> std::__relocate_a_1(_Tp*, _Tp*, _Tp*, allocator<_T2>&) [with _Tp = unsigned char; _Up = unsigned char]	32	static
/usr/arm-none-eabi/include/c++/12.2.1/bits/new_allocator.h:112:7:_Tp* std::__new_allocator<_Tp>::allocate(size_type, const void*) [with _Tp = unsigned char]	24	static
/usr/arm-none-eabi/include/c++/12.2.1/bits/stl_uninitialized.h:1078:5:constexpr _ForwardIterator std::__relocate_a_1(_InputIterator, _InputIterator, _ForwardIterator, _Allocator&) [with _InputIterator = unsigned char*; _ForwardIterator = __gnu_cxx::__normal_iterator<unsigned char*, void>; _Allocator = allocator<unsigned char>]	40	static
/usr/arm-none-eabi/include/c++/12.2.1/bits/stl_iterator.h:1158:7:constexpr const _Iterator& __gnu_cxx::__normal_iterator<_Iterator, _Container>::base() const [with _Iterator = unsigned char*; _Container = void]	16	static
/usr/arm-none-eabi/include/c++/12.2.1/bits/new_allocator.h:210:7:constexpr std::__new_allocator<_Tp>::size_type std::__new_allocator<_Tp>::_M_max_size() const [with _Tp = unsigned char]	16	static
/usr/arm-none-eabi/include/c++/12.2.1/bits/stl_iterator.h:1105:7:constexpr __gnu_cxx::__normal_iterator<_Iterator, _Container>& __gnu_cxx::__normal_iterator<_Iterator, _Container>::operator++() [with _Iterator = unsigned char*; _Container = void]	16	static
/usr/arm-none-eabi/include/c++/12.2.1/bits/stl_iterator.h:1095:7:constexpr __gnu_cxx::__normal_iterator<_Iterator, _Container>::reference __gnu_cxx::__normal_iterator<_Iterator, _Container>::operator*() const [with _Iterator = unsigned char*; _Container = void]	16	static
/usr/arm-none-eabi/include/c++/12.2.1/bits/stl_uninitialized.h:1056:5:constexpr void std::__relocate_object_a(_Tp*, _Up*, _Allocator&) [with _Tp = unsigned char; _Up = unsigned char; _Allocator = allocator<unsigned char>]	24	static
Core/Drivers/GPIO/IOPin.cpp:187:1:void __static_initialization_and_destruction_0(int, int)	24	static
Core/Utils/Container/Container.hh:137:19:constexpr uint8_t Container<Parameters, Members>::getSize() [with Parameters = IOPinProperties; Members = {GpioPort, GpioPin, GpioMode, GpioState}]	16	static
Core/Utils/Container/Container.hh:137:19:constexpr uint8_t Container<Parameters, Members>::getSize() [with Parameters = IOPinProperties; Members = {bool (*)(const GpioPort&, PeripheralBase<GPIO_TypeDef, IOPinStatusCodes, Container<IOPinProperties, GpioPort, GpioPin, GpioMode, GpioState> >*), bool (*)(const GpioPin&, PeripheralBase<GPIO_TypeDef, IOPinStatusCodes, Container<IOPinProperties, GpioPort, GpioPin, GpioMode, GpioState> >*), bool (*)(const GpioMode&, PeripheralBase<GPIO_TypeDef, IOPinStatusCodes, Container<IOPinProperties, GpioPort, GpioPin, GpioMode, GpioState> >*), bool (*)(const GpioState&, PeripheralBase<GPIO_TypeDef, IOPinStatusCodes, Container<IOPinProperties, GpioPort, GpioPin, GpioMode, GpioState> >*)}]	16	static
Core/Drivers/GPIO/IOPin.cpp:187:1:cpp)	8	static
